Archive member included to satisfy reference by file (symbol)

/home/na62torino/altera/16.1/nios2eds/bin/gnu/H-x86_64-pc-linux-gnu/bin/../lib/gcc/nios2-elf/5.3.0/mhw-mulx/libgcc.a(lib2-divmod.o)
                              obj/default/memtest.o (__umodsi3)
/home/na62torino/altera/16.1/nios2eds/bin/gnu/H-x86_64-pc-linux-gnu/bin/../lib/gcc/nios2-elf/5.3.0/../../../../../H-x86_64-pc-linux-gnu/nios2-elf/lib/mhw-mulx/libc.a(lib_a-getc.o)
                              obj/default/memtest.o (getc)
/home/na62torino/altera/16.1/nios2eds/bin/gnu/H-x86_64-pc-linux-gnu/bin/../lib/gcc/nios2-elf/5.3.0/../../../../../H-x86_64-pc-linux-gnu/nios2-elf/lib/mhw-mulx/libc.a(lib_a-impure.o)
                              obj/default/memtest.o (_impure_ptr)
/home/na62torino/altera/16.1/nios2eds/bin/gnu/H-x86_64-pc-linux-gnu/bin/../lib/gcc/nios2-elf/5.3.0/../../../../../H-x86_64-pc-linux-gnu/nios2-elf/lib/mhw-mulx/libc.a(lib_a-malloc.o)
                              obj/default/memtest.o (malloc)
/home/na62torino/altera/16.1/nios2eds/bin/gnu/H-x86_64-pc-linux-gnu/bin/../lib/gcc/nios2-elf/5.3.0/../../../../../H-x86_64-pc-linux-gnu/nios2-elf/lib/mhw-mulx/libc.a(lib_a-mallocr.o)
                              /home/na62torino/altera/16.1/nios2eds/bin/gnu/H-x86_64-pc-linux-gnu/bin/../lib/gcc/nios2-elf/5.3.0/../../../../../H-x86_64-pc-linux-gnu/nios2-elf/lib/mhw-mulx/libc.a(lib_a-malloc.o) (_malloc_r)
/home/na62torino/altera/16.1/nios2eds/bin/gnu/H-x86_64-pc-linux-gnu/bin/../lib/gcc/nios2-elf/5.3.0/../../../../../H-x86_64-pc-linux-gnu/nios2-elf/lib/mhw-mulx/libc.a(lib_a-memcmp.o)
                              obj/default/memtest.o (memcmp)
/home/na62torino/altera/16.1/nios2eds/bin/gnu/H-x86_64-pc-linux-gnu/bin/../lib/gcc/nios2-elf/5.3.0/../../../../../H-x86_64-pc-linux-gnu/nios2-elf/lib/mhw-mulx/libc.a(lib_a-memcpy.o)
                              obj/default/memtest.o (memcpy)
/home/na62torino/altera/16.1/nios2eds/bin/gnu/H-x86_64-pc-linux-gnu/bin/../lib/gcc/nios2-elf/5.3.0/../../../../../H-x86_64-pc-linux-gnu/nios2-elf/lib/mhw-mulx/libc.a(lib_a-printf.o)
                              obj/default/memtest.o (printf)
/home/na62torino/altera/16.1/nios2eds/bin/gnu/H-x86_64-pc-linux-gnu/bin/../lib/gcc/nios2-elf/5.3.0/../../../../../H-x86_64-pc-linux-gnu/nios2-elf/lib/mhw-mulx/libc.a(lib_a-putchar.o)
                              obj/default/memtest.o (putchar)
/home/na62torino/altera/16.1/nios2eds/bin/gnu/H-x86_64-pc-linux-gnu/bin/../lib/gcc/nios2-elf/5.3.0/../../../../../H-x86_64-pc-linux-gnu/nios2-elf/lib/mhw-mulx/libc.a(lib_a-puts.o)
                              obj/default/memtest.o (puts)
/home/na62torino/altera/16.1/nios2eds/bin/gnu/H-x86_64-pc-linux-gnu/bin/../lib/gcc/nios2-elf/5.3.0/../../../../../H-x86_64-pc-linux-gnu/nios2-elf/lib/mhw-mulx/libc.a(lib_a-rget.o)
                              /home/na62torino/altera/16.1/nios2eds/bin/gnu/H-x86_64-pc-linux-gnu/bin/../lib/gcc/nios2-elf/5.3.0/../../../../../H-x86_64-pc-linux-gnu/nios2-elf/lib/mhw-mulx/libc.a(lib_a-getc.o) (__srget_r)
/home/na62torino/altera/16.1/nios2eds/bin/gnu/H-x86_64-pc-linux-gnu/bin/../lib/gcc/nios2-elf/5.3.0/../../../../../H-x86_64-pc-linux-gnu/nios2-elf/lib/mhw-mulx/libc.a(lib_a-sbrkr.o)
                              /home/na62torino/altera/16.1/nios2eds/bin/gnu/H-x86_64-pc-linux-gnu/bin/../lib/gcc/nios2-elf/5.3.0/../../../../../H-x86_64-pc-linux-gnu/nios2-elf/lib/mhw-mulx/libc.a(lib_a-mallocr.o) (_sbrk_r)
/home/na62torino/altera/16.1/nios2eds/bin/gnu/H-x86_64-pc-linux-gnu/bin/../lib/gcc/nios2-elf/5.3.0/../../../../../H-x86_64-pc-linux-gnu/nios2-elf/lib/mhw-mulx/libc.a(lib_a-sscanf.o)
                              obj/default/memtest.o (sscanf)
/home/na62torino/altera/16.1/nios2eds/bin/gnu/H-x86_64-pc-linux-gnu/bin/../lib/gcc/nios2-elf/5.3.0/../../../../../H-x86_64-pc-linux-gnu/nios2-elf/lib/mhw-mulx/libc.a(lib_a-stdio.o)
                              /home/na62torino/altera/16.1/nios2eds/bin/gnu/H-x86_64-pc-linux-gnu/bin/../lib/gcc/nios2-elf/5.3.0/../../../../../H-x86_64-pc-linux-gnu/nios2-elf/lib/mhw-mulx/libc.a(lib_a-sscanf.o) (__seofread)
/home/na62torino/altera/16.1/nios2eds/bin/gnu/H-x86_64-pc-linux-gnu/bin/../lib/gcc/nios2-elf/5.3.0/../../../../../H-x86_64-pc-linux-gnu/nios2-elf/lib/mhw-mulx/libc.a(lib_a-strlen.o)
                              /home/na62torino/altera/16.1/nios2eds/bin/gnu/H-x86_64-pc-linux-gnu/bin/../lib/gcc/nios2-elf/5.3.0/../../../../../H-x86_64-pc-linux-gnu/nios2-elf/lib/mhw-mulx/libc.a(lib_a-puts.o) (strlen)
/home/na62torino/altera/16.1/nios2eds/bin/gnu/H-x86_64-pc-linux-gnu/bin/../lib/gcc/nios2-elf/5.3.0/../../../../../H-x86_64-pc-linux-gnu/nios2-elf/lib/mhw-mulx/libc.a(lib_a-svfscanf.o)
                              /home/na62torino/altera/16.1/nios2eds/bin/gnu/H-x86_64-pc-linux-gnu/bin/../lib/gcc/nios2-elf/5.3.0/../../../../../H-x86_64-pc-linux-gnu/nios2-elf/lib/mhw-mulx/libc.a(lib_a-sscanf.o) (__ssvfscanf_r)
[...]
Memory Configuration

Name             Origin             Length             Attributes
ddr2_ram         0x0000000000000000 0x0000000080000000
reset            0x0000000080080000 0x0000000000000020
system_ram       0x0000000080080020 0x000000000007cfe0
*default*        0x0000000000000000 0xffffffffffffffff

Linker script and memory map

LOAD ../testbench_ls_bsp//obj/HAL/src/crt0.o
LOAD obj/default/memtest.o
LOAD /home/na62torino/altera/16.1/nios2eds/bin/gnu/H-x86_64-pc-linux-gnu/bin/../lib/gcc/nios2-elf/5.3.0/../../../../../H-x86_64-pc-linux-gnu/nios2-elf/lib/mhw-mulx/libstdc++.a
LOAD /home/na62torino/altera/16.1/nios2eds/bin/gnu/H-x86_64-pc-linux-gnu/bin/../lib/gcc/nios2-elf/5.3.0/../../../../../H-x86_64-pc-linux-gnu/nios2-elf/lib/mhw-mulx/libm.a
LOAD /home/na62torino/altera/16.1/nios2eds/bin/gnu/H-x86_64-pc-linux-gnu/bin/../lib/gcc/nios2-elf/5.3.0/mhw-mulx/libgcc.a
START GROUP
LOAD /home/na62torino/altera/16.1/nios2eds/bin/gnu/H-x86_64-pc-linux-gnu/bin/../lib/gcc/nios2-elf/5.3.0/../../../../../H-x86_64-pc-linux-gnu/nios2-elf/lib/mhw-mulx/libc.a
LOAD /home/na62torino/altera/16.1/nios2eds/bin/gnu/H-x86_64-pc-linux-gnu/bin/../lib/gcc/nios2-elf/5.3.0/mhw-mulx/libgcc.a
LOAD ../testbench_ls_bsp//libhal_bsp.a
LOAD /home/na62torino/altera/16.1/nios2eds/bin/gnu/H-x86_64-pc-linux-gnu/bin/../lib/gcc/nios2-elf/5.3.0/../../../../../H-x86_64-pc-linux-gnu/nios2-elf/lib/mhw-mulx/libm.a
END GROUP
LOAD /home/na62torino/altera/16.1/nios2eds/bin/gnu/H-x86_64-pc-linux-gnu/bin/../lib/gcc/nios2-elf/5.3.0/mhw-mulx/libgcc.a
                0x0000000000000000                __alt_mem_ddr2_ram = 0x0
                0x0000000080080000                __alt_mem_system_ram = 0x80080000

.entry          0x0000000080080000       0x20
 *(.entry)
 .entry         0x0000000080080000       0x20 ../testbench_ls_bsp//obj/HAL/src/crt0.o
                0x0000000080080000                __reset

.exceptions     0x0000000080080020      0x224
                0x0000000080080020                PROVIDE (__ram_exceptions_start, ABSOLUTE (.))
                0x0000000080080020                . = ALIGN (0x20)
 *(.irq)
 *(.exceptions.entry.label)
 .exceptions.entry.label
                0x0000000080080020        0x0 ../testbench_ls_bsp//libhal_bsp.a(alt_irq_entry.o)
                0x0000000080080020                alt_irq_entry
 .exceptions.entry.label
                0x0000000080080020        0x0 ../testbench_ls_bsp//libhal_bsp.a(alt_exception_entry.o)
                0x0000000080080020                alt_exception
 *(.exceptions.entry.user)
 *(.exceptions.entry.ecc_fatal)
 *(.exceptions.entry)
 .exceptions.entry
                0x0000000080080020       0x54 ../testbench_ls_bsp//libhal_bsp.a(alt_exception_entry.o)
 *(.exceptions.irqtest.user)
 *(.exceptions.irqtest)
 .exceptions.irqtest
                0x0000000080080074       0x10 ../testbench_ls_bsp//libhal_bsp.a(alt_irq_entry.o)
 *(.exceptions.irqhandler.user)
 *(.exceptions.irqhandler)
 .exceptions.irqhandler
                0x0000000080080084        0x4 ../testbench_ls_bsp//libhal_bsp.a(alt_irq_entry.o)
 *(.exceptions.irqreturn.user)
 *(.exceptions.irqreturn)
 .exceptions.irqreturn
                0x0000000080080088        0x4 ../testbench_ls_bsp//libhal_bsp.a(alt_irq_entry.o)
 *(.exceptions.notirq.label)
 .exceptions.notirq.label
                0x000000008008008c        0x0 ../testbench_ls_bsp//libhal_bsp.a(alt_irq_entry.o)
 *(.exceptions.notirq.user)
 *(.exceptions.notirq)
 .exceptions.notirq
                0x000000008008008c        0x8 ../testbench_ls_bsp//libhal_bsp.a(alt_exception_entry.o)
 *(.exceptions.soft.user)
 *(.exceptions.soft)
 *(.exceptions.unknown.user)
 *(.exceptions.unknown)
 .exceptions.unknown
                0x0000000080080094       0x14 ../testbench_ls_bsp//libhal_bsp.a(alt_exception_entry.o)
 *(.exceptions.exit.label)
 .exceptions.exit.label
                0x00000000800800a8        0x0 ../testbench_ls_bsp//libhal_bsp.a(alt_irq_entry.o)
 .exceptions.exit.label
                0x00000000800800a8        0x0 ../testbench_ls_bsp//libhal_bsp.a(alt_exception_entry.o)
 *(.exceptions.exit.user)
 *(.exceptions.exit)
 .exceptions.exit
                0x00000000800800a8       0x54 ../testbench_ls_bsp//libhal_bsp.a(alt_exception_entry.o)
 *(.exceptions)
 .exceptions    0x00000000800800fc       0xd4 ../testbench_ls_bsp//libhal_bsp.a(alt_irq_handler.o)
                0x00000000800800fc                alt_irq_handler
 .exceptions    0x00000000800801d0       0x74 ../testbench_ls_bsp//libhal_bsp.a(alt_instruction_exception_entry.o)
                0x00000000800801d0                alt_instruction_exception_entry
                0x0000000080080244                PROVIDE (__ram_exceptions_end, ABSOLUTE (.))
                0x0000000080080020                PROVIDE (__flash_exceptions_start, LOADADDR (.exceptions))

.text           0x0000000080080244    0x1d42c
                [!provide]                        PROVIDE (stext, ABSOLUTE (.))
 *(.interp)
 *(.hash)
 *(.dynsym)
 *(.dynstr)
 *(.gnu.version)
 *(.gnu.version_d)
 *(.gnu.version_r)
 *(.rel.init)
 *(.rela.init)
 *(.rel.text .rel.text.* .rel.gnu.linkonce.t.*)
 *(.rela.text .rela.text.* .rela.gnu.linkonce.t.*)
 *(.rel.fini)
 *(.rela.fini)
 *(.rel.rodata .rel.rodata.* .rel.gnu.linkonce.r.*)
 *(.rela.rodata .rela.rodata.* .rela.gnu.linkonce.r.*)
 *(.rel.data .rel.data.* .rel.gnu.linkonce.d.*)
 *(.rela.data .rela.data.* .rela.gnu.linkonce.d.*)
 *(.rel.tdata .rel.tdata.* .rel.gnu.linkonce.td.*)
 *(.rela.tdata .rela.tdata.* .rela.gnu.linkonce.td.*)
 *(.rel.tbss .rel.tbss.* .rel.gnu.linkonce.tb.*)
 *(.rela.tbss .rela.tbss.* .rela.gnu.linkonce.tb.*)
 *(.rel.ctors)
 *(.rela.ctors)
 *(.rel.dtors)
 *(.rela.dtors)
 *(.rel.got)
 *(.rela.got)
 *(.rel.sdata .rel.sdata.* .rel.gnu.linkonce.s.*)
 *(.rela.sdata .rela.sdata.* .rela.gnu.linkonce.s.*)
 *(.rel.sbss .rel.sbss.* .rel.gnu.linkonce.sb.*)
 *(.rela.sbss .rela.sbss.* .rela.gnu.linkonce.sb.*)
 *(.rel.sdata2 .rel.sdata2.* .rel.gnu.linkonce.s2.*)
 *(.rela.sdata2 .rela.sdata2.* .rela.gnu.linkonce.s2.*)
 *(.rel.sbss2 .rel.sbss2.* .rel.gnu.linkonce.sb2.*)
 *(.rela.sbss2 .rela.sbss2.* .rela.gnu.linkonce.sb2.*)
 *(.rel.bss .rel.bss.* .rel.gnu.linkonce.b.*)
 *(.rela.bss .rela.bss.* .rela.gnu.linkonce.b.*)
 *(.rel.plt)
 *(.rela.plt)
 *(.rel.dyn)
 *(.init)
 *(.plt)
 *(.text .stub .text.* .gnu.linkonce.t.*)
 .text          0x0000000080080244       0x4c ../testbench_ls_bsp//obj/HAL/src/crt0.o
                0x0000000080080244                _start
 .text          0x0000000080080290     0x1fb8 obj/default/memtest.o
                0x00000000800803b0                GetInputString
                0x00000000800821f8                main
 .text          0x0000000080082248      0x1b4 /home/na62torino/altera/16.1/nios2eds/bin/gnu/H-x86_64-pc-linux-gnu/bin/../lib/gcc/nios2-elf/5.3.0/mhw-mulx/libgcc.a(lib2-divmod.o)
                0x0000000080082248                __divsi3
                0x00000000800822cc                __modsi3
                0x0000000080082340                __udivsi3
                0x00000000800823a4                __umodsi3
 .text          0x00000000800823fc        0x0 /home/na62torino/altera/16.1/nios2eds/bin/gnu/H-x86_64-pc-linux-gnu/bin/../lib/gcc/nios2-elf/5.3.0/../../../../../H-x86_64-pc-linux-gnu/nios2-elf/lib/mhw-mulx/libc.a(lib_a-getc.o)
 .text._getc_r  0x00000000800823fc       0x70 /home/na62torino/altera/16.1/nios2eds/bin/gnu/H-x86_64-pc-linux-gnu/bin/../lib/gcc/nios2-elf/5.3.0/../../../../../H-x86_64-pc-linux-gnu/nios2-elf/lib/mhw-mulx/libc.a(lib_a-getc.o)
                0x00000000800823fc                _getc_r
 .text.getc     0x000000008008246c       0x88 /home/na62torino/altera/16.1/nios2eds/bin/gnu/H-x86_64-pc-linux-gnu/bin/../lib/gcc/nios2-elf/5.3.0/../../../../../H-x86_64-pc-linux-gnu/nios2-elf/lib/mhw-mulx/libc.a(lib_a-getc.o)
                0x000000008008246c                getc
 .text          0x00000000800824f4        0x0 /home/na62torino/altera/16.1/nios2eds/bin/gnu/H-x86_64-pc-linux-gnu/bin/../lib/gcc/nios2-elf/5.3.0/../../../../../H-x86_64-pc-linux-gnu/nios2-elf/lib/mhw-mulx/libc.a(lib_a-impure.o)
 .text          0x00000000800824f4        0x0 /home/na62torino/altera/16.1/nios2eds/bin/gnu/H-x86_64-pc-linux-gnu/bin/../lib/gcc/nios2-elf/5.3.0/../../../../../H-x86_64-pc-linux-gnu/nios2-elf/lib/mhw-mulx/libc.a(lib_a-malloc.o)
 .text.malloc   0x00000000800824f4       0x14 /home/na62torino/altera/16.1/nios2eds/bin/gnu/H-x86_64-pc-linux-gnu/bin/../lib/gcc/nios2-elf/5.3.0/../../../../../H-x86_64-pc-linux-gnu/nios2-elf/lib/mhw-mulx/libc.a(lib_a-malloc.o)
                0x00000000800824f4                malloc
 .text.free     0x0000000080082508       0x14 /home/na62torino/altera/16.1/nios2eds/bin/gnu/H-x86_64-pc-linux-gnu/bin/../lib/gcc/nios2-elf/5.3.0/../../../../../H-x86_64-pc-linux-gnu/nios2-elf/lib/mhw-mulx/libc.a(lib_a-malloc.o)
                0x0000000080082508                free
 .text          0x000000008008251c        0x0 /home/na62torino/altera/16.1/nios2eds/bin/gnu/H-x86_64-pc-linux-gnu/bin/../lib/gcc/nios2-elf/5.3.0/../../../../../H-x86_64-pc-linux-gnu/nios2-elf/lib/mhw-mulx/libc.a(lib_a-mallocr.o)
 .text._malloc_r
                0x000000008008251c      0x80c /home/na62torino/altera/16.1/nios2eds/bin/gnu/H-x86_64-pc-linux-gnu/bin/../lib/gcc/nios2-elf/5.3.0/../../../../../H-x86_64-pc-linux-gnu/nios2-elf/lib/mhw-mulx/libc.a(lib_a-mallocr.o)
                0x000000008008251c                _malloc_r
 .text          0x0000000080082d28        0x0 /home/na62torino/altera/16.1/nios2eds/bin/gnu/H-x86_64-pc-linux-gnu/bin/../lib/gcc/nios2-elf/5.3.0/../../../../../H-x86_64-pc-linux-gnu/nios2-elf/lib/mhw-mulx/libc.a(lib_a-memcmp.o)
 .text.memcmp   0x0000000080082d28       0x7c /home/na62torino/altera/16.1/nios2eds/bin/gnu/H-x86_64-pc-linux-gnu/bin/../lib/gcc/nios2-elf/5.3.0/../../../../../H-x86_64-pc-linux-gnu/nios2-elf/lib/mhw-mulx/libc.a(lib_a-memcmp.o)
                0x0000000080082d28                memcmp
 .text          0x0000000080082da4        0x0 /home/na62torino/altera/16.1/nios2eds/bin/gnu/H-x86_64-pc-linux-gnu/bin/../lib/gcc/nios2-elf/5.3.0/../../../../../H-x86_64-pc-linux-gnu/nios2-elf/lib/mhw-mulx/libc.a(lib_a-memcpy.o)
 .text.memcpy   0x0000000080082da4      0x148 /home/na62torino/altera/16.1/nios2eds/bin/gnu/H-x86_64-pc-linux-gnu/bin/../lib/gcc/nios2-elf/5.3.0/../../../../../H-x86_64-pc-linux-gnu/nios2-elf/lib/mhw-mulx/libc.a(lib_a-memcpy.o)
                0x0000000080082da4                memcpy
 .text          0x0000000080082eec        0x0 /home/na62torino/altera/16.1/nios2eds/bin/gnu/H-x86_64-pc-linux-gnu/bin/../lib/gcc/nios2-elf/5.3.0/../../../../../H-x86_64-pc-linux-gnu/nios2-elf/lib/mhw-mulx/libc.a(lib_a-printf.o)
 .text._printf_r
                0x0000000080082eec       0x30 /home/na62torino/altera/16.1/nios2eds/bin/gnu/H-x86_64-pc-linux-gnu/bin/../lib/gcc/nios2-elf/5.3.0/../../../../../H-x86_64-pc-linux-gnu/nios2-elf/lib/mhw-mulx/libc.a(lib_a-printf.o)
                0x0000000080082eec                _printf_r
 .text.printf   0x0000000080082f1c       0x3c /home/na62torino/altera/16.1/nios2eds/bin/gnu/H-x86_64-pc-linux-gnu/bin/../lib/gcc/nios2-elf/5.3.0/../../../../../H-x86_64-pc-linux-gnu/nios2-elf/lib/mhw-mulx/libc.a(lib_a-printf.o)
                0x0000000080082f1c                printf
 .text          0x0000000080082f58        0x0 /home/na62torino/altera/16.1/nios2eds/bin/gnu/H-x86_64-pc-linux-gnu/bin/../lib/gcc/nios2-elf/5.3.0/../../../../../H-x86_64-pc-linux-gnu/nios2-elf/lib/mhw-mulx/libc.a(lib_a-putchar.o)
 .text._putchar_r
                0x0000000080082f58        0x8 /home/na62torino/altera/16.1/nios2eds/bin/gnu/H-x86_64-pc-linux-gnu/bin/../lib/gcc/nios2-elf/5.3.0/../../../../../H-x86_64-pc-linux-gnu/nios2-elf/lib/mhw-mulx/libc.a(lib_a-putchar.o)
                0x0000000080082f58                _putchar_r
 .text.putchar  0x0000000080082f60       0x18 /home/na62torino/altera/16.1/nios2eds/bin/gnu/H-x86_64-pc-linux-gnu/bin/../lib/gcc/nios2-elf/5.3.0/../../../../../H-x86_64-pc-linux-gnu/nios2-elf/lib/mhw-mulx/libc.a(lib_a-putchar.o)
                0x0000000080082f60                putchar
 .text          0x0000000080082f78        0x0 /home/na62torino/altera/16.1/nios2eds/bin/gnu/H-x86_64-pc-linux-gnu/bin/../lib/gcc/nios2-elf/5.3.0/../../../../../H-x86_64-pc-linux-gnu/nios2-elf/lib/mhw-mulx/libc.a(lib_a-puts.o)
 .text._puts_r  0x0000000080082f78       0xc0 /home/na62torino/altera/16.1/nios2eds/bin/gnu/H-x86_64-pc-linux-gnu/bin/../lib/gcc/nios2-elf/5.3.0/../../../../../H-x86_64-pc-linux-gnu/nios2-elf/lib/mhw-mulx/libc.a(lib_a-puts.o)
                0x0000000080082f78                _puts_r
 .text.puts     0x0000000080083038       0x14 /home/na62torino/altera/16.1/nios2eds/bin/gnu/H-x86_64-pc-linux-gnu/bin/../lib/gcc/nios2-elf/5.3.0/../../../../../H-x86_64-pc-linux-gnu/nios2-elf/lib/mhw-mulx/libc.a(lib_a-puts.o)
                0x0000000080083038                puts
 .text          0x000000008008304c        0x0 /home/na62torino/altera/16.1/nios2eds/bin/gnu/H-x86_64-pc-linux-gnu/bin/../lib/gcc/nios2-elf/5.3.0/../../../../../H-x86_64-pc-linux-gnu/nios2-elf/lib/mhw-mulx/libc.a(lib_a-rget.o)
 .text.__srget_r
                0x000000008008304c       0x74 /home/na62torino/altera/16.1/nios2eds/bin/gnu/H-x86_64-pc-linux-gnu/bin/../lib/gcc/nios2-elf/5.3.0/../../../../../H-x86_64-pc-linux-gnu/nios2-elf/lib/mhw-mulx/libc.a(lib_a-rget.o)
                0x000000008008304c                __srget_r
 .text.__srget  0x00000000800830c0       0x14 /home/na62torino/altera/16.1/nios2eds/bin/gnu/H-x86_64-pc-linux-gnu/bin/../lib/gcc/nios2-elf/5.3.0/../../../../../H-x86_64-pc-linux-gnu/nios2-elf/lib/mhw-mulx/libc.a(lib_a-rget.o)
                0x00000000800830c0                __srget
 .text          0x00000000800830d4        0x0 /home/na62torino/altera/16.1/nios2eds/bin/gnu/H-x86_64-pc-linux-gnu/bin/../lib/gcc/nios2-elf/5.3.0/../../../../../H-x86_64-pc-linux-gnu/nios2-elf/lib/mhw-mulx/libc.a(lib_a-sbrkr.o)
 .text._sbrk_r  0x00000000800830d4       0x54 /home/na62torino/altera/16.1/nios2eds/bin/gnu/H-x86_64-pc-linux-gnu/bin/../lib/gcc/nios2-elf/5.3.0/../../../../../H-x86_64-pc-linux-gnu/nios2-elf/lib/mhw-mulx/libc.a(lib_a-sbrkr.o)
                0x00000000800830d4                _sbrk_r
 .text          0x0000000080083128        0x0 /home/na62torino/altera/16.1/nios2eds/bin/gnu/H-x86_64-pc-linux-gnu/bin/../lib/gcc/nios2-elf/5.3.0/../../../../../H-x86_64-pc-linux-gnu/nios2-elf/lib/mhw-mulx/libc.a(lib_a-sscanf.o)
 .text.sscanf   0x0000000080083128       0x7c /home/na62torino/altera/16.1/nios2eds/bin/gnu/H-x86_64-pc-linux-gnu/bin/../lib/gcc/nios2-elf/5.3.0/../../../../../H-x86_64-pc-linux-gnu/nios2-elf/lib/mhw-mulx/libc.a(lib_a-sscanf.o)
                0x0000000080083128                sscanf
 .text._sscanf_r
                0x00000000800831a4       0x78 /home/na62torino/altera/16.1/nios2eds/bin/gnu/H-x86_64-pc-linux-gnu/bin/../lib/gcc/nios2-elf/5.3.0/../../../../../H-x86_64-pc-linux-gnu/nios2-elf/lib/mhw-mulx/libc.a(lib_a-sscanf.o)
                0x00000000800831a4                _sscanf_r
 .text          0x000000008008321c        0x0 /home/na62torino/altera/16.1/nios2eds/bin/gnu/H-x86_64-pc-linux-gnu/bin/../lib/gcc/nios2-elf/5.3.0/../../../../../H-x86_64-pc-linux-gnu/nios2-elf/lib/mhw-mulx/libc.a(lib_a-stdio.o)
 .text.__sread  0x000000008008321c       0x54 /home/na62torino/altera/16.1/nios2eds/bin/gnu/H-x86_64-pc-linux-gnu/bin/../lib/gcc/nios2-elf/5.3.0/../../../../../H-x86_64-pc-linux-gnu/nios2-elf/lib/mhw-mulx/libc.a(lib_a-stdio.o)
                0x000000008008321c                __sread
 .text.__seofread
                0x0000000080083270        0x8 /home/na62torino/altera/16.1/nios2eds/bin/gnu/H-x86_64-pc-linux-gnu/bin/../lib/gcc/nios2-elf/5.3.0/../../../../../H-x86_64-pc-linux-gnu/nios2-elf/lib/mhw-mulx/libc.a(lib_a-stdio.o)
                0x0000000080083270                __seofread
 .text.__swrite
                0x0000000080083278       0x7c /home/na62torino/altera/16.1/nios2eds/bin/gnu/H-x86_64-pc-linux-gnu/bin/../lib/gcc/nios2-elf/5.3.0/../../../../../H-x86_64-pc-linux-gnu/nios2-elf/lib/mhw-mulx/libc.a(lib_a-stdio.o)
                0x0000000080083278                __swrite
 .text.__sseek  0x00000000800832f4       0x5c /home/na62torino/altera/16.1/nios2eds/bin/gnu/H-x86_64-pc-linux-gnu/bin/../lib/gcc/nios2-elf/5.3.0/../../../../../H-x86_64-pc-linux-gnu/nios2-elf/lib/mhw-mulx/libc.a(lib_a-stdio.o)
                0x00000000800832f4                __sseek
 .text.__sclose
                0x0000000080083350        0x8 /home/na62torino/altera/16.1/nios2eds/bin/gnu/H-x86_64-pc-linux-gnu/bin/../lib/gcc/nios2-elf/5.3.0/../../../../../H-x86_64-pc-linux-gnu/nios2-elf/lib/mhw-mulx/libc.a(lib_a-stdio.o)
                0x0000000080083350                __sclose
 .text          0x0000000080083358        0x0 /home/na62torino/altera/16.1/nios2eds/bin/gnu/H-x86_64-pc-linux-gnu/bin/../lib/gcc/nios2-elf/5.3.0/../../../../../H-x86_64-pc-linux-gnu/nios2-elf/lib/mhw-mulx/libc.a(lib_a-strlen.o)
 .text.strlen   0x0000000080083358       0x98 /home/na62torino/altera/16.1/nios2eds/bin/gnu/H-x86_64-pc-linux-gnu/bin/../lib/gcc/nios2-elf/5.3.0/../../../../../H-x86_64-pc-linux-gnu/nios2-elf/lib/mhw-mulx/libc.a(lib_a-strlen.o)
                0x0000000080083358                strlen
 .text          0x00000000800833f0        0x0 /home/na62torino/altera/16.1/nios2eds/bin/gnu/H-x86_64-pc-linux-gnu/bin/../lib/gcc/nios2-elf/5.3.0/../../../../../H-x86_64-pc-linux-gnu/nios2-elf/lib/mhw-mulx/libc.a(lib_a-svfscanf.o)
 .text.__ssvfscanf_r
                0x00000000800833f0     0x17bc /home/na62torino/altera/16.1/nios2eds/bin/gnu/H-x86_64-pc-linux-gnu/bin/../lib/gcc/nios2-elf/5.3.0/../../../../../H-x86_64-pc-linux-gnu/nios2-elf/lib/mhw-mulx/libc.a(lib_a-svfscanf.o)
                0x00000000800833f0                __ssvfscanf_r
 .text          0x0000000080084bac        0x0 /home/na62torino/altera/16.1/nios2eds/bin/gnu/H-x86_64-pc-linux-gnu/bin/../lib/gcc/nios2-elf/5.3.0/../../../../../H-x86_64-pc-linux-gnu/nios2-elf/lib/mhw-mulx/libc.a(lib_a-vfprintf.o)
 .text.___vfprintf_internal_r
                0x0000000080084bac     0x21f8 /home/na62torino/altera/16.1/nios2eds/bin/gnu/H-x86_64-pc-linux-gnu/bin/../lib/gcc/nios2-elf/5.3.0/../../../../../H-x86_64-pc-linux-gnu/nios2-elf/lib/mhw-mulx/libc.a(lib_a-vfprintf.o)
                0x0000000080084bac                ___vfprintf_internal_r
 .text.__vfprintf_internal
                0x0000000080086da4       0x1c /home/na62torino/altera/16.1/nios2eds/bin/gnu/H-x86_64-pc-linux-gnu/bin/../lib/gcc/nios2-elf/5.3.0/../../../../../H-x86_64-pc-linux-gnu/nios2-elf/lib/mhw-mulx/libc.a(lib_a-vfprintf.o)
                0x0000000080086da4                __vfprintf_internal
 .text.__sbprintf
                0x0000000080086dc0       0xbc /home/na62torino/altera/16.1/nios2eds/bin/gnu/H-x86_64-pc-linux-gnu/bin/../lib/gcc/nios2-elf/5.3.0/../../../../../H-x86_64-pc-linux-gnu/nios2-elf/lib/mhw-mulx/libc.a(lib_a-vfprintf.o)
 .text          0x0000000080086e7c        0x0 /home/na62torino/altera/16.1/nios2eds/bin/gnu/H-x86_64-pc-linux-gnu/bin/../lib/gcc/nios2-elf/5.3.0/../../../../../H-x86_64-pc-linux-gnu/nios2-elf/lib/mhw-mulx/libc.a(lib_a-writer.o)
 .text._write_r
                0x0000000080086e7c       0x60 /home/na62torino/altera/16.1/nios2eds/bin/gnu/H-x86_64-pc-linux-gnu/bin/../lib/gcc/nios2-elf/5.3.0/../../../../../H-x86_64-pc-linux-gnu/nios2-elf/lib/mhw-mulx/libc.a(lib_a-writer.o)
                0x0000000080086e7c                _write_r
 .text          0x0000000080086edc        0x0 /home/na62torino/altera/16.1/nios2eds/bin/gnu/H-x86_64-pc-linux-gnu/bin/../lib/gcc/nios2-elf/5.3.0/../../../../../H-x86_64-pc-linux-gnu/nios2-elf/lib/mhw-mulx/libc.a(lib_a-wsetup.o)
 .text.__swsetup_r
                0x0000000080086edc      0x154 /home/na62torino/altera/16.1/nios2eds/bin/gnu/H-x86_64-pc-linux-gnu/bin/../lib/gcc/nios2-elf/5.3.0/../../../../../H-x86_64-pc-linux-gnu/nios2-elf/lib/mhw-mulx/libc.a(lib_a-wsetup.o)
                0x0000000080086edc                __swsetup_r
 .text          0x0000000080087030        0x0 /home/na62torino/altera/16.1/nios2eds/bin/gnu/H-x86_64-pc-linux-gnu/bin/../lib/gcc/nios2-elf/5.3.0/../../../../../H-x86_64-pc-linux-gnu/nios2-elf/lib/mhw-mulx/libc.a(closer.o)
 .text._close_r
                0x0000000080087030       0x54 /home/na62torino/altera/16.1/nios2eds/bin/gnu/H-x86_64-pc-linux-gnu/bin/../lib/gcc/nios2-elf/5.3.0/../../../../../H-x86_64-pc-linux-gnu/nios2-elf/lib/mhw-mulx/libc.a(closer.o)
                0x0000000080087030                _close_r
 .text          0x0000000080087084        0x0 /home/na62torino/altera/16.1/nios2eds/bin/gnu/H-x86_64-pc-linux-gnu/bin/../lib/gcc/nios2-elf/5.3.0/../../../../../H-x86_64-pc-linux-gnu/nios2-elf/lib/mhw-mulx/libc.a(lib_a-ctype_.o)
 .text          0x0000000080087084        0x0 /home/na62torino/altera/16.1/nios2eds/bin/gnu/H-x86_64-pc-linux-gnu/bin/../lib/gcc/nios2-elf/5.3.0/../../../../../H-x86_64-pc-linux-gnu/nios2-elf/lib/mhw-mulx/libc.a(lib_a-dtoa.o)
 .text.quorem   0x0000000080087084      0x200 /home/na62torino/altera/16.1/nios2eds/bin/gnu/H-x86_64-pc-linux-gnu/bin/../lib/gcc/nios2-elf/5.3.0/../../../../../H-x86_64-pc-linux-gnu/nios2-elf/lib/mhw-mulx/libc.a(lib_a-dtoa.o)
 .text._dtoa_r  0x0000000080087284     0x1688 /home/na62torino/altera/16.1/nios2eds/bin/gnu/H-x86_64-pc-linux-gnu/bin/../lib/gcc/nios2-elf/5.3.0/../../../../../H-x86_64-pc-linux-gnu/nios2-elf/lib/mhw-mulx/libc.a(lib_a-dtoa.o)
                0x0000000080087284                _dtoa_r
 .text          0x000000008008890c        0x0 /home/na62torino/altera/16.1/nios2eds/bin/gnu/H-x86_64-pc-linux-gnu/bin/../lib/gcc/nios2-elf/5.3.0/../../../../../H-x86_64-pc-linux-gnu/nios2-elf/lib/mhw-mulx/libc.a(lib_a-fflush.o)
 .text.__sflush_r
                0x000000008008890c      0x21c /home/na62torino/altera/16.1/nios2eds/bin/gnu/H-x86_64-pc-linux-gnu/bin/../lib/gcc/nios2-elf/5.3.0/../../../../../H-x86_64-pc-linux-gnu/nios2-elf/lib/mhw-mulx/libc.a(lib_a-fflush.o)
                0x000000008008890c                __sflush_r
 .text._fflush_r
                0x0000000080088b28       0x5c /home/na62torino/altera/16.1/nios2eds/bin/gnu/H-x86_64-pc-linux-gnu/bin/../lib/gcc/nios2-elf/5.3.0/../../../../../H-x86_64-pc-linux-gnu/nios2-elf/lib/mhw-mulx/libc.a(lib_a-fflush.o)
                0x0000000080088b28                _fflush_r
 .text.fflush   0x0000000080088b84       0x30 /home/na62torino/altera/16.1/nios2eds/bin/gnu/H-x86_64-pc-linux-gnu/bin/../lib/gcc/nios2-elf/5.3.0/../../../../../H-x86_64-pc-linux-gnu/nios2-elf/lib/mhw-mulx/libc.a(lib_a-fflush.o)
                0x0000000080088b84                fflush
 .text          0x0000000080088bb4        0x0 /home/na62torino/altera/16.1/nios2eds/bin/gnu/H-x86_64-pc-linux-gnu/bin/../lib/gcc/nios2-elf/5.3.0/../../../../../H-x86_64-pc-linux-gnu/nios2-elf/lib/mhw-mulx/libc.a(lib_a-findfp.o)
 .text.__fp_unlock
                0x0000000080088bb4        0x8 /home/na62torino/altera/16.1/nios2eds/bin/gnu/H-x86_64-pc-linux-gnu/bin/../lib/gcc/nios2-elf/5.3.0/../../../../../H-x86_64-pc-linux-gnu/nios2-elf/lib/mhw-mulx/libc.a(lib_a-findfp.o)
 .text._cleanup_r
                0x0000000080088bbc        0xc /home/na62torino/altera/16.1/nios2eds/bin/gnu/H-x86_64-pc-linux-gnu/bin/../lib/gcc/nios2-elf/5.3.0/../../../../../H-x86_64-pc-linux-gnu/nios2-elf/lib/mhw-mulx/libc.a(lib_a-findfp.o)
                0x0000000080088bbc                _cleanup_r
 .text.__sinit.part.1
                0x0000000080088bc8      0x19c /home/na62torino/altera/16.1/nios2eds/bin/gnu/H-x86_64-pc-linux-gnu/bin/../lib/gcc/nios2-elf/5.3.0/../../../../../H-x86_64-pc-linux-gnu/nios2-elf/lib/mhw-mulx/libc.a(lib_a-findfp.o)
 .text.__fp_lock
                0x0000000080088d64        0x8 /home/na62torino/altera/16.1/nios2eds/bin/gnu/H-x86_64-pc-linux-gnu/bin/../lib/gcc/nios2-elf/5.3.0/../../../../../H-x86_64-pc-linux-gnu/nios2-elf/lib/mhw-mulx/libc.a(lib_a-findfp.o)
 .text.__sfmoreglue
                0x0000000080088d6c       0x68 /home/na62torino/altera/16.1/nios2eds/bin/gnu/H-x86_64-pc-linux-gnu/bin/../lib/gcc/nios2-elf/5.3.0/../../../../../H-x86_64-pc-linux-gnu/nios2-elf/lib/mhw-mulx/libc.a(lib_a-findfp.o)
                0x0000000080088d6c                __sfmoreglue
 .text.__sfp    0x0000000080088dd4      0x118 /home/na62torino/altera/16.1/nios2eds/bin/gnu/H-x86_64-pc-linux-gnu/bin/../lib/gcc/nios2-elf/5.3.0/../../../../../H-x86_64-pc-linux-gnu/nios2-elf/lib/mhw-mulx/libc.a(lib_a-findfp.o)
                0x0000000080088dd4                __sfp
 .text._cleanup
                0x0000000080088eec       0x18 /home/na62torino/altera/16.1/nios2eds/bin/gnu/H-x86_64-pc-linux-gnu/bin/../lib/gcc/nios2-elf/5.3.0/../../../../../H-x86_64-pc-linux-gnu/nios2-elf/lib/mhw-mulx/libc.a(lib_a-findfp.o)
                0x0000000080088eec                _cleanup
 .text.__sinit  0x0000000080088f04       0x10 /home/na62torino/altera/16.1/nios2eds/bin/gnu/H-x86_64-pc-linux-gnu/bin/../lib/gcc/nios2-elf/5.3.0/../../../../../H-x86_64-pc-linux-gnu/nios2-elf/lib/mhw-mulx/libc.a(lib_a-findfp.o)
                0x0000000080088f04                __sinit
 .text.__sfp_lock_acquire
                0x0000000080088f14        0x4 /home/na62torino/altera/16.1/nios2eds/bin/gnu/H-x86_64-pc-linux-gnu/bin/../lib/gcc/nios2-elf/5.3.0/../../../../../H-x86_64-pc-linux-gnu/nios2-elf/lib/mhw-mulx/libc.a(lib_a-findfp.o)
                0x0000000080088f14                __sfp_lock_acquire
 .text.__sfp_lock_release
                0x0000000080088f18        0x4 /home/na62torino/altera/16.1/nios2eds/bin/gnu/H-x86_64-pc-linux-gnu/bin/../lib/gcc/nios2-elf/5.3.0/../../../../../H-x86_64-pc-linux-gnu/nios2-elf/lib/mhw-mulx/libc.a(lib_a-findfp.o)
                0x0000000080088f18                __sfp_lock_release
 .text.__sinit_lock_acquire
                0x0000000080088f1c        0x4 /home/na62torino/altera/16.1/nios2eds/bin/gnu/H-x86_64-pc-linux-gnu/bin/../lib/gcc/nios2-elf/5.3.0/../../../../../H-x86_64-pc-linux-gnu/nios2-elf/lib/mhw-mulx/libc.a(lib_a-findfp.o)
                0x0000000080088f1c                __sinit_lock_acquire
 .text.__sinit_lock_release
                0x0000000080088f20        0x4 /home/na62torino/altera/16.1/nios2eds/bin/gnu/H-x86_64-pc-linux-gnu/bin/../lib/gcc/nios2-elf/5.3.0/../../../../../H-x86_64-pc-linux-gnu/nios2-elf/lib/mhw-mulx/libc.a(lib_a-findfp.o)
                0x0000000080088f20                __sinit_lock_release
 .text.__fp_lock_all
                0x0000000080088f24       0x18 /home/na62torino/altera/16.1/nios2eds/bin/gnu/H-x86_64-pc-linux-gnu/bin/../lib/gcc/nios2-elf/5.3.0/../../../../../H-x86_64-pc-linux-gnu/nios2-elf/lib/mhw-mulx/libc.a(lib_a-findfp.o)
                0x0000000080088f24                __fp_lock_all
 .text.__fp_unlock_all
                0x0000000080088f3c       0x18 /home/na62torino/altera/16.1/nios2eds/bin/gnu/H-x86_64-pc-linux-gnu/bin/../lib/gcc/nios2-elf/5.3.0/../../../../../H-x86_64-pc-linux-gnu/nios2-elf/lib/mhw-mulx/libc.a(lib_a-findfp.o)
                0x0000000080088f3c                __fp_unlock_all
 .text          0x0000000080088f54        0x0 /home/na62torino/altera/16.1/nios2eds/bin/gnu/H-x86_64-pc-linux-gnu/bin/../lib/gcc/nios2-elf/5.3.0/../../../../../H-x86_64-pc-linux-gnu/nios2-elf/lib/mhw-mulx/libc.a(lib_a-freer.o)
 .text._malloc_trim_r
                0x0000000080088f54      0x124 /home/na62torino/altera/16.1/nios2eds/bin/gnu/H-x86_64-pc-linux-gnu/bin/../lib/gcc/nios2-elf/5.3.0/../../../../../H-x86_64-pc-linux-gnu/nios2-elf/lib/mhw-mulx/libc.a(lib_a-freer.o)
                0x0000000080088f54                _malloc_trim_r
 .text._free_r  0x0000000080089078      0x310 /home/na62torino/altera/16.1/nios2eds/bin/gnu/H-x86_64-pc-linux-gnu/bin/../lib/gcc/nios2-elf/5.3.0/../../../../../H-x86_64-pc-linux-gnu/nios2-elf/lib/mhw-mulx/libc.a(lib_a-freer.o)
                0x0000000080089078                _free_r
 .text          0x0000000080089388        0x0 /home/na62torino/altera/16.1/nios2eds/bin/gnu/H-x86_64-pc-linux-gnu/bin/../lib/gcc/nios2-elf/5.3.0/../../../../../H-x86_64-pc-linux-gnu/nios2-elf/lib/mhw-mulx/libc.a(lib_a-fvwrite.o)
 .text.__sfvwrite_r
                0x0000000080089388      0x4bc /home/na62torino/altera/16.1/nios2eds/bin/gnu/H-x86_64-pc-linux-gnu/bin/../lib/gcc/nios2-elf/5.3.0/../../../../../H-x86_64-pc-linux-gnu/nios2-elf/lib/mhw-mulx/libc.a(lib_a-fvwrite.o)
                0x0000000080089388                __sfvwrite_r
 .text          0x0000000080089844        0x0 /home/na62torino/altera/16.1/nios2eds/bin/gnu/H-x86_64-pc-linux-gnu/bin/../lib/gcc/nios2-elf/5.3.0/../../../../../H-x86_64-pc-linux-gnu/nios2-elf/lib/mhw-mulx/libc.a(lib_a-fwalk.o)
 .text._fwalk   0x0000000080089844       0xc4 /home/na62torino/altera/16.1/nios2eds/bin/gnu/H-x86_64-pc-linux-gnu/bin/../lib/gcc/nios2-elf/5.3.0/../../../../../H-x86_64-pc-linux-gnu/nios2-elf/lib/mhw-mulx/libc.a(lib_a-fwalk.o)
                0x0000000080089844                _fwalk
 .text._fwalk_reent
                0x0000000080089908       0xc4 /home/na62torino/altera/16.1/nios2eds/bin/gnu/H-x86_64-pc-linux-gnu/bin/../lib/gcc/nios2-elf/5.3.0/../../../../../H-x86_64-pc-linux-gnu/nios2-elf/lib/mhw-mulx/libc.a(lib_a-fwalk.o)
                0x0000000080089908                _fwalk_reent
 .text          0x00000000800899cc        0x0 /home/na62torino/altera/16.1/nios2eds/bin/gnu/H-x86_64-pc-linux-gnu/bin/../lib/gcc/nios2-elf/5.3.0/../../../../../H-x86_64-pc-linux-gnu/nios2-elf/lib/mhw-mulx/libc.a(lib_a-int_errno.o)
 .text          0x00000000800899cc        0x0 /home/na62torino/altera/16.1/nios2eds/bin/gnu/H-x86_64-pc-linux-gnu/bin/../lib/gcc/nios2-elf/5.3.0/../../../../../H-x86_64-pc-linux-gnu/nios2-elf/lib/mhw-mulx/libc.a(lib_a-iswspace.o)
 .text.iswspace
                0x00000000800899cc       0x30 /home/na62torino/altera/16.1/nios2eds/bin/gnu/H-x86_64-pc-linux-gnu/bin/../lib/gcc/nios2-elf/5.3.0/../../../../../H-x86_64-pc-linux-gnu/nios2-elf/lib/mhw-mulx/libc.a(lib_a-iswspace.o)
                0x00000000800899cc                iswspace
 .text          0x00000000800899fc        0x0 /home/na62torino/altera/16.1/nios2eds/bin/gnu/H-x86_64-pc-linux-gnu/bin/../lib/gcc/nios2-elf/5.3.0/../../../../../H-x86_64-pc-linux-gnu/nios2-elf/lib/mhw-mulx/libc.a(lib_a-locale.o)
 .text._setlocale_r
                0x00000000800899fc       0x7c /home/na62torino/altera/16.1/nios2eds/bin/gnu/H-x86_64-pc-linux-gnu/bin/../lib/gcc/nios2-elf/5.3.0/../../../../../H-x86_64-pc-linux-gnu/nios2-elf/lib/mhw-mulx/libc.a(lib_a-locale.o)
                0x00000000800899fc                _setlocale_r
 .text.__locale_charset
                0x0000000080089a78        0xc /home/na62torino/altera/16.1/nios2eds/bin/gnu/H-x86_64-pc-linux-gnu/bin/../lib/gcc/nios2-elf/5.3.0/../../../../../H-x86_64-pc-linux-gnu/nios2-elf/lib/mhw-mulx/libc.a(lib_a-locale.o)
                0x0000000080089a78                __locale_charset
 .text.__locale_mb_cur_max
                0x0000000080089a84       0x10 /home/na62torino/altera/16.1/nios2eds/bin/gnu/H-x86_64-pc-linux-gnu/bin/../lib/gcc/nios2-elf/5.3.0/../../../../../H-x86_64-pc-linux-gnu/nios2-elf/lib/mhw-mulx/libc.a(lib_a-locale.o)
                0x0000000080089a84                __locale_mb_cur_max
 .text.__locale_msgcharset
                0x0000000080089a94        0xc /home/na62torino/altera/16.1/nios2eds/bin/gnu/H-x86_64-pc-linux-gnu/bin/../lib/gcc/nios2-elf/5.3.0/../../../../../H-x86_64-pc-linux-gnu/nios2-elf/lib/mhw-mulx/libc.a(lib_a-locale.o)
                0x0000000080089a94                __locale_msgcharset
 .text.__locale_cjk_lang
                0x0000000080089aa0        0x8 /home/na62torino/altera/16.1/nios2eds/bin/gnu/H-x86_64-pc-linux-gnu/bin/../lib/gcc/nios2-elf/5.3.0/../../../../../H-x86_64-pc-linux-gnu/nios2-elf/lib/mhw-mulx/libc.a(lib_a-locale.o)
                0x0000000080089aa0                __locale_cjk_lang
 .text._localeconv_r
                0x0000000080089aa8        0xc /home/na62torino/altera/16.1/nios2eds/bin/gnu/H-x86_64-pc-linux-gnu/bin/../lib/gcc/nios2-elf/5.3.0/../../../../../H-x86_64-pc-linux-gnu/nios2-elf/lib/mhw-mulx/libc.a(lib_a-locale.o)
                0x0000000080089aa8                _localeconv_r
 .text.setlocale
                0x0000000080089ab4       0x18 /home/na62torino/altera/16.1/nios2eds/bin/gnu/H-x86_64-pc-linux-gnu/bin/../lib/gcc/nios2-elf/5.3.0/../../../../../H-x86_64-pc-linux-gnu/nios2-elf/lib/mhw-mulx/libc.a(lib_a-locale.o)
                0x0000000080089ab4                setlocale
 .text.localeconv
                0x0000000080089acc        0xc /home/na62torino/altera/16.1/nios2eds/bin/gnu/H-x86_64-pc-linux-gnu/bin/../lib/gcc/nios2-elf/5.3.0/../../../../../H-x86_64-pc-linux-gnu/nios2-elf/lib/mhw-mulx/libc.a(lib_a-locale.o)
                0x0000000080089acc                localeconv
 .text          0x0000000080089ad8        0x0 /home/na62torino/altera/16.1/nios2eds/bin/gnu/H-x86_64-pc-linux-gnu/bin/../lib/gcc/nios2-elf/5.3.0/../../../../../H-x86_64-pc-linux-gnu/nios2-elf/lib/mhw-mulx/libc.a(lib_a-lseekr.o)
 .text._lseek_r
                0x0000000080089ad8       0x60 /home/na62torino/altera/16.1/nios2eds/bin/gnu/H-x86_64-pc-linux-gnu/bin/../lib/gcc/nios2-elf/5.3.0/../../../../../H-x86_64-pc-linux-gnu/nios2-elf/lib/mhw-mulx/libc.a(lib_a-lseekr.o)
                0x0000000080089ad8                _lseek_r
 .text          0x0000000080089b38        0x0 /home/na62torino/altera/16.1/nios2eds/bin/gnu/H-x86_64-pc-linux-gnu/bin/../lib/gcc/nios2-elf/5.3.0/../../../../../H-x86_64-pc-linux-gnu/nios2-elf/lib/mhw-mulx/libc.a(lib_a-makebuf.o)
 .text.__smakebuf_r
                0x0000000080089b38      0x1bc /home/na62torino/altera/16.1/nios2eds/bin/gnu/H-x86_64-pc-linux-gnu/bin/../lib/gcc/nios2-elf/5.3.0/../../../../../H-x86_64-pc-linux-gnu/nios2-elf/lib/mhw-mulx/libc.a(lib_a-makebuf.o)
                0x0000000080089b38                __smakebuf_r
 .text          0x0000000080089cf4        0x0 /home/na62torino/altera/16.1/nios2eds/bin/gnu/H-x86_64-pc-linux-gnu/bin/../lib/gcc/nios2-elf/5.3.0/../../../../../H-x86_64-pc-linux-gnu/nios2-elf/lib/mhw-mulx/libc.a(lib_a-mbrtowc.o)
 .text._mbrtowc_r
                0x0000000080089cf4       0xac /home/na62torino/altera/16.1/nios2eds/bin/gnu/H-x86_64-pc-linux-gnu/bin/../lib/gcc/nios2-elf/5.3.0/../../../../../H-x86_64-pc-linux-gnu/nios2-elf/lib/mhw-mulx/libc.a(lib_a-mbrtowc.o)
                0x0000000080089cf4                _mbrtowc_r
 .text.mbrtowc  0x0000000080089da0       0xd8 /home/na62torino/altera/16.1/nios2eds/bin/gnu/H-x86_64-pc-linux-gnu/bin/../lib/gcc/nios2-elf/5.3.0/../../../../../H-x86_64-pc-linux-gnu/nios2-elf/lib/mhw-mulx/libc.a(lib_a-mbrtowc.o)
                0x0000000080089da0                mbrtowc
 .text          0x0000000080089e78        0x0 /home/na62torino/altera/16.1/nios2eds/bin/gnu/H-x86_64-pc-linux-gnu/bin/../lib/gcc/nios2-elf/5.3.0/../../../../../H-x86_64-pc-linux-gnu/nios2-elf/lib/mhw-mulx/libc.a(lib_a-mbtowc_r.o)
 .text.__ascii_mbtowc
                0x0000000080089e78       0x44 /home/na62torino/altera/16.1/nios2eds/bin/gnu/H-x86_64-pc-linux-gnu/bin/../lib/gcc/nios2-elf/5.3.0/../../../../../H-x86_64-pc-linux-gnu/nios2-elf/lib/mhw-mulx/libc.a(lib_a-mbtowc_r.o)
                0x0000000080089e78                __ascii_mbtowc
 .text._mbtowc_r
                0x0000000080089ebc       0x5c /home/na62torino/altera/16.1/nios2eds/bin/gnu/H-x86_64-pc-linux-gnu/bin/../lib/gcc/nios2-elf/5.3.0/../../../../../H-x86_64-pc-linux-gnu/nios2-elf/lib/mhw-mulx/libc.a(lib_a-mbtowc_r.o)
                0x0000000080089ebc                _mbtowc_r
 .text          0x0000000080089f18        0x0 /home/na62torino/altera/16.1/nios2eds/bin/gnu/H-x86_64-pc-linux-gnu/bin/../lib/gcc/nios2-elf/5.3.0/../../../../../H-x86_64-pc-linux-gnu/nios2-elf/lib/mhw-mulx/libc.a(lib_a-memchr.o)
 .text.memchr   0x0000000080089f18       0xe4 /home/na62torino/altera/16.1/nios2eds/bin/gnu/H-x86_64-pc-linux-gnu/bin/../lib/gcc/nios2-elf/5.3.0/../../../../../H-x86_64-pc-linux-gnu/nios2-elf/lib/mhw-mulx/libc.a(lib_a-memchr.o)
                0x0000000080089f18                memchr
 .text          0x0000000080089ffc        0x0 /home/na62torino/altera/16.1/nios2eds/bin/gnu/H-x86_64-pc-linux-gnu/bin/../lib/gcc/nios2-elf/5.3.0/../../../../../H-x86_64-pc-linux-gnu/nios2-elf/lib/mhw-mulx/libc.a(lib_a-memmove.o)
 .text.memmove  0x0000000080089ffc      0x15c /home/na62torino/altera/16.1/nios2eds/bin/gnu/H-x86_64-pc-linux-gnu/bin/../lib/gcc/nios2-elf/5.3.0/../../../../../H-x86_64-pc-linux-gnu/nios2-elf/lib/mhw-mulx/libc.a(lib_a-memmove.o)
                0x0000000080089ffc                memmove
 .text          0x000000008008a158        0x0 /home/na62torino/altera/16.1/nios2eds/bin/gnu/H-x86_64-pc-linux-gnu/bin/../lib/gcc/nios2-elf/5.3.0/../../../../../H-x86_64-pc-linux-gnu/nios2-elf/lib/mhw-mulx/libc.a(lib_a-memset.o)
 .text.memset   0x000000008008a158      0x128 /home/na62torino/altera/16.1/nios2eds/bin/gnu/H-x86_64-pc-linux-gnu/bin/../lib/gcc/nios2-elf/5.3.0/../../../../../H-x86_64-pc-linux-gnu/nios2-elf/lib/mhw-mulx/libc.a(lib_a-memset.o)
                0x000000008008a158                memset
 .text          0x000000008008a280        0x0 /home/na62torino/altera/16.1/nios2eds/bin/gnu/H-x86_64-pc-linux-gnu/bin/../lib/gcc/nios2-elf/5.3.0/../../../../../H-x86_64-pc-linux-gnu/nios2-elf/lib/mhw-mulx/libc.a(lib_a-mprec.o)
 .text._Balloc  0x000000008008a280       0xa8 /home/na62torino/altera/16.1/nios2eds/bin/gnu/H-x86_64-pc-linux-gnu/bin/../lib/gcc/nios2-elf/5.3.0/../../../../../H-x86_64-pc-linux-gnu/nios2-elf/lib/mhw-mulx/libc.a(lib_a-mprec.o)
                0x000000008008a280                _Balloc
 .text._Bfree   0x000000008008a328       0x28 /home/na62torino/altera/16.1/nios2eds/bin/gnu/H-x86_64-pc-linux-gnu/bin/../lib/gcc/nios2-elf/5.3.0/../../../../../H-x86_64-pc-linux-gnu/nios2-elf/lib/mhw-mulx/libc.a(lib_a-mprec.o)
                0x000000008008a328                _Bfree
 .text.__multadd
                0x000000008008a350      0x120 /home/na62torino/altera/16.1/nios2eds/bin/gnu/H-x86_64-pc-linux-gnu/bin/../lib/gcc/nios2-elf/5.3.0/../../../../../H-x86_64-pc-linux-gnu/nios2-elf/lib/mhw-mulx/libc.a(lib_a-mprec.o)
                0x000000008008a350                __multadd
 .text.__s2b    0x000000008008a470      0x104 /home/na62torino/altera/16.1/nios2eds/bin/gnu/H-x86_64-pc-linux-gnu/bin/../lib/gcc/nios2-elf/5.3.0/../../../../../H-x86_64-pc-linux-gnu/nios2-elf/lib/mhw-mulx/libc.a(lib_a-mprec.o)
                0x000000008008a470                __s2b
 .text.__hi0bits
                0x000000008008a574       0x68 /home/na62torino/altera/16.1/nios2eds/bin/gnu/H-x86_64-pc-linux-gnu/bin/../lib/gcc/nios2-elf/5.3.0/../../../../../H-x86_64-pc-linux-gnu/nios2-elf/lib/mhw-mulx/libc.a(lib_a-mprec.o)
                0x000000008008a574                __hi0bits
 .text.__lo0bits
                0x000000008008a5dc       0xb0 /home/na62torino/altera/16.1/nios2eds/bin/gnu/H-x86_64-pc-linux-gnu/bin/../lib/gcc/nios2-elf/5.3.0/../../../../../H-x86_64-pc-linux-gnu/nios2-elf/lib/mhw-mulx/libc.a(lib_a-mprec.o)
                0x000000008008a5dc                __lo0bits
 .text.__i2b    0x000000008008a68c       0x3c /home/na62torino/altera/16.1/nios2eds/bin/gnu/H-x86_64-pc-linux-gnu/bin/../lib/gcc/nios2-elf/5.3.0/../../../../../H-x86_64-pc-linux-gnu/nios2-elf/lib/mhw-mulx/libc.a(lib_a-mprec.o)
                0x000000008008a68c                __i2b
 .text.__multiply
                0x000000008008a6c8      0x1f8 /home/na62torino/altera/16.1/nios2eds/bin/gnu/H-x86_64-pc-linux-gnu/bin/../lib/gcc/nios2-elf/5.3.0/../../../../../H-x86_64-pc-linux-gnu/nios2-elf/lib/mhw-mulx/libc.a(lib_a-mprec.o)
                0x000000008008a6c8                __multiply
 .text.__pow5mult
                0x000000008008a8c0      0x140 /home/na62torino/altera/16.1/nios2eds/bin/gnu/H-x86_64-pc-linux-gnu/bin/../lib/gcc/nios2-elf/5.3.0/../../../../../H-x86_64-pc-linux-gnu/nios2-elf/lib/mhw-mulx/libc.a(lib_a-mprec.o)
                0x000000008008a8c0                __pow5mult
 .text.__lshift
                0x000000008008aa00      0x148 /home/na62torino/altera/16.1/nios2eds/bin/gnu/H-x86_64-pc-linux-gnu/bin/../lib/gcc/nios2-elf/5.3.0/../../../../../H-x86_64-pc-linux-gnu/nios2-elf/lib/mhw-mulx/libc.a(lib_a-mprec.o)
                0x000000008008aa00                __lshift
 .text.__mcmp   0x000000008008ab48       0x60 /home/na62torino/altera/16.1/nios2eds/bin/gnu/H-x86_64-pc-linux-gnu/bin/../lib/gcc/nios2-elf/5.3.0/../../../../../H-x86_64-pc-linux-gnu/nios2-elf/lib/mhw-mulx/libc.a(lib_a-mprec.o)
                0x000000008008ab48                __mcmp
 .text.__mdiff  0x000000008008aba8      0x1fc /home/na62torino/altera/16.1/nios2eds/bin/gnu/H-x86_64-pc-linux-gnu/bin/../lib/gcc/nios2-elf/5.3.0/../../../../../H-x86_64-pc-linux-gnu/nios2-elf/lib/mhw-mulx/libc.a(lib_a-mprec.o)
                0x000000008008aba8                __mdiff
 .text.__ulp    0x000000008008ada4       0x64 /home/na62torino/altera/16.1/nios2eds/bin/gnu/H-x86_64-pc-linux-gnu/bin/../lib/gcc/nios2-elf/5.3.0/../../../../../H-x86_64-pc-linux-gnu/nios2-elf/lib/mhw-mulx/libc.a(lib_a-mprec.o)
                0x000000008008ada4                __ulp
 .text.__b2d    0x000000008008ae08      0x10c /home/na62torino/altera/16.1/nios2eds/bin/gnu/H-x86_64-pc-linux-gnu/bin/../lib/gcc/nios2-elf/5.3.0/../../../../../H-x86_64-pc-linux-gnu/nios2-elf/lib/mhw-mulx/libc.a(lib_a-mprec.o)
                0x000000008008ae08                __b2d
 .text.__d2b    0x000000008008af14      0x14c /home/na62torino/altera/16.1/nios2eds/bin/gnu/H-x86_64-pc-linux-gnu/bin/../lib/gcc/nios2-elf/5.3.0/../../../../../H-x86_64-pc-linux-gnu/nios2-elf/lib/mhw-mulx/libc.a(lib_a-mprec.o)
                0x000000008008af14                __d2b
 .text.__ratio  0x000000008008b060       0xa4 /home/na62torino/altera/16.1/nios2eds/bin/gnu/H-x86_64-pc-linux-gnu/bin/../lib/gcc/nios2-elf/5.3.0/../../../../../H-x86_64-pc-linux-gnu/nios2-elf/lib/mhw-mulx/libc.a(lib_a-mprec.o)
                0x000000008008b060                __ratio
 .text._mprec_log10
                0x000000008008b104       0x74 /home/na62torino/altera/16.1/nios2eds/bin/gnu/H-x86_64-pc-linux-gnu/bin/../lib/gcc/nios2-elf/5.3.0/../../../../../H-x86_64-pc-linux-gnu/nios2-elf/lib/mhw-mulx/libc.a(lib_a-mprec.o)
                0x000000008008b104                _mprec_log10
 .text.__copybits
                0x000000008008b178       0x78 /home/na62torino/altera/16.1/nios2eds/bin/gnu/H-x86_64-pc-linux-gnu/bin/../lib/gcc/nios2-elf/5.3.0/../../../../../H-x86_64-pc-linux-gnu/nios2-elf/lib/mhw-mulx/libc.a(lib_a-mprec.o)
                0x000000008008b178                __copybits
 .text.__any_on
                0x000000008008b1f0       0x8c /home/na62torino/altera/16.1/nios2eds/bin/gnu/H-x86_64-pc-linux-gnu/bin/../lib/gcc/nios2-elf/5.3.0/../../../../../H-x86_64-pc-linux-gnu/nios2-elf/lib/mhw-mulx/libc.a(lib_a-mprec.o)
                0x000000008008b1f0                __any_on
 .text          0x000000008008b27c        0x0 /home/na62torino/altera/16.1/nios2eds/bin/gnu/H-x86_64-pc-linux-gnu/bin/../lib/gcc/nios2-elf/5.3.0/../../../../../H-x86_64-pc-linux-gnu/nios2-elf/lib/mhw-mulx/libc.a(lib_a-putc.o)
 .text._putc_r  0x000000008008b27c       0xa0 /home/na62torino/altera/16.1/nios2eds/bin/gnu/H-x86_64-pc-linux-gnu/bin/../lib/gcc/nios2-elf/5.3.0/../../../../../H-x86_64-pc-linux-gnu/nios2-elf/lib/mhw-mulx/libc.a(lib_a-putc.o)
                0x000000008008b27c                _putc_r
 .text.putc     0x000000008008b31c       0xc8 /home/na62torino/altera/16.1/nios2eds/bin/gnu/H-x86_64-pc-linux-gnu/bin/../lib/gcc/nios2-elf/5.3.0/../../../../../H-x86_64-pc-linux-gnu/nios2-elf/lib/mhw-mulx/libc.a(lib_a-putc.o)
                0x000000008008b31c                putc
 .text          0x000000008008b3e4        0x0 /home/na62torino/altera/16.1/nios2eds/bin/gnu/H-x86_64-pc-linux-gnu/bin/../lib/gcc/nios2-elf/5.3.0/../../../../../H-x86_64-pc-linux-gnu/nios2-elf/lib/mhw-mulx/libc.a(lib_a-readr.o)
 .text._read_r  0x000000008008b3e4       0x60 /home/na62torino/altera/16.1/nios2eds/bin/gnu/H-x86_64-pc-linux-gnu/bin/../lib/gcc/nios2-elf/5.3.0/../../../../../H-x86_64-pc-linux-gnu/nios2-elf/lib/mhw-mulx/libc.a(lib_a-readr.o)
                0x000000008008b3e4                _read_r
 .text          0x000000008008b444        0x0 /home/na62torino/altera/16.1/nios2eds/bin/gnu/H-x86_64-pc-linux-gnu/bin/../lib/gcc/nios2-elf/5.3.0/../../../../../H-x86_64-pc-linux-gnu/nios2-elf/lib/mhw-mulx/libc.a(lib_a-reallocr.o)
 .text._realloc_r
                0x000000008008b444      0x564 /home/na62torino/altera/16.1/nios2eds/bin/gnu/H-x86_64-pc-linux-gnu/bin/../lib/gcc/nios2-elf/5.3.0/../../../../../H-x86_64-pc-linux-gnu/nios2-elf/lib/mhw-mulx/libc.a(lib_a-reallocr.o)
                0x000000008008b444                _realloc_r
 .text          0x000000008008b9a8        0x0 /home/na62torino/altera/16.1/nios2eds/bin/gnu/H-x86_64-pc-linux-gnu/bin/../lib/gcc/nios2-elf/5.3.0/../../../../../H-x86_64-pc-linux-gnu/nios2-elf/lib/mhw-mulx/libc.a(lib_a-refill.o)
 .text.lflush   0x000000008008b9a8       0x1c /home/na62torino/altera/16.1/nios2eds/bin/gnu/H-x86_64-pc-linux-gnu/bin/../lib/gcc/nios2-elf/5.3.0/../../../../../H-x86_64-pc-linux-gnu/nios2-elf/lib/mhw-mulx/libc.a(lib_a-refill.o)
 .text.__srefill_r
                0x000000008008b9c4      0x1d4 /home/na62torino/altera/16.1/nios2eds/bin/gnu/H-x86_64-pc-linux-gnu/bin/../lib/gcc/nios2-elf/5.3.0/../../../../../H-x86_64-pc-linux-gnu/nios2-elf/lib/mhw-mulx/libc.a(lib_a-refill.o)
                0x000000008008b9c4                __srefill_r
 .text          0x000000008008bb98        0x0 /home/na62torino/altera/16.1/nios2eds/bin/gnu/H-x86_64-pc-linux-gnu/bin/../lib/gcc/nios2-elf/5.3.0/../../../../../H-x86_64-pc-linux-gnu/nios2-elf/lib/mhw-mulx/libc.a(lib_a-s_fpclassify.o)
 .text.__fpclassifyd
                0x000000008008bb98       0x74 /home/na62torino/altera/16.1/nios2eds/bin/gnu/H-x86_64-pc-linux-gnu/bin/../lib/gcc/nios2-elf/5.3.0/../../../../../H-x86_64-pc-linux-gnu/nios2-elf/lib/mhw-mulx/libc.a(lib_a-s_fpclassify.o)
                0x000000008008bb98                __fpclassifyd
 .text          0x000000008008bc0c        0x0 /home/na62torino/altera/16.1/nios2eds/bin/gnu/H-x86_64-pc-linux-gnu/bin/../lib/gcc/nios2-elf/5.3.0/../../../../../H-x86_64-pc-linux-gnu/nios2-elf/lib/mhw-mulx/libc.a(lib_a-sccl.o)
 .text.__sccl   0x000000008008bc0c       0xd0 /home/na62torino/altera/16.1/nios2eds/bin/gnu/H-x86_64-pc-linux-gnu/bin/../lib/gcc/nios2-elf/5.3.0/../../../../../H-x86_64-pc-linux-gnu/nios2-elf/lib/mhw-mulx/libc.a(lib_a-sccl.o)
                0x000000008008bc0c                __sccl
 .text          0x000000008008bcdc        0x0 /home/na62torino/altera/16.1/nios2eds/bin/gnu/H-x86_64-pc-linux-gnu/bin/../lib/gcc/nios2-elf/5.3.0/../../../../../H-x86_64-pc-linux-gnu/nios2-elf/lib/mhw-mulx/libc.a(lib_a-sf_nan.o)
 .text.nanf     0x000000008008bcdc        0x8 /home/na62torino/altera/16.1/nios2eds/bin/gnu/H-x86_64-pc-linux-gnu/bin/../lib/gcc/nios2-elf/5.3.0/../../../../../H-x86_64-pc-linux-gnu/nios2-elf/lib/mhw-mulx/libc.a(lib_a-sf_nan.o)
                0x000000008008bcdc                nanf
 .text          0x000000008008bce4        0x0 /home/na62torino/altera/16.1/nios2eds/bin/gnu/H-x86_64-pc-linux-gnu/bin/../lib/gcc/nios2-elf/5.3.0/../../../../../H-x86_64-pc-linux-gnu/nios2-elf/lib/mhw-mulx/libc.a(lib_a-sprintf.o)
 .text._sprintf_r
                0x000000008008bce4       0x58 /home/na62torino/altera/16.1/nios2eds/bin/gnu/H-x86_64-pc-linux-gnu/bin/../lib/gcc/nios2-elf/5.3.0/../../../../../H-x86_64-pc-linux-gnu/nios2-elf/lib/mhw-mulx/libc.a(lib_a-sprintf.o)
                0x000000008008bce4                _sprintf_r
 .text.sprintf  0x000000008008bd3c       0x6c /home/na62torino/altera/16.1/nios2eds/bin/gnu/H-x86_64-pc-linux-gnu/bin/../lib/gcc/nios2-elf/5.3.0/../../../../../H-x86_64-pc-linux-gnu/nios2-elf/lib/mhw-mulx/libc.a(lib_a-sprintf.o)
                0x000000008008bd3c                sprintf
 .text          0x000000008008bda8        0x0 /home/na62torino/altera/16.1/nios2eds/bin/gnu/H-x86_64-pc-linux-gnu/bin/../lib/gcc/nios2-elf/5.3.0/../../../../../H-x86_64-pc-linux-gnu/nios2-elf/lib/mhw-mulx/libc.a(lib_a-strcmp.o)
 .text.strcmp   0x000000008008bda8       0xdc /home/na62torino/altera/16.1/nios2eds/bin/gnu/H-x86_64-pc-linux-gnu/bin/../lib/gcc/nios2-elf/5.3.0/../../../../../H-x86_64-pc-linux-gnu/nios2-elf/lib/mhw-mulx/libc.a(lib_a-strcmp.o)
                0x000000008008bda8                strcmp
 .text          0x000000008008be84        0x0 /home/na62torino/altera/16.1/nios2eds/bin/gnu/H-x86_64-pc-linux-gnu/bin/../lib/gcc/nios2-elf/5.3.0/../../../../../H-x86_64-pc-linux-gnu/nios2-elf/lib/mhw-mulx/libc.a(lib_a-strtod.o)
 .text.sulp     0x000000008008be84       0x64 /home/na62torino/altera/16.1/nios2eds/bin/gnu/H-x86_64-pc-linux-gnu/bin/../lib/gcc/nios2-elf/5.3.0/../../../../../H-x86_64-pc-linux-gnu/nios2-elf/lib/mhw-mulx/libc.a(lib_a-strtod.o)
 .text._strtod_r
                0x000000008008bee8     0x15f8 /home/na62torino/altera/16.1/nios2eds/bin/gnu/H-x86_64-pc-linux-gnu/bin/../lib/gcc/nios2-elf/5.3.0/../../../../../H-x86_64-pc-linux-gnu/nios2-elf/lib/mhw-mulx/libc.a(lib_a-strtod.o)
                0x000000008008bee8                _strtod_r
 .text.strtod   0x000000008008d4e0       0x18 /home/na62torino/altera/16.1/nios2eds/bin/gnu/H-x86_64-pc-linux-gnu/bin/../lib/gcc/nios2-elf/5.3.0/../../../../../H-x86_64-pc-linux-gnu/nios2-elf/lib/mhw-mulx/libc.a(lib_a-strtod.o)
                0x000000008008d4e0                strtod
 .text.strtof   0x000000008008d4f8      0x100 /home/na62torino/altera/16.1/nios2eds/bin/gnu/H-x86_64-pc-linux-gnu/bin/../lib/gcc/nios2-elf/5.3.0/../../../../../H-x86_64-pc-linux-gnu/nios2-elf/lib/mhw-mulx/libc.a(lib_a-strtod.o)
                0x000000008008d4f8                strtof
 .text          0x000000008008d5f8        0x0 /home/na62torino/altera/16.1/nios2eds/bin/gnu/H-x86_64-pc-linux-gnu/bin/../lib/gcc/nios2-elf/5.3.0/../../../../../H-x86_64-pc-linux-gnu/nios2-elf/lib/mhw-mulx/libc.a(lib_a-strtol.o)
 .text._strtol_r
                0x000000008008d5f8      0x238 /home/na62torino/altera/16.1/nios2eds/bin/gnu/H-x86_64-pc-linux-gnu/bin/../lib/gcc/nios2-elf/5.3.0/../../../../../H-x86_64-pc-linux-gnu/nios2-elf/lib/mhw-mulx/libc.a(lib_a-strtol.o)
                0x000000008008d5f8                _strtol_r
 .text.strtol   0x000000008008d830       0x1c /home/na62torino/altera/16.1/nios2eds/bin/gnu/H-x86_64-pc-linux-gnu/bin/../lib/gcc/nios2-elf/5.3.0/../../../../../H-x86_64-pc-linux-gnu/nios2-elf/lib/mhw-mulx/libc.a(lib_a-strtol.o)
                0x000000008008d830                strtol
 .text          0x000000008008d84c        0x0 /home/na62torino/altera/16.1/nios2eds/bin/gnu/H-x86_64-pc-linux-gnu/bin/../lib/gcc/nios2-elf/5.3.0/../../../../../H-x86_64-pc-linux-gnu/nios2-elf/lib/mhw-mulx/libc.a(lib_a-strtoll_r.o)
 .text._strtoll_r
                0x000000008008d84c      0x2e0 /home/na62torino/altera/16.1/nios2eds/bin/gnu/H-x86_64-pc-linux-gnu/bin/../lib/gcc/nios2-elf/5.3.0/../../../../../H-x86_64-pc-linux-gnu/nios2-elf/lib/mhw-mulx/libc.a(lib_a-strtoll_r.o)
                0x000000008008d84c                _strtoll_r
 .text          0x000000008008db2c        0x0 /home/na62torino/altera/16.1/nios2eds/bin/gnu/H-x86_64-pc-linux-gnu/bin/../lib/gcc/nios2-elf/5.3.0/../../../../../H-x86_64-pc-linux-gnu/nios2-elf/lib/mhw-mulx/libc.a(lib_a-strtoul.o)
 .text._strtoul_r
                0x000000008008db2c      0x24c /home/na62torino/altera/16.1/nios2eds/bin/gnu/H-x86_64-pc-linux-gnu/bin/../lib/gcc/nios2-elf/5.3.0/../../../../../H-x86_64-pc-linux-gnu/nios2-elf/lib/mhw-mulx/libc.a(lib_a-strtoul.o)
                0x000000008008db2c                _strtoul_r
 .text.strtoul  0x000000008008dd78       0x1c /home/na62torino/altera/16.1/nios2eds/bin/gnu/H-x86_64-pc-linux-gnu/bin/../lib/gcc/nios2-elf/5.3.0/../../../../../H-x86_64-pc-linux-gnu/nios2-elf/lib/mhw-mulx/libc.a(lib_a-strtoul.o)
                0x000000008008dd78                strtoul
 .text          0x000000008008dd94        0x0 /home/na62torino/altera/16.1/nios2eds/bin/gnu/H-x86_64-pc-linux-gnu/bin/../lib/gcc/nios2-elf/5.3.0/../../../../../H-x86_64-pc-linux-gnu/nios2-elf/lib/mhw-mulx/libc.a(lib_a-strtoull_r.o)
 .text._strtoull_r
                0x000000008008dd94      0x2d8 /home/na62torino/altera/16.1/nios2eds/bin/gnu/H-x86_64-pc-linux-gnu/bin/../lib/gcc/nios2-elf/5.3.0/../../../../../H-x86_64-pc-linux-gnu/nios2-elf/lib/mhw-mulx/libc.a(lib_a-strtoull_r.o)
                0x000000008008dd94                _strtoull_r
 .text          0x000000008008e06c        0x0 /home/na62torino/altera/16.1/nios2eds/bin/gnu/H-x86_64-pc-linux-gnu/bin/../lib/gcc/nios2-elf/5.3.0/../../../../../H-x86_64-pc-linux-gnu/nios2-elf/lib/mhw-mulx/libc.a(lib_a-svfiscanf.o)
 .text._sungetc_r
                0x000000008008e06c      0x108 /home/na62torino/altera/16.1/nios2eds/bin/gnu/H-x86_64-pc-linux-gnu/bin/../lib/gcc/nios2-elf/5.3.0/../../../../../H-x86_64-pc-linux-gnu/nios2-elf/lib/mhw-mulx/libc.a(lib_a-svfiscanf.o)
                0x000000008008e06c                _sungetc_r
 .text.__ssrefill_r
                0x000000008008e174       0x70 /home/na62torino/altera/16.1/nios2eds/bin/gnu/H-x86_64-pc-linux-gnu/bin/../lib/gcc/nios2-elf/5.3.0/../../../../../H-x86_64-pc-linux-gnu/nios2-elf/lib/mhw-mulx/libc.a(lib_a-svfiscanf.o)
                0x000000008008e174                __ssrefill_r
 .text._sfread_r
                0x000000008008e1e4       0xf4 /home/na62torino/altera/16.1/nios2eds/bin/gnu/H-x86_64-pc-linux-gnu/bin/../lib/gcc/nios2-elf/5.3.0/../../../../../H-x86_64-pc-linux-gnu/nios2-elf/lib/mhw-mulx/libc.a(lib_a-svfiscanf.o)
                0x000000008008e1e4                _sfread_r
 .text.__ssvfiscanf_r
                0x000000008008e2d8     0x10f4 /home/na62torino/altera/16.1/nios2eds/bin/gnu/H-x86_64-pc-linux-gnu/bin/../lib/gcc/nios2-elf/5.3.0/../../../../../H-x86_64-pc-linux-gnu/nios2-elf/lib/mhw-mulx/libc.a(lib_a-svfiscanf.o)
                0x000000008008e2d8                __ssvfiscanf_r
 .text          0x000000008008f3cc        0x0 /home/na62torino/altera/16.1/nios2eds/bin/gnu/H-x86_64-pc-linux-gnu/bin/../lib/gcc/nios2-elf/5.3.0/../../../../../H-x86_64-pc-linux-gnu/nios2-elf/lib/mhw-mulx/libc.a(lib_a-svfprintf.o)
 .text.___svfprintf_internal_r
                0x000000008008f3cc     0x21d8 /home/na62torino/altera/16.1/nios2eds/bin/gnu/H-x86_64-pc-linux-gnu/bin/../lib/gcc/nios2-elf/5.3.0/../../../../../H-x86_64-pc-linux-gnu/nios2-elf/lib/mhw-mulx/libc.a(lib_a-svfprintf.o)
                0x000000008008f3cc                ___svfprintf_internal_r
 .text          0x00000000800915a4        0x0 /home/na62torino/altera/16.1/nios2eds/bin/gnu/H-x86_64-pc-linux-gnu/bin/../lib/gcc/nios2-elf/5.3.0/../../../../../H-x86_64-pc-linux-gnu/nios2-elf/lib/mhw-mulx/libc.a(lib_a-ungetc.o)
 .text.__submore
                0x00000000800915a4       0xd4 /home/na62torino/altera/16.1/nios2eds/bin/gnu/H-x86_64-pc-linux-gnu/bin/../lib/gcc/nios2-elf/5.3.0/../../../../../H-x86_64-pc-linux-gnu/nios2-elf/lib/mhw-mulx/libc.a(lib_a-ungetc.o)
                0x00000000800915a4                __submore
 .text._ungetc_r
                0x0000000080091678      0x194 /home/na62torino/altera/16.1/nios2eds/bin/gnu/H-x86_64-pc-linux-gnu/bin/../lib/gcc/nios2-elf/5.3.0/../../../../../H-x86_64-pc-linux-gnu/nios2-elf/lib/mhw-mulx/libc.a(lib_a-ungetc.o)
                0x0000000080091678                _ungetc_r
 .text.ungetc   0x000000008009180c       0x18 /home/na62torino/altera/16.1/nios2eds/bin/gnu/H-x86_64-pc-linux-gnu/bin/../lib/gcc/nios2-elf/5.3.0/../../../../../H-x86_64-pc-linux-gnu/nios2-elf/lib/mhw-mulx/libc.a(lib_a-ungetc.o)
                0x000000008009180c                ungetc
 .text          0x0000000080091824        0x0 /home/na62torino/altera/16.1/nios2eds/bin/gnu/H-x86_64-pc-linux-gnu/bin/../lib/gcc/nios2-elf/5.3.0/../../../../../H-x86_64-pc-linux-gnu/nios2-elf/lib/mhw-mulx/libc.a(lib_a-vfiprintf.o)
 .text.__sprint_r.part.0
                0x0000000080091824       0xfc /home/na62torino/altera/16.1/nios2eds/bin/gnu/H-x86_64-pc-linux-gnu/bin/../lib/gcc/nios2-elf/5.3.0/../../../../../H-x86_64-pc-linux-gnu/nios2-elf/lib/mhw-mulx/libc.a(lib_a-vfiprintf.o)
 .text.__sprint_r
                0x0000000080091920       0x18 /home/na62torino/altera/16.1/nios2eds/bin/gnu/H-x86_64-pc-linux-gnu/bin/../lib/gcc/nios2-elf/5.3.0/../../../../../H-x86_64-pc-linux-gnu/nios2-elf/lib/mhw-mulx/libc.a(lib_a-vfiprintf.o)
                0x0000000080091920                __sprint_r
 .text.___vfiprintf_internal_r
                0x0000000080091938     0x145c /home/na62torino/altera/16.1/nios2eds/bin/gnu/H-x86_64-pc-linux-gnu/bin/../lib/gcc/nios2-elf/5.3.0/../../../../../H-x86_64-pc-linux-gnu/nios2-elf/lib/mhw-mulx/libc.a(lib_a-vfiprintf.o)
                0x0000000080091938                ___vfiprintf_internal_r
 .text.__vfiprintf_internal
                0x0000000080092d94       0x1c /home/na62torino/altera/16.1/nios2eds/bin/gnu/H-x86_64-pc-linux-gnu/bin/../lib/gcc/nios2-elf/5.3.0/../../../../../H-x86_64-pc-linux-gnu/nios2-elf/lib/mhw-mulx/libc.a(lib_a-vfiprintf.o)
                0x0000000080092d94                __vfiprintf_internal
 .text.__sbprintf
                0x0000000080092db0       0xbc /home/na62torino/altera/16.1/nios2eds/bin/gnu/H-x86_64-pc-linux-gnu/bin/../lib/gcc/nios2-elf/5.3.0/../../../../../H-x86_64-pc-linux-gnu/nios2-elf/lib/mhw-mulx/libc.a(lib_a-vfiprintf.o)
 .text          0x0000000080092e6c        0x0 /home/na62torino/altera/16.1/nios2eds/bin/gnu/H-x86_64-pc-linux-gnu/bin/../lib/gcc/nios2-elf/5.3.0/../../../../../H-x86_64-pc-linux-gnu/nios2-elf/lib/mhw-mulx/libc.a(lib_a-wbuf.o)
 .text.__swbuf_r
                0x0000000080092e6c      0x140 /home/na62torino/altera/16.1/nios2eds/bin/gnu/H-x86_64-pc-linux-gnu/bin/../lib/gcc/nios2-elf/5.3.0/../../../../../H-x86_64-pc-linux-gnu/nios2-elf/lib/mhw-mulx/libc.a(lib_a-wbuf.o)
                0x0000000080092e6c                __swbuf_r
 .text.__swbuf  0x0000000080092fac       0x18 /home/na62torino/altera/16.1/nios2eds/bin/gnu/H-x86_64-pc-linux-gnu/bin/../lib/gcc/nios2-elf/5.3.0/../../../../../H-x86_64-pc-linux-gnu/nios2-elf/lib/mhw-mulx/libc.a(lib_a-wbuf.o)
                0x0000000080092fac                __swbuf
 .text          0x0000000080092fc4        0x0 /home/na62torino/altera/16.1/nios2eds/bin/gnu/H-x86_64-pc-linux-gnu/bin/../lib/gcc/nios2-elf/5.3.0/../../../../../H-x86_64-pc-linux-gnu/nios2-elf/lib/mhw-mulx/libc.a(lib_a-callocr.o)
 .text._calloc_r
                0x0000000080092fc4       0xc4 /home/na62torino/altera/16.1/nios2eds/bin/gnu/H-x86_64-pc-linux-gnu/bin/../lib/gcc/nios2-elf/5.3.0/../../../../../H-x86_64-pc-linux-gnu/nios2-elf/lib/mhw-mulx/libc.a(lib_a-callocr.o)
                0x0000000080092fc4                _calloc_r
 .text          0x0000000080093088        0x0 /home/na62torino/altera/16.1/nios2eds/bin/gnu/H-x86_64-pc-linux-gnu/bin/../lib/gcc/nios2-elf/5.3.0/../../../../../H-x86_64-pc-linux-gnu/nios2-elf/lib/mhw-mulx/libc.a(lib_a-fclose.o)
 .text._fclose_r
                0x0000000080093088       0xf0 /home/na62torino/altera/16.1/nios2eds/bin/gnu/H-x86_64-pc-linux-gnu/bin/../lib/gcc/nios2-elf/5.3.0/../../../../../H-x86_64-pc-linux-gnu/nios2-elf/lib/mhw-mulx/libc.a(lib_a-fclose.o)
                0x0000000080093088                _fclose_r
 .text.fclose   0x0000000080093178       0x14 /home/na62torino/altera/16.1/nios2eds/bin/gnu/H-x86_64-pc-linux-gnu/bin/../lib/gcc/nios2-elf/5.3.0/../../../../../H-x86_64-pc-linux-gnu/nios2-elf/lib/mhw-mulx/libc.a(lib_a-fclose.o)
                0x0000000080093178                fclose
 .text          0x000000008009318c        0x0 /home/na62torino/altera/16.1/nios2eds/bin/gnu/H-x86_64-pc-linux-gnu/bin/../lib/gcc/nios2-elf/5.3.0/../../../../../H-x86_64-pc-linux-gnu/nios2-elf/lib/mhw-mulx/libc.a(lib_a-fputwc.o)
 .text.__fputwc
                0x000000008009318c      0x164 /home/na62torino/altera/16.1/nios2eds/bin/gnu/H-x86_64-pc-linux-gnu/bin/../lib/gcc/nios2-elf/5.3.0/../../../../../H-x86_64-pc-linux-gnu/nios2-elf/lib/mhw-mulx/libc.a(lib_a-fputwc.o)
                0x000000008009318c                __fputwc
 .text._fputwc_r
                0x00000000800932f0       0x24 /home/na62torino/altera/16.1/nios2eds/bin/gnu/H-x86_64-pc-linux-gnu/bin/../lib/gcc/nios2-elf/5.3.0/../../../../../H-x86_64-pc-linux-gnu/nios2-elf/lib/mhw-mulx/libc.a(lib_a-fputwc.o)
                0x00000000800932f0                _fputwc_r
 .text.fputwc   0x0000000080093314       0x80 /home/na62torino/altera/16.1/nios2eds/bin/gnu/H-x86_64-pc-linux-gnu/bin/../lib/gcc/nios2-elf/5.3.0/../../../../../H-x86_64-pc-linux-gnu/nios2-elf/lib/mhw-mulx/libc.a(lib_a-fputwc.o)
                0x0000000080093314                fputwc
 .text          0x0000000080093394        0x0 /home/na62torino/altera/16.1/nios2eds/bin/gnu/H-x86_64-pc-linux-gnu/bin/../lib/gcc/nios2-elf/5.3.0/../../../../../H-x86_64-pc-linux-gnu/nios2-elf/lib/mhw-mulx/libc.a(lib_a-fstatr.o)
 .text._fstat_r
                0x0000000080093394       0x5c /home/na62torino/altera/16.1/nios2eds/bin/gnu/H-x86_64-pc-linux-gnu/bin/../lib/gcc/nios2-elf/5.3.0/../../../../../H-x86_64-pc-linux-gnu/nios2-elf/lib/mhw-mulx/libc.a(lib_a-fstatr.o)
                0x0000000080093394                _fstat_r
 .text          0x00000000800933f0        0x0 /home/na62torino/altera/16.1/nios2eds/bin/gnu/H-x86_64-pc-linux-gnu/bin/../lib/gcc/nios2-elf/5.3.0/../../../../../H-x86_64-pc-linux-gnu/nios2-elf/lib/mhw-mulx/libc.a(lib_a-gdtoa-gethex.o)
 .text.rshift   0x00000000800933f0      0x100 /home/na62torino/altera/16.1/nios2eds/bin/gnu/H-x86_64-pc-linux-gnu/bin/../lib/gcc/nios2-elf/5.3.0/../../../../../H-x86_64-pc-linux-gnu/nios2-elf/lib/mhw-mulx/libc.a(lib_a-gdtoa-gethex.o)
 .text.__gethex
                0x00000000800934f0      0x830 /home/na62torino/altera/16.1/nios2eds/bin/gnu/H-x86_64-pc-linux-gnu/bin/../lib/gcc/nios2-elf/5.3.0/../../../../../H-x86_64-pc-linux-gnu/nios2-elf/lib/mhw-mulx/libc.a(lib_a-gdtoa-gethex.o)
                0x00000000800934f0                __gethex
 .text          0x0000000080093d20        0x0 /home/na62torino/altera/16.1/nios2eds/bin/gnu/H-x86_64-pc-linux-gnu/bin/../lib/gcc/nios2-elf/5.3.0/../../../../../H-x86_64-pc-linux-gnu/nios2-elf/lib/mhw-mulx/libc.a(lib_a-gdtoa-hexnan.o)
 .text.__hexnan
                0x0000000080093d20      0x25c /home/na62torino/altera/16.1/nios2eds/bin/gnu/H-x86_64-pc-linux-gnu/bin/../lib/gcc/nios2-elf/5.3.0/../../../../../H-x86_64-pc-linux-gnu/nios2-elf/lib/mhw-mulx/libc.a(lib_a-gdtoa-hexnan.o)
                0x0000000080093d20                __hexnan
 .text          0x0000000080093f7c        0x0 /home/na62torino/altera/16.1/nios2eds/bin/gnu/H-x86_64-pc-linux-gnu/bin/../lib/gcc/nios2-elf/5.3.0/../../../../../H-x86_64-pc-linux-gnu/nios2-elf/lib/mhw-mulx/libc.a(lib_a-isattyr.o)
 .text._isatty_r
                0x0000000080093f7c       0x54 /home/na62torino/altera/16.1/nios2eds/bin/gnu/H-x86_64-pc-linux-gnu/bin/../lib/gcc/nios2-elf/5.3.0/../../../../../H-x86_64-pc-linux-gnu/nios2-elf/lib/mhw-mulx/libc.a(lib_a-isattyr.o)
                0x0000000080093f7c                _isatty_r
 .text          0x0000000080093fd0        0x0 /home/na62torino/altera/16.1/nios2eds/bin/gnu/H-x86_64-pc-linux-gnu/bin/../lib/gcc/nios2-elf/5.3.0/../../../../../H-x86_64-pc-linux-gnu/nios2-elf/lib/mhw-mulx/libc.a(lib_a-strncmp.o)
 .text.strncmp  0x0000000080093fd0       0xd0 /home/na62torino/altera/16.1/nios2eds/bin/gnu/H-x86_64-pc-linux-gnu/bin/../lib/gcc/nios2-elf/5.3.0/../../../../../H-x86_64-pc-linux-gnu/nios2-elf/lib/mhw-mulx/libc.a(lib_a-strncmp.o)
                0x0000000080093fd0                strncmp
 .text          0x00000000800940a0        0x0 /home/na62torino/altera/16.1/nios2eds/bin/gnu/H-x86_64-pc-linux-gnu/bin/../lib/gcc/nios2-elf/5.3.0/../../../../../H-x86_64-pc-linux-gnu/nios2-elf/lib/mhw-mulx/libc.a(lib_a-svfiprintf.o)
 .text.__ssprint_r
                0x00000000800940a0      0x1d0 /home/na62torino/altera/16.1/nios2eds/bin/gnu/H-x86_64-pc-linux-gnu/bin/../lib/gcc/nios2-elf/5.3.0/../../../../../H-x86_64-pc-linux-gnu/nios2-elf/lib/mhw-mulx/libc.a(lib_a-svfiprintf.o)
                0x00000000800940a0                __ssprint_r
 .text.___svfiprintf_internal_r
                0x0000000080094270     0x123c /home/na62torino/altera/16.1/nios2eds/bin/gnu/H-x86_64-pc-linux-gnu/bin/../lib/gcc/nios2-elf/5.3.0/../../../../../H-x86_64-pc-linux-gnu/nios2-elf/lib/mhw-mulx/libc.a(lib_a-svfiprintf.o)
                0x0000000080094270                ___svfiprintf_internal_r
 .text          0x00000000800954ac        0x0 /home/na62torino/altera/16.1/nios2eds/bin/gnu/H-x86_64-pc-linux-gnu/bin/../lib/gcc/nios2-elf/5.3.0/../../../../../H-x86_64-pc-linux-gnu/nios2-elf/lib/mhw-mulx/libc.a(lib_a-wcrtomb.o)
 .text._wcrtomb_r
                0x00000000800954ac       0x9c /home/na62torino/altera/16.1/nios2eds/bin/gnu/H-x86_64-pc-linux-gnu/bin/../lib/gcc/nios2-elf/5.3.0/../../../../../H-x86_64-pc-linux-gnu/nios2-elf/lib/mhw-mulx/libc.a(lib_a-wcrtomb.o)
                0x00000000800954ac                _wcrtomb_r
 .text.wcrtomb  0x0000000080095548       0xc0 /home/na62torino/altera/16.1/nios2eds/bin/gnu/H-x86_64-pc-linux-gnu/bin/../lib/gcc/nios2-elf/5.3.0/../../../../../H-x86_64-pc-linux-gnu/nios2-elf/lib/mhw-mulx/libc.a(lib_a-wcrtomb.o)
                0x0000000080095548                wcrtomb
 .text          0x0000000080095608        0x0 /home/na62torino/altera/16.1/nios2eds/bin/gnu/H-x86_64-pc-linux-gnu/bin/../lib/gcc/nios2-elf/5.3.0/../../../../../H-x86_64-pc-linux-gnu/nios2-elf/lib/mhw-mulx/libc.a(lib_a-wctomb_r.o)
 .text.__ascii_wctomb
                0x0000000080095608       0x30 /home/na62torino/altera/16.1/nios2eds/bin/gnu/H-x86_64-pc-linux-gnu/bin/../lib/gcc/nios2-elf/5.3.0/../../../../../H-x86_64-pc-linux-gnu/nios2-elf/lib/mhw-mulx/libc.a(lib_a-wctomb_r.o)
                0x0000000080095608                __ascii_wctomb
 .text._wctomb_r
                0x0000000080095638       0x5c /home/na62torino/altera/16.1/nios2eds/bin/gnu/H-x86_64-pc-linux-gnu/bin/../lib/gcc/nios2-elf/5.3.0/../../../../../H-x86_64-pc-linux-gnu/nios2-elf/lib/mhw-mulx/libc.a(lib_a-wctomb_r.o)
                0x0000000080095638                _wctomb_r
 .text          0x0000000080095694       0x74 /home/na62torino/altera/16.1/nios2eds/bin/gnu/H-x86_64-pc-linux-gnu/bin/../lib/gcc/nios2-elf/5.3.0/mhw-mulx/libgcc.a(_fixunsdfsi.o)
                0x0000000080095694                __fixunsdfsi
 .text          0x0000000080095708      0x578 /home/na62torino/altera/16.1/nios2eds/bin/gnu/H-x86_64-pc-linux-gnu/bin/../lib/gcc/nios2-elf/5.3.0/mhw-mulx/libgcc.a(_udivdi3.o)
                0x0000000080095708                __udivdi3
 .text          0x0000000080095c80      0x538 /home/na62torino/altera/16.1/nios2eds/bin/gnu/H-x86_64-pc-linux-gnu/bin/../lib/gcc/nios2-elf/5.3.0/mhw-mulx/libgcc.a(_umoddi3.o)
                0x0000000080095c80                __umoddi3
 .text          0x00000000800961b8       0x78 /home/na62torino/altera/16.1/nios2eds/bin/gnu/H-x86_64-pc-linux-gnu/bin/../lib/gcc/nios2-elf/5.3.0/mhw-mulx/libgcc.a(eqsf2.o)
                0x00000000800961b8                __nesf2
                0x00000000800961b8                __eqsf2
 .text          0x0000000080096230       0xbc /home/na62torino/altera/16.1/nios2eds/bin/gnu/H-x86_64-pc-linux-gnu/bin/../lib/gcc/nios2-elf/5.3.0/mhw-mulx/libgcc.a(gesf2.o)
                0x0000000080096230                __gtsf2
                0x0000000080096230                __gesf2
 .text          0x00000000800962ec       0xc8 /home/na62torino/altera/16.1/nios2eds/bin/gnu/H-x86_64-pc-linux-gnu/bin/../lib/gcc/nios2-elf/5.3.0/mhw-mulx/libgcc.a(lesf2.o)
                0x00000000800962ec                __lesf2
                0x00000000800962ec                __ltsf2
 .text          0x00000000800963b4      0x8ac /home/na62torino/altera/16.1/nios2eds/bin/gnu/H-x86_64-pc-linux-gnu/bin/../lib/gcc/nios2-elf/5.3.0/mhw-mulx/libgcc.a(adddf3.o)
                0x00000000800963b4                __adddf3
 .text          0x0000000080096c60      0x8e8 /home/na62torino/altera/16.1/nios2eds/bin/gnu/H-x86_64-pc-linux-gnu/bin/../lib/gcc/nios2-elf/5.3.0/mhw-mulx/libgcc.a(divdf3.o)
                0x0000000080096c60                __divdf3
 .text          0x0000000080097548       0x88 /home/na62torino/altera/16.1/nios2eds/bin/gnu/H-x86_64-pc-linux-gnu/bin/../lib/gcc/nios2-elf/5.3.0/mhw-mulx/libgcc.a(eqdf2.o)
                0x0000000080097548                __eqdf2
                0x0000000080097548                __nedf2
 .text          0x00000000800975d0       0xdc /home/na62torino/altera/16.1/nios2eds/bin/gnu/H-x86_64-pc-linux-gnu/bin/../lib/gcc/nios2-elf/5.3.0/mhw-mulx/libgcc.a(gedf2.o)
                0x00000000800975d0                __gtdf2
                0x00000000800975d0                __gedf2
 .text          0x00000000800976ac       0xf4 /home/na62torino/altera/16.1/nios2eds/bin/gnu/H-x86_64-pc-linux-gnu/bin/../lib/gcc/nios2-elf/5.3.0/mhw-mulx/libgcc.a(ledf2.o)
                0x00000000800976ac                __ltdf2
                0x00000000800976ac                __ledf2
 .text          0x00000000800977a0      0x718 /home/na62torino/altera/16.1/nios2eds/bin/gnu/H-x86_64-pc-linux-gnu/bin/../lib/gcc/nios2-elf/5.3.0/mhw-mulx/libgcc.a(muldf3.o)
                0x00000000800977a0                __muldf3
 .text          0x0000000080097eb8      0x8fc /home/na62torino/altera/16.1/nios2eds/bin/gnu/H-x86_64-pc-linux-gnu/bin/../lib/gcc/nios2-elf/5.3.0/mhw-mulx/libgcc.a(subdf3.o)
                0x0000000080097eb8                __subdf3
 .text          0x00000000800987b4       0x80 /home/na62torino/altera/16.1/nios2eds/bin/gnu/H-x86_64-pc-linux-gnu/bin/../lib/gcc/nios2-elf/5.3.0/mhw-mulx/libgcc.a(fixdfsi.o)
                0x00000000800987b4                __fixdfsi
 .text          0x0000000080098834       0xdc /home/na62torino/altera/16.1/nios2eds/bin/gnu/H-x86_64-pc-linux-gnu/bin/../lib/gcc/nios2-elf/5.3.0/mhw-mulx/libgcc.a(floatsidf.o)
                0x0000000080098834                __floatsidf
 .text          0x0000000080098910       0xa8 /home/na62torino/altera/16.1/nios2eds/bin/gnu/H-x86_64-pc-linux-gnu/bin/../lib/gcc/nios2-elf/5.3.0/mhw-mulx/libgcc.a(floatunsidf.o)
                0x0000000080098910                __floatunsidf
 .text          0x00000000800989b8      0x1a8 /home/na62torino/altera/16.1/nios2eds/bin/gnu/H-x86_64-pc-linux-gnu/bin/../lib/gcc/nios2-elf/5.3.0/mhw-mulx/libgcc.a(truncdfsf2.o)
                0x00000000800989b8                __truncdfsf2
 .text          0x0000000080098b60        0x0 /home/na62torino/altera/16.1/nios2eds/bin/gnu/H-x86_64-pc-linux-gnu/bin/../lib/gcc/nios2-elf/5.3.0/mhw-mulx/libgcc.a(_clz.o)
 .text          0x0000000080098b60       0x64 /home/na62torino/altera/16.1/nios2eds/bin/gnu/H-x86_64-pc-linux-gnu/bin/../lib/gcc/nios2-elf/5.3.0/mhw-mulx/libgcc.a(_clzsi2.o)
                0x0000000080098b60                __clzsi2
 .text          0x0000000080098bc4      0x10c ../testbench_ls_bsp//libhal_bsp.a(alt_close.o)
                0x0000000080098c00                close
 .text          0x0000000080098cd0       0x2c ../testbench_ls_bsp//libhal_bsp.a(alt_dev.o)
 .text          0x0000000080098cfc        0x0 ../testbench_ls_bsp//libhal_bsp.a(alt_errno.o)
 .text          0x0000000080098cfc       0xbc ../testbench_ls_bsp//libhal_bsp.a(alt_flash_dev.o)
                0x0000000080098cfc                alt_flash_open_dev
                0x0000000080098d64                alt_flash_close_dev
 .text          0x0000000080098db8       0xec ../testbench_ls_bsp//libhal_bsp.a(alt_fstat.o)
                0x0000000080098df4                fstat
 .text          0x0000000080098ea4       0xe0 ../testbench_ls_bsp//libhal_bsp.a(alt_isatty.o)
                0x0000000080098ee0                isatty
 .text          0x0000000080098f84       0xec ../testbench_ls_bsp//libhal_bsp.a(alt_load.o)
                0x0000000080098fec                alt_load
 .text          0x0000000080099070      0x110 ../testbench_ls_bsp//libhal_bsp.a(alt_lseek.o)
                0x00000000800990ac                lseek
 .text          0x0000000080099180       0x7c ../testbench_ls_bsp//libhal_bsp.a(alt_main.o)
                0x0000000080099180                alt_main
 .text          0x00000000800991fc       0x48 ../testbench_ls_bsp//libhal_bsp.a(alt_malloc_lock.o)
                0x00000000800991fc                __malloc_lock
                0x0000000080099220                __malloc_unlock
 .text          0x0000000080099244      0x138 ../testbench_ls_bsp//libhal_bsp.a(alt_read.o)
                0x0000000080099280                read
 .text          0x000000008009937c       0x64 ../testbench_ls_bsp//libhal_bsp.a(alt_release_fd.o)
                0x000000008009937c                alt_release_fd
 .text          0x00000000800993e0       0xb0 ../testbench_ls_bsp//libhal_bsp.a(alt_sbrk.o)
                0x00000000800993e0                sbrk
 .text          0x0000000080099490      0x134 ../testbench_ls_bsp//libhal_bsp.a(alt_write.o)
                0x00000000800994cc                write
 .text          0x00000000800995c4      0x150 ../testbench_ls_bsp//libhal_bsp.a(alt_sys_init.o)
                0x00000000800995f8                alt_irq_init
                0x0000000080099630                alt_sys_init
 .text          0x0000000080099714      0x164 ../testbench_ls_bsp//libhal_bsp.a(altera_avalon_jtag_uart_fd.o)
                0x0000000080099714                altera_avalon_jtag_uart_read_fd
                0x0000000080099774                altera_avalon_jtag_uart_write_fd
                0x00000000800997d4                altera_avalon_jtag_uart_close_fd
                0x0000000080099824                altera_avalon_jtag_uart_ioctl_fd
 .text          0x0000000080099878      0x3d4 ../testbench_ls_bsp//libhal_bsp.a(altera_avalon_jtag_uart_init.o)
                0x0000000080099878                altera_avalon_jtag_uart_init
                0x0000000080099be4                altera_avalon_jtag_uart_close
 .text          0x0000000080099c4c       0xf0 ../testbench_ls_bsp//libhal_bsp.a(altera_avalon_jtag_uart_ioctl.o)
                0x0000000080099c4c                altera_avalon_jtag_uart_ioctl
 .text          0x0000000080099d3c      0x21c ../testbench_ls_bsp//libhal_bsp.a(altera_avalon_jtag_uart_read.o)
                0x0000000080099d3c                altera_avalon_jtag_uart_read
 .text          0x0000000080099f58      0x224 ../testbench_ls_bsp//libhal_bsp.a(altera_avalon_jtag_uart_write.o)
                0x0000000080099f58                altera_avalon_jtag_uart_write
 .text          0x000000008009a17c       0xf4 ../testbench_ls_bsp//libhal_bsp.a(altera_avalon_timer_sc.o)
                0x000000008009a1f4                alt_avalon_timer_sc_init
 .text          0x000000008009a270     0x1e7c ../testbench_ls_bsp//libhal_bsp.a(altera_msgdma.o)
                0x000000008009ae18                alt_msgdma_construct_standard_st_to_mm_descriptor
                0x000000008009ae70                alt_msgdma_construct_standard_mm_to_st_descriptor
                0x000000008009aec8                alt_msgdma_construct_standard_mm_to_mm_descriptor
                0x000000008009af20                alt_msgdma_construct_extended_st_to_mm_descriptor
                0x000000008009afb0                alt_msgdma_construct_extended_mm_to_st_descriptor
                0x000000008009b040                alt_msgdma_construct_extended_mm_to_mm_descriptor
                0x000000008009b320                alt_msgdma_construct_prefetcher_standard_mm_to_mm_descriptor
                0x000000008009b378                alt_msgdma_construct_prefetcher_standard_st_to_mm_descriptor
                0x000000008009b3d0                alt_msgdma_construct_prefetcher_standard_mm_to_st_descriptor
                0x000000008009b428                alt_msgdma_construct_prefetcher_extended_st_to_mm_descriptor
                0x000000008009b4c8                alt_msgdma_construct_prefetcher_extended_mm_to_st_descriptor
                0x000000008009b560                alt_msgdma_construct_prefetcher_extended_mm_to_mm_descriptor
                0x000000008009b618                alt_msgdma_prefetcher_add_standard_desc_to_list
                0x000000008009b708                alt_msgdma_prefetcher_add_extended_desc_to_list
                0x000000008009b8a0                alt_msgdma_prefetcher_set_std_list_own_by_hw_bits
                0x000000008009b938                alt_msgdma_prefetcher_set_extd_list_own_by_hw_bits
                0x000000008009ba0c                alt_msgdma_start_prefetcher_with_list_addr
                0x000000008009bccc                alt_msgdma_start_prefetcher_with_std_desc_list
                0x000000008009bd58                alt_msgdma_start_prefetcher_with_extd_desc_list
                0x000000008009bde4                alt_msgdma_open
                0x000000008009be3c                alt_msgdma_init
                0x000000008009bfa8                alt_msgdma_register_callback
                0x000000008009bffc                alt_msgdma_standard_descriptor_async_transfer
                0x000000008009c038                alt_msgdma_extended_descriptor_async_transfer
                0x000000008009c074                alt_msgdma_standard_descriptor_sync_transfer
                0x000000008009c0b0                alt_msgdma_extended_descriptor_sync_transfer
 .text          0x000000008009c0ec      0x12c ../testbench_ls_bsp//libhal_bsp.a(alt_alarm_start.o)
                0x000000008009c0ec                alt_alarm_start
 .text          0x000000008009c218      0x158 ../testbench_ls_bsp//libhal_bsp.a(alt_busy_sleep.o)
                0x000000008009c218                alt_busy_sleep
 .text          0x000000008009c370       0x48 ../testbench_ls_bsp//libhal_bsp.a(alt_dcache_flush_all.o)
                0x000000008009c370                alt_dcache_flush_all
 .text          0x000000008009c3b8       0xe0 ../testbench_ls_bsp//libhal_bsp.a(alt_dev_llist_insert.o)
                0x000000008009c3f4                alt_dev_llist_insert
 .text          0x000000008009c498       0x60 ../testbench_ls_bsp//libhal_bsp.a(alt_do_ctors.o)
                0x000000008009c498                _do_ctors
 .text          0x000000008009c4f8       0x60 ../testbench_ls_bsp//libhal_bsp.a(alt_do_dtors.o)
                0x000000008009c4f8                _do_dtors
 .text          0x000000008009c558       0x90 ../testbench_ls_bsp//libhal_bsp.a(alt_find_dev.o)
                0x000000008009c558                alt_find_dev
 .text          0x000000008009c5e8       0x34 ../testbench_ls_bsp//libhal_bsp.a(alt_icache_flush_all.o)
                0x000000008009c5e8                alt_icache_flush_all
 .text          0x000000008009c61c      0x1b0 ../testbench_ls_bsp//libhal_bsp.a(alt_iic.o)
                0x000000008009c61c                alt_ic_isr_register
                0x000000008009c66c                alt_ic_irq_enable
                0x000000008009c6f4                alt_ic_irq_disable
                0x000000008009c780                alt_ic_irq_enabled
 .text          0x000000008009c7cc       0xf0 ../testbench_ls_bsp//libhal_bsp.a(alt_iic_isr_register.o)
                0x000000008009c7cc                alt_iic_isr_register
 .text          0x000000008009c8bc      0x140 ../testbench_ls_bsp//libhal_bsp.a(alt_io_redirect.o)
                0x000000008009c980                alt_io_redirect
 .text          0x000000008009c9fc        0x0 ../testbench_ls_bsp//libhal_bsp.a(alt_irq_entry.o)
 .text          0x000000008009c9fc        0x0 ../testbench_ls_bsp//libhal_bsp.a(alt_irq_handler.o)
 .text          0x000000008009c9fc        0x0 ../testbench_ls_bsp//libhal_bsp.a(alt_irq_vars.o)
 .text          0x000000008009c9fc      0x254 ../testbench_ls_bsp//libhal_bsp.a(alt_open.o)
                0x000000008009cafc                open
 .text          0x000000008009cc50      0x22c ../testbench_ls_bsp//libhal_bsp.a(alt_printf.o)
                0x000000008009cc50                alt_printf
 .text          0x000000008009ce7c       0x3c ../testbench_ls_bsp//libhal_bsp.a(alt_putchar.o)
                0x000000008009ce7c                alt_putchar
 .text          0x000000008009ceb8      0x1a4 ../testbench_ls_bsp//libhal_bsp.a(alt_tick.o)
                0x000000008009ceb8                alt_alarm_stop
                0x000000008009cf54                alt_tick
 .text          0x000000008009d05c       0x24 ../testbench_ls_bsp//libhal_bsp.a(altera_nios2_gen2_irq.o)
                0x000000008009d05c                altera_nios2_gen2_irq_init
 .text          0x000000008009d080        0x0 ../testbench_ls_bsp//libhal_bsp.a(alt_exception_entry.o)
 .text          0x000000008009d080      0x108 ../testbench_ls_bsp//libhal_bsp.a(alt_find_file.o)
                0x000000008009d080                alt_find_file
 .text          0x000000008009d188       0xa4 ../testbench_ls_bsp//libhal_bsp.a(alt_get_fd.o)
                0x000000008009d188                alt_get_fd
 .text          0x000000008009d22c       0x90 ../testbench_ls_bsp//libhal_bsp.a(alt_icache_flush.o)
                0x000000008009d22c                alt_icache_flush
 .text          0x000000008009d2bc       0x9c ../testbench_ls_bsp//libhal_bsp.a(alt_instruction_exception_entry.o)
                0x000000008009d2bc                alt_exception_cause_generated_bad_addr
 .text          0x000000008009d358        0x0 /home/na62torino/altera/16.1/nios2eds/bin/gnu/H-x86_64-pc-linux-gnu/bin/../lib/gcc/nios2-elf/5.3.0/../../../../../H-x86_64-pc-linux-gnu/nios2-elf/lib/mhw-mulx/libc.a(lib_a-atexit.o)
 .text.atexit   0x000000008009d358       0x14 /home/na62torino/altera/16.1/nios2eds/bin/gnu/H-x86_64-pc-linux-gnu/bin/../lib/gcc/nios2-elf/5.3.0/../../../../../H-x86_64-pc-linux-gnu/nios2-elf/lib/mhw-mulx/libc.a(lib_a-atexit.o)
                0x000000008009d358                atexit
 .text          0x000000008009d36c        0x0 /home/na62torino/altera/16.1/nios2eds/bin/gnu/H-x86_64-pc-linux-gnu/bin/../lib/gcc/nios2-elf/5.3.0/../../../../../H-x86_64-pc-linux-gnu/nios2-elf/lib/mhw-mulx/libc.a(lib_a-exit.o)
 .text.exit     0x000000008009d36c       0x38 /home/na62torino/altera/16.1/nios2eds/bin/gnu/H-x86_64-pc-linux-gnu/bin/../lib/gcc/nios2-elf/5.3.0/../../../../../H-x86_64-pc-linux-gnu/nios2-elf/lib/mhw-mulx/libc.a(lib_a-exit.o)
                0x000000008009d36c                exit
 .text          0x000000008009d3a4        0x0 /home/na62torino/altera/16.1/nios2eds/bin/gnu/H-x86_64-pc-linux-gnu/bin/../lib/gcc/nios2-elf/5.3.0/../../../../../H-x86_64-pc-linux-gnu/nios2-elf/lib/mhw-mulx/libc.a(lib_a-__atexit.o)
 .text.__register_exitproc
                0x000000008009d3a4      0x118 /home/na62torino/altera/16.1/nios2eds/bin/gnu/H-x86_64-pc-linux-gnu/bin/../lib/gcc/nios2-elf/5.3.0/../../../../../H-x86_64-pc-linux-gnu/nios2-elf/lib/mhw-mulx/libc.a(lib_a-__atexit.o)
                0x000000008009d3a4                __register_exitproc
 .text          0x000000008009d4bc        0x0 /home/na62torino/altera/16.1/nios2eds/bin/gnu/H-x86_64-pc-linux-gnu/bin/../lib/gcc/nios2-elf/5.3.0/../../../../../H-x86_64-pc-linux-gnu/nios2-elf/lib/mhw-mulx/libc.a(lib_a-__call_atexit.o)
 .text.__call_exitprocs
                0x000000008009d4bc      0x180 /home/na62torino/altera/16.1/nios2eds/bin/gnu/H-x86_64-pc-linux-gnu/bin/../lib/gcc/nios2-elf/5.3.0/../../../../../H-x86_64-pc-linux-gnu/nios2-elf/lib/mhw-mulx/libc.a(lib_a-__call_atexit.o)
                0x000000008009d4bc                __call_exitprocs
 .text          0x000000008009d63c       0x34 ../testbench_ls_bsp//libhal_bsp.a(alt_exit.o)
                0x000000008009d63c                _exit
 *(.gnu.warning.*)
 *(.fini)
                [!provide]                        PROVIDE (__etext, ABSOLUTE (.))
                [!provide]                        PROVIDE (_etext, ABSOLUTE (.))
                [!provide]                        PROVIDE (etext, ABSOLUTE (.))
 *(.eh_frame_hdr)
                0x000000008009d670                . = ALIGN (0x4)
                [!provide]                        PROVIDE (__preinit_array_start, ABSOLUTE (.))
 *(.preinit_array)
                [!provide]                        PROVIDE (__preinit_array_end, ABSOLUTE (.))
                [!provide]                        PROVIDE (__init_array_start, ABSOLUTE (.))
 *(.init_array)
                [!provide]                        PROVIDE (__init_array_end, ABSOLUTE (.))
                [!provide]                        PROVIDE (__fini_array_start, ABSOLUTE (.))
 *(.fini_array)
                [!provide]                        PROVIDE (__fini_array_end, ABSOLUTE (.))
 *(.eh_frame)
 *(.gcc_except_table .gcc_except_table.*)
 *(.dynamic)
                0x000000008009d670                PROVIDE (__CTOR_LIST__, ABSOLUTE (.))
 *(.ctors)
 *(SORT(.ctors.*))
                0x000000008009d670                PROVIDE (__CTOR_END__, ABSOLUTE (.))
                0x000000008009d670                PROVIDE (__DTOR_LIST__, ABSOLUTE (.))
 *(.dtors)
 *(SORT(.dtors.*))
                0x000000008009d670                PROVIDE (__DTOR_END__, ABSOLUTE (.))
 *(.jcr)
                0x000000008009d670                . = ALIGN (0x4)

.rodata         0x000000008009d670     0x14bc
                0x000000008009d670                PROVIDE (__ram_rodata_start, ABSOLUTE (.))
                0x000000008009d670                . = ALIGN (0x4)
 *(.rodata .rodata.* .gnu.linkonce.r.*)
 .rodata        0x000000008009d670      0xadb obj/default/memtest.o
 *fill*         0x000000008009e14b        0x1 
 .rodata.str1.4
                0x000000008009e14c        0x2 /home/na62torino/altera/16.1/nios2eds/bin/gnu/H-x86_64-pc-linux-gnu/bin/../lib/gcc/nios2-elf/5.3.0/../../../../../H-x86_64-pc-linux-gnu/nios2-elf/lib/mhw-mulx/libc.a(lib_a-impure.o)
 *fill*         0x000000008009e14e        0x2 
 .rodata.str1.4
                0x000000008009e150        0x2 /home/na62torino/altera/16.1/nios2eds/bin/gnu/H-x86_64-pc-linux-gnu/bin/../lib/gcc/nios2-elf/5.3.0/../../../../../H-x86_64-pc-linux-gnu/nios2-elf/lib/mhw-mulx/libc.a(lib_a-puts.o)
 *fill*         0x000000008009e152        0x2 
 .rodata.str1.4
                0x000000008009e154        0x5 /home/na62torino/altera/16.1/nios2eds/bin/gnu/H-x86_64-pc-linux-gnu/bin/../lib/gcc/nios2-elf/5.3.0/../../../../../H-x86_64-pc-linux-gnu/nios2-elf/lib/mhw-mulx/libc.a(lib_a-svfscanf.o)
 *fill*         0x000000008009e159        0x1 
 .rodata.basefix.4340
                0x000000008009e15a       0x22 /home/na62torino/altera/16.1/nios2eds/bin/gnu/H-x86_64-pc-linux-gnu/bin/../lib/gcc/nios2-elf/5.3.0/../../../../../H-x86_64-pc-linux-gnu/nios2-elf/lib/mhw-mulx/libc.a(lib_a-svfscanf.o)
 .rodata.str1.4
                0x000000008009e17c       0x42 /home/na62torino/altera/16.1/nios2eds/bin/gnu/H-x86_64-pc-linux-gnu/bin/../lib/gcc/nios2-elf/5.3.0/../../../../../H-x86_64-pc-linux-gnu/nios2-elf/lib/mhw-mulx/libc.a(lib_a-vfprintf.o)
 .rodata.zeroes.4404
                0x000000008009e1be       0x10 /home/na62torino/altera/16.1/nios2eds/bin/gnu/H-x86_64-pc-linux-gnu/bin/../lib/gcc/nios2-elf/5.3.0/../../../../../H-x86_64-pc-linux-gnu/nios2-elf/lib/mhw-mulx/libc.a(lib_a-vfprintf.o)
 .rodata.blanks.4403
                0x000000008009e1ce       0x10 /home/na62torino/altera/16.1/nios2eds/bin/gnu/H-x86_64-pc-linux-gnu/bin/../lib/gcc/nios2-elf/5.3.0/../../../../../H-x86_64-pc-linux-gnu/nios2-elf/lib/mhw-mulx/libc.a(lib_a-vfprintf.o)
 .rodata._ctype_
                0x000000008009e1de      0x101 /home/na62torino/altera/16.1/nios2eds/bin/gnu/H-x86_64-pc-linux-gnu/bin/../lib/gcc/nios2-elf/5.3.0/../../../../../H-x86_64-pc-linux-gnu/nios2-elf/lib/mhw-mulx/libc.a(lib_a-ctype_.o)
                0x000000008009e1de                _ctype_
 .rodata._ctype_b
                0x000000008009e2df      0x180 /home/na62torino/altera/16.1/nios2eds/bin/gnu/H-x86_64-pc-linux-gnu/bin/../lib/gcc/nios2-elf/5.3.0/../../../../../H-x86_64-pc-linux-gnu/nios2-elf/lib/mhw-mulx/libc.a(lib_a-ctype_.o)
 *fill*         0x000000008009e45f        0x1 
 .rodata.str1.4
                0x000000008009e460       0x10 /home/na62torino/altera/16.1/nios2eds/bin/gnu/H-x86_64-pc-linux-gnu/bin/../lib/gcc/nios2-elf/5.3.0/../../../../../H-x86_64-pc-linux-gnu/nios2-elf/lib/mhw-mulx/libc.a(lib_a-dtoa.o)
                                         0x12 (size before relaxing)
 .rodata.str1.4
                0x000000008009e470        0xa /home/na62torino/altera/16.1/nios2eds/bin/gnu/H-x86_64-pc-linux-gnu/bin/../lib/gcc/nios2-elf/5.3.0/../../../../../H-x86_64-pc-linux-gnu/nios2-elf/lib/mhw-mulx/libc.a(lib_a-locale.o)
                                         0x12 (size before relaxing)
 .rodata.str1.4
                0x000000008009e47a        0x1 /home/na62torino/altera/16.1/nios2eds/bin/gnu/H-x86_64-pc-linux-gnu/bin/../lib/gcc/nios2-elf/5.3.0/../../../../../H-x86_64-pc-linux-gnu/nios2-elf/lib/mhw-mulx/libc.a(lib_a-mbrtowc.o)
 *fill*         0x000000008009e47a        0x2 
 .rodata.p05.2768
                0x000000008009e47c        0xc /home/na62torino/altera/16.1/nios2eds/bin/gnu/H-x86_64-pc-linux-gnu/bin/../lib/gcc/nios2-elf/5.3.0/../../../../../H-x86_64-pc-linux-gnu/nios2-elf/lib/mhw-mulx/libc.a(lib_a-mprec.o)
 .rodata.__mprec_tinytens
                0x000000008009e488       0x28 /home/na62torino/altera/16.1/nios2eds/bin/gnu/H-x86_64-pc-linux-gnu/bin/../lib/gcc/nios2-elf/5.3.0/../../../../../H-x86_64-pc-linux-gnu/nios2-elf/lib/mhw-mulx/libc.a(lib_a-mprec.o)
                0x000000008009e488                __mprec_tinytens
 .rodata.__mprec_bigtens
                0x000000008009e4b0       0x28 /home/na62torino/altera/16.1/nios2eds/bin/gnu/H-x86_64-pc-linux-gnu/bin/../lib/gcc/nios2-elf/5.3.0/../../../../../H-x86_64-pc-linux-gnu/nios2-elf/lib/mhw-mulx/libc.a(lib_a-mprec.o)
                0x000000008009e4b0                __mprec_bigtens
 .rodata.__mprec_tens
                0x000000008009e4d8       0xc8 /home/na62torino/altera/16.1/nios2eds/bin/gnu/H-x86_64-pc-linux-gnu/bin/../lib/gcc/nios2-elf/5.3.0/../../../../../H-x86_64-pc-linux-gnu/nios2-elf/lib/mhw-mulx/libc.a(lib_a-mprec.o)
                0x000000008009e4d8                __mprec_tens
 .rodata.str1.4
                0x000000008009e5a0       0x10 /home/na62torino/altera/16.1/nios2eds/bin/gnu/H-x86_64-pc-linux-gnu/bin/../lib/gcc/nios2-elf/5.3.0/../../../../../H-x86_64-pc-linux-gnu/nios2-elf/lib/mhw-mulx/libc.a(lib_a-strtod.o)
                                          0xf (size before relaxing)
 .rodata.fpinan.2773
                0x000000008009e5b0       0x14 /home/na62torino/altera/16.1/nios2eds/bin/gnu/H-x86_64-pc-linux-gnu/bin/../lib/gcc/nios2-elf/5.3.0/../../../../../H-x86_64-pc-linux-gnu/nios2-elf/lib/mhw-mulx/libc.a(lib_a-strtod.o)
 .rodata.fpi.2737
                0x000000008009e5c4       0x14 /home/na62torino/altera/16.1/nios2eds/bin/gnu/H-x86_64-pc-linux-gnu/bin/../lib/gcc/nios2-elf/5.3.0/../../../../../H-x86_64-pc-linux-gnu/nios2-elf/lib/mhw-mulx/libc.a(lib_a-strtod.o)
 .rodata.tinytens
                0x000000008009e5d8       0x28 /home/na62torino/altera/16.1/nios2eds/bin/gnu/H-x86_64-pc-linux-gnu/bin/../lib/gcc/nios2-elf/5.3.0/../../../../../H-x86_64-pc-linux-gnu/nios2-elf/lib/mhw-mulx/libc.a(lib_a-strtod.o)
 .rodata.basefix.3791
                0x000000008009e600       0x22 /home/na62torino/altera/16.1/nios2eds/bin/gnu/H-x86_64-pc-linux-gnu/bin/../lib/gcc/nios2-elf/5.3.0/../../../../../H-x86_64-pc-linux-gnu/nios2-elf/lib/mhw-mulx/libc.a(lib_a-svfiscanf.o)
 .rodata.str1.4
                0x000000008009e622       0x42 /home/na62torino/altera/16.1/nios2eds/bin/gnu/H-x86_64-pc-linux-gnu/bin/../lib/gcc/nios2-elf/5.3.0/../../../../../H-x86_64-pc-linux-gnu/nios2-elf/lib/mhw-mulx/libc.a(lib_a-svfprintf.o)
 .rodata.zeroes.4389
                0x000000008009e622       0x10 /home/na62torino/altera/16.1/nios2eds/bin/gnu/H-x86_64-pc-linux-gnu/bin/../lib/gcc/nios2-elf/5.3.0/../../../../../H-x86_64-pc-linux-gnu/nios2-elf/lib/mhw-mulx/libc.a(lib_a-svfprintf.o)
 .rodata.blanks.4388
                0x000000008009e632       0x10 /home/na62torino/altera/16.1/nios2eds/bin/gnu/H-x86_64-pc-linux-gnu/bin/../lib/gcc/nios2-elf/5.3.0/../../../../../H-x86_64-pc-linux-gnu/nios2-elf/lib/mhw-mulx/libc.a(lib_a-svfprintf.o)
 .rodata.str1.4
                0x000000008009e642       0x2f /home/na62torino/altera/16.1/nios2eds/bin/gnu/H-x86_64-pc-linux-gnu/bin/../lib/gcc/nios2-elf/5.3.0/../../../../../H-x86_64-pc-linux-gnu/nios2-elf/lib/mhw-mulx/libc.a(lib_a-vfiprintf.o)
 .rodata.zeroes.4349
                0x000000008009e642       0x10 /home/na62torino/altera/16.1/nios2eds/bin/gnu/H-x86_64-pc-linux-gnu/bin/../lib/gcc/nios2-elf/5.3.0/../../../../../H-x86_64-pc-linux-gnu/nios2-elf/lib/mhw-mulx/libc.a(lib_a-vfiprintf.o)
 .rodata.blanks.4348
                0x000000008009e652       0x10 /home/na62torino/altera/16.1/nios2eds/bin/gnu/H-x86_64-pc-linux-gnu/bin/../lib/gcc/nios2-elf/5.3.0/../../../../../H-x86_64-pc-linux-gnu/nios2-elf/lib/mhw-mulx/libc.a(lib_a-vfiprintf.o)
 .rodata.__hexdig
                0x000000008009e662      0x100 /home/na62torino/altera/16.1/nios2eds/bin/gnu/H-x86_64-pc-linux-gnu/bin/../lib/gcc/nios2-elf/5.3.0/../../../../../H-x86_64-pc-linux-gnu/nios2-elf/lib/mhw-mulx/libc.a(lib_a-gdtoa-gethex.o)
                0x000000008009e662                __hexdig
 .rodata.str1.4
                0x000000008009e762       0x2f /home/na62torino/altera/16.1/nios2eds/bin/gnu/H-x86_64-pc-linux-gnu/bin/../lib/gcc/nios2-elf/5.3.0/../../../../../H-x86_64-pc-linux-gnu/nios2-elf/lib/mhw-mulx/libc.a(lib_a-svfiprintf.o)
 .rodata.zeroes.4333
                0x000000008009e762       0x10 /home/na62torino/altera/16.1/nios2eds/bin/gnu/H-x86_64-pc-linux-gnu/bin/../lib/gcc/nios2-elf/5.3.0/../../../../../H-x86_64-pc-linux-gnu/nios2-elf/lib/mhw-mulx/libc.a(lib_a-svfiprintf.o)
 .rodata.blanks.4332
                0x000000008009e772       0x10 /home/na62torino/altera/16.1/nios2eds/bin/gnu/H-x86_64-pc-linux-gnu/bin/../lib/gcc/nios2-elf/5.3.0/../../../../../H-x86_64-pc-linux-gnu/nios2-elf/lib/mhw-mulx/libc.a(lib_a-svfiprintf.o)
 .rodata        0x000000008009e782      0x100 /home/na62torino/altera/16.1/nios2eds/bin/gnu/H-x86_64-pc-linux-gnu/bin/../lib/gcc/nios2-elf/5.3.0/mhw-mulx/libgcc.a(_clz.o)
                0x000000008009e782                __clz_tab
 *fill*         0x000000008009e882        0x2 
 .rodata        0x000000008009e884        0xa ../testbench_ls_bsp//libhal_bsp.a(alt_dev.o)
 *fill*         0x000000008009e88e        0x2 
 .rodata        0x000000008009e890        0xa ../testbench_ls_bsp//libhal_bsp.a(alt_main.o)
 *fill*         0x000000008009e89a        0x2 
 .rodata        0x000000008009e89c       0x9d ../testbench_ls_bsp//libhal_bsp.a(alt_sys_init.o)
 *fill*         0x000000008009e939        0x3 
 .rodata        0x000000008009e93c      0x1ed ../testbench_ls_bsp//libhal_bsp.a(altera_msgdma.o)
 *(.rodata1)
                0x000000008009eb2c                . = ALIGN (0x4)
 *fill*         0x000000008009eb29        0x3 
                0x000000008009eb2c                PROVIDE (__ram_rodata_end, ABSOLUTE (.))
                0x000000008009d670                PROVIDE (__flash_rodata_start, LOADADDR (.rodata))
