Archive member included to satisfy reference by file (symbol)

/home/dsoldi/altera/16.1/nios2eds/bin/gnu/H-x86_64-pc-linux-gnu/bin/../lib/gcc/nios2-elf/5.3.0/mhw-mulx/libgcc.a(gedf2.o)
                              obj/default/hello_world.o (__gtdf2)
/home/dsoldi/altera/16.1/nios2eds/bin/gnu/H-x86_64-pc-linux-gnu/bin/../lib/gcc/nios2-elf/5.3.0/mhw-mulx/libgcc.a(muldf3.o)
                              obj/default/hello_world.o (__muldf3)
/home/dsoldi/altera/16.1/nios2eds/bin/gnu/H-x86_64-pc-linux-gnu/bin/../lib/gcc/nios2-elf/5.3.0/mhw-mulx/libgcc.a(floatunsidf.o)
                              obj/default/hello_world.o (__floatunsidf)
/home/dsoldi/altera/16.1/nios2eds/bin/gnu/H-x86_64-pc-linux-gnu/bin/../lib/gcc/nios2-elf/5.3.0/mhw-mulx/libgcc.a(_clzsi2.o)
                              /home/dsoldi/altera/16.1/nios2eds/bin/gnu/H-x86_64-pc-linux-gnu/bin/../lib/gcc/nios2-elf/5.3.0/mhw-mulx/libgcc.a(muldf3.o) (__clzsi2)
/home/dsoldi/altera/16.1/nios2eds/bin/gnu/H-x86_64-pc-linux-gnu/bin/../lib/gcc/nios2-elf/5.3.0/mhw-mulx/libgcc.a(_clz.o)
                              /home/dsoldi/altera/16.1/nios2eds/bin/gnu/H-x86_64-pc-linux-gnu/bin/../lib/gcc/nios2-elf/5.3.0/mhw-mulx/libgcc.a(_clzsi2.o) (__clz_tab)
/home/dsoldi/altera/16.1/nios2eds/bin/gnu/H-x86_64-pc-linux-gnu/bin/../lib/gcc/nios2-elf/5.3.0/../../../../../H-x86_64-pc-linux-gnu/nios2-elf/lib/mhw-mulx/libc.a(lib_a-getc.o)
                              obj/default/hello_world.o (getc)
/home/dsoldi/altera/16.1/nios2eds/bin/gnu/H-x86_64-pc-linux-gnu/bin/../lib/gcc/nios2-elf/5.3.0/../../../../../H-x86_64-pc-linux-gnu/nios2-elf/lib/mhw-mulx/libc.a(lib_a-impure.o)
                              obj/default/hello_world.o (_impure_ptr)
/home/dsoldi/altera/16.1/nios2eds/bin/gnu/H-x86_64-pc-linux-gnu/bin/../lib/gcc/nios2-elf/5.3.0/../../../../../H-x86_64-pc-linux-gnu/nios2-elf/lib/mhw-mulx/libc.a(lib_a-printf.o)
                              obj/default/hello_world.o (printf)
/home/dsoldi/altera/16.1/nios2eds/bin/gnu/H-x86_64-pc-linux-gnu/bin/../lib/gcc/nios2-elf/5.3.0/../../../../../H-x86_64-pc-linux-gnu/nios2-elf/lib/mhw-mulx/libc.a(lib_a-puts.o)
                              obj/default/hello_world.o (puts)
/home/dsoldi/altera/16.1/nios2eds/bin/gnu/H-x86_64-pc-linux-gnu/bin/../lib/gcc/nios2-elf/5.3.0/../../../../../H-x86_64-pc-linux-gnu/nios2-elf/lib/mhw-mulx/libc.a(lib_a-rget.o)
                              /home/dsoldi/altera/16.1/nios2eds/bin/gnu/H-x86_64-pc-linux-gnu/bin/../lib/gcc/nios2-elf/5.3.0/../../../../../H-x86_64-pc-linux-gnu/nios2-elf/lib/mhw-mulx/libc.a(lib_a-getc.o) (__srget_r)
/home/dsoldi/altera/16.1/nios2eds/bin/gnu/H-x86_64-pc-linux-gnu/bin/../lib/gcc/nios2-elf/5.3.0/../../../../../H-x86_64-pc-linux-gnu/nios2-elf/lib/mhw-mulx/libc.a(lib_a-sprintf.o)
                              obj/default/terasic_debug.o (sprintf)
/home/dsoldi/altera/16.1/nios2eds/bin/gnu/H-x86_64-pc-linux-gnu/bin/../lib/gcc/nios2-elf/5.3.0/../../../../../H-x86_64-pc-linux-gnu/nios2-elf/lib/mhw-mulx/libc.a(lib_a-strlen.o)
                              /home/dsoldi/altera/16.1/nios2eds/bin/gnu/H-x86_64-pc-linux-gnu/bin/../lib/gcc/nios2-elf/5.3.0/../../../../../H-x86_64-pc-linux-gnu/nios2-elf/lib/mhw-mulx/libc.a(lib_a-puts.o) (strlen)
/home/dsoldi/altera/16.1/nios2eds/bin/gnu/H-x86_64-pc-linux-gnu/bin/../lib/gcc/nios2-elf/5.3.0/../../../../../H-x86_64-pc-linux-gnu/nios2-elf/lib/mhw-mulx/libc.a(lib_a-svfprintf.o)
                              /home/dsoldi/altera/16.1/nios2eds/bin/gnu/H-x86_64-pc-linux-gnu/bin/../lib/gcc/nios2-elf/5.3.0/../../../../../H-x86_64-pc-linux-gnu/nios2-elf/lib/mhw-mulx/libc.a(lib_a-sprintf.o) (___svfprintf_internal_r)
/home/dsoldi/altera/16.1/nios2eds/bin/gnu/H-x86_64-pc-linux-gnu/bin/../lib/gcc/nios2-elf/5.3.0/../../../../../H-x86_64-pc-linux-gnu/nios2-elf/lib/mhw-mulx/libc.a(lib_a-vfprintf.o)
                              /home/dsoldi/altera/16.1/nios2eds/bin/gnu/H-x86_64-pc-linux-gnu/bin/../lib/gcc/nios2-elf/5.3.0/../../../../../H-x86_64-pc-linux-gnu/nios2-elf/lib/mhw-mulx/libc.a(lib_a-printf.o) (___vfprintf_internal_r)
/home/dsoldi/altera/16.1/nios2eds/bin/gnu/H-x86_64-pc-linux-gnu/bin/../lib/gcc/nios2-elf/5.3.0/../../../../../H-x86_64-pc-linux-gnu/nios2-elf/lib/mhw-mulx/libc.a(lib_a-vsnprintf.o)
                              obj/default/terasic_debug.o (vsnprintf)
/home/dsoldi/altera/16.1/nios2eds/bin/gnu/H-x86_64-pc-linux-gnu/bin/../lib/gcc/nios2-elf/5.3.0/../../../../../H-x86_64-pc-linux-gnu/nios2-elf/lib/mhw-mulx/libc.a(lib_a-wsetup.o)
                              /home/dsoldi/altera/16.1/nios2eds/bin/gnu/H-x86_64-pc-linux-gnu/bin/../lib/gcc/nios2-elf/5.3.0/../../../../../H-x86_64-pc-linux-gnu/nios2-elf/lib/mhw-mulx/libc.a(lib_a-vfprintf.o) (__swsetup_r)
/home/dsoldi/altera/16.1/nios2eds/bin/gnu/H-x86_64-pc-linux-gnu/bin/../lib/gcc/nios2-elf/5.3.0/../../../../../H-x86_64-pc-linux-gnu/nios2-elf/lib/mhw-mulx/libc.a(lib_a-dtoa.o)
[...]
Memory Configuration

Name             Origin             Length             Attributes
ddr2_ram         0x0000000000000000 0x0000000040000000
ddr2_ram_1       0x0000000040000000 0x0000000040000000
reset            0x0000000080080000 0x0000000000000020
system_ram       0x0000000080080020 0x000000000007cfe0
*default*        0x0000000000000000 0xffffffffffffffff

Linker script and memory map

LOAD ../testbench_ls_bsp//obj/HAL/src/crt0.o
LOAD obj/default/hello_world.o
LOAD obj/default/terasic_debug.o
LOAD /home/dsoldi/altera/16.1/nios2eds/bin/gnu/H-x86_64-pc-linux-gnu/bin/../lib/gcc/nios2-elf/5.3.0/../../../../../H-x86_64-pc-linux-gnu/nios2-elf/lib/mhw-mulx/libstdc++.a
LOAD /home/dsoldi/altera/16.1/nios2eds/bin/gnu/H-x86_64-pc-linux-gnu/bin/../lib/gcc/nios2-elf/5.3.0/../../../../../H-x86_64-pc-linux-gnu/nios2-elf/lib/mhw-mulx/libm.a
LOAD /home/dsoldi/altera/16.1/nios2eds/bin/gnu/H-x86_64-pc-linux-gnu/bin/../lib/gcc/nios2-elf/5.3.0/mhw-mulx/libgcc.a
START GROUP
LOAD /home/dsoldi/altera/16.1/nios2eds/bin/gnu/H-x86_64-pc-linux-gnu/bin/../lib/gcc/nios2-elf/5.3.0/../../../../../H-x86_64-pc-linux-gnu/nios2-elf/lib/mhw-mulx/libc.a
LOAD /home/dsoldi/altera/16.1/nios2eds/bin/gnu/H-x86_64-pc-linux-gnu/bin/../lib/gcc/nios2-elf/5.3.0/mhw-mulx/libgcc.a
LOAD ../testbench_ls_bsp//libhal_bsp.a
LOAD /home/dsoldi/altera/16.1/nios2eds/bin/gnu/H-x86_64-pc-linux-gnu/bin/../lib/gcc/nios2-elf/5.3.0/../../../../../H-x86_64-pc-linux-gnu/nios2-elf/lib/mhw-mulx/libm.a
END GROUP
LOAD /home/dsoldi/altera/16.1/nios2eds/bin/gnu/H-x86_64-pc-linux-gnu/bin/../lib/gcc/nios2-elf/5.3.0/mhw-mulx/libgcc.a
                0x0000000000000000                __alt_mem_ddr2_ram = 0x0
                0x0000000040000000                __alt_mem_ddr2_ram_1 = 0x40000000
                0x0000000080080000                __alt_mem_system_ram = 0x80080000

.entry          0x0000000080080000       0x20
 *(.entry)
 .entry         0x0000000080080000       0x20 ../testbench_ls_bsp//obj/HAL/src/crt0.o
                0x0000000080080000                __reset

.exceptions     0x0000000080080020      0x224
                0x0000000080080020                PROVIDE (__ram_exceptions_start, ABSOLUTE (.))
                0x0000000080080020                . = ALIGN (0x20)
 *(.irq)
 *(.exceptions.entry.label)
 .exceptions.entry.label
                0x0000000080080020        0x0 ../testbench_ls_bsp//libhal_bsp.a(alt_irq_entry.o)
                0x0000000080080020                alt_irq_entry
 .exceptions.entry.label
                0x0000000080080020        0x0 ../testbench_ls_bsp//libhal_bsp.a(alt_exception_entry.o)
                0x0000000080080020                alt_exception
 *(.exceptions.entry.user)
 *(.exceptions.entry.ecc_fatal)
 *(.exceptions.entry)
 .exceptions.entry
                0x0000000080080020       0x54 ../testbench_ls_bsp//libhal_bsp.a(alt_exception_entry.o)
 *(.exceptions.irqtest.user)
 *(.exceptions.irqtest)
 .exceptions.irqtest
                0x0000000080080074       0x10 ../testbench_ls_bsp//libhal_bsp.a(alt_irq_entry.o)
 *(.exceptions.irqhandler.user)
 *(.exceptions.irqhandler)
 .exceptions.irqhandler
                0x0000000080080084        0x4 ../testbench_ls_bsp//libhal_bsp.a(alt_irq_entry.o)
 *(.exceptions.irqreturn.user)
 *(.exceptions.irqreturn)
 .exceptions.irqreturn
                0x0000000080080088        0x4 ../testbench_ls_bsp//libhal_bsp.a(alt_irq_entry.o)
 *(.exceptions.notirq.label)
 .exceptions.notirq.label
                0x000000008008008c        0x0 ../testbench_ls_bsp//libhal_bsp.a(alt_irq_entry.o)
 *(.exceptions.notirq.user)
 *(.exceptions.notirq)
 .exceptions.notirq
                0x000000008008008c        0x8 ../testbench_ls_bsp//libhal_bsp.a(alt_exception_entry.o)
 *(.exceptions.soft.user)
 *(.exceptions.soft)
 *(.exceptions.unknown.user)
 *(.exceptions.unknown)
 .exceptions.unknown
                0x0000000080080094       0x14 ../testbench_ls_bsp//libhal_bsp.a(alt_exception_entry.o)
 *(.exceptions.exit.label)
 .exceptions.exit.label
                0x00000000800800a8        0x0 ../testbench_ls_bsp//libhal_bsp.a(alt_irq_entry.o)
 .exceptions.exit.label
                0x00000000800800a8        0x0 ../testbench_ls_bsp//libhal_bsp.a(alt_exception_entry.o)
 *(.exceptions.exit.user)
 *(.exceptions.exit)
 .exceptions.exit
                0x00000000800800a8       0x54 ../testbench_ls_bsp//libhal_bsp.a(alt_exception_entry.o)
 *(.exceptions)
 .exceptions    0x00000000800800fc       0xd4 ../testbench_ls_bsp//libhal_bsp.a(alt_irq_handler.o)
                0x00000000800800fc                alt_irq_handler
 .exceptions    0x00000000800801d0       0x74 ../testbench_ls_bsp//libhal_bsp.a(alt_instruction_exception_entry.o)
                0x00000000800801d0                alt_instruction_exception_entry
                0x0000000080080244                PROVIDE (__ram_exceptions_end, ABSOLUTE (.))
                0x0000000080080020                PROVIDE (__flash_exceptions_start, LOADADDR (.exceptions))

.text           0x0000000080080244    0x15eac
                [!provide]                        PROVIDE (stext, ABSOLUTE (.))
 *(.interp)
 *(.hash)
 *(.dynsym)
 *(.dynstr)
 *(.gnu.version)
 *(.gnu.version_d)
 *(.gnu.version_r)
 *(.rel.init)
 *(.rela.init)
 *(.rel.text .rel.text.* .rel.gnu.linkonce.t.*)
 *(.rela.text .rela.text.* .rela.gnu.linkonce.t.*)
 *(.rel.fini)
 *(.rela.fini)
 *(.rel.rodata .rel.rodata.* .rel.gnu.linkonce.r.*)
 *(.rela.rodata .rela.rodata.* .rela.gnu.linkonce.r.*)
 *(.rel.data .rel.data.* .rel.gnu.linkonce.d.*)
 *(.rela.data .rela.data.* .rela.gnu.linkonce.d.*)
 *(.rel.tdata .rel.tdata.* .rel.gnu.linkonce.td.*)
 *(.rela.tdata .rela.tdata.* .rela.gnu.linkonce.td.*)
 *(.rel.tbss .rel.tbss.* .rel.gnu.linkonce.tb.*)
 *(.rela.tbss .rela.tbss.* .rela.gnu.linkonce.tb.*)
 *(.rel.ctors)
 *(.rela.ctors)
 *(.rel.dtors)
 *(.rela.dtors)
 *(.rel.got)
 *(.rela.got)
 *(.rel.sdata .rel.sdata.* .rel.gnu.linkonce.s.*)
 *(.rela.sdata .rela.sdata.* .rela.gnu.linkonce.s.*)
 *(.rel.sbss .rel.sbss.* .rel.gnu.linkonce.sb.*)
 *(.rela.sbss .rela.sbss.* .rela.gnu.linkonce.sb.*)
 *(.rel.sdata2 .rel.sdata2.* .rel.gnu.linkonce.s2.*)
 *(.rela.sdata2 .rela.sdata2.* .rela.gnu.linkonce.s2.*)
 *(.rel.sbss2 .rel.sbss2.* .rel.gnu.linkonce.sb2.*)
 *(.rela.sbss2 .rela.sbss2.* .rela.gnu.linkonce.sb2.*)
 *(.rel.bss .rel.bss.* .rel.gnu.linkonce.b.*)
 *(.rela.bss .rela.bss.* .rela.gnu.linkonce.b.*)
 *(.rel.plt)
 *(.rela.plt)
 *(.rel.dyn)
 *(.init)
 *(.plt)
 *(.text .stub .text.* .gnu.linkonce.t.*)
 .text          0x0000000080080244       0x4c ../testbench_ls_bsp//obj/HAL/src/crt0.o
                0x0000000080080244                _start
 .text          0x0000000080080290       0x80 obj/default/hello_world.o
                0x0000000080080290                GetInputString
 .text.startup  0x0000000080080310      0xc10 obj/default/hello_world.o
                0x0000000080080310                main
 .text          0x0000000080080f20      0x11c obj/default/terasic_debug.o
                0x0000000080080f20                debug_output
                0x0000000080080f24                myprintf
                0x0000000080080f70                myprintf_hexarray
                0x0000000080080fd4                myprintf_dwordarray
 .text          0x000000008008103c       0xdc /home/dsoldi/altera/16.1/nios2eds/bin/gnu/H-x86_64-pc-linux-gnu/bin/../lib/gcc/nios2-elf/5.3.0/mhw-mulx/libgcc.a(gedf2.o)
                0x000000008008103c                __gtdf2
                0x000000008008103c                __gedf2
 .text          0x0000000080081118      0x718 /home/dsoldi/altera/16.1/nios2eds/bin/gnu/H-x86_64-pc-linux-gnu/bin/../lib/gcc/nios2-elf/5.3.0/mhw-mulx/libgcc.a(muldf3.o)
                0x0000000080081118                __muldf3
 .text          0x0000000080081830       0xa8 /home/dsoldi/altera/16.1/nios2eds/bin/gnu/H-x86_64-pc-linux-gnu/bin/../lib/gcc/nios2-elf/5.3.0/mhw-mulx/libgcc.a(floatunsidf.o)
                0x0000000080081830                __floatunsidf
 .text          0x00000000800818d8       0x64 /home/dsoldi/altera/16.1/nios2eds/bin/gnu/H-x86_64-pc-linux-gnu/bin/../lib/gcc/nios2-elf/5.3.0/mhw-mulx/libgcc.a(_clzsi2.o)
                0x00000000800818d8                __clzsi2
 .text          0x000000008008193c        0x0 /home/dsoldi/altera/16.1/nios2eds/bin/gnu/H-x86_64-pc-linux-gnu/bin/../lib/gcc/nios2-elf/5.3.0/mhw-mulx/libgcc.a(_clz.o)
 .text          0x000000008008193c        0x0 /home/dsoldi/altera/16.1/nios2eds/bin/gnu/H-x86_64-pc-linux-gnu/bin/../lib/gcc/nios2-elf/5.3.0/../../../../../H-x86_64-pc-linux-gnu/nios2-elf/lib/mhw-mulx/libc.a(lib_a-getc.o)
 .text._getc_r  0x000000008008193c       0x70 /home/dsoldi/altera/16.1/nios2eds/bin/gnu/H-x86_64-pc-linux-gnu/bin/../lib/gcc/nios2-elf/5.3.0/../../../../../H-x86_64-pc-linux-gnu/nios2-elf/lib/mhw-mulx/libc.a(lib_a-getc.o)
                0x000000008008193c                _getc_r
 .text.getc     0x00000000800819ac       0x88 /home/dsoldi/altera/16.1/nios2eds/bin/gnu/H-x86_64-pc-linux-gnu/bin/../lib/gcc/nios2-elf/5.3.0/../../../../../H-x86_64-pc-linux-gnu/nios2-elf/lib/mhw-mulx/libc.a(lib_a-getc.o)
                0x00000000800819ac                getc
 .text          0x0000000080081a34        0x0 /home/dsoldi/altera/16.1/nios2eds/bin/gnu/H-x86_64-pc-linux-gnu/bin/../lib/gcc/nios2-elf/5.3.0/../../../../../H-x86_64-pc-linux-gnu/nios2-elf/lib/mhw-mulx/libc.a(lib_a-impure.o)
 .text          0x0000000080081a34        0x0 /home/dsoldi/altera/16.1/nios2eds/bin/gnu/H-x86_64-pc-linux-gnu/bin/../lib/gcc/nios2-elf/5.3.0/../../../../../H-x86_64-pc-linux-gnu/nios2-elf/lib/mhw-mulx/libc.a(lib_a-printf.o)
 .text._printf_r
                0x0000000080081a34       0x30 /home/dsoldi/altera/16.1/nios2eds/bin/gnu/H-x86_64-pc-linux-gnu/bin/../lib/gcc/nios2-elf/5.3.0/../../../../../H-x86_64-pc-linux-gnu/nios2-elf/lib/mhw-mulx/libc.a(lib_a-printf.o)
                0x0000000080081a34                _printf_r
 .text.printf   0x0000000080081a64       0x3c /home/dsoldi/altera/16.1/nios2eds/bin/gnu/H-x86_64-pc-linux-gnu/bin/../lib/gcc/nios2-elf/5.3.0/../../../../../H-x86_64-pc-linux-gnu/nios2-elf/lib/mhw-mulx/libc.a(lib_a-printf.o)
                0x0000000080081a64                printf
 .text          0x0000000080081aa0        0x0 /home/dsoldi/altera/16.1/nios2eds/bin/gnu/H-x86_64-pc-linux-gnu/bin/../lib/gcc/nios2-elf/5.3.0/../../../../../H-x86_64-pc-linux-gnu/nios2-elf/lib/mhw-mulx/libc.a(lib_a-puts.o)
 .text._puts_r  0x0000000080081aa0       0xc0 /home/dsoldi/altera/16.1/nios2eds/bin/gnu/H-x86_64-pc-linux-gnu/bin/../lib/gcc/nios2-elf/5.3.0/../../../../../H-x86_64-pc-linux-gnu/nios2-elf/lib/mhw-mulx/libc.a(lib_a-puts.o)
                0x0000000080081aa0                _puts_r
 .text.puts     0x0000000080081b60       0x14 /home/dsoldi/altera/16.1/nios2eds/bin/gnu/H-x86_64-pc-linux-gnu/bin/../lib/gcc/nios2-elf/5.3.0/../../../../../H-x86_64-pc-linux-gnu/nios2-elf/lib/mhw-mulx/libc.a(lib_a-puts.o)
                0x0000000080081b60                puts
 .text          0x0000000080081b74        0x0 /home/dsoldi/altera/16.1/nios2eds/bin/gnu/H-x86_64-pc-linux-gnu/bin/../lib/gcc/nios2-elf/5.3.0/../../../../../H-x86_64-pc-linux-gnu/nios2-elf/lib/mhw-mulx/libc.a(lib_a-rget.o)
 .text.__srget_r
                0x0000000080081b74       0x74 /home/dsoldi/altera/16.1/nios2eds/bin/gnu/H-x86_64-pc-linux-gnu/bin/../lib/gcc/nios2-elf/5.3.0/../../../../../H-x86_64-pc-linux-gnu/nios2-elf/lib/mhw-mulx/libc.a(lib_a-rget.o)
                0x0000000080081b74                __srget_r
 .text.__srget  0x0000000080081be8       0x14 /home/dsoldi/altera/16.1/nios2eds/bin/gnu/H-x86_64-pc-linux-gnu/bin/../lib/gcc/nios2-elf/5.3.0/../../../../../H-x86_64-pc-linux-gnu/nios2-elf/lib/mhw-mulx/libc.a(lib_a-rget.o)
                0x0000000080081be8                __srget
 .text          0x0000000080081bfc        0x0 /home/dsoldi/altera/16.1/nios2eds/bin/gnu/H-x86_64-pc-linux-gnu/bin/../lib/gcc/nios2-elf/5.3.0/../../../../../H-x86_64-pc-linux-gnu/nios2-elf/lib/mhw-mulx/libc.a(lib_a-sprintf.o)
 .text._sprintf_r
                0x0000000080081bfc       0x58 /home/dsoldi/altera/16.1/nios2eds/bin/gnu/H-x86_64-pc-linux-gnu/bin/../lib/gcc/nios2-elf/5.3.0/../../../../../H-x86_64-pc-linux-gnu/nios2-elf/lib/mhw-mulx/libc.a(lib_a-sprintf.o)
                0x0000000080081bfc                _sprintf_r
 .text.sprintf  0x0000000080081c54       0x6c /home/dsoldi/altera/16.1/nios2eds/bin/gnu/H-x86_64-pc-linux-gnu/bin/../lib/gcc/nios2-elf/5.3.0/../../../../../H-x86_64-pc-linux-gnu/nios2-elf/lib/mhw-mulx/libc.a(lib_a-sprintf.o)
                0x0000000080081c54                sprintf
 .text          0x0000000080081cc0        0x0 /home/dsoldi/altera/16.1/nios2eds/bin/gnu/H-x86_64-pc-linux-gnu/bin/../lib/gcc/nios2-elf/5.3.0/../../../../../H-x86_64-pc-linux-gnu/nios2-elf/lib/mhw-mulx/libc.a(lib_a-strlen.o)
 .text.strlen   0x0000000080081cc0       0x98 /home/dsoldi/altera/16.1/nios2eds/bin/gnu/H-x86_64-pc-linux-gnu/bin/../lib/gcc/nios2-elf/5.3.0/../../../../../H-x86_64-pc-linux-gnu/nios2-elf/lib/mhw-mulx/libc.a(lib_a-strlen.o)
                0x0000000080081cc0                strlen
 .text          0x0000000080081d58        0x0 /home/dsoldi/altera/16.1/nios2eds/bin/gnu/H-x86_64-pc-linux-gnu/bin/../lib/gcc/nios2-elf/5.3.0/../../../../../H-x86_64-pc-linux-gnu/nios2-elf/lib/mhw-mulx/libc.a(lib_a-svfprintf.o)
 .text.___svfprintf_internal_r
                0x0000000080081d58     0x21d8 /home/dsoldi/altera/16.1/nios2eds/bin/gnu/H-x86_64-pc-linux-gnu/bin/../lib/gcc/nios2-elf/5.3.0/../../../../../H-x86_64-pc-linux-gnu/nios2-elf/lib/mhw-mulx/libc.a(lib_a-svfprintf.o)
                0x0000000080081d58                ___svfprintf_internal_r
 .text          0x0000000080083f30        0x0 /home/dsoldi/altera/16.1/nios2eds/bin/gnu/H-x86_64-pc-linux-gnu/bin/../lib/gcc/nios2-elf/5.3.0/../../../../../H-x86_64-pc-linux-gnu/nios2-elf/lib/mhw-mulx/libc.a(lib_a-vfprintf.o)
 .text.___vfprintf_internal_r
                0x0000000080083f30     0x21f8 /home/dsoldi/altera/16.1/nios2eds/bin/gnu/H-x86_64-pc-linux-gnu/bin/../lib/gcc/nios2-elf/5.3.0/../../../../../H-x86_64-pc-linux-gnu/nios2-elf/lib/mhw-mulx/libc.a(lib_a-vfprintf.o)
                0x0000000080083f30                ___vfprintf_internal_r
 .text.__vfprintf_internal
                0x0000000080086128       0x1c /home/dsoldi/altera/16.1/nios2eds/bin/gnu/H-x86_64-pc-linux-gnu/bin/../lib/gcc/nios2-elf/5.3.0/../../../../../H-x86_64-pc-linux-gnu/nios2-elf/lib/mhw-mulx/libc.a(lib_a-vfprintf.o)
                0x0000000080086128                __vfprintf_internal
 .text.__sbprintf
                0x0000000080086144       0xbc /home/dsoldi/altera/16.1/nios2eds/bin/gnu/H-x86_64-pc-linux-gnu/bin/../lib/gcc/nios2-elf/5.3.0/../../../../../H-x86_64-pc-linux-gnu/nios2-elf/lib/mhw-mulx/libc.a(lib_a-vfprintf.o)
 .text          0x0000000080086200        0x0 /home/dsoldi/altera/16.1/nios2eds/bin/gnu/H-x86_64-pc-linux-gnu/bin/../lib/gcc/nios2-elf/5.3.0/../../../../../H-x86_64-pc-linux-gnu/nios2-elf/lib/mhw-mulx/libc.a(lib_a-vsnprintf.o)
 .text._vsnprintf_r
                0x0000000080086200       0xf0 /home/dsoldi/altera/16.1/nios2eds/bin/gnu/H-x86_64-pc-linux-gnu/bin/../lib/gcc/nios2-elf/5.3.0/../../../../../H-x86_64-pc-linux-gnu/nios2-elf/lib/mhw-mulx/libc.a(lib_a-vsnprintf.o)
                0x0000000080086200                _vsnprintf_r
 .text.vsnprintf
                0x00000000800862f0       0x34 /home/dsoldi/altera/16.1/nios2eds/bin/gnu/H-x86_64-pc-linux-gnu/bin/../lib/gcc/nios2-elf/5.3.0/../../../../../H-x86_64-pc-linux-gnu/nios2-elf/lib/mhw-mulx/libc.a(lib_a-vsnprintf.o)
                0x00000000800862f0                vsnprintf
 .text          0x0000000080086324        0x0 /home/dsoldi/altera/16.1/nios2eds/bin/gnu/H-x86_64-pc-linux-gnu/bin/../lib/gcc/nios2-elf/5.3.0/../../../../../H-x86_64-pc-linux-gnu/nios2-elf/lib/mhw-mulx/libc.a(lib_a-wsetup.o)
 .text.__swsetup_r
                0x0000000080086324      0x154 /home/dsoldi/altera/16.1/nios2eds/bin/gnu/H-x86_64-pc-linux-gnu/bin/../lib/gcc/nios2-elf/5.3.0/../../../../../H-x86_64-pc-linux-gnu/nios2-elf/lib/mhw-mulx/libc.a(lib_a-wsetup.o)
                0x0000000080086324                __swsetup_r
 .text          0x0000000080086478        0x0 /home/dsoldi/altera/16.1/nios2eds/bin/gnu/H-x86_64-pc-linux-gnu/bin/../lib/gcc/nios2-elf/5.3.0/../../../../../H-x86_64-pc-linux-gnu/nios2-elf/lib/mhw-mulx/libc.a(lib_a-dtoa.o)
 .text.quorem   0x0000000080086478      0x200 /home/dsoldi/altera/16.1/nios2eds/bin/gnu/H-x86_64-pc-linux-gnu/bin/../lib/gcc/nios2-elf/5.3.0/../../../../../H-x86_64-pc-linux-gnu/nios2-elf/lib/mhw-mulx/libc.a(lib_a-dtoa.o)
 .text._dtoa_r  0x0000000080086678     0x1688 /home/dsoldi/altera/16.1/nios2eds/bin/gnu/H-x86_64-pc-linux-gnu/bin/../lib/gcc/nios2-elf/5.3.0/../../../../../H-x86_64-pc-linux-gnu/nios2-elf/lib/mhw-mulx/libc.a(lib_a-dtoa.o)
                0x0000000080086678                _dtoa_r
 .text          0x0000000080087d00        0x0 /home/dsoldi/altera/16.1/nios2eds/bin/gnu/H-x86_64-pc-linux-gnu/bin/../lib/gcc/nios2-elf/5.3.0/../../../../../H-x86_64-pc-linux-gnu/nios2-elf/lib/mhw-mulx/libc.a(lib_a-fflush.o)
 .text.__sflush_r
                0x0000000080087d00      0x21c /home/dsoldi/altera/16.1/nios2eds/bin/gnu/H-x86_64-pc-linux-gnu/bin/../lib/gcc/nios2-elf/5.3.0/../../../../../H-x86_64-pc-linux-gnu/nios2-elf/lib/mhw-mulx/libc.a(lib_a-fflush.o)
                0x0000000080087d00                __sflush_r
 .text._fflush_r
                0x0000000080087f1c       0x5c /home/dsoldi/altera/16.1/nios2eds/bin/gnu/H-x86_64-pc-linux-gnu/bin/../lib/gcc/nios2-elf/5.3.0/../../../../../H-x86_64-pc-linux-gnu/nios2-elf/lib/mhw-mulx/libc.a(lib_a-fflush.o)
                0x0000000080087f1c                _fflush_r
 .text.fflush   0x0000000080087f78       0x30 /home/dsoldi/altera/16.1/nios2eds/bin/gnu/H-x86_64-pc-linux-gnu/bin/../lib/gcc/nios2-elf/5.3.0/../../../../../H-x86_64-pc-linux-gnu/nios2-elf/lib/mhw-mulx/libc.a(lib_a-fflush.o)
                0x0000000080087f78                fflush
 .text          0x0000000080087fa8        0x0 /home/dsoldi/altera/16.1/nios2eds/bin/gnu/H-x86_64-pc-linux-gnu/bin/../lib/gcc/nios2-elf/5.3.0/../../../../../H-x86_64-pc-linux-gnu/nios2-elf/lib/mhw-mulx/libc.a(lib_a-findfp.o)
 .text.__fp_unlock
                0x0000000080087fa8        0x8 /home/dsoldi/altera/16.1/nios2eds/bin/gnu/H-x86_64-pc-linux-gnu/bin/../lib/gcc/nios2-elf/5.3.0/../../../../../H-x86_64-pc-linux-gnu/nios2-elf/lib/mhw-mulx/libc.a(lib_a-findfp.o)
 .text._cleanup_r
                0x0000000080087fb0        0xc /home/dsoldi/altera/16.1/nios2eds/bin/gnu/H-x86_64-pc-linux-gnu/bin/../lib/gcc/nios2-elf/5.3.0/../../../../../H-x86_64-pc-linux-gnu/nios2-elf/lib/mhw-mulx/libc.a(lib_a-findfp.o)
                0x0000000080087fb0                _cleanup_r
 .text.__sinit.part.1
                0x0000000080087fbc      0x19c /home/dsoldi/altera/16.1/nios2eds/bin/gnu/H-x86_64-pc-linux-gnu/bin/../lib/gcc/nios2-elf/5.3.0/../../../../../H-x86_64-pc-linux-gnu/nios2-elf/lib/mhw-mulx/libc.a(lib_a-findfp.o)
 .text.__fp_lock
                0x0000000080088158        0x8 /home/dsoldi/altera/16.1/nios2eds/bin/gnu/H-x86_64-pc-linux-gnu/bin/../lib/gcc/nios2-elf/5.3.0/../../../../../H-x86_64-pc-linux-gnu/nios2-elf/lib/mhw-mulx/libc.a(lib_a-findfp.o)
 .text.__sfmoreglue
                0x0000000080088160       0x68 /home/dsoldi/altera/16.1/nios2eds/bin/gnu/H-x86_64-pc-linux-gnu/bin/../lib/gcc/nios2-elf/5.3.0/../../../../../H-x86_64-pc-linux-gnu/nios2-elf/lib/mhw-mulx/libc.a(lib_a-findfp.o)
                0x0000000080088160                __sfmoreglue
 .text.__sfp    0x00000000800881c8      0x118 /home/dsoldi/altera/16.1/nios2eds/bin/gnu/H-x86_64-pc-linux-gnu/bin/../lib/gcc/nios2-elf/5.3.0/../../../../../H-x86_64-pc-linux-gnu/nios2-elf/lib/mhw-mulx/libc.a(lib_a-findfp.o)
                0x00000000800881c8                __sfp
 .text._cleanup
                0x00000000800882e0       0x18 /home/dsoldi/altera/16.1/nios2eds/bin/gnu/H-x86_64-pc-linux-gnu/bin/../lib/gcc/nios2-elf/5.3.0/../../../../../H-x86_64-pc-linux-gnu/nios2-elf/lib/mhw-mulx/libc.a(lib_a-findfp.o)
                0x00000000800882e0                _cleanup
 .text.__sinit  0x00000000800882f8       0x10 /home/dsoldi/altera/16.1/nios2eds/bin/gnu/H-x86_64-pc-linux-gnu/bin/../lib/gcc/nios2-elf/5.3.0/../../../../../H-x86_64-pc-linux-gnu/nios2-elf/lib/mhw-mulx/libc.a(lib_a-findfp.o)
                0x00000000800882f8                __sinit
 .text.__sfp_lock_acquire
                0x0000000080088308        0x4 /home/dsoldi/altera/16.1/nios2eds/bin/gnu/H-x86_64-pc-linux-gnu/bin/../lib/gcc/nios2-elf/5.3.0/../../../../../H-x86_64-pc-linux-gnu/nios2-elf/lib/mhw-mulx/libc.a(lib_a-findfp.o)
                0x0000000080088308                __sfp_lock_acquire
 .text.__sfp_lock_release
                0x000000008008830c        0x4 /home/dsoldi/altera/16.1/nios2eds/bin/gnu/H-x86_64-pc-linux-gnu/bin/../lib/gcc/nios2-elf/5.3.0/../../../../../H-x86_64-pc-linux-gnu/nios2-elf/lib/mhw-mulx/libc.a(lib_a-findfp.o)
                0x000000008008830c                __sfp_lock_release
 .text.__sinit_lock_acquire
                0x0000000080088310        0x4 /home/dsoldi/altera/16.1/nios2eds/bin/gnu/H-x86_64-pc-linux-gnu/bin/../lib/gcc/nios2-elf/5.3.0/../../../../../H-x86_64-pc-linux-gnu/nios2-elf/lib/mhw-mulx/libc.a(lib_a-findfp.o)
                0x0000000080088310                __sinit_lock_acquire
 .text.__sinit_lock_release
                0x0000000080088314        0x4 /home/dsoldi/altera/16.1/nios2eds/bin/gnu/H-x86_64-pc-linux-gnu/bin/../lib/gcc/nios2-elf/5.3.0/../../../../../H-x86_64-pc-linux-gnu/nios2-elf/lib/mhw-mulx/libc.a(lib_a-findfp.o)
                0x0000000080088314                __sinit_lock_release
 .text.__fp_lock_all
                0x0000000080088318       0x18 /home/dsoldi/altera/16.1/nios2eds/bin/gnu/H-x86_64-pc-linux-gnu/bin/../lib/gcc/nios2-elf/5.3.0/../../../../../H-x86_64-pc-linux-gnu/nios2-elf/lib/mhw-mulx/libc.a(lib_a-findfp.o)
                0x0000000080088318                __fp_lock_all
 .text.__fp_unlock_all
                0x0000000080088330       0x18 /home/dsoldi/altera/16.1/nios2eds/bin/gnu/H-x86_64-pc-linux-gnu/bin/../lib/gcc/nios2-elf/5.3.0/../../../../../H-x86_64-pc-linux-gnu/nios2-elf/lib/mhw-mulx/libc.a(lib_a-findfp.o)
                0x0000000080088330                __fp_unlock_all
 .text          0x0000000080088348        0x0 /home/dsoldi/altera/16.1/nios2eds/bin/gnu/H-x86_64-pc-linux-gnu/bin/../lib/gcc/nios2-elf/5.3.0/../../../../../H-x86_64-pc-linux-gnu/nios2-elf/lib/mhw-mulx/libc.a(lib_a-freer.o)
 .text._malloc_trim_r
                0x0000000080088348      0x124 /home/dsoldi/altera/16.1/nios2eds/bin/gnu/H-x86_64-pc-linux-gnu/bin/../lib/gcc/nios2-elf/5.3.0/../../../../../H-x86_64-pc-linux-gnu/nios2-elf/lib/mhw-mulx/libc.a(lib_a-freer.o)
                0x0000000080088348                _malloc_trim_r
 .text._free_r  0x000000008008846c      0x310 /home/dsoldi/altera/16.1/nios2eds/bin/gnu/H-x86_64-pc-linux-gnu/bin/../lib/gcc/nios2-elf/5.3.0/../../../../../H-x86_64-pc-linux-gnu/nios2-elf/lib/mhw-mulx/libc.a(lib_a-freer.o)
                0x000000008008846c                _free_r
 .text          0x000000008008877c        0x0 /home/dsoldi/altera/16.1/nios2eds/bin/gnu/H-x86_64-pc-linux-gnu/bin/../lib/gcc/nios2-elf/5.3.0/../../../../../H-x86_64-pc-linux-gnu/nios2-elf/lib/mhw-mulx/libc.a(lib_a-fvwrite.o)
 .text.__sfvwrite_r
                0x000000008008877c      0x4bc /home/dsoldi/altera/16.1/nios2eds/bin/gnu/H-x86_64-pc-linux-gnu/bin/../lib/gcc/nios2-elf/5.3.0/../../../../../H-x86_64-pc-linux-gnu/nios2-elf/lib/mhw-mulx/libc.a(lib_a-fvwrite.o)
                0x000000008008877c                __sfvwrite_r
 .text          0x0000000080088c38        0x0 /home/dsoldi/altera/16.1/nios2eds/bin/gnu/H-x86_64-pc-linux-gnu/bin/../lib/gcc/nios2-elf/5.3.0/../../../../../H-x86_64-pc-linux-gnu/nios2-elf/lib/mhw-mulx/libc.a(lib_a-fwalk.o)
 .text._fwalk   0x0000000080088c38       0xc4 /home/dsoldi/altera/16.1/nios2eds/bin/gnu/H-x86_64-pc-linux-gnu/bin/../lib/gcc/nios2-elf/5.3.0/../../../../../H-x86_64-pc-linux-gnu/nios2-elf/lib/mhw-mulx/libc.a(lib_a-fwalk.o)
                0x0000000080088c38                _fwalk
 .text._fwalk_reent
                0x0000000080088cfc       0xc4 /home/dsoldi/altera/16.1/nios2eds/bin/gnu/H-x86_64-pc-linux-gnu/bin/../lib/gcc/nios2-elf/5.3.0/../../../../../H-x86_64-pc-linux-gnu/nios2-elf/lib/mhw-mulx/libc.a(lib_a-fwalk.o)
                0x0000000080088cfc                _fwalk_reent
 .text          0x0000000080088dc0        0x0 /home/dsoldi/altera/16.1/nios2eds/bin/gnu/H-x86_64-pc-linux-gnu/bin/../lib/gcc/nios2-elf/5.3.0/../../../../../H-x86_64-pc-linux-gnu/nios2-elf/lib/mhw-mulx/libc.a(lib_a-locale.o)
 .text._setlocale_r
                0x0000000080088dc0       0x7c /home/dsoldi/altera/16.1/nios2eds/bin/gnu/H-x86_64-pc-linux-gnu/bin/../lib/gcc/nios2-elf/5.3.0/../../../../../H-x86_64-pc-linux-gnu/nios2-elf/lib/mhw-mulx/libc.a(lib_a-locale.o)
                0x0000000080088dc0                _setlocale_r
 .text.__locale_charset
                0x0000000080088e3c        0xc /home/dsoldi/altera/16.1/nios2eds/bin/gnu/H-x86_64-pc-linux-gnu/bin/../lib/gcc/nios2-elf/5.3.0/../../../../../H-x86_64-pc-linux-gnu/nios2-elf/lib/mhw-mulx/libc.a(lib_a-locale.o)
                0x0000000080088e3c                __locale_charset
 .text.__locale_mb_cur_max
                0x0000000080088e48       0x10 /home/dsoldi/altera/16.1/nios2eds/bin/gnu/H-x86_64-pc-linux-gnu/bin/../lib/gcc/nios2-elf/5.3.0/../../../../../H-x86_64-pc-linux-gnu/nios2-elf/lib/mhw-mulx/libc.a(lib_a-locale.o)
                0x0000000080088e48                __locale_mb_cur_max
 .text.__locale_msgcharset
                0x0000000080088e58        0xc /home/dsoldi/altera/16.1/nios2eds/bin/gnu/H-x86_64-pc-linux-gnu/bin/../lib/gcc/nios2-elf/5.3.0/../../../../../H-x86_64-pc-linux-gnu/nios2-elf/lib/mhw-mulx/libc.a(lib_a-locale.o)
                0x0000000080088e58                __locale_msgcharset
 .text.__locale_cjk_lang
                0x0000000080088e64        0x8 /home/dsoldi/altera/16.1/nios2eds/bin/gnu/H-x86_64-pc-linux-gnu/bin/../lib/gcc/nios2-elf/5.3.0/../../../../../H-x86_64-pc-linux-gnu/nios2-elf/lib/mhw-mulx/libc.a(lib_a-locale.o)
                0x0000000080088e64                __locale_cjk_lang
 .text._localeconv_r
                0x0000000080088e6c        0xc /home/dsoldi/altera/16.1/nios2eds/bin/gnu/H-x86_64-pc-linux-gnu/bin/../lib/gcc/nios2-elf/5.3.0/../../../../../H-x86_64-pc-linux-gnu/nios2-elf/lib/mhw-mulx/libc.a(lib_a-locale.o)
                0x0000000080088e6c                _localeconv_r
 .text.setlocale
                0x0000000080088e78       0x18 /home/dsoldi/altera/16.1/nios2eds/bin/gnu/H-x86_64-pc-linux-gnu/bin/../lib/gcc/nios2-elf/5.3.0/../../../../../H-x86_64-pc-linux-gnu/nios2-elf/lib/mhw-mulx/libc.a(lib_a-locale.o)
                0x0000000080088e78                setlocale
 .text.localeconv
                0x0000000080088e90        0xc /home/dsoldi/altera/16.1/nios2eds/bin/gnu/H-x86_64-pc-linux-gnu/bin/../lib/gcc/nios2-elf/5.3.0/../../../../../H-x86_64-pc-linux-gnu/nios2-elf/lib/mhw-mulx/libc.a(lib_a-locale.o)
                0x0000000080088e90                localeconv
 .text          0x0000000080088e9c        0x0 /home/dsoldi/altera/16.1/nios2eds/bin/gnu/H-x86_64-pc-linux-gnu/bin/../lib/gcc/nios2-elf/5.3.0/../../../../../H-x86_64-pc-linux-gnu/nios2-elf/lib/mhw-mulx/libc.a(lib_a-makebuf.o)
 .text.__smakebuf_r
                0x0000000080088e9c      0x1bc /home/dsoldi/altera/16.1/nios2eds/bin/gnu/H-x86_64-pc-linux-gnu/bin/../lib/gcc/nios2-elf/5.3.0/../../../../../H-x86_64-pc-linux-gnu/nios2-elf/lib/mhw-mulx/libc.a(lib_a-makebuf.o)
                0x0000000080088e9c                __smakebuf_r
 .text          0x0000000080089058        0x0 /home/dsoldi/altera/16.1/nios2eds/bin/gnu/H-x86_64-pc-linux-gnu/bin/../lib/gcc/nios2-elf/5.3.0/../../../../../H-x86_64-pc-linux-gnu/nios2-elf/lib/mhw-mulx/libc.a(lib_a-mallocr.o)
 .text._malloc_r
                0x0000000080089058      0x80c /home/dsoldi/altera/16.1/nios2eds/bin/gnu/H-x86_64-pc-linux-gnu/bin/../lib/gcc/nios2-elf/5.3.0/../../../../../H-x86_64-pc-linux-gnu/nios2-elf/lib/mhw-mulx/libc.a(lib_a-mallocr.o)
                0x0000000080089058                _malloc_r
 .text          0x0000000080089864        0x0 /home/dsoldi/altera/16.1/nios2eds/bin/gnu/H-x86_64-pc-linux-gnu/bin/../lib/gcc/nios2-elf/5.3.0/../../../../../H-x86_64-pc-linux-gnu/nios2-elf/lib/mhw-mulx/libc.a(lib_a-memchr.o)
 .text.memchr   0x0000000080089864       0xe4 /home/dsoldi/altera/16.1/nios2eds/bin/gnu/H-x86_64-pc-linux-gnu/bin/../lib/gcc/nios2-elf/5.3.0/../../../../../H-x86_64-pc-linux-gnu/nios2-elf/lib/mhw-mulx/libc.a(lib_a-memchr.o)
                0x0000000080089864                memchr
 .text          0x0000000080089948        0x0 /home/dsoldi/altera/16.1/nios2eds/bin/gnu/H-x86_64-pc-linux-gnu/bin/../lib/gcc/nios2-elf/5.3.0/../../../../../H-x86_64-pc-linux-gnu/nios2-elf/lib/mhw-mulx/libc.a(lib_a-memcpy.o)
 .text.memcpy   0x0000000080089948      0x148 /home/dsoldi/altera/16.1/nios2eds/bin/gnu/H-x86_64-pc-linux-gnu/bin/../lib/gcc/nios2-elf/5.3.0/../../../../../H-x86_64-pc-linux-gnu/nios2-elf/lib/mhw-mulx/libc.a(lib_a-memcpy.o)
                0x0000000080089948                memcpy
 .text          0x0000000080089a90        0x0 /home/dsoldi/altera/16.1/nios2eds/bin/gnu/H-x86_64-pc-linux-gnu/bin/../lib/gcc/nios2-elf/5.3.0/../../../../../H-x86_64-pc-linux-gnu/nios2-elf/lib/mhw-mulx/libc.a(lib_a-memmove.o)
 .text.memmove  0x0000000080089a90      0x15c /home/dsoldi/altera/16.1/nios2eds/bin/gnu/H-x86_64-pc-linux-gnu/bin/../lib/gcc/nios2-elf/5.3.0/../../../../../H-x86_64-pc-linux-gnu/nios2-elf/lib/mhw-mulx/libc.a(lib_a-memmove.o)
                0x0000000080089a90                memmove
 .text          0x0000000080089bec        0x0 /home/dsoldi/altera/16.1/nios2eds/bin/gnu/H-x86_64-pc-linux-gnu/bin/../lib/gcc/nios2-elf/5.3.0/../../../../../H-x86_64-pc-linux-gnu/nios2-elf/lib/mhw-mulx/libc.a(lib_a-memset.o)
 .text.memset   0x0000000080089bec      0x128 /home/dsoldi/altera/16.1/nios2eds/bin/gnu/H-x86_64-pc-linux-gnu/bin/../lib/gcc/nios2-elf/5.3.0/../../../../../H-x86_64-pc-linux-gnu/nios2-elf/lib/mhw-mulx/libc.a(lib_a-memset.o)
                0x0000000080089bec                memset
 .text          0x0000000080089d14        0x0 /home/dsoldi/altera/16.1/nios2eds/bin/gnu/H-x86_64-pc-linux-gnu/bin/../lib/gcc/nios2-elf/5.3.0/../../../../../H-x86_64-pc-linux-gnu/nios2-elf/lib/mhw-mulx/libc.a(lib_a-mprec.o)
 .text._Balloc  0x0000000080089d14       0xa8 /home/dsoldi/altera/16.1/nios2eds/bin/gnu/H-x86_64-pc-linux-gnu/bin/../lib/gcc/nios2-elf/5.3.0/../../../../../H-x86_64-pc-linux-gnu/nios2-elf/lib/mhw-mulx/libc.a(lib_a-mprec.o)
                0x0000000080089d14                _Balloc
 .text._Bfree   0x0000000080089dbc       0x28 /home/dsoldi/altera/16.1/nios2eds/bin/gnu/H-x86_64-pc-linux-gnu/bin/../lib/gcc/nios2-elf/5.3.0/../../../../../H-x86_64-pc-linux-gnu/nios2-elf/lib/mhw-mulx/libc.a(lib_a-mprec.o)
                0x0000000080089dbc                _Bfree
 .text.__multadd
                0x0000000080089de4      0x120 /home/dsoldi/altera/16.1/nios2eds/bin/gnu/H-x86_64-pc-linux-gnu/bin/../lib/gcc/nios2-elf/5.3.0/../../../../../H-x86_64-pc-linux-gnu/nios2-elf/lib/mhw-mulx/libc.a(lib_a-mprec.o)
                0x0000000080089de4                __multadd
 .text.__s2b    0x0000000080089f04      0x104 /home/dsoldi/altera/16.1/nios2eds/bin/gnu/H-x86_64-pc-linux-gnu/bin/../lib/gcc/nios2-elf/5.3.0/../../../../../H-x86_64-pc-linux-gnu/nios2-elf/lib/mhw-mulx/libc.a(lib_a-mprec.o)
                0x0000000080089f04                __s2b
 .text.__hi0bits
                0x000000008008a008       0x68 /home/dsoldi/altera/16.1/nios2eds/bin/gnu/H-x86_64-pc-linux-gnu/bin/../lib/gcc/nios2-elf/5.3.0/../../../../../H-x86_64-pc-linux-gnu/nios2-elf/lib/mhw-mulx/libc.a(lib_a-mprec.o)
                0x000000008008a008                __hi0bits
 .text.__lo0bits
                0x000000008008a070       0xb0 /home/dsoldi/altera/16.1/nios2eds/bin/gnu/H-x86_64-pc-linux-gnu/bin/../lib/gcc/nios2-elf/5.3.0/../../../../../H-x86_64-pc-linux-gnu/nios2-elf/lib/mhw-mulx/libc.a(lib_a-mprec.o)
                0x000000008008a070                __lo0bits
 .text.__i2b    0x000000008008a120       0x3c /home/dsoldi/altera/16.1/nios2eds/bin/gnu/H-x86_64-pc-linux-gnu/bin/../lib/gcc/nios2-elf/5.3.0/../../../../../H-x86_64-pc-linux-gnu/nios2-elf/lib/mhw-mulx/libc.a(lib_a-mprec.o)
                0x000000008008a120                __i2b
 .text.__multiply
                0x000000008008a15c      0x1f8 /home/dsoldi/altera/16.1/nios2eds/bin/gnu/H-x86_64-pc-linux-gnu/bin/../lib/gcc/nios2-elf/5.3.0/../../../../../H-x86_64-pc-linux-gnu/nios2-elf/lib/mhw-mulx/libc.a(lib_a-mprec.o)
                0x000000008008a15c                __multiply
 .text.__pow5mult
                0x000000008008a354      0x140 /home/dsoldi/altera/16.1/nios2eds/bin/gnu/H-x86_64-pc-linux-gnu/bin/../lib/gcc/nios2-elf/5.3.0/../../../../../H-x86_64-pc-linux-gnu/nios2-elf/lib/mhw-mulx/libc.a(lib_a-mprec.o)
                0x000000008008a354                __pow5mult
 .text.__lshift
                0x000000008008a494      0x148 /home/dsoldi/altera/16.1/nios2eds/bin/gnu/H-x86_64-pc-linux-gnu/bin/../lib/gcc/nios2-elf/5.3.0/../../../../../H-x86_64-pc-linux-gnu/nios2-elf/lib/mhw-mulx/libc.a(lib_a-mprec.o)
                0x000000008008a494                __lshift
 .text.__mcmp   0x000000008008a5dc       0x60 /home/dsoldi/altera/16.1/nios2eds/bin/gnu/H-x86_64-pc-linux-gnu/bin/../lib/gcc/nios2-elf/5.3.0/../../../../../H-x86_64-pc-linux-gnu/nios2-elf/lib/mhw-mulx/libc.a(lib_a-mprec.o)
                0x000000008008a5dc                __mcmp
 .text.__mdiff  0x000000008008a63c      0x1fc /home/dsoldi/altera/16.1/nios2eds/bin/gnu/H-x86_64-pc-linux-gnu/bin/../lib/gcc/nios2-elf/5.3.0/../../../../../H-x86_64-pc-linux-gnu/nios2-elf/lib/mhw-mulx/libc.a(lib_a-mprec.o)
                0x000000008008a63c                __mdiff
 .text.__ulp    0x000000008008a838       0x64 /home/dsoldi/altera/16.1/nios2eds/bin/gnu/H-x86_64-pc-linux-gnu/bin/../lib/gcc/nios2-elf/5.3.0/../../../../../H-x86_64-pc-linux-gnu/nios2-elf/lib/mhw-mulx/libc.a(lib_a-mprec.o)
                0x000000008008a838                __ulp
 .text.__b2d    0x000000008008a89c      0x10c /home/dsoldi/altera/16.1/nios2eds/bin/gnu/H-x86_64-pc-linux-gnu/bin/../lib/gcc/nios2-elf/5.3.0/../../../../../H-x86_64-pc-linux-gnu/nios2-elf/lib/mhw-mulx/libc.a(lib_a-mprec.o)
                0x000000008008a89c                __b2d
 .text.__d2b    0x000000008008a9a8      0x14c /home/dsoldi/altera/16.1/nios2eds/bin/gnu/H-x86_64-pc-linux-gnu/bin/../lib/gcc/nios2-elf/5.3.0/../../../../../H-x86_64-pc-linux-gnu/nios2-elf/lib/mhw-mulx/libc.a(lib_a-mprec.o)
                0x000000008008a9a8                __d2b
 .text.__ratio  0x000000008008aaf4       0xa4 /home/dsoldi/altera/16.1/nios2eds/bin/gnu/H-x86_64-pc-linux-gnu/bin/../lib/gcc/nios2-elf/5.3.0/../../../../../H-x86_64-pc-linux-gnu/nios2-elf/lib/mhw-mulx/libc.a(lib_a-mprec.o)
                0x000000008008aaf4                __ratio
 .text._mprec_log10
                0x000000008008ab98       0x74 /home/dsoldi/altera/16.1/nios2eds/bin/gnu/H-x86_64-pc-linux-gnu/bin/../lib/gcc/nios2-elf/5.3.0/../../../../../H-x86_64-pc-linux-gnu/nios2-elf/lib/mhw-mulx/libc.a(lib_a-mprec.o)
                0x000000008008ab98                _mprec_log10
 .text.__copybits
                0x000000008008ac0c       0x78 /home/dsoldi/altera/16.1/nios2eds/bin/gnu/H-x86_64-pc-linux-gnu/bin/../lib/gcc/nios2-elf/5.3.0/../../../../../H-x86_64-pc-linux-gnu/nios2-elf/lib/mhw-mulx/libc.a(lib_a-mprec.o)
                0x000000008008ac0c                __copybits
 .text.__any_on
                0x000000008008ac84       0x8c /home/dsoldi/altera/16.1/nios2eds/bin/gnu/H-x86_64-pc-linux-gnu/bin/../lib/gcc/nios2-elf/5.3.0/../../../../../H-x86_64-pc-linux-gnu/nios2-elf/lib/mhw-mulx/libc.a(lib_a-mprec.o)
                0x000000008008ac84                __any_on
 .text          0x000000008008ad10        0x0 /home/dsoldi/altera/16.1/nios2eds/bin/gnu/H-x86_64-pc-linux-gnu/bin/../lib/gcc/nios2-elf/5.3.0/../../../../../H-x86_64-pc-linux-gnu/nios2-elf/lib/mhw-mulx/libc.a(lib_a-reallocr.o)
 .text._realloc_r
                0x000000008008ad10      0x564 /home/dsoldi/altera/16.1/nios2eds/bin/gnu/H-x86_64-pc-linux-gnu/bin/../lib/gcc/nios2-elf/5.3.0/../../../../../H-x86_64-pc-linux-gnu/nios2-elf/lib/mhw-mulx/libc.a(lib_a-reallocr.o)
                0x000000008008ad10                _realloc_r
 .text          0x000000008008b274        0x0 /home/dsoldi/altera/16.1/nios2eds/bin/gnu/H-x86_64-pc-linux-gnu/bin/../lib/gcc/nios2-elf/5.3.0/../../../../../H-x86_64-pc-linux-gnu/nios2-elf/lib/mhw-mulx/libc.a(lib_a-refill.o)
 .text.lflush   0x000000008008b274       0x1c /home/dsoldi/altera/16.1/nios2eds/bin/gnu/H-x86_64-pc-linux-gnu/bin/../lib/gcc/nios2-elf/5.3.0/../../../../../H-x86_64-pc-linux-gnu/nios2-elf/lib/mhw-mulx/libc.a(lib_a-refill.o)
 .text.__srefill_r
                0x000000008008b290      0x1d4 /home/dsoldi/altera/16.1/nios2eds/bin/gnu/H-x86_64-pc-linux-gnu/bin/../lib/gcc/nios2-elf/5.3.0/../../../../../H-x86_64-pc-linux-gnu/nios2-elf/lib/mhw-mulx/libc.a(lib_a-refill.o)
                0x000000008008b290                __srefill_r
 .text          0x000000008008b464        0x0 /home/dsoldi/altera/16.1/nios2eds/bin/gnu/H-x86_64-pc-linux-gnu/bin/../lib/gcc/nios2-elf/5.3.0/../../../../../H-x86_64-pc-linux-gnu/nios2-elf/lib/mhw-mulx/libc.a(lib_a-s_fpclassify.o)
 .text.__fpclassifyd
                0x000000008008b464       0x74 /home/dsoldi/altera/16.1/nios2eds/bin/gnu/H-x86_64-pc-linux-gnu/bin/../lib/gcc/nios2-elf/5.3.0/../../../../../H-x86_64-pc-linux-gnu/nios2-elf/lib/mhw-mulx/libc.a(lib_a-s_fpclassify.o)
                0x000000008008b464                __fpclassifyd
 .text          0x000000008008b4d8        0x0 /home/dsoldi/altera/16.1/nios2eds/bin/gnu/H-x86_64-pc-linux-gnu/bin/../lib/gcc/nios2-elf/5.3.0/../../../../../H-x86_64-pc-linux-gnu/nios2-elf/lib/mhw-mulx/libc.a(lib_a-sbrkr.o)
 .text._sbrk_r  0x000000008008b4d8       0x54 /home/dsoldi/altera/16.1/nios2eds/bin/gnu/H-x86_64-pc-linux-gnu/bin/../lib/gcc/nios2-elf/5.3.0/../../../../../H-x86_64-pc-linux-gnu/nios2-elf/lib/mhw-mulx/libc.a(lib_a-sbrkr.o)
                0x000000008008b4d8                _sbrk_r
 .text          0x000000008008b52c        0x0 /home/dsoldi/altera/16.1/nios2eds/bin/gnu/H-x86_64-pc-linux-gnu/bin/../lib/gcc/nios2-elf/5.3.0/../../../../../H-x86_64-pc-linux-gnu/nios2-elf/lib/mhw-mulx/libc.a(lib_a-stdio.o)
 .text.__sread  0x000000008008b52c       0x54 /home/dsoldi/altera/16.1/nios2eds/bin/gnu/H-x86_64-pc-linux-gnu/bin/../lib/gcc/nios2-elf/5.3.0/../../../../../H-x86_64-pc-linux-gnu/nios2-elf/lib/mhw-mulx/libc.a(lib_a-stdio.o)
                0x000000008008b52c                __sread
 .text.__seofread
                0x000000008008b580        0x8 /home/dsoldi/altera/16.1/nios2eds/bin/gnu/H-x86_64-pc-linux-gnu/bin/../lib/gcc/nios2-elf/5.3.0/../../../../../H-x86_64-pc-linux-gnu/nios2-elf/lib/mhw-mulx/libc.a(lib_a-stdio.o)
                0x000000008008b580                __seofread
 .text.__swrite
                0x000000008008b588       0x7c /home/dsoldi/altera/16.1/nios2eds/bin/gnu/H-x86_64-pc-linux-gnu/bin/../lib/gcc/nios2-elf/5.3.0/../../../../../H-x86_64-pc-linux-gnu/nios2-elf/lib/mhw-mulx/libc.a(lib_a-stdio.o)
                0x000000008008b588                __swrite
 .text.__sseek  0x000000008008b604       0x5c /home/dsoldi/altera/16.1/nios2eds/bin/gnu/H-x86_64-pc-linux-gnu/bin/../lib/gcc/nios2-elf/5.3.0/../../../../../H-x86_64-pc-linux-gnu/nios2-elf/lib/mhw-mulx/libc.a(lib_a-stdio.o)
                0x000000008008b604                __sseek
 .text.__sclose
                0x000000008008b660        0x8 /home/dsoldi/altera/16.1/nios2eds/bin/gnu/H-x86_64-pc-linux-gnu/bin/../lib/gcc/nios2-elf/5.3.0/../../../../../H-x86_64-pc-linux-gnu/nios2-elf/lib/mhw-mulx/libc.a(lib_a-stdio.o)
                0x000000008008b660                __sclose
 .text          0x000000008008b668        0x0 /home/dsoldi/altera/16.1/nios2eds/bin/gnu/H-x86_64-pc-linux-gnu/bin/../lib/gcc/nios2-elf/5.3.0/../../../../../H-x86_64-pc-linux-gnu/nios2-elf/lib/mhw-mulx/libc.a(lib_a-strcmp.o)
 .text.strcmp   0x000000008008b668       0xdc /home/dsoldi/altera/16.1/nios2eds/bin/gnu/H-x86_64-pc-linux-gnu/bin/../lib/gcc/nios2-elf/5.3.0/../../../../../H-x86_64-pc-linux-gnu/nios2-elf/lib/mhw-mulx/libc.a(lib_a-strcmp.o)
                0x000000008008b668                strcmp
 .text          0x000000008008b744        0x0 /home/dsoldi/altera/16.1/nios2eds/bin/gnu/H-x86_64-pc-linux-gnu/bin/../lib/gcc/nios2-elf/5.3.0/../../../../../H-x86_64-pc-linux-gnu/nios2-elf/lib/mhw-mulx/libc.a(lib_a-svfiprintf.o)
 .text.__ssprint_r
                0x000000008008b744      0x1d0 /home/dsoldi/altera/16.1/nios2eds/bin/gnu/H-x86_64-pc-linux-gnu/bin/../lib/gcc/nios2-elf/5.3.0/../../../../../H-x86_64-pc-linux-gnu/nios2-elf/lib/mhw-mulx/libc.a(lib_a-svfiprintf.o)
                0x000000008008b744                __ssprint_r
 .text.___svfiprintf_internal_r
                0x000000008008b914     0x123c /home/dsoldi/altera/16.1/nios2eds/bin/gnu/H-x86_64-pc-linux-gnu/bin/../lib/gcc/nios2-elf/5.3.0/../../../../../H-x86_64-pc-linux-gnu/nios2-elf/lib/mhw-mulx/libc.a(lib_a-svfiprintf.o)
                0x000000008008b914                ___svfiprintf_internal_r
 .text          0x000000008008cb50        0x0 /home/dsoldi/altera/16.1/nios2eds/bin/gnu/H-x86_64-pc-linux-gnu/bin/../lib/gcc/nios2-elf/5.3.0/../../../../../H-x86_64-pc-linux-gnu/nios2-elf/lib/mhw-mulx/libc.a(lib_a-vfiprintf.o)
 .text.__sprint_r.part.0
                0x000000008008cb50       0xfc /home/dsoldi/altera/16.1/nios2eds/bin/gnu/H-x86_64-pc-linux-gnu/bin/../lib/gcc/nios2-elf/5.3.0/../../../../../H-x86_64-pc-linux-gnu/nios2-elf/lib/mhw-mulx/libc.a(lib_a-vfiprintf.o)
 .text.__sprint_r
                0x000000008008cc4c       0x18 /home/dsoldi/altera/16.1/nios2eds/bin/gnu/H-x86_64-pc-linux-gnu/bin/../lib/gcc/nios2-elf/5.3.0/../../../../../H-x86_64-pc-linux-gnu/nios2-elf/lib/mhw-mulx/libc.a(lib_a-vfiprintf.o)
                0x000000008008cc4c                __sprint_r
 .text.___vfiprintf_internal_r
                0x000000008008cc64     0x145c /home/dsoldi/altera/16.1/nios2eds/bin/gnu/H-x86_64-pc-linux-gnu/bin/../lib/gcc/nios2-elf/5.3.0/../../../../../H-x86_64-pc-linux-gnu/nios2-elf/lib/mhw-mulx/libc.a(lib_a-vfiprintf.o)
                0x000000008008cc64                ___vfiprintf_internal_r
 .text.__vfiprintf_internal
                0x000000008008e0c0       0x1c /home/dsoldi/altera/16.1/nios2eds/bin/gnu/H-x86_64-pc-linux-gnu/bin/../lib/gcc/nios2-elf/5.3.0/../../../../../H-x86_64-pc-linux-gnu/nios2-elf/lib/mhw-mulx/libc.a(lib_a-vfiprintf.o)
                0x000000008008e0c0                __vfiprintf_internal
 .text.__sbprintf
                0x000000008008e0dc       0xbc /home/dsoldi/altera/16.1/nios2eds/bin/gnu/H-x86_64-pc-linux-gnu/bin/../lib/gcc/nios2-elf/5.3.0/../../../../../H-x86_64-pc-linux-gnu/nios2-elf/lib/mhw-mulx/libc.a(lib_a-vfiprintf.o)
 .text          0x000000008008e198        0x0 /home/dsoldi/altera/16.1/nios2eds/bin/gnu/H-x86_64-pc-linux-gnu/bin/../lib/gcc/nios2-elf/5.3.0/../../../../../H-x86_64-pc-linux-gnu/nios2-elf/lib/mhw-mulx/libc.a(lib_a-writer.o)
 .text._write_r
                0x000000008008e198       0x60 /home/dsoldi/altera/16.1/nios2eds/bin/gnu/H-x86_64-pc-linux-gnu/bin/../lib/gcc/nios2-elf/5.3.0/../../../../../H-x86_64-pc-linux-gnu/nios2-elf/lib/mhw-mulx/libc.a(lib_a-writer.o)
                0x000000008008e198                _write_r
 .text          0x000000008008e1f8        0x0 /home/dsoldi/altera/16.1/nios2eds/bin/gnu/H-x86_64-pc-linux-gnu/bin/../lib/gcc/nios2-elf/5.3.0/../../../../../H-x86_64-pc-linux-gnu/nios2-elf/lib/mhw-mulx/libc.a(closer.o)
 .text._close_r
                0x000000008008e1f8       0x54 /home/dsoldi/altera/16.1/nios2eds/bin/gnu/H-x86_64-pc-linux-gnu/bin/../lib/gcc/nios2-elf/5.3.0/../../../../../H-x86_64-pc-linux-gnu/nios2-elf/lib/mhw-mulx/libc.a(closer.o)
                0x000000008008e1f8                _close_r
 .text          0x000000008008e24c        0x0 /home/dsoldi/altera/16.1/nios2eds/bin/gnu/H-x86_64-pc-linux-gnu/bin/../lib/gcc/nios2-elf/5.3.0/../../../../../H-x86_64-pc-linux-gnu/nios2-elf/lib/mhw-mulx/libc.a(lib_a-callocr.o)
 .text._calloc_r
                0x000000008008e24c       0xc4 /home/dsoldi/altera/16.1/nios2eds/bin/gnu/H-x86_64-pc-linux-gnu/bin/../lib/gcc/nios2-elf/5.3.0/../../../../../H-x86_64-pc-linux-gnu/nios2-elf/lib/mhw-mulx/libc.a(lib_a-callocr.o)
                0x000000008008e24c                _calloc_r
 .text          0x000000008008e310        0x0 /home/dsoldi/altera/16.1/nios2eds/bin/gnu/H-x86_64-pc-linux-gnu/bin/../lib/gcc/nios2-elf/5.3.0/../../../../../H-x86_64-pc-linux-gnu/nios2-elf/lib/mhw-mulx/libc.a(lib_a-fclose.o)
 .text._fclose_r
                0x000000008008e310       0xf0 /home/dsoldi/altera/16.1/nios2eds/bin/gnu/H-x86_64-pc-linux-gnu/bin/../lib/gcc/nios2-elf/5.3.0/../../../../../H-x86_64-pc-linux-gnu/nios2-elf/lib/mhw-mulx/libc.a(lib_a-fclose.o)
                0x000000008008e310                _fclose_r
 .text.fclose   0x000000008008e400       0x14 /home/dsoldi/altera/16.1/nios2eds/bin/gnu/H-x86_64-pc-linux-gnu/bin/../lib/gcc/nios2-elf/5.3.0/../../../../../H-x86_64-pc-linux-gnu/nios2-elf/lib/mhw-mulx/libc.a(lib_a-fclose.o)
                0x000000008008e400                fclose
 .text          0x000000008008e414        0x0 /home/dsoldi/altera/16.1/nios2eds/bin/gnu/H-x86_64-pc-linux-gnu/bin/../lib/gcc/nios2-elf/5.3.0/../../../../../H-x86_64-pc-linux-gnu/nios2-elf/lib/mhw-mulx/libc.a(lib_a-fputwc.o)
 .text.__fputwc
                0x000000008008e414      0x164 /home/dsoldi/altera/16.1/nios2eds/bin/gnu/H-x86_64-pc-linux-gnu/bin/../lib/gcc/nios2-elf/5.3.0/../../../../../H-x86_64-pc-linux-gnu/nios2-elf/lib/mhw-mulx/libc.a(lib_a-fputwc.o)
                0x000000008008e414                __fputwc
 .text._fputwc_r
                0x000000008008e578       0x24 /home/dsoldi/altera/16.1/nios2eds/bin/gnu/H-x86_64-pc-linux-gnu/bin/../lib/gcc/nios2-elf/5.3.0/../../../../../H-x86_64-pc-linux-gnu/nios2-elf/lib/mhw-mulx/libc.a(lib_a-fputwc.o)
                0x000000008008e578                _fputwc_r
 .text.fputwc   0x000000008008e59c       0x80 /home/dsoldi/altera/16.1/nios2eds/bin/gnu/H-x86_64-pc-linux-gnu/bin/../lib/gcc/nios2-elf/5.3.0/../../../../../H-x86_64-pc-linux-gnu/nios2-elf/lib/mhw-mulx/libc.a(lib_a-fputwc.o)
                0x000000008008e59c                fputwc
 .text          0x000000008008e61c        0x0 /home/dsoldi/altera/16.1/nios2eds/bin/gnu/H-x86_64-pc-linux-gnu/bin/../lib/gcc/nios2-elf/5.3.0/../../../../../H-x86_64-pc-linux-gnu/nios2-elf/lib/mhw-mulx/libc.a(lib_a-fstatr.o)
 .text._fstat_r
                0x000000008008e61c       0x5c /home/dsoldi/altera/16.1/nios2eds/bin/gnu/H-x86_64-pc-linux-gnu/bin/../lib/gcc/nios2-elf/5.3.0/../../../../../H-x86_64-pc-linux-gnu/nios2-elf/lib/mhw-mulx/libc.a(lib_a-fstatr.o)
                0x000000008008e61c                _fstat_r
 .text          0x000000008008e678        0x0 /home/dsoldi/altera/16.1/nios2eds/bin/gnu/H-x86_64-pc-linux-gnu/bin/../lib/gcc/nios2-elf/5.3.0/../../../../../H-x86_64-pc-linux-gnu/nios2-elf/lib/mhw-mulx/libc.a(lib_a-int_errno.o)
 .text          0x000000008008e678        0x0 /home/dsoldi/altera/16.1/nios2eds/bin/gnu/H-x86_64-pc-linux-gnu/bin/../lib/gcc/nios2-elf/5.3.0/../../../../../H-x86_64-pc-linux-gnu/nios2-elf/lib/mhw-mulx/libc.a(lib_a-isattyr.o)
 .text._isatty_r
                0x000000008008e678       0x54 /home/dsoldi/altera/16.1/nios2eds/bin/gnu/H-x86_64-pc-linux-gnu/bin/../lib/gcc/nios2-elf/5.3.0/../../../../../H-x86_64-pc-linux-gnu/nios2-elf/lib/mhw-mulx/libc.a(lib_a-isattyr.o)
                0x000000008008e678                _isatty_r
 .text          0x000000008008e6cc        0x0 /home/dsoldi/altera/16.1/nios2eds/bin/gnu/H-x86_64-pc-linux-gnu/bin/../lib/gcc/nios2-elf/5.3.0/../../../../../H-x86_64-pc-linux-gnu/nios2-elf/lib/mhw-mulx/libc.a(lib_a-lseekr.o)
 .text._lseek_r
                0x000000008008e6cc       0x60 /home/dsoldi/altera/16.1/nios2eds/bin/gnu/H-x86_64-pc-linux-gnu/bin/../lib/gcc/nios2-elf/5.3.0/../../../../../H-x86_64-pc-linux-gnu/nios2-elf/lib/mhw-mulx/libc.a(lib_a-lseekr.o)
                0x000000008008e6cc                _lseek_r
 .text          0x000000008008e72c        0x0 /home/dsoldi/altera/16.1/nios2eds/bin/gnu/H-x86_64-pc-linux-gnu/bin/../lib/gcc/nios2-elf/5.3.0/../../../../../H-x86_64-pc-linux-gnu/nios2-elf/lib/mhw-mulx/libc.a(lib_a-readr.o)
 .text._read_r  0x000000008008e72c       0x60 /home/dsoldi/altera/16.1/nios2eds/bin/gnu/H-x86_64-pc-linux-gnu/bin/../lib/gcc/nios2-elf/5.3.0/../../../../../H-x86_64-pc-linux-gnu/nios2-elf/lib/mhw-mulx/libc.a(lib_a-readr.o)
                0x000000008008e72c                _read_r
 .text          0x000000008008e78c        0x0 /home/dsoldi/altera/16.1/nios2eds/bin/gnu/H-x86_64-pc-linux-gnu/bin/../lib/gcc/nios2-elf/5.3.0/../../../../../H-x86_64-pc-linux-gnu/nios2-elf/lib/mhw-mulx/libc.a(lib_a-wbuf.o)
 .text.__swbuf_r
                0x000000008008e78c      0x140 /home/dsoldi/altera/16.1/nios2eds/bin/gnu/H-x86_64-pc-linux-gnu/bin/../lib/gcc/nios2-elf/5.3.0/../../../../../H-x86_64-pc-linux-gnu/nios2-elf/lib/mhw-mulx/libc.a(lib_a-wbuf.o)
                0x000000008008e78c                __swbuf_r
 .text.__swbuf  0x000000008008e8cc       0x18 /home/dsoldi/altera/16.1/nios2eds/bin/gnu/H-x86_64-pc-linux-gnu/bin/../lib/gcc/nios2-elf/5.3.0/../../../../../H-x86_64-pc-linux-gnu/nios2-elf/lib/mhw-mulx/libc.a(lib_a-wbuf.o)
                0x000000008008e8cc                __swbuf
 .text          0x000000008008e8e4        0x0 /home/dsoldi/altera/16.1/nios2eds/bin/gnu/H-x86_64-pc-linux-gnu/bin/../lib/gcc/nios2-elf/5.3.0/../../../../../H-x86_64-pc-linux-gnu/nios2-elf/lib/mhw-mulx/libc.a(lib_a-wcrtomb.o)
 .text._wcrtomb_r
                0x000000008008e8e4       0x9c /home/dsoldi/altera/16.1/nios2eds/bin/gnu/H-x86_64-pc-linux-gnu/bin/../lib/gcc/nios2-elf/5.3.0/../../../../../H-x86_64-pc-linux-gnu/nios2-elf/lib/mhw-mulx/libc.a(lib_a-wcrtomb.o)
                0x000000008008e8e4                _wcrtomb_r
 .text.wcrtomb  0x000000008008e980       0xc0 /home/dsoldi/altera/16.1/nios2eds/bin/gnu/H-x86_64-pc-linux-gnu/bin/../lib/gcc/nios2-elf/5.3.0/../../../../../H-x86_64-pc-linux-gnu/nios2-elf/lib/mhw-mulx/libc.a(lib_a-wcrtomb.o)
                0x000000008008e980                wcrtomb
 .text          0x000000008008ea40        0x0 /home/dsoldi/altera/16.1/nios2eds/bin/gnu/H-x86_64-pc-linux-gnu/bin/../lib/gcc/nios2-elf/5.3.0/../../../../../H-x86_64-pc-linux-gnu/nios2-elf/lib/mhw-mulx/libc.a(lib_a-wctomb_r.o)
 .text.__ascii_wctomb
                0x000000008008ea40       0x30 /home/dsoldi/altera/16.1/nios2eds/bin/gnu/H-x86_64-pc-linux-gnu/bin/../lib/gcc/nios2-elf/5.3.0/../../../../../H-x86_64-pc-linux-gnu/nios2-elf/lib/mhw-mulx/libc.a(lib_a-wctomb_r.o)
                0x000000008008ea40                __ascii_wctomb
 .text._wctomb_r
                0x000000008008ea70       0x5c /home/dsoldi/altera/16.1/nios2eds/bin/gnu/H-x86_64-pc-linux-gnu/bin/../lib/gcc/nios2-elf/5.3.0/../../../../../H-x86_64-pc-linux-gnu/nios2-elf/lib/mhw-mulx/libc.a(lib_a-wctomb_r.o)
                0x000000008008ea70                _wctomb_r
 .text          0x000000008008eacc      0x578 /home/dsoldi/altera/16.1/nios2eds/bin/gnu/H-x86_64-pc-linux-gnu/bin/../lib/gcc/nios2-elf/5.3.0/mhw-mulx/libgcc.a(_udivdi3.o)
                0x000000008008eacc                __udivdi3
 .text          0x000000008008f044      0x538 /home/dsoldi/altera/16.1/nios2eds/bin/gnu/H-x86_64-pc-linux-gnu/bin/../lib/gcc/nios2-elf/5.3.0/mhw-mulx/libgcc.a(_umoddi3.o)
                0x000000008008f044                __umoddi3
 .text          0x000000008008f57c      0x1b4 /home/dsoldi/altera/16.1/nios2eds/bin/gnu/H-x86_64-pc-linux-gnu/bin/../lib/gcc/nios2-elf/5.3.0/mhw-mulx/libgcc.a(lib2-divmod.o)
                0x000000008008f57c                __divsi3
                0x000000008008f600                __modsi3
                0x000000008008f674                __udivsi3
                0x000000008008f6d8                __umodsi3
 .text          0x000000008008f730      0x8ac /home/dsoldi/altera/16.1/nios2eds/bin/gnu/H-x86_64-pc-linux-gnu/bin/../lib/gcc/nios2-elf/5.3.0/mhw-mulx/libgcc.a(adddf3.o)
                0x000000008008f730                __adddf3
 .text          0x000000008008ffdc      0x8e8 /home/dsoldi/altera/16.1/nios2eds/bin/gnu/H-x86_64-pc-linux-gnu/bin/../lib/gcc/nios2-elf/5.3.0/mhw-mulx/libgcc.a(divdf3.o)
                0x000000008008ffdc                __divdf3
 .text          0x00000000800908c4       0x88 /home/dsoldi/altera/16.1/nios2eds/bin/gnu/H-x86_64-pc-linux-gnu/bin/../lib/gcc/nios2-elf/5.3.0/mhw-mulx/libgcc.a(eqdf2.o)
                0x00000000800908c4                __eqdf2
                0x00000000800908c4                __nedf2
 .text          0x000000008009094c       0xf4 /home/dsoldi/altera/16.1/nios2eds/bin/gnu/H-x86_64-pc-linux-gnu/bin/../lib/gcc/nios2-elf/5.3.0/mhw-mulx/libgcc.a(ledf2.o)
                0x000000008009094c                __ltdf2
                0x000000008009094c                __ledf2
 .text          0x0000000080090a40      0x8fc /home/dsoldi/altera/16.1/nios2eds/bin/gnu/H-x86_64-pc-linux-gnu/bin/../lib/gcc/nios2-elf/5.3.0/mhw-mulx/libgcc.a(subdf3.o)
                0x0000000080090a40                __subdf3
 .text          0x000000008009133c       0x80 /home/dsoldi/altera/16.1/nios2eds/bin/gnu/H-x86_64-pc-linux-gnu/bin/../lib/gcc/nios2-elf/5.3.0/mhw-mulx/libgcc.a(fixdfsi.o)
                0x000000008009133c                __fixdfsi
 .text          0x00000000800913bc       0xdc /home/dsoldi/altera/16.1/nios2eds/bin/gnu/H-x86_64-pc-linux-gnu/bin/../lib/gcc/nios2-elf/5.3.0/mhw-mulx/libgcc.a(floatsidf.o)
                0x00000000800913bc                __floatsidf
 .text          0x0000000080091498      0x10c ../testbench_ls_bsp//libhal_bsp.a(alt_close.o)
                0x00000000800914d4                close
 .text          0x00000000800915a4       0x2c ../testbench_ls_bsp//libhal_bsp.a(alt_dev.o)
 .text          0x00000000800915d0        0x0 ../testbench_ls_bsp//libhal_bsp.a(alt_errno.o)
 .text          0x00000000800915d0       0xec ../testbench_ls_bsp//libhal_bsp.a(alt_fstat.o)
                0x000000008009160c                fstat
 .text          0x00000000800916bc       0xe0 ../testbench_ls_bsp//libhal_bsp.a(alt_isatty.o)
                0x00000000800916f8                isatty
 .text          0x000000008009179c       0xec ../testbench_ls_bsp//libhal_bsp.a(alt_load.o)
                0x0000000080091804                alt_load
 .text          0x0000000080091888      0x110 ../testbench_ls_bsp//libhal_bsp.a(alt_lseek.o)
                0x00000000800918c4                lseek
 .text          0x0000000080091998       0x7c ../testbench_ls_bsp//libhal_bsp.a(alt_main.o)
                0x0000000080091998                alt_main
 .text          0x0000000080091a14       0x48 ../testbench_ls_bsp//libhal_bsp.a(alt_malloc_lock.o)
                0x0000000080091a14                __malloc_lock
                0x0000000080091a38                __malloc_unlock
 .text          0x0000000080091a5c      0x138 ../testbench_ls_bsp//libhal_bsp.a(alt_read.o)
                0x0000000080091a98                read
 .text          0x0000000080091b94       0x64 ../testbench_ls_bsp//libhal_bsp.a(alt_release_fd.o)
                0x0000000080091b94                alt_release_fd
 .text          0x0000000080091bf8       0xb0 ../testbench_ls_bsp//libhal_bsp.a(alt_sbrk.o)
                0x0000000080091bf8                sbrk
 .text          0x0000000080091ca8      0x1a4 ../testbench_ls_bsp//libhal_bsp.a(alt_tick.o)
                0x0000000080091ca8                alt_alarm_stop
                0x0000000080091d44                alt_tick
 .text          0x0000000080091e4c      0x134 ../testbench_ls_bsp//libhal_bsp.a(alt_write.o)
                0x0000000080091e88                write
 .text          0x0000000080091f80      0x1d4 ../testbench_ls_bsp//libhal_bsp.a(alt_sys_init.o)
                0x0000000080091fb4                alt_irq_init
                0x0000000080091fec                alt_sys_init
 .text          0x0000000080092154      0x164 ../testbench_ls_bsp//libhal_bsp.a(altera_avalon_jtag_uart_fd.o)
                0x0000000080092154                altera_avalon_jtag_uart_read_fd
                0x00000000800921b4                altera_avalon_jtag_uart_write_fd
                0x0000000080092214                altera_avalon_jtag_uart_close_fd
                0x0000000080092264                altera_avalon_jtag_uart_ioctl_fd
 .text          0x00000000800922b8      0x3d4 ../testbench_ls_bsp//libhal_bsp.a(altera_avalon_jtag_uart_init.o)
                0x00000000800922b8                altera_avalon_jtag_uart_init
                0x0000000080092624                altera_avalon_jtag_uart_close
 .text          0x000000008009268c       0xf0 ../testbench_ls_bsp//libhal_bsp.a(altera_avalon_jtag_uart_ioctl.o)
                0x000000008009268c                altera_avalon_jtag_uart_ioctl
 .text          0x000000008009277c      0x21c ../testbench_ls_bsp//libhal_bsp.a(altera_avalon_jtag_uart_read.o)
                0x000000008009277c                altera_avalon_jtag_uart_read
 .text          0x0000000080092998      0x224 ../testbench_ls_bsp//libhal_bsp.a(altera_avalon_jtag_uart_write.o)
                0x0000000080092998                altera_avalon_jtag_uart_write
 .text          0x0000000080092bbc       0xf4 ../testbench_ls_bsp//libhal_bsp.a(altera_avalon_timer_sc.o)
                0x0000000080092c34                alt_avalon_timer_sc_init
 .text          0x0000000080092cb0     0x1e7c ../testbench_ls_bsp//libhal_bsp.a(altera_msgdma.o)
                0x0000000080093858                alt_msgdma_construct_standard_st_to_mm_descriptor
                0x00000000800938b0                alt_msgdma_construct_standard_mm_to_st_descriptor
                0x0000000080093908                alt_msgdma_construct_standard_mm_to_mm_descriptor
                0x0000000080093960                alt_msgdma_construct_extended_st_to_mm_descriptor
                0x00000000800939f0                alt_msgdma_construct_extended_mm_to_st_descriptor
                0x0000000080093a80                alt_msgdma_construct_extended_mm_to_mm_descriptor
                0x0000000080093d60                alt_msgdma_construct_prefetcher_standard_mm_to_mm_descriptor
                0x0000000080093db8                alt_msgdma_construct_prefetcher_standard_st_to_mm_descriptor
                0x0000000080093e10                alt_msgdma_construct_prefetcher_standard_mm_to_st_descriptor
                0x0000000080093e68                alt_msgdma_construct_prefetcher_extended_st_to_mm_descriptor
                0x0000000080093f08                alt_msgdma_construct_prefetcher_extended_mm_to_st_descriptor
                0x0000000080093fa0                alt_msgdma_construct_prefetcher_extended_mm_to_mm_descriptor
                0x0000000080094058                alt_msgdma_prefetcher_add_standard_desc_to_list
                0x0000000080094148                alt_msgdma_prefetcher_add_extended_desc_to_list
                0x00000000800942e0                alt_msgdma_prefetcher_set_std_list_own_by_hw_bits
                0x0000000080094378                alt_msgdma_prefetcher_set_extd_list_own_by_hw_bits
                0x000000008009444c                alt_msgdma_start_prefetcher_with_list_addr
                0x000000008009470c                alt_msgdma_start_prefetcher_with_std_desc_list
                0x0000000080094798                alt_msgdma_start_prefetcher_with_extd_desc_list
                0x0000000080094824                alt_msgdma_open
                0x000000008009487c                alt_msgdma_init
                0x00000000800949e8                alt_msgdma_register_callback
                0x0000000080094a3c                alt_msgdma_standard_descriptor_async_transfer
                0x0000000080094a78                alt_msgdma_extended_descriptor_async_transfer
                0x0000000080094ab4                alt_msgdma_standard_descriptor_sync_transfer
                0x0000000080094af0                alt_msgdma_extended_descriptor_sync_transfer
 .text          0x0000000080094b2c      0x12c ../testbench_ls_bsp//libhal_bsp.a(alt_alarm_start.o)
                0x0000000080094b2c                alt_alarm_start
 .text          0x0000000080094c58      0x158 ../testbench_ls_bsp//libhal_bsp.a(alt_busy_sleep.o)
                0x0000000080094c58                alt_busy_sleep
 .text          0x0000000080094db0       0x48 ../testbench_ls_bsp//libhal_bsp.a(alt_dcache_flush_all.o)
                0x0000000080094db0                alt_dcache_flush_all
 .text          0x0000000080094df8       0xe0 ../testbench_ls_bsp//libhal_bsp.a(alt_dev_llist_insert.o)
                0x0000000080094e34                alt_dev_llist_insert
 .text          0x0000000080094ed8       0x60 ../testbench_ls_bsp//libhal_bsp.a(alt_do_ctors.o)
                0x0000000080094ed8                _do_ctors
 .text          0x0000000080094f38       0x60 ../testbench_ls_bsp//libhal_bsp.a(alt_do_dtors.o)
                0x0000000080094f38                _do_dtors
 .text          0x0000000080094f98       0x90 ../testbench_ls_bsp//libhal_bsp.a(alt_find_dev.o)
                0x0000000080094f98                alt_find_dev
 .text          0x0000000080095028       0x34 ../testbench_ls_bsp//libhal_bsp.a(alt_icache_flush_all.o)
                0x0000000080095028                alt_icache_flush_all
 .text          0x000000008009505c      0x1b0 ../testbench_ls_bsp//libhal_bsp.a(alt_iic.o)
                0x000000008009505c                alt_ic_isr_register
                0x00000000800950ac                alt_ic_irq_enable
                0x0000000080095134                alt_ic_irq_disable
                0x00000000800951c0                alt_ic_irq_enabled
 .text          0x000000008009520c       0xf0 ../testbench_ls_bsp//libhal_bsp.a(alt_iic_isr_register.o)
                0x000000008009520c                alt_iic_isr_register
 .text          0x00000000800952fc      0x140 ../testbench_ls_bsp//libhal_bsp.a(alt_io_redirect.o)
                0x00000000800953c0                alt_io_redirect
 .text          0x000000008009543c        0x0 ../testbench_ls_bsp//libhal_bsp.a(alt_irq_entry.o)
 .text          0x000000008009543c        0x0 ../testbench_ls_bsp//libhal_bsp.a(alt_irq_handler.o)
 .text          0x000000008009543c        0x0 ../testbench_ls_bsp//libhal_bsp.a(alt_irq_vars.o)
 .text          0x000000008009543c      0x254 ../testbench_ls_bsp//libhal_bsp.a(alt_open.o)
                0x000000008009553c                open
 .text          0x0000000080095690      0x22c ../testbench_ls_bsp//libhal_bsp.a(alt_printf.o)
                0x0000000080095690                alt_printf
 .text          0x00000000800958bc       0x3c ../testbench_ls_bsp//libhal_bsp.a(alt_putchar.o)
                0x00000000800958bc                alt_putchar
 .text          0x00000000800958f8       0x24 ../testbench_ls_bsp//libhal_bsp.a(altera_nios2_gen2_irq.o)
                0x00000000800958f8                altera_nios2_gen2_irq_init
 .text          0x000000008009591c        0x0 ../testbench_ls_bsp//libhal_bsp.a(alt_exception_entry.o)
 .text          0x000000008009591c      0x108 ../testbench_ls_bsp//libhal_bsp.a(alt_find_file.o)
                0x000000008009591c                alt_find_file
 .text          0x0000000080095a24       0xa4 ../testbench_ls_bsp//libhal_bsp.a(alt_get_fd.o)
                0x0000000080095a24                alt_get_fd
 .text          0x0000000080095ac8       0x90 ../testbench_ls_bsp//libhal_bsp.a(alt_icache_flush.o)
                0x0000000080095ac8                alt_icache_flush
 .text          0x0000000080095b58       0x9c ../testbench_ls_bsp//libhal_bsp.a(alt_instruction_exception_entry.o)
                0x0000000080095b58                alt_exception_cause_generated_bad_addr
 .text          0x0000000080095bf4        0x0 /home/dsoldi/altera/16.1/nios2eds/bin/gnu/H-x86_64-pc-linux-gnu/bin/../lib/gcc/nios2-elf/5.3.0/../../../../../H-x86_64-pc-linux-gnu/nios2-elf/lib/mhw-mulx/libc.a(lib_a-atexit.o)
 .text.atexit   0x0000000080095bf4       0x14 /home/dsoldi/altera/16.1/nios2eds/bin/gnu/H-x86_64-pc-linux-gnu/bin/../lib/gcc/nios2-elf/5.3.0/../../../../../H-x86_64-pc-linux-gnu/nios2-elf/lib/mhw-mulx/libc.a(lib_a-atexit.o)
                0x0000000080095bf4                atexit
 .text          0x0000000080095c08        0x0 /home/dsoldi/altera/16.1/nios2eds/bin/gnu/H-x86_64-pc-linux-gnu/bin/../lib/gcc/nios2-elf/5.3.0/../../../../../H-x86_64-pc-linux-gnu/nios2-elf/lib/mhw-mulx/libc.a(lib_a-exit.o)
 .text.exit     0x0000000080095c08       0x38 /home/dsoldi/altera/16.1/nios2eds/bin/gnu/H-x86_64-pc-linux-gnu/bin/../lib/gcc/nios2-elf/5.3.0/../../../../../H-x86_64-pc-linux-gnu/nios2-elf/lib/mhw-mulx/libc.a(lib_a-exit.o)
                0x0000000080095c08                exit
 .text          0x0000000080095c40        0x0 /home/dsoldi/altera/16.1/nios2eds/bin/gnu/H-x86_64-pc-linux-gnu/bin/../lib/gcc/nios2-elf/5.3.0/../../../../../H-x86_64-pc-linux-gnu/nios2-elf/lib/mhw-mulx/libc.a(lib_a-memcmp.o)
 .text.memcmp   0x0000000080095c40       0x7c /home/dsoldi/altera/16.1/nios2eds/bin/gnu/H-x86_64-pc-linux-gnu/bin/../lib/gcc/nios2-elf/5.3.0/../../../../../H-x86_64-pc-linux-gnu/nios2-elf/lib/mhw-mulx/libc.a(lib_a-memcmp.o)
                0x0000000080095c40                memcmp
 .text          0x0000000080095cbc        0x0 /home/dsoldi/altera/16.1/nios2eds/bin/gnu/H-x86_64-pc-linux-gnu/bin/../lib/gcc/nios2-elf/5.3.0/../../../../../H-x86_64-pc-linux-gnu/nios2-elf/lib/mhw-mulx/libc.a(lib_a-putc.o)
 .text._putc_r  0x0000000080095cbc       0xa0 /home/dsoldi/altera/16.1/nios2eds/bin/gnu/H-x86_64-pc-linux-gnu/bin/../lib/gcc/nios2-elf/5.3.0/../../../../../H-x86_64-pc-linux-gnu/nios2-elf/lib/mhw-mulx/libc.a(lib_a-putc.o)
                0x0000000080095cbc                _putc_r
 .text.putc     0x0000000080095d5c       0xc8 /home/dsoldi/altera/16.1/nios2eds/bin/gnu/H-x86_64-pc-linux-gnu/bin/../lib/gcc/nios2-elf/5.3.0/../../../../../H-x86_64-pc-linux-gnu/nios2-elf/lib/mhw-mulx/libc.a(lib_a-putc.o)
                0x0000000080095d5c                putc
 .text          0x0000000080095e24        0x0 /home/dsoldi/altera/16.1/nios2eds/bin/gnu/H-x86_64-pc-linux-gnu/bin/../lib/gcc/nios2-elf/5.3.0/../../../../../H-x86_64-pc-linux-gnu/nios2-elf/lib/mhw-mulx/libc.a(lib_a-__atexit.o)
 .text.__register_exitproc
                0x0000000080095e24      0x118 /home/dsoldi/altera/16.1/nios2eds/bin/gnu/H-x86_64-pc-linux-gnu/bin/../lib/gcc/nios2-elf/5.3.0/../../../../../H-x86_64-pc-linux-gnu/nios2-elf/lib/mhw-mulx/libc.a(lib_a-__atexit.o)
                0x0000000080095e24                __register_exitproc
 .text          0x0000000080095f3c        0x0 /home/dsoldi/altera/16.1/nios2eds/bin/gnu/H-x86_64-pc-linux-gnu/bin/../lib/gcc/nios2-elf/5.3.0/../../../../../H-x86_64-pc-linux-gnu/nios2-elf/lib/mhw-mulx/libc.a(lib_a-__call_atexit.o)
 .text.__call_exitprocs
                0x0000000080095f3c      0x180 /home/dsoldi/altera/16.1/nios2eds/bin/gnu/H-x86_64-pc-linux-gnu/bin/../lib/gcc/nios2-elf/5.3.0/../../../../../H-x86_64-pc-linux-gnu/nios2-elf/lib/mhw-mulx/libc.a(lib_a-__call_atexit.o)
                0x0000000080095f3c                __call_exitprocs
 .text          0x00000000800960bc       0x34 ../testbench_ls_bsp//libhal_bsp.a(alt_exit.o)
                0x00000000800960bc                _exit
 *(.gnu.warning.*)
 *(.fini)
                [!provide]                        PROVIDE (__etext, ABSOLUTE (.))
                [!provide]                        PROVIDE (_etext, ABSOLUTE (.))
                [!provide]                        PROVIDE (etext, ABSOLUTE (.))
 *(.eh_frame_hdr)
                0x00000000800960f0                . = ALIGN (0x4)
                [!provide]                        PROVIDE (__preinit_array_start, ABSOLUTE (.))
 *(.preinit_array)
                [!provide]                        PROVIDE (__preinit_array_end, ABSOLUTE (.))
                [!provide]                        PROVIDE (__init_array_start, ABSOLUTE (.))
 *(.init_array)
                [!provide]                        PROVIDE (__init_array_end, ABSOLUTE (.))
                [!provide]                        PROVIDE (__fini_array_start, ABSOLUTE (.))
 *(.fini_array)
                [!provide]                        PROVIDE (__fini_array_end, ABSOLUTE (.))
 *(.eh_frame)
 *(.gcc_except_table .gcc_except_table.*)
 *(.dynamic)
                0x00000000800960f0                PROVIDE (__CTOR_LIST__, ABSOLUTE (.))
 *(.ctors)
 *(SORT(.ctors.*))
                0x00000000800960f0                PROVIDE (__CTOR_END__, ABSOLUTE (.))
                0x00000000800960f0                PROVIDE (__DTOR_LIST__, ABSOLUTE (.))
 *(.dtors)
 *(SORT(.dtors.*))
                0x00000000800960f0                PROVIDE (__DTOR_END__, ABSOLUTE (.))
 *(.jcr)
                0x00000000800960f0                . = ALIGN (0x4)

.rodata         0x00000000800960f0      0xe2c
                0x00000000800960f0                PROVIDE (__ram_rodata_start, ABSOLUTE (.))
                0x00000000800960f0                . = ALIGN (0x4)
 *(.rodata .rodata.* .gnu.linkonce.r.*)
 .rodata.str1.4
                0x00000000800960f0      0x800 obj/default/hello_world.o
 .rodata.str1.4
                0x00000000800968f0        0xf obj/default/terasic_debug.o
 .rodata        0x00000000800968ff      0x100 /home/dsoldi/altera/16.1/nios2eds/bin/gnu/H-x86_64-pc-linux-gnu/bin/../lib/gcc/nios2-elf/5.3.0/mhw-mulx/libgcc.a(_clz.o)
                0x00000000800968ff                __clz_tab
 *fill*         0x00000000800969ff        0x1 
 .rodata.str1.4
                0x0000000080096a00        0x2 /home/dsoldi/altera/16.1/nios2eds/bin/gnu/H-x86_64-pc-linux-gnu/bin/../lib/gcc/nios2-elf/5.3.0/../../../../../H-x86_64-pc-linux-gnu/nios2-elf/lib/mhw-mulx/libc.a(lib_a-impure.o)
 *fill*         0x0000000080096a02        0x2 
 .rodata.str1.4
                0x0000000080096a04        0x2 /home/dsoldi/altera/16.1/nios2eds/bin/gnu/H-x86_64-pc-linux-gnu/bin/../lib/gcc/nios2-elf/5.3.0/../../../../../H-x86_64-pc-linux-gnu/nios2-elf/lib/mhw-mulx/libc.a(lib_a-puts.o)
 *fill*         0x0000000080096a06        0x2 
 .rodata.str1.4
                0x0000000080096a08       0x42 /home/dsoldi/altera/16.1/nios2eds/bin/gnu/H-x86_64-pc-linux-gnu/bin/../lib/gcc/nios2-elf/5.3.0/../../../../../H-x86_64-pc-linux-gnu/nios2-elf/lib/mhw-mulx/libc.a(lib_a-svfprintf.o)
 .rodata.zeroes.4389
                0x0000000080096a4a       0x10 /home/dsoldi/altera/16.1/nios2eds/bin/gnu/H-x86_64-pc-linux-gnu/bin/../lib/gcc/nios2-elf/5.3.0/../../../../../H-x86_64-pc-linux-gnu/nios2-elf/lib/mhw-mulx/libc.a(lib_a-svfprintf.o)
 .rodata.blanks.4388
                0x0000000080096a5a       0x10 /home/dsoldi/altera/16.1/nios2eds/bin/gnu/H-x86_64-pc-linux-gnu/bin/../lib/gcc/nios2-elf/5.3.0/../../../../../H-x86_64-pc-linux-gnu/nios2-elf/lib/mhw-mulx/libc.a(lib_a-svfprintf.o)
 .rodata.str1.4
                0x0000000080096a6a       0x42 /home/dsoldi/altera/16.1/nios2eds/bin/gnu/H-x86_64-pc-linux-gnu/bin/../lib/gcc/nios2-elf/5.3.0/../../../../../H-x86_64-pc-linux-gnu/nios2-elf/lib/mhw-mulx/libc.a(lib_a-vfprintf.o)
 .rodata.zeroes.4404
                0x0000000080096a6a       0x10 /home/dsoldi/altera/16.1/nios2eds/bin/gnu/H-x86_64-pc-linux-gnu/bin/../lib/gcc/nios2-elf/5.3.0/../../../../../H-x86_64-pc-linux-gnu/nios2-elf/lib/mhw-mulx/libc.a(lib_a-vfprintf.o)
 .rodata.blanks.4403
                0x0000000080096a7a       0x10 /home/dsoldi/altera/16.1/nios2eds/bin/gnu/H-x86_64-pc-linux-gnu/bin/../lib/gcc/nios2-elf/5.3.0/../../../../../H-x86_64-pc-linux-gnu/nios2-elf/lib/mhw-mulx/libc.a(lib_a-vfprintf.o)
 *fill*         0x0000000080096a8a        0x2 
 .rodata.str1.4
                0x0000000080096a8c       0x10 /home/dsoldi/altera/16.1/nios2eds/bin/gnu/H-x86_64-pc-linux-gnu/bin/../lib/gcc/nios2-elf/5.3.0/../../../../../H-x86_64-pc-linux-gnu/nios2-elf/lib/mhw-mulx/libc.a(lib_a-dtoa.o)
                                         0x12 (size before relaxing)
 .rodata.str1.4
                0x0000000080096a9c        0x8 /home/dsoldi/altera/16.1/nios2eds/bin/gnu/H-x86_64-pc-linux-gnu/bin/../lib/gcc/nios2-elf/5.3.0/../../../../../H-x86_64-pc-linux-gnu/nios2-elf/lib/mhw-mulx/libc.a(lib_a-locale.o)
                                         0x12 (size before relaxing)
 .rodata.p05.2768
                0x0000000080096aa4        0xc /home/dsoldi/altera/16.1/nios2eds/bin/gnu/H-x86_64-pc-linux-gnu/bin/../lib/gcc/nios2-elf/5.3.0/../../../../../H-x86_64-pc-linux-gnu/nios2-elf/lib/mhw-mulx/libc.a(lib_a-mprec.o)
 .rodata.__mprec_tinytens
                0x0000000080096ab0       0x28 /home/dsoldi/altera/16.1/nios2eds/bin/gnu/H-x86_64-pc-linux-gnu/bin/../lib/gcc/nios2-elf/5.3.0/../../../../../H-x86_64-pc-linux-gnu/nios2-elf/lib/mhw-mulx/libc.a(lib_a-mprec.o)
                0x0000000080096ab0                __mprec_tinytens
 .rodata.__mprec_bigtens
                0x0000000080096ad8       0x28 /home/dsoldi/altera/16.1/nios2eds/bin/gnu/H-x86_64-pc-linux-gnu/bin/../lib/gcc/nios2-elf/5.3.0/../../../../../H-x86_64-pc-linux-gnu/nios2-elf/lib/mhw-mulx/libc.a(lib_a-mprec.o)
                0x0000000080096ad8                __mprec_bigtens
 .rodata.__mprec_tens
                0x0000000080096b00       0xc8 /home/dsoldi/altera/16.1/nios2eds/bin/gnu/H-x86_64-pc-linux-gnu/bin/../lib/gcc/nios2-elf/5.3.0/../../../../../H-x86_64-pc-linux-gnu/nios2-elf/lib/mhw-mulx/libc.a(lib_a-mprec.o)
                0x0000000080096b00                __mprec_tens
 .rodata.str1.4
                0x0000000080096bc8       0x2f /home/dsoldi/altera/16.1/nios2eds/bin/gnu/H-x86_64-pc-linux-gnu/bin/../lib/gcc/nios2-elf/5.3.0/../../../../../H-x86_64-pc-linux-gnu/nios2-elf/lib/mhw-mulx/libc.a(lib_a-svfiprintf.o)
 .rodata.zeroes.4333
                0x0000000080096bc8       0x10 /home/dsoldi/altera/16.1/nios2eds/bin/gnu/H-x86_64-pc-linux-gnu/bin/../lib/gcc/nios2-elf/5.3.0/../../../../../H-x86_64-pc-linux-gnu/nios2-elf/lib/mhw-mulx/libc.a(lib_a-svfiprintf.o)
 .rodata.blanks.4332
                0x0000000080096bd8       0x10 /home/dsoldi/altera/16.1/nios2eds/bin/gnu/H-x86_64-pc-linux-gnu/bin/../lib/gcc/nios2-elf/5.3.0/../../../../../H-x86_64-pc-linux-gnu/nios2-elf/lib/mhw-mulx/libc.a(lib_a-svfiprintf.o)
 .rodata.str1.4
                0x0000000080096be8       0x2f /home/dsoldi/altera/16.1/nios2eds/bin/gnu/H-x86_64-pc-linux-gnu/bin/../lib/gcc/nios2-elf/5.3.0/../../../../../H-x86_64-pc-linux-gnu/nios2-elf/lib/mhw-mulx/libc.a(lib_a-vfiprintf.o)
 .rodata.zeroes.4349
                0x0000000080096be8       0x10 /home/dsoldi/altera/16.1/nios2eds/bin/gnu/H-x86_64-pc-linux-gnu/bin/../lib/gcc/nios2-elf/5.3.0/../../../../../H-x86_64-pc-linux-gnu/nios2-elf/lib/mhw-mulx/libc.a(lib_a-vfiprintf.o)
 .rodata.blanks.4348
                0x0000000080096bf8       0x10 /home/dsoldi/altera/16.1/nios2eds/bin/gnu/H-x86_64-pc-linux-gnu/bin/../lib/gcc/nios2-elf/5.3.0/../../../../../H-x86_64-pc-linux-gnu/nios2-elf/lib/mhw-mulx/libc.a(lib_a-vfiprintf.o)
 .rodata        0x0000000080096c08        0xa ../testbench_ls_bsp//libhal_bsp.a(alt_dev.o)
 *fill*         0x0000000080096c12        0x2 
 .rodata        0x0000000080096c14        0xa ../testbench_ls_bsp//libhal_bsp.a(alt_main.o)
 *fill*         0x0000000080096c1e        0x2 
 .rodata        0x0000000080096c20      0x109 ../testbench_ls_bsp//libhal_bsp.a(alt_sys_init.o)
 *fill*         0x0000000080096d29        0x3 
 .rodata        0x0000000080096d2c      0x1ed ../testbench_ls_bsp//libhal_bsp.a(altera_msgdma.o)
 *(.rodata1)
                0x0000000080096f1c                . = ALIGN (0x4)
 *fill*         0x0000000080096f19        0x3 
                0x0000000080096f1c                PROVIDE (__ram_rodata_end, ABSOLUTE (.))
                0x00000000800960f0                PROVIDE (__flash_rodata_start, LOADADDR (.rodata))

.rwdata         0x0000000080096f1c     0x1d70 load address 0x0000000080098c8c
                0x0000000080096f1c                PROVIDE (__ram_rwdata_start, ABSOLUTE (.))
                0x0000000080096f1c                . = ALIGN (0x4)
 *(.got.plt)
 *(.got)
 *(.data1)
 *(.data .data.* .gnu.linkonce.d.*)
 .data          0x0000000080096f1c        0x0 ../testbench_ls_bsp//obj/HAL/src/crt0.o
 .data          0x0000000080096f1c        0x0 obj/default/hello_world.o
 .data          0x0000000080096f1c        0x0 obj/default/terasic_debug.o
 .data          0x0000000080096f1c        0x0 /home/dsoldi/altera/16.1/nios2eds/bin/gnu/H-x86_64-pc-linux-gnu/bin/../lib/gcc/nios2-elf/5.3.0/mhw-mulx/libgcc.a(gedf2.o)
 .data          0x0000000080096f1c        0x0 /home/dsoldi/altera/16.1/nios2eds/bin/gnu/H-x86_64-pc-linux-gnu/bin/../lib/gcc/nios2-elf/5.3.0/mhw-mulx/libgcc.a(muldf3.o)
 .data          0x0000000080096f1c        0x0 /home/dsoldi/altera/16.1/nios2eds/bin/gnu/H-x86_64-pc-linux-gnu/bin/../lib/gcc/nios2-elf/5.3.0/mhw-mulx/libgcc.a(floatunsidf.o)
 .data          0x0000000080096f1c        0x0 /home/dsoldi/altera/16.1/nios2eds/bin/gnu/H-x86_64-pc-linux-gnu/bin/../lib/gcc/nios2-elf/5.3.0/mhw-mulx/libgcc.a(_clzsi2.o)
 .data          0x0000000080096f1c        0x0 /home/dsoldi/altera/16.1/nios2eds/bin/gnu/H-x86_64-pc-linux-gnu/bin/../lib/gcc/nios2-elf/5.3.0/mhw-mulx/libgcc.a(_clz.o)
 .data          0x0000000080096f1c        0x0 /home/dsoldi/altera/16.1/nios2eds/bin/gnu/H-x86_64-pc-linux-gnu/bin/../lib/gcc/nios2-elf/5.3.0/../../../../../H-x86_64-pc-linux-gnu/nios2-elf/lib/mhw-mulx/libc.a(lib_a-getc.o)
 .data          0x0000000080096f1c        0x0 /home/dsoldi/altera/16.1/nios2eds/bin/gnu/H-x86_64-pc-linux-gnu/bin/../lib/gcc/nios2-elf/5.3.0/../../../../../H-x86_64-pc-linux-gnu/nios2-elf/lib/mhw-mulx/libc.a(lib_a-impure.o)
 .data.impure_data
                0x0000000080096f1c      0x424 /home/dsoldi/altera/16.1/nios2eds/bin/gnu/H-x86_64-pc-linux-gnu/bin/../lib/gcc/nios2-elf/5.3.0/../../../../../H-x86_64-pc-linux-gnu/nios2-elf/lib/mhw-mulx/libc.a(lib_a-impure.o)
 .data          0x0000000080097340        0x0 /home/dsoldi/altera/16.1/nios2eds/bin/gnu/H-x86_64-pc-linux-gnu/bin/../lib/gcc/nios2-elf/5.3.0/../../../../../H-x86_64-pc-linux-gnu/nios2-elf/lib/mhw-mulx/libc.a(lib_a-printf.o)
 .data          0x0000000080097340        0x0 /home/dsoldi/altera/16.1/nios2eds/bin/gnu/H-x86_64-pc-linux-gnu/bin/../lib/gcc/nios2-elf/5.3.0/../../../../../H-x86_64-pc-linux-gnu/nios2-elf/lib/mhw-mulx/libc.a(lib_a-puts.o)
 .data          0x0000000080097340        0x0 /home/dsoldi/altera/16.1/nios2eds/bin/gnu/H-x86_64-pc-linux-gnu/bin/../lib/gcc/nios2-elf/5.3.0/../../../../../H-x86_64-pc-linux-gnu/nios2-elf/lib/mhw-mulx/libc.a(lib_a-rget.o)
 .data          0x0000000080097340        0x0 /home/dsoldi/altera/16.1/nios2eds/bin/gnu/H-x86_64-pc-linux-gnu/bin/../lib/gcc/nios2-elf/5.3.0/../../../../../H-x86_64-pc-linux-gnu/nios2-elf/lib/mhw-mulx/libc.a(lib_a-sprintf.o)
 .data          0x0000000080097340        0x0 /home/dsoldi/altera/16.1/nios2eds/bin/gnu/H-x86_64-pc-linux-gnu/bin/../lib/gcc/nios2-elf/5.3.0/../../../../../H-x86_64-pc-linux-gnu/nios2-elf/lib/mhw-mulx/libc.a(lib_a-strlen.o)
 .data          0x0000000080097340        0x0 /home/dsoldi/altera/16.1/nios2eds/bin/gnu/H-x86_64-pc-linux-gnu/bin/../lib/gcc/nios2-elf/5.3.0/../../../../../H-x86_64-pc-linux-gnu/nios2-elf/lib/mhw-mulx/libc.a(lib_a-svfprintf.o)
 .data          0x0000000080097340        0x0 /home/dsoldi/altera/16.1/nios2eds/bin/gnu/H-x86_64-pc-linux-gnu/bin/../lib/gcc/nios2-elf/5.3.0/../../../../../H-x86_64-pc-linux-gnu/nios2-elf/lib/mhw-mulx/libc.a(lib_a-vfprintf.o)
 .data          0x0000000080097340        0x0 /home/dsoldi/altera/16.1/nios2eds/bin/gnu/H-x86_64-pc-linux-gnu/bin/../lib/gcc/nios2-elf/5.3.0/../../../../../H-x86_64-pc-linux-gnu/nios2-elf/lib/mhw-mulx/libc.a(lib_a-vsnprintf.o)
 .data          0x0000000080097340        0x0 /home/dsoldi/altera/16.1/nios2eds/bin/gnu/H-x86_64-pc-linux-gnu/bin/../lib/gcc/nios2-elf/5.3.0/../../../../../H-x86_64-pc-linux-gnu/nios2-elf/lib/mhw-mulx/libc.a(lib_a-wsetup.o)
 .data          0x0000000080097340        0x0 /home/dsoldi/altera/16.1/nios2eds/bin/gnu/H-x86_64-pc-linux-gnu/bin/../lib/gcc/nios2-elf/5.3.0/../../../../../H-x86_64-pc-linux-gnu/nios2-elf/lib/mhw-mulx/libc.a(lib_a-dtoa.o)
 .data          0x0000000080097340        0x0 /home/dsoldi/altera/16.1/nios2eds/bin/gnu/H-x86_64-pc-linux-gnu/bin/../lib/gcc/nios2-elf/5.3.0/../../../../../H-x86_64-pc-linux-gnu/nios2-elf/lib/mhw-mulx/libc.a(lib_a-fflush.o)
 .data          0x0000000080097340        0x0 /home/dsoldi/altera/16.1/nios2eds/bin/gnu/H-x86_64-pc-linux-gnu/bin/../lib/gcc/nios2-elf/5.3.0/../../../../../H-x86_64-pc-linux-gnu/nios2-elf/lib/mhw-mulx/libc.a(lib_a-findfp.o)
 .data          0x0000000080097340        0x0 /home/dsoldi/altera/16.1/nios2eds/bin/gnu/H-x86_64-pc-linux-gnu/bin/../lib/gcc/nios2-elf/5.3.0/../../../../../H-x86_64-pc-linux-gnu/nios2-elf/lib/mhw-mulx/libc.a(lib_a-freer.o)
 .data          0x0000000080097340        0x0 /home/dsoldi/altera/16.1/nios2eds/bin/gnu/H-x86_64-pc-linux-gnu/bin/../lib/gcc/nios2-elf/5.3.0/../../../../../H-x86_64-pc-linux-gnu/nios2-elf/lib/mhw-mulx/libc.a(lib_a-fvwrite.o)
 .data          0x0000000080097340        0x0 /home/dsoldi/altera/16.1/nios2eds/bin/gnu/H-x86_64-pc-linux-gnu/bin/../lib/gcc/nios2-elf/5.3.0/../../../../../H-x86_64-pc-linux-gnu/nios2-elf/lib/mhw-mulx/libc.a(lib_a-fwalk.o)
 .data          0x0000000080097340        0x0 /home/dsoldi/altera/16.1/nios2eds/bin/gnu/H-x86_64-pc-linux-gnu/bin/../lib/gcc/nios2-elf/5.3.0/../../../../../H-x86_64-pc-linux-gnu/nios2-elf/lib/mhw-mulx/libc.a(lib_a-locale.o)
 .data.lc_message_charset
                0x0000000080097340       0x20 /home/dsoldi/altera/16.1/nios2eds/bin/gnu/H-x86_64-pc-linux-gnu/bin/../lib/gcc/nios2-elf/5.3.0/../../../../../H-x86_64-pc-linux-gnu/nios2-elf/lib/mhw-mulx/libc.a(lib_a-locale.o)
 .data.lc_ctype_charset
                0x0000000080097360       0x20 /home/dsoldi/altera/16.1/nios2eds/bin/gnu/H-x86_64-pc-linux-gnu/bin/../lib/gcc/nios2-elf/5.3.0/../../../../../H-x86_64-pc-linux-gnu/nios2-elf/lib/mhw-mulx/libc.a(lib_a-locale.o)
 .data.lconv    0x0000000080097380       0x38 /home/dsoldi/altera/16.1/nios2eds/bin/gnu/H-x86_64-pc-linux-gnu/bin/../lib/gcc/nios2-elf/5.3.0/../../../../../H-x86_64-pc-linux-gnu/nios2-elf/lib/mhw-mulx/libc.a(lib_a-locale.o)
 .data          0x00000000800973b8        0x0 /home/dsoldi/altera/16.1/nios2eds/bin/gnu/H-x86_64-pc-linux-gnu/bin/../lib/gcc/nios2-elf/5.3.0/../../../../../H-x86_64-pc-linux-gnu/nios2-elf/lib/mhw-mulx/libc.a(lib_a-makebuf.o)
 .data          0x00000000800973b8        0x0 /home/dsoldi/altera/16.1/nios2eds/bin/gnu/H-x86_64-pc-linux-gnu/bin/../lib/gcc/nios2-elf/5.3.0/../../../../../H-x86_64-pc-linux-gnu/nios2-elf/lib/mhw-mulx/libc.a(lib_a-mallocr.o)
 .data.__malloc_av_
                0x00000000800973b8      0x408 /home/dsoldi/altera/16.1/nios2eds/bin/gnu/H-x86_64-pc-linux-gnu/bin/../lib/gcc/nios2-elf/5.3.0/../../../../../H-x86_64-pc-linux-gnu/nios2-elf/lib/mhw-mulx/libc.a(lib_a-mallocr.o)
                0x00000000800973b8                __malloc_av_
 .data          0x00000000800977c0        0x0 /home/dsoldi/altera/16.1/nios2eds/bin/gnu/H-x86_64-pc-linux-gnu/bin/../lib/gcc/nios2-elf/5.3.0/../../../../../H-x86_64-pc-linux-gnu/nios2-elf/lib/mhw-mulx/libc.a(lib_a-memchr.o)
 .data          0x00000000800977c0        0x0 /home/dsoldi/altera/16.1/nios2eds/bin/gnu/H-x86_64-pc-linux-gnu/bin/../lib/gcc/nios2-elf/5.3.0/../../../../../H-x86_64-pc-linux-gnu/nios2-elf/lib/mhw-mulx/libc.a(lib_a-memcpy.o)
 .data          0x00000000800977c0        0x0 /home/dsoldi/altera/16.1/nios2eds/bin/gnu/H-x86_64-pc-linux-gnu/bin/../lib/gcc/nios2-elf/5.3.0/../../../../../H-x86_64-pc-linux-gnu/nios2-elf/lib/mhw-mulx/libc.a(lib_a-memmove.o)
 .data          0x00000000800977c0        0x0 /home/dsoldi/altera/16.1/nios2eds/bin/gnu/H-x86_64-pc-linux-gnu/bin/../lib/gcc/nios2-elf/5.3.0/../../../../../H-x86_64-pc-linux-gnu/nios2-elf/lib/mhw-mulx/libc.a(lib_a-memset.o)
 .data          0x00000000800977c0        0x0 /home/dsoldi/altera/16.1/nios2eds/bin/gnu/H-x86_64-pc-linux-gnu/bin/../lib/gcc/nios2-elf/5.3.0/../../../../../H-x86_64-pc-linux-gnu/nios2-elf/lib/mhw-mulx/libc.a(lib_a-mprec.o)
 .data          0x00000000800977c0        0x0 /home/dsoldi/altera/16.1/nios2eds/bin/gnu/H-x86_64-pc-linux-gnu/bin/../lib/gcc/nios2-elf/5.3.0/../../../../../H-x86_64-pc-linux-gnu/nios2-elf/lib/mhw-mulx/libc.a(lib_a-reallocr.o)
 .data          0x00000000800977c0        0x0 /home/dsoldi/altera/16.1/nios2eds/bin/gnu/H-x86_64-pc-linux-gnu/bin/../lib/gcc/nios2-elf/5.3.0/../../../../../H-x86_64-pc-linux-gnu/nios2-elf/lib/mhw-mulx/libc.a(lib_a-refill.o)
 .data          0x00000000800977c0        0x0 /home/dsoldi/altera/16.1/nios2eds/bin/gnu/H-x86_64-pc-linux-gnu/bin/../lib/gcc/nios2-elf/5.3.0/../../../../../H-x86_64-pc-linux-gnu/nios2-elf/lib/mhw-mulx/libc.a(lib_a-s_fpclassify.o)
 .data          0x00000000800977c0        0x0 /home/dsoldi/altera/16.1/nios2eds/bin/gnu/H-x86_64-pc-linux-gnu/bin/../lib/gcc/nios2-elf/5.3.0/../../../../../H-x86_64-pc-linux-gnu/nios2-elf/lib/mhw-mulx/libc.a(lib_a-sbrkr.o)
 .data          0x00000000800977c0        0x0 /home/dsoldi/altera/16.1/nios2eds/bin/gnu/H-x86_64-pc-linux-gnu/bin/../lib/gcc/nios2-elf/5.3.0/../../../../../H-x86_64-pc-linux-gnu/nios2-elf/lib/mhw-mulx/libc.a(lib_a-stdio.o)
 .data          0x00000000800977c0        0x0 /home/dsoldi/altera/16.1/nios2eds/bin/gnu/H-x86_64-pc-linux-gnu/bin/../lib/gcc/nios2-elf/5.3.0/../../../../../H-x86_64-pc-linux-gnu/nios2-elf/lib/mhw-mulx/libc.a(lib_a-strcmp.o)
 .data          0x00000000800977c0        0x0 /home/dsoldi/altera/16.1/nios2eds/bin/gnu/H-x86_64-pc-linux-gnu/bin/../lib/gcc/nios2-elf/5.3.0/../../../../../H-x86_64-pc-linux-gnu/nios2-elf/lib/mhw-mulx/libc.a(lib_a-svfiprintf.o)
 .data          0x00000000800977c0        0x0 /home/dsoldi/altera/16.1/nios2eds/bin/gnu/H-x86_64-pc-linux-gnu/bin/../lib/gcc/nios2-elf/5.3.0/../../../../../H-x86_64-pc-linux-gnu/nios2-elf/lib/mhw-mulx/libc.a(lib_a-vfiprintf.o)
 .data          0x00000000800977c0        0x0 /home/dsoldi/altera/16.1/nios2eds/bin/gnu/H-x86_64-pc-linux-gnu/bin/../lib/gcc/nios2-elf/5.3.0/../../../../../H-x86_64-pc-linux-gnu/nios2-elf/lib/mhw-mulx/libc.a(lib_a-writer.o)
 .data          0x00000000800977c0        0x0 /home/dsoldi/altera/16.1/nios2eds/bin/gnu/H-x86_64-pc-linux-gnu/bin/../lib/gcc/nios2-elf/5.3.0/../../../../../H-x86_64-pc-linux-gnu/nios2-elf/lib/mhw-mulx/libc.a(closer.o)
 .data          0x00000000800977c0        0x0 /home/dsoldi/altera/16.1/nios2eds/bin/gnu/H-x86_64-pc-linux-gnu/bin/../lib/gcc/nios2-elf/5.3.0/../../../../../H-x86_64-pc-linux-gnu/nios2-elf/lib/mhw-mulx/libc.a(lib_a-callocr.o)
 .data          0x00000000800977c0        0x0 /home/dsoldi/altera/16.1/nios2eds/bin/gnu/H-x86_64-pc-linux-gnu/bin/../lib/gcc/nios2-elf/5.3.0/../../../../../H-x86_64-pc-linux-gnu/nios2-elf/lib/mhw-mulx/libc.a(lib_a-fclose.o)
 .data          0x00000000800977c0        0x0 /home/dsoldi/altera/16.1/nios2eds/bin/gnu/H-x86_64-pc-linux-gnu/bin/../lib/gcc/nios2-elf/5.3.0/../../../../../H-x86_64-pc-linux-gnu/nios2-elf/lib/mhw-mulx/libc.a(lib_a-fputwc.o)
 .data          0x00000000800977c0        0x0 /home/dsoldi/altera/16.1/nios2eds/bin/gnu/H-x86_64-pc-linux-gnu/bin/../lib/gcc/nios2-elf/5.3.0/../../../../../H-x86_64-pc-linux-gnu/nios2-elf/lib/mhw-mulx/libc.a(lib_a-fstatr.o)
 .data          0x00000000800977c0        0x0 /home/dsoldi/altera/16.1/nios2eds/bin/gnu/H-x86_64-pc-linux-gnu/bin/../lib/gcc/nios2-elf/5.3.0/../../../../../H-x86_64-pc-linux-gnu/nios2-elf/lib/mhw-mulx/libc.a(lib_a-int_errno.o)
 .data          0x00000000800977c0        0x0 /home/dsoldi/altera/16.1/nios2eds/bin/gnu/H-x86_64-pc-linux-gnu/bin/../lib/gcc/nios2-elf/5.3.0/../../../../../H-x86_64-pc-linux-gnu/nios2-elf/lib/mhw-mulx/libc.a(lib_a-isattyr.o)
 .data          0x00000000800977c0        0x0 /home/dsoldi/altera/16.1/nios2eds/bin/gnu/H-x86_64-pc-linux-gnu/bin/../lib/gcc/nios2-elf/5.3.0/../../../../../H-x86_64-pc-linux-gnu/nios2-elf/lib/mhw-mulx/libc.a(lib_a-lseekr.o)
 .data          0x00000000800977c0        0x0 /home/dsoldi/altera/16.1/nios2eds/bin/gnu/H-x86_64-pc-linux-gnu/bin/../lib/gcc/nios2-elf/5.3.0/../../../../../H-x86_64-pc-linux-gnu/nios2-elf/lib/mhw-mulx/libc.a(lib_a-readr.o)
 .data          0x00000000800977c0        0x0 /home/dsoldi/altera/16.1/nios2eds/bin/gnu/H-x86_64-pc-linux-gnu/bin/../lib/gcc/nios2-elf/5.3.0/../../../../../H-x86_64-pc-linux-gnu/nios2-elf/lib/mhw-mulx/libc.a(lib_a-wbuf.o)
 .data          0x00000000800977c0        0x0 /home/dsoldi/altera/16.1/nios2eds/bin/gnu/H-x86_64-pc-linux-gnu/bin/../lib/gcc/nios2-elf/5.3.0/../../../../../H-x86_64-pc-linux-gnu/nios2-elf/lib/mhw-mulx/libc.a(lib_a-wcrtomb.o)
 .data          0x00000000800977c0        0x0 /home/dsoldi/altera/16.1/nios2eds/bin/gnu/H-x86_64-pc-linux-gnu/bin/../lib/gcc/nios2-elf/5.3.0/../../../../../H-x86_64-pc-linux-gnu/nios2-elf/lib/mhw-mulx/libc.a(lib_a-wctomb_r.o)
 .data          0x00000000800977c0        0x0 /home/dsoldi/altera/16.1/nios2eds/bin/gnu/H-x86_64-pc-linux-gnu/bin/../lib/gcc/nios2-elf/5.3.0/mhw-mulx/libgcc.a(_udivdi3.o)
 .data          0x00000000800977c0        0x0 /home/dsoldi/altera/16.1/nios2eds/bin/gnu/H-x86_64-pc-linux-gnu/bin/../lib/gcc/nios2-elf/5.3.0/mhw-mulx/libgcc.a(_umoddi3.o)
 .data          0x00000000800977c0        0x0 /home/dsoldi/altera/16.1/nios2eds/bin/gnu/H-x86_64-pc-linux-gnu/bin/../lib/gcc/nios2-elf/5.3.0/mhw-mulx/libgcc.a(lib2-divmod.o)
 .data          0x00000000800977c0        0x0 /home/dsoldi/altera/16.1/nios2eds/bin/gnu/H-x86_64-pc-linux-gnu/bin/../lib/gcc/nios2-elf/5.3.0/mhw-mulx/libgcc.a(adddf3.o)
 .data          0x00000000800977c0        0x0 /home/dsoldi/altera/16.1/nios2eds/bin/gnu/H-x86_64-pc-linux-gnu/bin/../lib/gcc/nios2-elf/5.3.0/mhw-mulx/libgcc.a(divdf3.o)
 .data          0x00000000800977c0        0x0 /home/dsoldi/altera/16.1/nios2eds/bin/gnu/H-x86_64-pc-linux-gnu/bin/../lib/gcc/nios2-elf/5.3.0/mhw-mulx/libgcc.a(eqdf2.o)
 .data          0x00000000800977c0        0x0 /home/dsoldi/altera/16.1/nios2eds/bin/gnu/H-x86_64-pc-linux-gnu/bin/../lib/gcc/nios2-elf/5.3.0/mhw-mulx/libgcc.a(ledf2.o)
 .data          0x00000000800977c0        0x0 /home/dsoldi/altera/16.1/nios2eds/bin/gnu/H-x86_64-pc-linux-gnu/bin/../lib/gcc/nios2-elf/5.3.0/mhw-mulx/libgcc.a(subdf3.o)
 .data          0x00000000800977c0        0x0 /home/dsoldi/altera/16.1/nios2eds/bin/gnu/H-x86_64-pc-linux-gnu/bin/../lib/gcc/nios2-elf/5.3.0/mhw-mulx/libgcc.a(fixdfsi.o)
 .data          0x00000000800977c0        0x0 /home/dsoldi/altera/16.1/nios2eds/bin/gnu/H-x86_64-pc-linux-gnu/bin/../lib/gcc/nios2-elf/5.3.0/mhw-mulx/libgcc.a(floatsidf.o)
 .data          0x00000000800977c0        0x0 ../testbench_ls_bsp//libhal_bsp.a(alt_close.o)
 .data          0x00000000800977c0      0x1a8 ../testbench_ls_bsp//libhal_bsp.a(alt_dev.o)
                0x00000000800977c0                alt_dev_null
                0x00000000800977e8                alt_fd_list
 .data          0x0000000080097968        0x0 ../testbench_ls_bsp//libhal_bsp.a(alt_errno.o)
 .data          0x0000000080097968        0x0 ../testbench_ls_bsp//libhal_bsp.a(alt_fstat.o)
 .data          0x0000000080097968        0x0 ../testbench_ls_bsp//libhal_bsp.a(alt_isatty.o)
 .data          0x0000000080097968        0x0 ../testbench_ls_bsp//libhal_bsp.a(alt_load.o)
 .data          0x0000000080097968        0x0 ../testbench_ls_bsp//libhal_bsp.a(alt_lseek.o)
 .data          0x0000000080097968        0x0 ../testbench_ls_bsp//libhal_bsp.a(alt_main.o)
 .data          0x0000000080097968        0x0 ../testbench_ls_bsp//libhal_bsp.a(alt_malloc_lock.o)
 .data          0x0000000080097968        0x0 ../testbench_ls_bsp//libhal_bsp.a(alt_read.o)
 .data          0x0000000080097968        0x0 ../testbench_ls_bsp//libhal_bsp.a(alt_release_fd.o)
 .data          0x0000000080097968        0x0 ../testbench_ls_bsp//libhal_bsp.a(alt_sbrk.o)
 .data          0x0000000080097968        0x0 ../testbench_ls_bsp//libhal_bsp.a(alt_tick.o)
 .data          0x0000000080097968        0x0 ../testbench_ls_bsp//libhal_bsp.a(alt_write.o)
 .data          0x0000000080097968     0x12a0 ../testbench_ls_bsp//libhal_bsp.a(alt_sys_init.o)
 .data          0x0000000080098c08        0x0 ../testbench_ls_bsp//libhal_bsp.a(altera_avalon_jtag_uart_fd.o)
 .data          0x0000000080098c08        0x0 ../testbench_ls_bsp//libhal_bsp.a(altera_avalon_jtag_uart_init.o)
 .data          0x0000000080098c08        0x0 ../testbench_ls_bsp//libhal_bsp.a(altera_avalon_jtag_uart_ioctl.o)
 .data          0x0000000080098c08        0x0 ../testbench_ls_bsp//libhal_bsp.a(altera_avalon_jtag_uart_read.o)
 .data          0x0000000080098c08        0x0 ../testbench_ls_bsp//libhal_bsp.a(altera_avalon_jtag_uart_write.o)
 .data          0x0000000080098c08        0x0 ../testbench_ls_bsp//libhal_bsp.a(altera_avalon_timer_sc.o)
 .data          0x0000000080098c08        0x0 ../testbench_ls_bsp//libhal_bsp.a(altera_msgdma.o)
 .data          0x0000000080098c08        0x0 ../testbench_ls_bsp//libhal_bsp.a(alt_alarm_start.o)
 .data          0x0000000080098c08        0x0 ../testbench_ls_bsp//libhal_bsp.a(alt_busy_sleep.o)
 .data          0x0000000080098c08        0x0 ../testbench_ls_bsp//libhal_bsp.a(alt_dcache_flush_all.o)
 .data          0x0000000080098c08        0x0 ../testbench_ls_bsp//libhal_bsp.a(alt_dev_llist_insert.o)
 .data          0x0000000080098c08        0x0 ../testbench_ls_bsp//libhal_bsp.a(alt_do_ctors.o)
 .data          0x0000000080098c08        0x0 ../testbench_ls_bsp//libhal_bsp.a(alt_do_dtors.o)
 .data          0x0000000080098c08        0x0 ../testbench_ls_bsp//libhal_bsp.a(alt_find_dev.o)
 .data          0x0000000080098c08        0x0 ../testbench_ls_bsp//libhal_bsp.a(alt_icache_flush_all.o)
 .data          0x0000000080098c08        0x0 ../testbench_ls_bsp//libhal_bsp.a(alt_iic.o)
 .data          0x0000000080098c08        0x0 ../testbench_ls_bsp//libhal_bsp.a(alt_iic_isr_register.o)
 .data          0x0000000080098c08        0x0 ../testbench_ls_bsp//libhal_bsp.a(alt_io_redirect.o)
 .data          0x0000000080098c08        0x0 ../testbench_ls_bsp//libhal_bsp.a(alt_irq_entry.o)
 .data          0x0000000080098c08        0x0 ../testbench_ls_bsp//libhal_bsp.a(alt_irq_handler.o)
 .data          0x0000000080098c08        0x0 ../testbench_ls_bsp//libhal_bsp.a(alt_irq_vars.o)
 .data          0x0000000080098c08        0x0 ../testbench_ls_bsp//libhal_bsp.a(alt_open.o)
 .data          0x0000000080098c08        0x0 ../testbench_ls_bsp//libhal_bsp.a(alt_printf.o)
 .data          0x0000000080098c08        0x0 ../testbench_ls_bsp//libhal_bsp.a(alt_putchar.o)
 .data          0x0000000080098c08        0x0 ../testbench_ls_bsp//libhal_bsp.a(altera_nios2_gen2_irq.o)
 .data          0x0000000080098c08        0x0 ../testbench_ls_bsp//libhal_bsp.a(alt_exception_entry.o)
 .data          0x0000000080098c08        0x0 ../testbench_ls_bsp//libhal_bsp.a(alt_find_file.o)