Archive member included to satisfy reference by file (symbol)

/home/na62torino/altera/16.1/nios2eds/bin/gnu/H-x86_64-pc-linux-gnu/bin/../lib/gcc/nios2-elf/5.3.0/mhw-mulx/libgcc.a(gedf2.o)
                              obj/default/hello_world.o (__gtdf2)
/home/na62torino/altera/16.1/nios2eds/bin/gnu/H-x86_64-pc-linux-gnu/bin/../lib/gcc/nios2-elf/5.3.0/mhw-mulx/libgcc.a(muldf3.o)
                              obj/default/hello_world.o (__muldf3)
/home/na62torino/altera/16.1/nios2eds/bin/gnu/H-x86_64-pc-linux-gnu/bin/../lib/gcc/nios2-elf/5.3.0/mhw-mulx/libgcc.a(floatunsidf.o)
                              obj/default/hello_world.o (__floatunsidf)
/home/na62torino/altera/16.1/nios2eds/bin/gnu/H-x86_64-pc-linux-gnu/bin/../lib/gcc/nios2-elf/5.3.0/mhw-mulx/libgcc.a(_clzsi2.o)
                              /home/na62torino/altera/16.1/nios2eds/bin/gnu/H-x86_64-pc-linux-gnu/bin/../lib/gcc/nios2-elf/5.3.0/mhw-mulx/libgcc.a(muldf3.o) (__clzsi2)
/home/na62torino/altera/16.1/nios2eds/bin/gnu/H-x86_64-pc-linux-gnu/bin/../lib/gcc/nios2-elf/5.3.0/mhw-mulx/libgcc.a(_clz.o)
                              /home/na62torino/altera/16.1/nios2eds/bin/gnu/H-x86_64-pc-linux-gnu/bin/../lib/gcc/nios2-elf/5.3.0/mhw-mulx/libgcc.a(_clzsi2.o) (__clz_tab)
/home/na62torino/altera/16.1/nios2eds/bin/gnu/H-x86_64-pc-linux-gnu/bin/../lib/gcc/nios2-elf/5.3.0/../../../../../H-x86_64-pc-linux-gnu/nios2-elf/lib/mhw-mulx/libc.a(lib_a-getc.o)
                              obj/default/hello_world.o (getc)
/home/na62torino/altera/16.1/nios2eds/bin/gnu/H-x86_64-pc-linux-gnu/bin/../lib/gcc/nios2-elf/5.3.0/../../../../../H-x86_64-pc-linux-gnu/nios2-elf/lib/mhw-mulx/libc.a(lib_a-impure.o)
                              obj/default/hello_world.o (_impure_ptr)
/home/na62torino/altera/16.1/nios2eds/bin/gnu/H-x86_64-pc-linux-gnu/bin/../lib/gcc/nios2-elf/5.3.0/../../../../../H-x86_64-pc-linux-gnu/nios2-elf/lib/mhw-mulx/libc.a(lib_a-printf.o)
                              obj/default/hello_world.o (printf)
/home/na62torino/altera/16.1/nios2eds/bin/gnu/H-x86_64-pc-linux-gnu/bin/../lib/gcc/nios2-elf/5.3.0/../../../../../H-x86_64-pc-linux-gnu/nios2-elf/lib/mhw-mulx/libc.a(lib_a-puts.o)
                              obj/default/hello_world.o (puts)
/home/na62torino/altera/16.1/nios2eds/bin/gnu/H-x86_64-pc-linux-gnu/bin/../lib/gcc/nios2-elf/5.3.0/../../../../../H-x86_64-pc-linux-gnu/nios2-elf/lib/mhw-mulx/libc.a(lib_a-rget.o)
                              /home/na62torino/altera/16.1/nios2eds/bin/gnu/H-x86_64-pc-linux-gnu/bin/../lib/gcc/nios2-elf/5.3.0/../../../../../H-x86_64-pc-linux-gnu/nios2-elf/lib/mhw-mulx/libc.a(lib_a-getc.o) (__srget_r)
/home/na62torino/altera/16.1/nios2eds/bin/gnu/H-x86_64-pc-linux-gnu/bin/../lib/gcc/nios2-elf/5.3.0/../../../../../H-x86_64-pc-linux-gnu/nios2-elf/lib/mhw-mulx/libc.a(lib_a-sprintf.o)
                              obj/default/terasic_debug.o (sprintf)
/home/na62torino/altera/16.1/nios2eds/bin/gnu/H-x86_64-pc-linux-gnu/bin/../lib/gcc/nios2-elf/5.3.0/../../../../../H-x86_64-pc-linux-gnu/nios2-elf/lib/mhw-mulx/libc.a(lib_a-strlen.o)
                              /home/na62torino/altera/16.1/nios2eds/bin/gnu/H-x86_64-pc-linux-gnu/bin/../lib/gcc/nios2-elf/5.3.0/../../../../../H-x86_64-pc-linux-gnu/nios2-elf/lib/mhw-mulx/libc.a(lib_a-puts.o) (strlen)
/home/na62torino/altera/16.1/nios2eds/bin/gnu/H-x86_64-pc-linux-gnu/bin/../lib/gcc/nios2-elf/5.3.0/../../../../../H-x86_64-pc-linux-gnu/nios2-elf/lib/mhw-mulx/libc.a(lib_a-svfprintf.o)
                              /home/na62torino/altera/16.1/nios2eds/bin/gnu/H-x86_64-pc-linux-gnu/bin/../lib/gcc/nios2-elf/5.3.0/../../../../../H-x86_64-pc-linux-gnu/nios2-elf/lib/mhw-mulx/libc.a(lib_a-sprintf.o) (___svfprintf_internal_r)
/home/na62torino/altera/16.1/nios2eds/bin/gnu/H-x86_64-pc-linux-gnu/bin/../lib/gcc/nios2-elf/5.3.0/../../../../../H-x86_64-pc-linux-gnu/nios2-elf/lib/mhw-mulx/libc.a(lib_a-vfprintf.o)
                              /home/na62torino/altera/16.1/nios2eds/bin/gnu/H-x86_64-pc-linux-gnu/bin/../lib/gcc/nios2-elf/5.3.0/../../../../../H-x86_64-pc-linux-gnu/nios2-elf/lib/mhw-mulx/libc.a(lib_a-printf.o) (___vfprintf_internal_r)
/home/na62torino/altera/16.1/nios2eds/bin/gnu/H-x86_64-pc-linux-gnu/bin/../lib/gcc/nios2-elf/5.3.0/../../../../../H-x86_64-pc-linux-gnu/nios2-elf/lib/mhw-mulx/libc.a(lib_a-vsnprintf.o)
                              obj/default/terasic_debug.o (vsnprintf)
/home/na62torino/altera/16.1/nios2eds/bin/gnu/H-x86_64-pc-linux-gnu/bin/../lib/gcc/nios2-elf/5.3.0/../../../../../H-x86_64-pc-linux-gnu/nios2-elf/lib/mhw-mulx/libc.a(lib_a-wsetup.o)
                              /home/na62torino/altera/16.1/nios2eds/bin/gnu/H-x86_64-pc-linux-gnu/bin/../lib/gcc/nios2-elf/5.3.0/../../../../../H-x86_64-pc-linux-gnu/nios2-elf/lib/mhw-mulx/libc.a(lib_a-vfprintf.o) (__swsetup_r)
/home/na62torino/altera/16.1/nios2eds/bin/gnu/H-x86_64-pc-linux-gnu/bin/../lib/gcc/nios2-elf/5.3.0/../../../../../H-x86_64-pc-linux-gnu/nios2-elf/lib/mhw-mulx/libc.a(lib_a-dtoa.o)
[...]
Memory Configuration

Name             Origin             Length             Attributes
ddr2_ram         0x0000000000000000 0x0000000040000000
ddr2_ram_1       0x0000000040000000 0x0000000040000000
reset            0x0000000080080000 0x0000000000000020
system_ram       0x0000000080080020 0x000000000007cfe0
*default*        0x0000000000000000 0xffffffffffffffff

Linker script and memory map

LOAD ../testbench_ls_bsp//obj/HAL/src/crt0.o
LOAD obj/default/hello_world.o
LOAD obj/default/terasic_debug.o
LOAD /home/na62torino/altera/16.1/nios2eds/bin/gnu/H-x86_64-pc-linux-gnu/bin/../lib/gcc/nios2-elf/5.3.0/../../../../../H-x86_64-pc-linux-gnu/nios2-elf/lib/mhw-mulx/libstdc++.a
LOAD /home/na62torino/altera/16.1/nios2eds/bin/gnu/H-x86_64-pc-linux-gnu/bin/../lib/gcc/nios2-elf/5.3.0/../../../../../H-x86_64-pc-linux-gnu/nios2-elf/lib/mhw-mulx/libm.a
LOAD /home/na62torino/altera/16.1/nios2eds/bin/gnu/H-x86_64-pc-linux-gnu/bin/../lib/gcc/nios2-elf/5.3.0/mhw-mulx/libgcc.a
START GROUP
LOAD /home/na62torino/altera/16.1/nios2eds/bin/gnu/H-x86_64-pc-linux-gnu/bin/../lib/gcc/nios2-elf/5.3.0/../../../../../H-x86_64-pc-linux-gnu/nios2-elf/lib/mhw-mulx/libc.a
LOAD /home/na62torino/altera/16.1/nios2eds/bin/gnu/H-x86_64-pc-linux-gnu/bin/../lib/gcc/nios2-elf/5.3.0/mhw-mulx/libgcc.a
LOAD ../testbench_ls_bsp//libhal_bsp.a
LOAD /home/na62torino/altera/16.1/nios2eds/bin/gnu/H-x86_64-pc-linux-gnu/bin/../lib/gcc/nios2-elf/5.3.0/../../../../../H-x86_64-pc-linux-gnu/nios2-elf/lib/mhw-mulx/libm.a
END GROUP
LOAD /home/na62torino/altera/16.1/nios2eds/bin/gnu/H-x86_64-pc-linux-gnu/bin/../lib/gcc/nios2-elf/5.3.0/mhw-mulx/libgcc.a
                0x0000000000000000                __alt_mem_ddr2_ram = 0x0
                0x0000000040000000                __alt_mem_ddr2_ram_1 = 0x40000000
                0x0000000080080000                __alt_mem_system_ram = 0x80080000

.entry          0x0000000080080000       0x20
 *(.entry)
 .entry         0x0000000080080000       0x20 ../testbench_ls_bsp//obj/HAL/src/crt0.o
                0x0000000080080000                __reset

.exceptions     0x0000000080080020      0x224
                0x0000000080080020                PROVIDE (__ram_exceptions_start, ABSOLUTE (.))
                0x0000000080080020                . = ALIGN (0x20)
 *(.irq)
 *(.exceptions.entry.label)
 .exceptions.entry.label
                0x0000000080080020        0x0 ../testbench_ls_bsp//libhal_bsp.a(alt_irq_entry.o)
                0x0000000080080020                alt_irq_entry
 .exceptions.entry.label
                0x0000000080080020        0x0 ../testbench_ls_bsp//libhal_bsp.a(alt_exception_entry.o)
                0x0000000080080020                alt_exception
 *(.exceptions.entry.user)
 *(.exceptions.entry.ecc_fatal)
 *(.exceptions.entry)
 .exceptions.entry
                0x0000000080080020       0x54 ../testbench_ls_bsp//libhal_bsp.a(alt_exception_entry.o)
 *(.exceptions.irqtest.user)
 *(.exceptions.irqtest)
 .exceptions.irqtest
                0x0000000080080074       0x10 ../testbench_ls_bsp//libhal_bsp.a(alt_irq_entry.o)
 *(.exceptions.irqhandler.user)
 *(.exceptions.irqhandler)
 .exceptions.irqhandler
                0x0000000080080084        0x4 ../testbench_ls_bsp//libhal_bsp.a(alt_irq_entry.o)
 *(.exceptions.irqreturn.user)
 *(.exceptions.irqreturn)
 .exceptions.irqreturn
                0x0000000080080088        0x4 ../testbench_ls_bsp//libhal_bsp.a(alt_irq_entry.o)
 *(.exceptions.notirq.label)
 .exceptions.notirq.label
                0x000000008008008c        0x0 ../testbench_ls_bsp//libhal_bsp.a(alt_irq_entry.o)
 *(.exceptions.notirq.user)
 *(.exceptions.notirq)
 .exceptions.notirq
                0x000000008008008c        0x8 ../testbench_ls_bsp//libhal_bsp.a(alt_exception_entry.o)
 *(.exceptions.soft.user)
 *(.exceptions.soft)
 *(.exceptions.unknown.user)
 *(.exceptions.unknown)
 .exceptions.unknown
                0x0000000080080094       0x14 ../testbench_ls_bsp//libhal_bsp.a(alt_exception_entry.o)
 *(.exceptions.exit.label)
 .exceptions.exit.label
                0x00000000800800a8        0x0 ../testbench_ls_bsp//libhal_bsp.a(alt_irq_entry.o)
 .exceptions.exit.label
                0x00000000800800a8        0x0 ../testbench_ls_bsp//libhal_bsp.a(alt_exception_entry.o)
 *(.exceptions.exit.user)
 *(.exceptions.exit)
 .exceptions.exit
                0x00000000800800a8       0x54 ../testbench_ls_bsp//libhal_bsp.a(alt_exception_entry.o)
 *(.exceptions)
 .exceptions    0x00000000800800fc       0xd4 ../testbench_ls_bsp//libhal_bsp.a(alt_irq_handler.o)
                0x00000000800800fc                alt_irq_handler
 .exceptions    0x00000000800801d0       0x74 ../testbench_ls_bsp//libhal_bsp.a(alt_instruction_exception_entry.o)
                0x00000000800801d0                alt_instruction_exception_entry
                0x0000000080080244                PROVIDE (__ram_exceptions_end, ABSOLUTE (.))
                0x0000000080080020                PROVIDE (__flash_exceptions_start, LOADADDR (.exceptions))

.text           0x0000000080080244    0x165a4
                [!provide]                        PROVIDE (stext, ABSOLUTE (.))
 *(.interp)
 *(.hash)
 *(.dynsym)
 *(.dynstr)
 *(.gnu.version)
 *(.gnu.version_d)
 *(.gnu.version_r)
 *(.rel.init)
 *(.rela.init)
 *(.rel.text .rel.text.* .rel.gnu.linkonce.t.*)
 *(.rela.text .rela.text.* .rela.gnu.linkonce.t.*)
 *(.rel.fini)
 *(.rela.fini)
 *(.rel.rodata .rel.rodata.* .rel.gnu.linkonce.r.*)
 *(.rela.rodata .rela.rodata.* .rela.gnu.linkonce.r.*)
 *(.rel.data .rel.data.* .rel.gnu.linkonce.d.*)
 *(.rela.data .rela.data.* .rela.gnu.linkonce.d.*)
 *(.rel.tdata .rel.tdata.* .rel.gnu.linkonce.td.*)
 *(.rela.tdata .rela.tdata.* .rela.gnu.linkonce.td.*)
 *(.rel.tbss .rel.tbss.* .rel.gnu.linkonce.tb.*)
 *(.rela.tbss .rela.tbss.* .rela.gnu.linkonce.tb.*)
 *(.rel.ctors)
 *(.rela.ctors)
 *(.rel.dtors)
 *(.rela.dtors)
 *(.rel.got)
 *(.rela.got)
 *(.rel.sdata .rel.sdata.* .rel.gnu.linkonce.s.*)
 *(.rela.sdata .rela.sdata.* .rela.gnu.linkonce.s.*)
 *(.rel.sbss .rel.sbss.* .rel.gnu.linkonce.sb.*)
 *(.rela.sbss .rela.sbss.* .rela.gnu.linkonce.sb.*)
 *(.rel.sdata2 .rel.sdata2.* .rel.gnu.linkonce.s2.*)
 *(.rela.sdata2 .rela.sdata2.* .rela.gnu.linkonce.s2.*)
 *(.rel.sbss2 .rel.sbss2.* .rel.gnu.linkonce.sb2.*)
 *(.rela.sbss2 .rela.sbss2.* .rela.gnu.linkonce.sb2.*)
 *(.rel.bss .rel.bss.* .rel.gnu.linkonce.b.*)
 *(.rela.bss .rela.bss.* .rela.gnu.linkonce.b.*)
 *(.rel.plt)
 *(.rela.plt)
 *(.rel.dyn)
 *(.init)
 *(.plt)
 *(.text .stub .text.* .gnu.linkonce.t.*)
 .text          0x0000000080080244       0x4c ../testbench_ls_bsp//obj/HAL/src/crt0.o
                0x0000000080080244                _start
 .text          0x0000000080080290     0x12ec obj/default/hello_world.o
                0x0000000080080290                GetInputString
                0x0000000080080320                main
 .text          0x000000008008157c      0x1b8 obj/default/terasic_debug.o
                0x000000008008157c                debug_output
                0x00000000800815b0                myprintf
                0x000000008008161c                myprintf_hexarray
                0x00000000800816a4                myprintf_dwordarray
 .text          0x0000000080081734       0xdc /home/na62torino/altera/16.1/nios2eds/bin/gnu/H-x86_64-pc-linux-gnu/bin/../lib/gcc/nios2-elf/5.3.0/mhw-mulx/libgcc.a(gedf2.o)
                0x0000000080081734                __gtdf2
                0x0000000080081734                __gedf2
 .text          0x0000000080081810      0x718 /home/na62torino/altera/16.1/nios2eds/bin/gnu/H-x86_64-pc-linux-gnu/bin/../lib/gcc/nios2-elf/5.3.0/mhw-mulx/libgcc.a(muldf3.o)
                0x0000000080081810                __muldf3
 .text          0x0000000080081f28       0xa8 /home/na62torino/altera/16.1/nios2eds/bin/gnu/H-x86_64-pc-linux-gnu/bin/../lib/gcc/nios2-elf/5.3.0/mhw-mulx/libgcc.a(floatunsidf.o)
                0x0000000080081f28                __floatunsidf
 .text          0x0000000080081fd0       0x64 /home/na62torino/altera/16.1/nios2eds/bin/gnu/H-x86_64-pc-linux-gnu/bin/../lib/gcc/nios2-elf/5.3.0/mhw-mulx/libgcc.a(_clzsi2.o)
                0x0000000080081fd0                __clzsi2
 .text          0x0000000080082034        0x0 /home/na62torino/altera/16.1/nios2eds/bin/gnu/H-x86_64-pc-linux-gnu/bin/../lib/gcc/nios2-elf/5.3.0/mhw-mulx/libgcc.a(_clz.o)
 .text          0x0000000080082034        0x0 /home/na62torino/altera/16.1/nios2eds/bin/gnu/H-x86_64-pc-linux-gnu/bin/../lib/gcc/nios2-elf/5.3.0/../../../../../H-x86_64-pc-linux-gnu/nios2-elf/lib/mhw-mulx/libc.a(lib_a-getc.o)
 .text._getc_r  0x0000000080082034       0x70 /home/na62torino/altera/16.1/nios2eds/bin/gnu/H-x86_64-pc-linux-gnu/bin/../lib/gcc/nios2-elf/5.3.0/../../../../../H-x86_64-pc-linux-gnu/nios2-elf/lib/mhw-mulx/libc.a(lib_a-getc.o)
                0x0000000080082034                _getc_r
 .text.getc     0x00000000800820a4       0x88 /home/na62torino/altera/16.1/nios2eds/bin/gnu/H-x86_64-pc-linux-gnu/bin/../lib/gcc/nios2-elf/5.3.0/../../../../../H-x86_64-pc-linux-gnu/nios2-elf/lib/mhw-mulx/libc.a(lib_a-getc.o)
                0x00000000800820a4                getc
 .text          0x000000008008212c        0x0 /home/na62torino/altera/16.1/nios2eds/bin/gnu/H-x86_64-pc-linux-gnu/bin/../lib/gcc/nios2-elf/5.3.0/../../../../../H-x86_64-pc-linux-gnu/nios2-elf/lib/mhw-mulx/libc.a(lib_a-impure.o)
 .text          0x000000008008212c        0x0 /home/na62torino/altera/16.1/nios2eds/bin/gnu/H-x86_64-pc-linux-gnu/bin/../lib/gcc/nios2-elf/5.3.0/../../../../../H-x86_64-pc-linux-gnu/nios2-elf/lib/mhw-mulx/libc.a(lib_a-printf.o)
 .text._printf_r
                0x000000008008212c       0x30 /home/na62torino/altera/16.1/nios2eds/bin/gnu/H-x86_64-pc-linux-gnu/bin/../lib/gcc/nios2-elf/5.3.0/../../../../../H-x86_64-pc-linux-gnu/nios2-elf/lib/mhw-mulx/libc.a(lib_a-printf.o)
                0x000000008008212c                _printf_r
 .text.printf   0x000000008008215c       0x3c /home/na62torino/altera/16.1/nios2eds/bin/gnu/H-x86_64-pc-linux-gnu/bin/../lib/gcc/nios2-elf/5.3.0/../../../../../H-x86_64-pc-linux-gnu/nios2-elf/lib/mhw-mulx/libc.a(lib_a-printf.o)
                0x000000008008215c                printf
 .text          0x0000000080082198        0x0 /home/na62torino/altera/16.1/nios2eds/bin/gnu/H-x86_64-pc-linux-gnu/bin/../lib/gcc/nios2-elf/5.3.0/../../../../../H-x86_64-pc-linux-gnu/nios2-elf/lib/mhw-mulx/libc.a(lib_a-puts.o)
 .text._puts_r  0x0000000080082198       0xc0 /home/na62torino/altera/16.1/nios2eds/bin/gnu/H-x86_64-pc-linux-gnu/bin/../lib/gcc/nios2-elf/5.3.0/../../../../../H-x86_64-pc-linux-gnu/nios2-elf/lib/mhw-mulx/libc.a(lib_a-puts.o)
                0x0000000080082198                _puts_r
 .text.puts     0x0000000080082258       0x14 /home/na62torino/altera/16.1/nios2eds/bin/gnu/H-x86_64-pc-linux-gnu/bin/../lib/gcc/nios2-elf/5.3.0/../../../../../H-x86_64-pc-linux-gnu/nios2-elf/lib/mhw-mulx/libc.a(lib_a-puts.o)
                0x0000000080082258                puts
 .text          0x000000008008226c        0x0 /home/na62torino/altera/16.1/nios2eds/bin/gnu/H-x86_64-pc-linux-gnu/bin/../lib/gcc/nios2-elf/5.3.0/../../../../../H-x86_64-pc-linux-gnu/nios2-elf/lib/mhw-mulx/libc.a(lib_a-rget.o)
 .text.__srget_r
                0x000000008008226c       0x74 /home/na62torino/altera/16.1/nios2eds/bin/gnu/H-x86_64-pc-linux-gnu/bin/../lib/gcc/nios2-elf/5.3.0/../../../../../H-x86_64-pc-linux-gnu/nios2-elf/lib/mhw-mulx/libc.a(lib_a-rget.o)
                0x000000008008226c                __srget_r
 .text.__srget  0x00000000800822e0       0x14 /home/na62torino/altera/16.1/nios2eds/bin/gnu/H-x86_64-pc-linux-gnu/bin/../lib/gcc/nios2-elf/5.3.0/../../../../../H-x86_64-pc-linux-gnu/nios2-elf/lib/mhw-mulx/libc.a(lib_a-rget.o)
                0x00000000800822e0                __srget
 .text          0x00000000800822f4        0x0 /home/na62torino/altera/16.1/nios2eds/bin/gnu/H-x86_64-pc-linux-gnu/bin/../lib/gcc/nios2-elf/5.3.0/../../../../../H-x86_64-pc-linux-gnu/nios2-elf/lib/mhw-mulx/libc.a(lib_a-sprintf.o)
 .text._sprintf_r
                0x00000000800822f4       0x58 /home/na62torino/altera/16.1/nios2eds/bin/gnu/H-x86_64-pc-linux-gnu/bin/../lib/gcc/nios2-elf/5.3.0/../../../../../H-x86_64-pc-linux-gnu/nios2-elf/lib/mhw-mulx/libc.a(lib_a-sprintf.o)
                0x00000000800822f4                _sprintf_r
 .text.sprintf  0x000000008008234c       0x6c /home/na62torino/altera/16.1/nios2eds/bin/gnu/H-x86_64-pc-linux-gnu/bin/../lib/gcc/nios2-elf/5.3.0/../../../../../H-x86_64-pc-linux-gnu/nios2-elf/lib/mhw-mulx/libc.a(lib_a-sprintf.o)
                0x000000008008234c                sprintf
 .text          0x00000000800823b8        0x0 /home/na62torino/altera/16.1/nios2eds/bin/gnu/H-x86_64-pc-linux-gnu/bin/../lib/gcc/nios2-elf/5.3.0/../../../../../H-x86_64-pc-linux-gnu/nios2-elf/lib/mhw-mulx/libc.a(lib_a-strlen.o)
 .text.strlen   0x00000000800823b8       0x98 /home/na62torino/altera/16.1/nios2eds/bin/gnu/H-x86_64-pc-linux-gnu/bin/../lib/gcc/nios2-elf/5.3.0/../../../../../H-x86_64-pc-linux-gnu/nios2-elf/lib/mhw-mulx/libc.a(lib_a-strlen.o)
                0x00000000800823b8                strlen
 .text          0x0000000080082450        0x0 /home/na62torino/altera/16.1/nios2eds/bin/gnu/H-x86_64-pc-linux-gnu/bin/../lib/gcc/nios2-elf/5.3.0/../../../../../H-x86_64-pc-linux-gnu/nios2-elf/lib/mhw-mulx/libc.a(lib_a-svfprintf.o)
 .text.___svfprintf_internal_r
                0x0000000080082450     0x21d8 /home/na62torino/altera/16.1/nios2eds/bin/gnu/H-x86_64-pc-linux-gnu/bin/../lib/gcc/nios2-elf/5.3.0/../../../../../H-x86_64-pc-linux-gnu/nios2-elf/lib/mhw-mulx/libc.a(lib_a-svfprintf.o)
                0x0000000080082450                ___svfprintf_internal_r
 .text          0x0000000080084628        0x0 /home/na62torino/altera/16.1/nios2eds/bin/gnu/H-x86_64-pc-linux-gnu/bin/../lib/gcc/nios2-elf/5.3.0/../../../../../H-x86_64-pc-linux-gnu/nios2-elf/lib/mhw-mulx/libc.a(lib_a-vfprintf.o)
 .text.___vfprintf_internal_r
                0x0000000080084628     0x21f8 /home/na62torino/altera/16.1/nios2eds/bin/gnu/H-x86_64-pc-linux-gnu/bin/../lib/gcc/nios2-elf/5.3.0/../../../../../H-x86_64-pc-linux-gnu/nios2-elf/lib/mhw-mulx/libc.a(lib_a-vfprintf.o)
                0x0000000080084628                ___vfprintf_internal_r
 .text.__vfprintf_internal
                0x0000000080086820       0x1c /home/na62torino/altera/16.1/nios2eds/bin/gnu/H-x86_64-pc-linux-gnu/bin/../lib/gcc/nios2-elf/5.3.0/../../../../../H-x86_64-pc-linux-gnu/nios2-elf/lib/mhw-mulx/libc.a(lib_a-vfprintf.o)
                0x0000000080086820                __vfprintf_internal
 .text.__sbprintf
                0x000000008008683c       0xbc /home/na62torino/altera/16.1/nios2eds/bin/gnu/H-x86_64-pc-linux-gnu/bin/../lib/gcc/nios2-elf/5.3.0/../../../../../H-x86_64-pc-linux-gnu/nios2-elf/lib/mhw-mulx/libc.a(lib_a-vfprintf.o)
 .text          0x00000000800868f8        0x0 /home/na62torino/altera/16.1/nios2eds/bin/gnu/H-x86_64-pc-linux-gnu/bin/../lib/gcc/nios2-elf/5.3.0/../../../../../H-x86_64-pc-linux-gnu/nios2-elf/lib/mhw-mulx/libc.a(lib_a-vsnprintf.o)
 .text._vsnprintf_r
                0x00000000800868f8       0xf0 /home/na62torino/altera/16.1/nios2eds/bin/gnu/H-x86_64-pc-linux-gnu/bin/../lib/gcc/nios2-elf/5.3.0/../../../../../H-x86_64-pc-linux-gnu/nios2-elf/lib/mhw-mulx/libc.a(lib_a-vsnprintf.o)
                0x00000000800868f8                _vsnprintf_r
 .text.vsnprintf
                0x00000000800869e8       0x34 /home/na62torino/altera/16.1/nios2eds/bin/gnu/H-x86_64-pc-linux-gnu/bin/../lib/gcc/nios2-elf/5.3.0/../../../../../H-x86_64-pc-linux-gnu/nios2-elf/lib/mhw-mulx/libc.a(lib_a-vsnprintf.o)
                0x00000000800869e8                vsnprintf
 .text          0x0000000080086a1c        0x0 /home/na62torino/altera/16.1/nios2eds/bin/gnu/H-x86_64-pc-linux-gnu/bin/../lib/gcc/nios2-elf/5.3.0/../../../../../H-x86_64-pc-linux-gnu/nios2-elf/lib/mhw-mulx/libc.a(lib_a-wsetup.o)
 .text.__swsetup_r
                0x0000000080086a1c      0x154 /home/na62torino/altera/16.1/nios2eds/bin/gnu/H-x86_64-pc-linux-gnu/bin/../lib/gcc/nios2-elf/5.3.0/../../../../../H-x86_64-pc-linux-gnu/nios2-elf/lib/mhw-mulx/libc.a(lib_a-wsetup.o)
                0x0000000080086a1c                __swsetup_r
 .text          0x0000000080086b70        0x0 /home/na62torino/altera/16.1/nios2eds/bin/gnu/H-x86_64-pc-linux-gnu/bin/../lib/gcc/nios2-elf/5.3.0/../../../../../H-x86_64-pc-linux-gnu/nios2-elf/lib/mhw-mulx/libc.a(lib_a-dtoa.o)
 .text.quorem   0x0000000080086b70      0x200 /home/na62torino/altera/16.1/nios2eds/bin/gnu/H-x86_64-pc-linux-gnu/bin/../lib/gcc/nios2-elf/5.3.0/../../../../../H-x86_64-pc-linux-gnu/nios2-elf/lib/mhw-mulx/libc.a(lib_a-dtoa.o)
 .text._dtoa_r  0x0000000080086d70     0x1688 /home/na62torino/altera/16.1/nios2eds/bin/gnu/H-x86_64-pc-linux-gnu/bin/../lib/gcc/nios2-elf/5.3.0/../../../../../H-x86_64-pc-linux-gnu/nios2-elf/lib/mhw-mulx/libc.a(lib_a-dtoa.o)
                0x0000000080086d70                _dtoa_r
 .text          0x00000000800883f8        0x0 /home/na62torino/altera/16.1/nios2eds/bin/gnu/H-x86_64-pc-linux-gnu/bin/../lib/gcc/nios2-elf/5.3.0/../../../../../H-x86_64-pc-linux-gnu/nios2-elf/lib/mhw-mulx/libc.a(lib_a-fflush.o)
 .text.__sflush_r
                0x00000000800883f8      0x21c /home/na62torino/altera/16.1/nios2eds/bin/gnu/H-x86_64-pc-linux-gnu/bin/../lib/gcc/nios2-elf/5.3.0/../../../../../H-x86_64-pc-linux-gnu/nios2-elf/lib/mhw-mulx/libc.a(lib_a-fflush.o)
                0x00000000800883f8                __sflush_r
 .text._fflush_r
                0x0000000080088614       0x5c /home/na62torino/altera/16.1/nios2eds/bin/gnu/H-x86_64-pc-linux-gnu/bin/../lib/gcc/nios2-elf/5.3.0/../../../../../H-x86_64-pc-linux-gnu/nios2-elf/lib/mhw-mulx/libc.a(lib_a-fflush.o)
                0x0000000080088614                _fflush_r
 .text.fflush   0x0000000080088670       0x30 /home/na62torino/altera/16.1/nios2eds/bin/gnu/H-x86_64-pc-linux-gnu/bin/../lib/gcc/nios2-elf/5.3.0/../../../../../H-x86_64-pc-linux-gnu/nios2-elf/lib/mhw-mulx/libc.a(lib_a-fflush.o)
                0x0000000080088670                fflush
 .text          0x00000000800886a0        0x0 /home/na62torino/altera/16.1/nios2eds/bin/gnu/H-x86_64-pc-linux-gnu/bin/../lib/gcc/nios2-elf/5.3.0/../../../../../H-x86_64-pc-linux-gnu/nios2-elf/lib/mhw-mulx/libc.a(lib_a-findfp.o)
 .text.__fp_unlock
                0x00000000800886a0        0x8 /home/na62torino/altera/16.1/nios2eds/bin/gnu/H-x86_64-pc-linux-gnu/bin/../lib/gcc/nios2-elf/5.3.0/../../../../../H-x86_64-pc-linux-gnu/nios2-elf/lib/mhw-mulx/libc.a(lib_a-findfp.o)
 .text._cleanup_r
                0x00000000800886a8        0xc /home/na62torino/altera/16.1/nios2eds/bin/gnu/H-x86_64-pc-linux-gnu/bin/../lib/gcc/nios2-elf/5.3.0/../../../../../H-x86_64-pc-linux-gnu/nios2-elf/lib/mhw-mulx/libc.a(lib_a-findfp.o)
                0x00000000800886a8                _cleanup_r
 .text.__sinit.part.1
                0x00000000800886b4      0x19c /home/na62torino/altera/16.1/nios2eds/bin/gnu/H-x86_64-pc-linux-gnu/bin/../lib/gcc/nios2-elf/5.3.0/../../../../../H-x86_64-pc-linux-gnu/nios2-elf/lib/mhw-mulx/libc.a(lib_a-findfp.o)
 .text.__fp_lock
                0x0000000080088850        0x8 /home/na62torino/altera/16.1/nios2eds/bin/gnu/H-x86_64-pc-linux-gnu/bin/../lib/gcc/nios2-elf/5.3.0/../../../../../H-x86_64-pc-linux-gnu/nios2-elf/lib/mhw-mulx/libc.a(lib_a-findfp.o)
 .text.__sfmoreglue
                0x0000000080088858       0x68 /home/na62torino/altera/16.1/nios2eds/bin/gnu/H-x86_64-pc-linux-gnu/bin/../lib/gcc/nios2-elf/5.3.0/../../../../../H-x86_64-pc-linux-gnu/nios2-elf/lib/mhw-mulx/libc.a(lib_a-findfp.o)
                0x0000000080088858                __sfmoreglue
 .text.__sfp    0x00000000800888c0      0x118 /home/na62torino/altera/16.1/nios2eds/bin/gnu/H-x86_64-pc-linux-gnu/bin/../lib/gcc/nios2-elf/5.3.0/../../../../../H-x86_64-pc-linux-gnu/nios2-elf/lib/mhw-mulx/libc.a(lib_a-findfp.o)
                0x00000000800888c0                __sfp
 .text._cleanup
                0x00000000800889d8       0x18 /home/na62torino/altera/16.1/nios2eds/bin/gnu/H-x86_64-pc-linux-gnu/bin/../lib/gcc/nios2-elf/5.3.0/../../../../../H-x86_64-pc-linux-gnu/nios2-elf/lib/mhw-mulx/libc.a(lib_a-findfp.o)
                0x00000000800889d8                _cleanup
 .text.__sinit  0x00000000800889f0       0x10 /home/na62torino/altera/16.1/nios2eds/bin/gnu/H-x86_64-pc-linux-gnu/bin/../lib/gcc/nios2-elf/5.3.0/../../../../../H-x86_64-pc-linux-gnu/nios2-elf/lib/mhw-mulx/libc.a(lib_a-findfp.o)
                0x00000000800889f0                __sinit
 .text.__sfp_lock_acquire
                0x0000000080088a00        0x4 /home/na62torino/altera/16.1/nios2eds/bin/gnu/H-x86_64-pc-linux-gnu/bin/../lib/gcc/nios2-elf/5.3.0/../../../../../H-x86_64-pc-linux-gnu/nios2-elf/lib/mhw-mulx/libc.a(lib_a-findfp.o)
                0x0000000080088a00                __sfp_lock_acquire
 .text.__sfp_lock_release
                0x0000000080088a04        0x4 /home/na62torino/altera/16.1/nios2eds/bin/gnu/H-x86_64-pc-linux-gnu/bin/../lib/gcc/nios2-elf/5.3.0/../../../../../H-x86_64-pc-linux-gnu/nios2-elf/lib/mhw-mulx/libc.a(lib_a-findfp.o)
                0x0000000080088a04                __sfp_lock_release
 .text.__sinit_lock_acquire
                0x0000000080088a08        0x4 /home/na62torino/altera/16.1/nios2eds/bin/gnu/H-x86_64-pc-linux-gnu/bin/../lib/gcc/nios2-elf/5.3.0/../../../../../H-x86_64-pc-linux-gnu/nios2-elf/lib/mhw-mulx/libc.a(lib_a-findfp.o)
                0x0000000080088a08                __sinit_lock_acquire
 .text.__sinit_lock_release
                0x0000000080088a0c        0x4 /home/na62torino/altera/16.1/nios2eds/bin/gnu/H-x86_64-pc-linux-gnu/bin/../lib/gcc/nios2-elf/5.3.0/../../../../../H-x86_64-pc-linux-gnu/nios2-elf/lib/mhw-mulx/libc.a(lib_a-findfp.o)
                0x0000000080088a0c                __sinit_lock_release
 .text.__fp_lock_all
                0x0000000080088a10       0x18 /home/na62torino/altera/16.1/nios2eds/bin/gnu/H-x86_64-pc-linux-gnu/bin/../lib/gcc/nios2-elf/5.3.0/../../../../../H-x86_64-pc-linux-gnu/nios2-elf/lib/mhw-mulx/libc.a(lib_a-findfp.o)
                0x0000000080088a10                __fp_lock_all
 .text.__fp_unlock_all
                0x0000000080088a28       0x18 /home/na62torino/altera/16.1/nios2eds/bin/gnu/H-x86_64-pc-linux-gnu/bin/../lib/gcc/nios2-elf/5.3.0/../../../../../H-x86_64-pc-linux-gnu/nios2-elf/lib/mhw-mulx/libc.a(lib_a-findfp.o)
                0x0000000080088a28                __fp_unlock_all
 .text          0x0000000080088a40        0x0 /home/na62torino/altera/16.1/nios2eds/bin/gnu/H-x86_64-pc-linux-gnu/bin/../lib/gcc/nios2-elf/5.3.0/../../../../../H-x86_64-pc-linux-gnu/nios2-elf/lib/mhw-mulx/libc.a(lib_a-freer.o)
 .text._malloc_trim_r
                0x0000000080088a40      0x124 /home/na62torino/altera/16.1/nios2eds/bin/gnu/H-x86_64-pc-linux-gnu/bin/../lib/gcc/nios2-elf/5.3.0/../../../../../H-x86_64-pc-linux-gnu/nios2-elf/lib/mhw-mulx/libc.a(lib_a-freer.o)
                0x0000000080088a40                _malloc_trim_r
 .text._free_r  0x0000000080088b64      0x310 /home/na62torino/altera/16.1/nios2eds/bin/gnu/H-x86_64-pc-linux-gnu/bin/../lib/gcc/nios2-elf/5.3.0/../../../../../H-x86_64-pc-linux-gnu/nios2-elf/lib/mhw-mulx/libc.a(lib_a-freer.o)
                0x0000000080088b64                _free_r
 .text          0x0000000080088e74        0x0 /home/na62torino/altera/16.1/nios2eds/bin/gnu/H-x86_64-pc-linux-gnu/bin/../lib/gcc/nios2-elf/5.3.0/../../../../../H-x86_64-pc-linux-gnu/nios2-elf/lib/mhw-mulx/libc.a(lib_a-fvwrite.o)
 .text.__sfvwrite_r
                0x0000000080088e74      0x4bc /home/na62torino/altera/16.1/nios2eds/bin/gnu/H-x86_64-pc-linux-gnu/bin/../lib/gcc/nios2-elf/5.3.0/../../../../../H-x86_64-pc-linux-gnu/nios2-elf/lib/mhw-mulx/libc.a(lib_a-fvwrite.o)
                0x0000000080088e74                __sfvwrite_r
 .text          0x0000000080089330        0x0 /home/na62torino/altera/16.1/nios2eds/bin/gnu/H-x86_64-pc-linux-gnu/bin/../lib/gcc/nios2-elf/5.3.0/../../../../../H-x86_64-pc-linux-gnu/nios2-elf/lib/mhw-mulx/libc.a(lib_a-fwalk.o)
 .text._fwalk   0x0000000080089330       0xc4 /home/na62torino/altera/16.1/nios2eds/bin/gnu/H-x86_64-pc-linux-gnu/bin/../lib/gcc/nios2-elf/5.3.0/../../../../../H-x86_64-pc-linux-gnu/nios2-elf/lib/mhw-mulx/libc.a(lib_a-fwalk.o)
                0x0000000080089330                _fwalk
 .text._fwalk_reent
                0x00000000800893f4       0xc4 /home/na62torino/altera/16.1/nios2eds/bin/gnu/H-x86_64-pc-linux-gnu/bin/../lib/gcc/nios2-elf/5.3.0/../../../../../H-x86_64-pc-linux-gnu/nios2-elf/lib/mhw-mulx/libc.a(lib_a-fwalk.o)
                0x00000000800893f4                _fwalk_reent
 .text          0x00000000800894b8        0x0 /home/na62torino/altera/16.1/nios2eds/bin/gnu/H-x86_64-pc-linux-gnu/bin/../lib/gcc/nios2-elf/5.3.0/../../../../../H-x86_64-pc-linux-gnu/nios2-elf/lib/mhw-mulx/libc.a(lib_a-locale.o)
 .text._setlocale_r
                0x00000000800894b8       0x7c /home/na62torino/altera/16.1/nios2eds/bin/gnu/H-x86_64-pc-linux-gnu/bin/../lib/gcc/nios2-elf/5.3.0/../../../../../H-x86_64-pc-linux-gnu/nios2-elf/lib/mhw-mulx/libc.a(lib_a-locale.o)
                0x00000000800894b8                _setlocale_r
 .text.__locale_charset
                0x0000000080089534        0xc /home/na62torino/altera/16.1/nios2eds/bin/gnu/H-x86_64-pc-linux-gnu/bin/../lib/gcc/nios2-elf/5.3.0/../../../../../H-x86_64-pc-linux-gnu/nios2-elf/lib/mhw-mulx/libc.a(lib_a-locale.o)
                0x0000000080089534                __locale_charset
 .text.__locale_mb_cur_max
                0x0000000080089540       0x10 /home/na62torino/altera/16.1/nios2eds/bin/gnu/H-x86_64-pc-linux-gnu/bin/../lib/gcc/nios2-elf/5.3.0/../../../../../H-x86_64-pc-linux-gnu/nios2-elf/lib/mhw-mulx/libc.a(lib_a-locale.o)
                0x0000000080089540                __locale_mb_cur_max
 .text.__locale_msgcharset
                0x0000000080089550        0xc /home/na62torino/altera/16.1/nios2eds/bin/gnu/H-x86_64-pc-linux-gnu/bin/../lib/gcc/nios2-elf/5.3.0/../../../../../H-x86_64-pc-linux-gnu/nios2-elf/lib/mhw-mulx/libc.a(lib_a-locale.o)
                0x0000000080089550                __locale_msgcharset
 .text.__locale_cjk_lang
                0x000000008008955c        0x8 /home/na62torino/altera/16.1/nios2eds/bin/gnu/H-x86_64-pc-linux-gnu/bin/../lib/gcc/nios2-elf/5.3.0/../../../../../H-x86_64-pc-linux-gnu/nios2-elf/lib/mhw-mulx/libc.a(lib_a-locale.o)
                0x000000008008955c                __locale_cjk_lang
 .text._localeconv_r
                0x0000000080089564        0xc /home/na62torino/altera/16.1/nios2eds/bin/gnu/H-x86_64-pc-linux-gnu/bin/../lib/gcc/nios2-elf/5.3.0/../../../../../H-x86_64-pc-linux-gnu/nios2-elf/lib/mhw-mulx/libc.a(lib_a-locale.o)
                0x0000000080089564                _localeconv_r
 .text.setlocale
                0x0000000080089570       0x18 /home/na62torino/altera/16.1/nios2eds/bin/gnu/H-x86_64-pc-linux-gnu/bin/../lib/gcc/nios2-elf/5.3.0/../../../../../H-x86_64-pc-linux-gnu/nios2-elf/lib/mhw-mulx/libc.a(lib_a-locale.o)
                0x0000000080089570                setlocale
 .text.localeconv
                0x0000000080089588        0xc /home/na62torino/altera/16.1/nios2eds/bin/gnu/H-x86_64-pc-linux-gnu/bin/../lib/gcc/nios2-elf/5.3.0/../../../../../H-x86_64-pc-linux-gnu/nios2-elf/lib/mhw-mulx/libc.a(lib_a-locale.o)
                0x0000000080089588                localeconv
 .text          0x0000000080089594        0x0 /home/na62torino/altera/16.1/nios2eds/bin/gnu/H-x86_64-pc-linux-gnu/bin/../lib/gcc/nios2-elf/5.3.0/../../../../../H-x86_64-pc-linux-gnu/nios2-elf/lib/mhw-mulx/libc.a(lib_a-makebuf.o)
 .text.__smakebuf_r
                0x0000000080089594      0x1bc /home/na62torino/altera/16.1/nios2eds/bin/gnu/H-x86_64-pc-linux-gnu/bin/../lib/gcc/nios2-elf/5.3.0/../../../../../H-x86_64-pc-linux-gnu/nios2-elf/lib/mhw-mulx/libc.a(lib_a-makebuf.o)
                0x0000000080089594                __smakebuf_r
 .text          0x0000000080089750        0x0 /home/na62torino/altera/16.1/nios2eds/bin/gnu/H-x86_64-pc-linux-gnu/bin/../lib/gcc/nios2-elf/5.3.0/../../../../../H-x86_64-pc-linux-gnu/nios2-elf/lib/mhw-mulx/libc.a(lib_a-mallocr.o)
 .text._malloc_r
                0x0000000080089750      0x80c /home/na62torino/altera/16.1/nios2eds/bin/gnu/H-x86_64-pc-linux-gnu/bin/../lib/gcc/nios2-elf/5.3.0/../../../../../H-x86_64-pc-linux-gnu/nios2-elf/lib/mhw-mulx/libc.a(lib_a-mallocr.o)
                0x0000000080089750                _malloc_r
 .text          0x0000000080089f5c        0x0 /home/na62torino/altera/16.1/nios2eds/bin/gnu/H-x86_64-pc-linux-gnu/bin/../lib/gcc/nios2-elf/5.3.0/../../../../../H-x86_64-pc-linux-gnu/nios2-elf/lib/mhw-mulx/libc.a(lib_a-memchr.o)
 .text.memchr   0x0000000080089f5c       0xe4 /home/na62torino/altera/16.1/nios2eds/bin/gnu/H-x86_64-pc-linux-gnu/bin/../lib/gcc/nios2-elf/5.3.0/../../../../../H-x86_64-pc-linux-gnu/nios2-elf/lib/mhw-mulx/libc.a(lib_a-memchr.o)
                0x0000000080089f5c                memchr
 .text          0x000000008008a040        0x0 /home/na62torino/altera/16.1/nios2eds/bin/gnu/H-x86_64-pc-linux-gnu/bin/../lib/gcc/nios2-elf/5.3.0/../../../../../H-x86_64-pc-linux-gnu/nios2-elf/lib/mhw-mulx/libc.a(lib_a-memcpy.o)
 .text.memcpy   0x000000008008a040      0x148 /home/na62torino/altera/16.1/nios2eds/bin/gnu/H-x86_64-pc-linux-gnu/bin/../lib/gcc/nios2-elf/5.3.0/../../../../../H-x86_64-pc-linux-gnu/nios2-elf/lib/mhw-mulx/libc.a(lib_a-memcpy.o)
                0x000000008008a040                memcpy
 .text          0x000000008008a188        0x0 /home/na62torino/altera/16.1/nios2eds/bin/gnu/H-x86_64-pc-linux-gnu/bin/../lib/gcc/nios2-elf/5.3.0/../../../../../H-x86_64-pc-linux-gnu/nios2-elf/lib/mhw-mulx/libc.a(lib_a-memmove.o)
 .text.memmove  0x000000008008a188      0x15c /home/na62torino/altera/16.1/nios2eds/bin/gnu/H-x86_64-pc-linux-gnu/bin/../lib/gcc/nios2-elf/5.3.0/../../../../../H-x86_64-pc-linux-gnu/nios2-elf/lib/mhw-mulx/libc.a(lib_a-memmove.o)
                0x000000008008a188                memmove
 .text          0x000000008008a2e4        0x0 /home/na62torino/altera/16.1/nios2eds/bin/gnu/H-x86_64-pc-linux-gnu/bin/../lib/gcc/nios2-elf/5.3.0/../../../../../H-x86_64-pc-linux-gnu/nios2-elf/lib/mhw-mulx/libc.a(lib_a-memset.o)
 .text.memset   0x000000008008a2e4      0x128 /home/na62torino/altera/16.1/nios2eds/bin/gnu/H-x86_64-pc-linux-gnu/bin/../lib/gcc/nios2-elf/5.3.0/../../../../../H-x86_64-pc-linux-gnu/nios2-elf/lib/mhw-mulx/libc.a(lib_a-memset.o)
                0x000000008008a2e4                memset
 .text          0x000000008008a40c        0x0 /home/na62torino/altera/16.1/nios2eds/bin/gnu/H-x86_64-pc-linux-gnu/bin/../lib/gcc/nios2-elf/5.3.0/../../../../../H-x86_64-pc-linux-gnu/nios2-elf/lib/mhw-mulx/libc.a(lib_a-mprec.o)
 .text._Balloc  0x000000008008a40c       0xa8 /home/na62torino/altera/16.1/nios2eds/bin/gnu/H-x86_64-pc-linux-gnu/bin/../lib/gcc/nios2-elf/5.3.0/../../../../../H-x86_64-pc-linux-gnu/nios2-elf/lib/mhw-mulx/libc.a(lib_a-mprec.o)
                0x000000008008a40c                _Balloc
 .text._Bfree   0x000000008008a4b4       0x28 /home/na62torino/altera/16.1/nios2eds/bin/gnu/H-x86_64-pc-linux-gnu/bin/../lib/gcc/nios2-elf/5.3.0/../../../../../H-x86_64-pc-linux-gnu/nios2-elf/lib/mhw-mulx/libc.a(lib_a-mprec.o)
                0x000000008008a4b4                _Bfree
 .text.__multadd
                0x000000008008a4dc      0x120 /home/na62torino/altera/16.1/nios2eds/bin/gnu/H-x86_64-pc-linux-gnu/bin/../lib/gcc/nios2-elf/5.3.0/../../../../../H-x86_64-pc-linux-gnu/nios2-elf/lib/mhw-mulx/libc.a(lib_a-mprec.o)
                0x000000008008a4dc                __multadd
 .text.__s2b    0x000000008008a5fc      0x104 /home/na62torino/altera/16.1/nios2eds/bin/gnu/H-x86_64-pc-linux-gnu/bin/../lib/gcc/nios2-elf/5.3.0/../../../../../H-x86_64-pc-linux-gnu/nios2-elf/lib/mhw-mulx/libc.a(lib_a-mprec.o)
                0x000000008008a5fc                __s2b
 .text.__hi0bits
                0x000000008008a700       0x68 /home/na62torino/altera/16.1/nios2eds/bin/gnu/H-x86_64-pc-linux-gnu/bin/../lib/gcc/nios2-elf/5.3.0/../../../../../H-x86_64-pc-linux-gnu/nios2-elf/lib/mhw-mulx/libc.a(lib_a-mprec.o)
                0x000000008008a700                __hi0bits
 .text.__lo0bits
                0x000000008008a768       0xb0 /home/na62torino/altera/16.1/nios2eds/bin/gnu/H-x86_64-pc-linux-gnu/bin/../lib/gcc/nios2-elf/5.3.0/../../../../../H-x86_64-pc-linux-gnu/nios2-elf/lib/mhw-mulx/libc.a(lib_a-mprec.o)
                0x000000008008a768                __lo0bits
 .text.__i2b    0x000000008008a818       0x3c /home/na62torino/altera/16.1/nios2eds/bin/gnu/H-x86_64-pc-linux-gnu/bin/../lib/gcc/nios2-elf/5.3.0/../../../../../H-x86_64-pc-linux-gnu/nios2-elf/lib/mhw-mulx/libc.a(lib_a-mprec.o)
                0x000000008008a818                __i2b
 .text.__multiply
                0x000000008008a854      0x1f8 /home/na62torino/altera/16.1/nios2eds/bin/gnu/H-x86_64-pc-linux-gnu/bin/../lib/gcc/nios2-elf/5.3.0/../../../../../H-x86_64-pc-linux-gnu/nios2-elf/lib/mhw-mulx/libc.a(lib_a-mprec.o)
                0x000000008008a854                __multiply
 .text.__pow5mult
                0x000000008008aa4c      0x140 /home/na62torino/altera/16.1/nios2eds/bin/gnu/H-x86_64-pc-linux-gnu/bin/../lib/gcc/nios2-elf/5.3.0/../../../../../H-x86_64-pc-linux-gnu/nios2-elf/lib/mhw-mulx/libc.a(lib_a-mprec.o)
                0x000000008008aa4c                __pow5mult
 .text.__lshift
                0x000000008008ab8c      0x148 /home/na62torino/altera/16.1/nios2eds/bin/gnu/H-x86_64-pc-linux-gnu/bin/../lib/gcc/nios2-elf/5.3.0/../../../../../H-x86_64-pc-linux-gnu/nios2-elf/lib/mhw-mulx/libc.a(lib_a-mprec.o)
                0x000000008008ab8c                __lshift
 .text.__mcmp   0x000000008008acd4       0x60 /home/na62torino/altera/16.1/nios2eds/bin/gnu/H-x86_64-pc-linux-gnu/bin/../lib/gcc/nios2-elf/5.3.0/../../../../../H-x86_64-pc-linux-gnu/nios2-elf/lib/mhw-mulx/libc.a(lib_a-mprec.o)
                0x000000008008acd4                __mcmp
 .text.__mdiff  0x000000008008ad34      0x1fc /home/na62torino/altera/16.1/nios2eds/bin/gnu/H-x86_64-pc-linux-gnu/bin/../lib/gcc/nios2-elf/5.3.0/../../../../../H-x86_64-pc-linux-gnu/nios2-elf/lib/mhw-mulx/libc.a(lib_a-mprec.o)
                0x000000008008ad34                __mdiff
 .text.__ulp    0x000000008008af30       0x64 /home/na62torino/altera/16.1/nios2eds/bin/gnu/H-x86_64-pc-linux-gnu/bin/../lib/gcc/nios2-elf/5.3.0/../../../../../H-x86_64-pc-linux-gnu/nios2-elf/lib/mhw-mulx/libc.a(lib_a-mprec.o)
                0x000000008008af30                __ulp
 .text.__b2d    0x000000008008af94      0x10c /home/na62torino/altera/16.1/nios2eds/bin/gnu/H-x86_64-pc-linux-gnu/bin/../lib/gcc/nios2-elf/5.3.0/../../../../../H-x86_64-pc-linux-gnu/nios2-elf/lib/mhw-mulx/libc.a(lib_a-mprec.o)
                0x000000008008af94                __b2d
 .text.__d2b    0x000000008008b0a0      0x14c /home/na62torino/altera/16.1/nios2eds/bin/gnu/H-x86_64-pc-linux-gnu/bin/../lib/gcc/nios2-elf/5.3.0/../../../../../H-x86_64-pc-linux-gnu/nios2-elf/lib/mhw-mulx/libc.a(lib_a-mprec.o)
                0x000000008008b0a0                __d2b
 .text.__ratio  0x000000008008b1ec       0xa4 /home/na62torino/altera/16.1/nios2eds/bin/gnu/H-x86_64-pc-linux-gnu/bin/../lib/gcc/nios2-elf/5.3.0/../../../../../H-x86_64-pc-linux-gnu/nios2-elf/lib/mhw-mulx/libc.a(lib_a-mprec.o)
                0x000000008008b1ec                __ratio
 .text._mprec_log10
                0x000000008008b290       0x74 /home/na62torino/altera/16.1/nios2eds/bin/gnu/H-x86_64-pc-linux-gnu/bin/../lib/gcc/nios2-elf/5.3.0/../../../../../H-x86_64-pc-linux-gnu/nios2-elf/lib/mhw-mulx/libc.a(lib_a-mprec.o)
                0x000000008008b290                _mprec_log10
 .text.__copybits
                0x000000008008b304       0x78 /home/na62torino/altera/16.1/nios2eds/bin/gnu/H-x86_64-pc-linux-gnu/bin/../lib/gcc/nios2-elf/5.3.0/../../../../../H-x86_64-pc-linux-gnu/nios2-elf/lib/mhw-mulx/libc.a(lib_a-mprec.o)
                0x000000008008b304                __copybits
 .text.__any_on
                0x000000008008b37c       0x8c /home/na62torino/altera/16.1/nios2eds/bin/gnu/H-x86_64-pc-linux-gnu/bin/../lib/gcc/nios2-elf/5.3.0/../../../../../H-x86_64-pc-linux-gnu/nios2-elf/lib/mhw-mulx/libc.a(lib_a-mprec.o)
                0x000000008008b37c                __any_on
 .text          0x000000008008b408        0x0 /home/na62torino/altera/16.1/nios2eds/bin/gnu/H-x86_64-pc-linux-gnu/bin/../lib/gcc/nios2-elf/5.3.0/../../../../../H-x86_64-pc-linux-gnu/nios2-elf/lib/mhw-mulx/libc.a(lib_a-reallocr.o)
 .text._realloc_r
                0x000000008008b408      0x564 /home/na62torino/altera/16.1/nios2eds/bin/gnu/H-x86_64-pc-linux-gnu/bin/../lib/gcc/nios2-elf/5.3.0/../../../../../H-x86_64-pc-linux-gnu/nios2-elf/lib/mhw-mulx/libc.a(lib_a-reallocr.o)
                0x000000008008b408                _realloc_r
 .text          0x000000008008b96c        0x0 /home/na62torino/altera/16.1/nios2eds/bin/gnu/H-x86_64-pc-linux-gnu/bin/../lib/gcc/nios2-elf/5.3.0/../../../../../H-x86_64-pc-linux-gnu/nios2-elf/lib/mhw-mulx/libc.a(lib_a-refill.o)
 .text.lflush   0x000000008008b96c       0x1c /home/na62torino/altera/16.1/nios2eds/bin/gnu/H-x86_64-pc-linux-gnu/bin/../lib/gcc/nios2-elf/5.3.0/../../../../../H-x86_64-pc-linux-gnu/nios2-elf/lib/mhw-mulx/libc.a(lib_a-refill.o)
 .text.__srefill_r
                0x000000008008b988      0x1d4 /home/na62torino/altera/16.1/nios2eds/bin/gnu/H-x86_64-pc-linux-gnu/bin/../lib/gcc/nios2-elf/5.3.0/../../../../../H-x86_64-pc-linux-gnu/nios2-elf/lib/mhw-mulx/libc.a(lib_a-refill.o)
                0x000000008008b988                __srefill_r
 .text          0x000000008008bb5c        0x0 /home/na62torino/altera/16.1/nios2eds/bin/gnu/H-x86_64-pc-linux-gnu/bin/../lib/gcc/nios2-elf/5.3.0/../../../../../H-x86_64-pc-linux-gnu/nios2-elf/lib/mhw-mulx/libc.a(lib_a-s_fpclassify.o)
 .text.__fpclassifyd
                0x000000008008bb5c       0x74 /home/na62torino/altera/16.1/nios2eds/bin/gnu/H-x86_64-pc-linux-gnu/bin/../lib/gcc/nios2-elf/5.3.0/../../../../../H-x86_64-pc-linux-gnu/nios2-elf/lib/mhw-mulx/libc.a(lib_a-s_fpclassify.o)
                0x000000008008bb5c                __fpclassifyd
 .text          0x000000008008bbd0        0x0 /home/na62torino/altera/16.1/nios2eds/bin/gnu/H-x86_64-pc-linux-gnu/bin/../lib/gcc/nios2-elf/5.3.0/../../../../../H-x86_64-pc-linux-gnu/nios2-elf/lib/mhw-mulx/libc.a(lib_a-sbrkr.o)
 .text._sbrk_r  0x000000008008bbd0       0x54 /home/na62torino/altera/16.1/nios2eds/bin/gnu/H-x86_64-pc-linux-gnu/bin/../lib/gcc/nios2-elf/5.3.0/../../../../../H-x86_64-pc-linux-gnu/nios2-elf/lib/mhw-mulx/libc.a(lib_a-sbrkr.o)
                0x000000008008bbd0                _sbrk_r
 .text          0x000000008008bc24        0x0 /home/na62torino/altera/16.1/nios2eds/bin/gnu/H-x86_64-pc-linux-gnu/bin/../lib/gcc/nios2-elf/5.3.0/../../../../../H-x86_64-pc-linux-gnu/nios2-elf/lib/mhw-mulx/libc.a(lib_a-stdio.o)
 .text.__sread  0x000000008008bc24       0x54 /home/na62torino/altera/16.1/nios2eds/bin/gnu/H-x86_64-pc-linux-gnu/bin/../lib/gcc/nios2-elf/5.3.0/../../../../../H-x86_64-pc-linux-gnu/nios2-elf/lib/mhw-mulx/libc.a(lib_a-stdio.o)
                0x000000008008bc24                __sread
 .text.__seofread
                0x000000008008bc78        0x8 /home/na62torino/altera/16.1/nios2eds/bin/gnu/H-x86_64-pc-linux-gnu/bin/../lib/gcc/nios2-elf/5.3.0/../../../../../H-x86_64-pc-linux-gnu/nios2-elf/lib/mhw-mulx/libc.a(lib_a-stdio.o)
                0x000000008008bc78                __seofread
 .text.__swrite
                0x000000008008bc80       0x7c /home/na62torino/altera/16.1/nios2eds/bin/gnu/H-x86_64-pc-linux-gnu/bin/../lib/gcc/nios2-elf/5.3.0/../../../../../H-x86_64-pc-linux-gnu/nios2-elf/lib/mhw-mulx/libc.a(lib_a-stdio.o)
                0x000000008008bc80                __swrite
 .text.__sseek  0x000000008008bcfc       0x5c /home/na62torino/altera/16.1/nios2eds/bin/gnu/H-x86_64-pc-linux-gnu/bin/../lib/gcc/nios2-elf/5.3.0/../../../../../H-x86_64-pc-linux-gnu/nios2-elf/lib/mhw-mulx/libc.a(lib_a-stdio.o)
                0x000000008008bcfc                __sseek
 .text.__sclose
                0x000000008008bd58        0x8 /home/na62torino/altera/16.1/nios2eds/bin/gnu/H-x86_64-pc-linux-gnu/bin/../lib/gcc/nios2-elf/5.3.0/../../../../../H-x86_64-pc-linux-gnu/nios2-elf/lib/mhw-mulx/libc.a(lib_a-stdio.o)
                0x000000008008bd58                __sclose
 .text          0x000000008008bd60        0x0 /home/na62torino/altera/16.1/nios2eds/bin/gnu/H-x86_64-pc-linux-gnu/bin/../lib/gcc/nios2-elf/5.3.0/../../../../../H-x86_64-pc-linux-gnu/nios2-elf/lib/mhw-mulx/libc.a(lib_a-strcmp.o)
 .text.strcmp   0x000000008008bd60       0xdc /home/na62torino/altera/16.1/nios2eds/bin/gnu/H-x86_64-pc-linux-gnu/bin/../lib/gcc/nios2-elf/5.3.0/../../../../../H-x86_64-pc-linux-gnu/nios2-elf/lib/mhw-mulx/libc.a(lib_a-strcmp.o)
                0x000000008008bd60                strcmp
 .text          0x000000008008be3c        0x0 /home/na62torino/altera/16.1/nios2eds/bin/gnu/H-x86_64-pc-linux-gnu/bin/../lib/gcc/nios2-elf/5.3.0/../../../../../H-x86_64-pc-linux-gnu/nios2-elf/lib/mhw-mulx/libc.a(lib_a-svfiprintf.o)
 .text.__ssprint_r
                0x000000008008be3c      0x1d0 /home/na62torino/altera/16.1/nios2eds/bin/gnu/H-x86_64-pc-linux-gnu/bin/../lib/gcc/nios2-elf/5.3.0/../../../../../H-x86_64-pc-linux-gnu/nios2-elf/lib/mhw-mulx/libc.a(lib_a-svfiprintf.o)
                0x000000008008be3c                __ssprint_r
 .text.___svfiprintf_internal_r
                0x000000008008c00c     0x123c /home/na62torino/altera/16.1/nios2eds/bin/gnu/H-x86_64-pc-linux-gnu/bin/../lib/gcc/nios2-elf/5.3.0/../../../../../H-x86_64-pc-linux-gnu/nios2-elf/lib/mhw-mulx/libc.a(lib_a-svfiprintf.o)
                0x000000008008c00c                ___svfiprintf_internal_r
 .text          0x000000008008d248        0x0 /home/na62torino/altera/16.1/nios2eds/bin/gnu/H-x86_64-pc-linux-gnu/bin/../lib/gcc/nios2-elf/5.3.0/../../../../../H-x86_64-pc-linux-gnu/nios2-elf/lib/mhw-mulx/libc.a(lib_a-vfiprintf.o)
 .text.__sprint_r.part.0
                0x000000008008d248       0xfc /home/na62torino/altera/16.1/nios2eds/bin/gnu/H-x86_64-pc-linux-gnu/bin/../lib/gcc/nios2-elf/5.3.0/../../../../../H-x86_64-pc-linux-gnu/nios2-elf/lib/mhw-mulx/libc.a(lib_a-vfiprintf.o)
 .text.__sprint_r
                0x000000008008d344       0x18 /home/na62torino/altera/16.1/nios2eds/bin/gnu/H-x86_64-pc-linux-gnu/bin/../lib/gcc/nios2-elf/5.3.0/../../../../../H-x86_64-pc-linux-gnu/nios2-elf/lib/mhw-mulx/libc.a(lib_a-vfiprintf.o)
                0x000000008008d344                __sprint_r
 .text.___vfiprintf_internal_r
                0x000000008008d35c     0x145c /home/na62torino/altera/16.1/nios2eds/bin/gnu/H-x86_64-pc-linux-gnu/bin/../lib/gcc/nios2-elf/5.3.0/../../../../../H-x86_64-pc-linux-gnu/nios2-elf/lib/mhw-mulx/libc.a(lib_a-vfiprintf.o)
                0x000000008008d35c                ___vfiprintf_internal_r
 .text.__vfiprintf_internal
                0x000000008008e7b8       0x1c /home/na62torino/altera/16.1/nios2eds/bin/gnu/H-x86_64-pc-linux-gnu/bin/../lib/gcc/nios2-elf/5.3.0/../../../../../H-x86_64-pc-linux-gnu/nios2-elf/lib/mhw-mulx/libc.a(lib_a-vfiprintf.o)
                0x000000008008e7b8                __vfiprintf_internal
 .text.__sbprintf
                0x000000008008e7d4       0xbc /home/na62torino/altera/16.1/nios2eds/bin/gnu/H-x86_64-pc-linux-gnu/bin/../lib/gcc/nios2-elf/5.3.0/../../../../../H-x86_64-pc-linux-gnu/nios2-elf/lib/mhw-mulx/libc.a(lib_a-vfiprintf.o)
 .text          0x000000008008e890        0x0 /home/na62torino/altera/16.1/nios2eds/bin/gnu/H-x86_64-pc-linux-gnu/bin/../lib/gcc/nios2-elf/5.3.0/../../../../../H-x86_64-pc-linux-gnu/nios2-elf/lib/mhw-mulx/libc.a(lib_a-writer.o)
 .text._write_r
                0x000000008008e890       0x60 /home/na62torino/altera/16.1/nios2eds/bin/gnu/H-x86_64-pc-linux-gnu/bin/../lib/gcc/nios2-elf/5.3.0/../../../../../H-x86_64-pc-linux-gnu/nios2-elf/lib/mhw-mulx/libc.a(lib_a-writer.o)
                0x000000008008e890                _write_r
 .text          0x000000008008e8f0        0x0 /home/na62torino/altera/16.1/nios2eds/bin/gnu/H-x86_64-pc-linux-gnu/bin/../lib/gcc/nios2-elf/5.3.0/../../../../../H-x86_64-pc-linux-gnu/nios2-elf/lib/mhw-mulx/libc.a(closer.o)
 .text._close_r
                0x000000008008e8f0       0x54 /home/na62torino/altera/16.1/nios2eds/bin/gnu/H-x86_64-pc-linux-gnu/bin/../lib/gcc/nios2-elf/5.3.0/../../../../../H-x86_64-pc-linux-gnu/nios2-elf/lib/mhw-mulx/libc.a(closer.o)
                0x000000008008e8f0                _close_r
 .text          0x000000008008e944        0x0 /home/na62torino/altera/16.1/nios2eds/bin/gnu/H-x86_64-pc-linux-gnu/bin/../lib/gcc/nios2-elf/5.3.0/../../../../../H-x86_64-pc-linux-gnu/nios2-elf/lib/mhw-mulx/libc.a(lib_a-callocr.o)
 .text._calloc_r
                0x000000008008e944       0xc4 /home/na62torino/altera/16.1/nios2eds/bin/gnu/H-x86_64-pc-linux-gnu/bin/../lib/gcc/nios2-elf/5.3.0/../../../../../H-x86_64-pc-linux-gnu/nios2-elf/lib/mhw-mulx/libc.a(lib_a-callocr.o)
                0x000000008008e944                _calloc_r
 .text          0x000000008008ea08        0x0 /home/na62torino/altera/16.1/nios2eds/bin/gnu/H-x86_64-pc-linux-gnu/bin/../lib/gcc/nios2-elf/5.3.0/../../../../../H-x86_64-pc-linux-gnu/nios2-elf/lib/mhw-mulx/libc.a(lib_a-fclose.o)
 .text._fclose_r
                0x000000008008ea08       0xf0 /home/na62torino/altera/16.1/nios2eds/bin/gnu/H-x86_64-pc-linux-gnu/bin/../lib/gcc/nios2-elf/5.3.0/../../../../../H-x86_64-pc-linux-gnu/nios2-elf/lib/mhw-mulx/libc.a(lib_a-fclose.o)
                0x000000008008ea08                _fclose_r
 .text.fclose   0x000000008008eaf8       0x14 /home/na62torino/altera/16.1/nios2eds/bin/gnu/H-x86_64-pc-linux-gnu/bin/../lib/gcc/nios2-elf/5.3.0/../../../../../H-x86_64-pc-linux-gnu/nios2-elf/lib/mhw-mulx/libc.a(lib_a-fclose.o)
                0x000000008008eaf8                fclose
 .text          0x000000008008eb0c        0x0 /home/na62torino/altera/16.1/nios2eds/bin/gnu/H-x86_64-pc-linux-gnu/bin/../lib/gcc/nios2-elf/5.3.0/../../../../../H-x86_64-pc-linux-gnu/nios2-elf/lib/mhw-mulx/libc.a(lib_a-fputwc.o)
 .text.__fputwc
                0x000000008008eb0c      0x164 /home/na62torino/altera/16.1/nios2eds/bin/gnu/H-x86_64-pc-linux-gnu/bin/../lib/gcc/nios2-elf/5.3.0/../../../../../H-x86_64-pc-linux-gnu/nios2-elf/lib/mhw-mulx/libc.a(lib_a-fputwc.o)
                0x000000008008eb0c                __fputwc
 .text._fputwc_r
                0x000000008008ec70       0x24 /home/na62torino/altera/16.1/nios2eds/bin/gnu/H-x86_64-pc-linux-gnu/bin/../lib/gcc/nios2-elf/5.3.0/../../../../../H-x86_64-pc-linux-gnu/nios2-elf/lib/mhw-mulx/libc.a(lib_a-fputwc.o)
                0x000000008008ec70                _fputwc_r
 .text.fputwc   0x000000008008ec94       0x80 /home/na62torino/altera/16.1/nios2eds/bin/gnu/H-x86_64-pc-linux-gnu/bin/../lib/gcc/nios2-elf/5.3.0/../../../../../H-x86_64-pc-linux-gnu/nios2-elf/lib/mhw-mulx/libc.a(lib_a-fputwc.o)
                0x000000008008ec94                fputwc
 .text          0x000000008008ed14        0x0 /home/na62torino/altera/16.1/nios2eds/bin/gnu/H-x86_64-pc-linux-gnu/bin/../lib/gcc/nios2-elf/5.3.0/../../../../../H-x86_64-pc-linux-gnu/nios2-elf/lib/mhw-mulx/libc.a(lib_a-fstatr.o)
 .text._fstat_r
                0x000000008008ed14       0x5c /home/na62torino/altera/16.1/nios2eds/bin/gnu/H-x86_64-pc-linux-gnu/bin/../lib/gcc/nios2-elf/5.3.0/../../../../../H-x86_64-pc-linux-gnu/nios2-elf/lib/mhw-mulx/libc.a(lib_a-fstatr.o)
                0x000000008008ed14                _fstat_r
 .text          0x000000008008ed70        0x0 /home/na62torino/altera/16.1/nios2eds/bin/gnu/H-x86_64-pc-linux-gnu/bin/../lib/gcc/nios2-elf/5.3.0/../../../../../H-x86_64-pc-linux-gnu/nios2-elf/lib/mhw-mulx/libc.a(lib_a-int_errno.o)
 .text          0x000000008008ed70        0x0 /home/na62torino/altera/16.1/nios2eds/bin/gnu/H-x86_64-pc-linux-gnu/bin/../lib/gcc/nios2-elf/5.3.0/../../../../../H-x86_64-pc-linux-gnu/nios2-elf/lib/mhw-mulx/libc.a(lib_a-isattyr.o)
 .text._isatty_r
                0x000000008008ed70       0x54 /home/na62torino/altera/16.1/nios2eds/bin/gnu/H-x86_64-pc-linux-gnu/bin/../lib/gcc/nios2-elf/5.3.0/../../../../../H-x86_64-pc-linux-gnu/nios2-elf/lib/mhw-mulx/libc.a(lib_a-isattyr.o)
                0x000000008008ed70                _isatty_r
 .text          0x000000008008edc4        0x0 /home/na62torino/altera/16.1/nios2eds/bin/gnu/H-x86_64-pc-linux-gnu/bin/../lib/gcc/nios2-elf/5.3.0/../../../../../H-x86_64-pc-linux-gnu/nios2-elf/lib/mhw-mulx/libc.a(lib_a-lseekr.o)
 .text._lseek_r
                0x000000008008edc4       0x60 /home/na62torino/altera/16.1/nios2eds/bin/gnu/H-x86_64-pc-linux-gnu/bin/../lib/gcc/nios2-elf/5.3.0/../../../../../H-x86_64-pc-linux-gnu/nios2-elf/lib/mhw-mulx/libc.a(lib_a-lseekr.o)
                0x000000008008edc4                _lseek_r
 .text          0x000000008008ee24        0x0 /home/na62torino/altera/16.1/nios2eds/bin/gnu/H-x86_64-pc-linux-gnu/bin/../lib/gcc/nios2-elf/5.3.0/../../../../../H-x86_64-pc-linux-gnu/nios2-elf/lib/mhw-mulx/libc.a(lib_a-readr.o)
 .text._read_r  0x000000008008ee24       0x60 /home/na62torino/altera/16.1/nios2eds/bin/gnu/H-x86_64-pc-linux-gnu/bin/../lib/gcc/nios2-elf/5.3.0/../../../../../H-x86_64-pc-linux-gnu/nios2-elf/lib/mhw-mulx/libc.a(lib_a-readr.o)
                0x000000008008ee24                _read_r
 .text          0x000000008008ee84        0x0 /home/na62torino/altera/16.1/nios2eds/bin/gnu/H-x86_64-pc-linux-gnu/bin/../lib/gcc/nios2-elf/5.3.0/../../../../../H-x86_64-pc-linux-gnu/nios2-elf/lib/mhw-mulx/libc.a(lib_a-wbuf.o)
 .text.__swbuf_r
                0x000000008008ee84      0x140 /home/na62torino/altera/16.1/nios2eds/bin/gnu/H-x86_64-pc-linux-gnu/bin/../lib/gcc/nios2-elf/5.3.0/../../../../../H-x86_64-pc-linux-gnu/nios2-elf/lib/mhw-mulx/libc.a(lib_a-wbuf.o)
                0x000000008008ee84                __swbuf_r
 .text.__swbuf  0x000000008008efc4       0x18 /home/na62torino/altera/16.1/nios2eds/bin/gnu/H-x86_64-pc-linux-gnu/bin/../lib/gcc/nios2-elf/5.3.0/../../../../../H-x86_64-pc-linux-gnu/nios2-elf/lib/mhw-mulx/libc.a(lib_a-wbuf.o)
                0x000000008008efc4                __swbuf
 .text          0x000000008008efdc        0x0 /home/na62torino/altera/16.1/nios2eds/bin/gnu/H-x86_64-pc-linux-gnu/bin/../lib/gcc/nios2-elf/5.3.0/../../../../../H-x86_64-pc-linux-gnu/nios2-elf/lib/mhw-mulx/libc.a(lib_a-wcrtomb.o)
 .text._wcrtomb_r
                0x000000008008efdc       0x9c /home/na62torino/altera/16.1/nios2eds/bin/gnu/H-x86_64-pc-linux-gnu/bin/../lib/gcc/nios2-elf/5.3.0/../../../../../H-x86_64-pc-linux-gnu/nios2-elf/lib/mhw-mulx/libc.a(lib_a-wcrtomb.o)
                0x000000008008efdc                _wcrtomb_r
 .text.wcrtomb  0x000000008008f078       0xc0 /home/na62torino/altera/16.1/nios2eds/bin/gnu/H-x86_64-pc-linux-gnu/bin/../lib/gcc/nios2-elf/5.3.0/../../../../../H-x86_64-pc-linux-gnu/nios2-elf/lib/mhw-mulx/libc.a(lib_a-wcrtomb.o)
                0x000000008008f078                wcrtomb
 .text          0x000000008008f138        0x0 /home/na62torino/altera/16.1/nios2eds/bin/gnu/H-x86_64-pc-linux-gnu/bin/../lib/gcc/nios2-elf/5.3.0/../../../../../H-x86_64-pc-linux-gnu/nios2-elf/lib/mhw-mulx/libc.a(lib_a-wctomb_r.o)
 .text.__ascii_wctomb
                0x000000008008f138       0x30 /home/na62torino/altera/16.1/nios2eds/bin/gnu/H-x86_64-pc-linux-gnu/bin/../lib/gcc/nios2-elf/5.3.0/../../../../../H-x86_64-pc-linux-gnu/nios2-elf/lib/mhw-mulx/libc.a(lib_a-wctomb_r.o)
                0x000000008008f138                __ascii_wctomb
 .text._wctomb_r
                0x000000008008f168       0x5c /home/na62torino/altera/16.1/nios2eds/bin/gnu/H-x86_64-pc-linux-gnu/bin/../lib/gcc/nios2-elf/5.3.0/../../../../../H-x86_64-pc-linux-gnu/nios2-elf/lib/mhw-mulx/libc.a(lib_a-wctomb_r.o)
                0x000000008008f168                _wctomb_r
 .text          0x000000008008f1c4      0x578 /home/na62torino/altera/16.1/nios2eds/bin/gnu/H-x86_64-pc-linux-gnu/bin/../lib/gcc/nios2-elf/5.3.0/mhw-mulx/libgcc.a(_udivdi3.o)
                0x000000008008f1c4                __udivdi3
 .text          0x000000008008f73c      0x538 /home/na62torino/altera/16.1/nios2eds/bin/gnu/H-x86_64-pc-linux-gnu/bin/../lib/gcc/nios2-elf/5.3.0/mhw-mulx/libgcc.a(_umoddi3.o)
                0x000000008008f73c                __umoddi3
 .text          0x000000008008fc74      0x1b4 /home/na62torino/altera/16.1/nios2eds/bin/gnu/H-x86_64-pc-linux-gnu/bin/../lib/gcc/nios2-elf/5.3.0/mhw-mulx/libgcc.a(lib2-divmod.o)
                0x000000008008fc74                __divsi3
                0x000000008008fcf8                __modsi3
                0x000000008008fd6c                __udivsi3
                0x000000008008fdd0                __umodsi3
 .text          0x000000008008fe28      0x8ac /home/na62torino/altera/16.1/nios2eds/bin/gnu/H-x86_64-pc-linux-gnu/bin/../lib/gcc/nios2-elf/5.3.0/mhw-mulx/libgcc.a(adddf3.o)
                0x000000008008fe28                __adddf3
 .text          0x00000000800906d4      0x8e8 /home/na62torino/altera/16.1/nios2eds/bin/gnu/H-x86_64-pc-linux-gnu/bin/../lib/gcc/nios2-elf/5.3.0/mhw-mulx/libgcc.a(divdf3.o)
                0x00000000800906d4                __divdf3
 .text          0x0000000080090fbc       0x88 /home/na62torino/altera/16.1/nios2eds/bin/gnu/H-x86_64-pc-linux-gnu/bin/../lib/gcc/nios2-elf/5.3.0/mhw-mulx/libgcc.a(eqdf2.o)
                0x0000000080090fbc                __eqdf2
                0x0000000080090fbc                __nedf2
 .text          0x0000000080091044       0xf4 /home/na62torino/altera/16.1/nios2eds/bin/gnu/H-x86_64-pc-linux-gnu/bin/../lib/gcc/nios2-elf/5.3.0/mhw-mulx/libgcc.a(ledf2.o)
                0x0000000080091044                __ltdf2
                0x0000000080091044                __ledf2
 .text          0x0000000080091138      0x8fc /home/na62torino/altera/16.1/nios2eds/bin/gnu/H-x86_64-pc-linux-gnu/bin/../lib/gcc/nios2-elf/5.3.0/mhw-mulx/libgcc.a(subdf3.o)
                0x0000000080091138                __subdf3
 .text          0x0000000080091a34       0x80 /home/na62torino/altera/16.1/nios2eds/bin/gnu/H-x86_64-pc-linux-gnu/bin/../lib/gcc/nios2-elf/5.3.0/mhw-mulx/libgcc.a(fixdfsi.o)
                0x0000000080091a34                __fixdfsi
 .text          0x0000000080091ab4       0xdc /home/na62torino/altera/16.1/nios2eds/bin/gnu/H-x86_64-pc-linux-gnu/bin/../lib/gcc/nios2-elf/5.3.0/mhw-mulx/libgcc.a(floatsidf.o)
                0x0000000080091ab4                __floatsidf
 .text          0x0000000080091b90      0x10c ../testbench_ls_bsp//libhal_bsp.a(alt_close.o)
                0x0000000080091bcc                close
 .text          0x0000000080091c9c       0x2c ../testbench_ls_bsp//libhal_bsp.a(alt_dev.o)
 .text          0x0000000080091cc8        0x0 ../testbench_ls_bsp//libhal_bsp.a(alt_errno.o)
 .text          0x0000000080091cc8       0xec ../testbench_ls_bsp//libhal_bsp.a(alt_fstat.o)
                0x0000000080091d04                fstat
 .text          0x0000000080091db4       0xe0 ../testbench_ls_bsp//libhal_bsp.a(alt_isatty.o)
                0x0000000080091df0                isatty
 .text          0x0000000080091e94       0xec ../testbench_ls_bsp//libhal_bsp.a(alt_load.o)
                0x0000000080091efc                alt_load
 .text          0x0000000080091f80      0x110 ../testbench_ls_bsp//libhal_bsp.a(alt_lseek.o)
                0x0000000080091fbc                lseek
 .text          0x0000000080092090       0x7c ../testbench_ls_bsp//libhal_bsp.a(alt_main.o)
                0x0000000080092090                alt_main
 .text          0x000000008009210c       0x48 ../testbench_ls_bsp//libhal_bsp.a(alt_malloc_lock.o)
                0x000000008009210c                __malloc_lock
                0x0000000080092130                __malloc_unlock
 .text          0x0000000080092154      0x138 ../testbench_ls_bsp//libhal_bsp.a(alt_read.o)
                0x0000000080092190                read
 .text          0x000000008009228c       0x64 ../testbench_ls_bsp//libhal_bsp.a(alt_release_fd.o)
                0x000000008009228c                alt_release_fd
 .text          0x00000000800922f0       0xb0 ../testbench_ls_bsp//libhal_bsp.a(alt_sbrk.o)
                0x00000000800922f0                sbrk
 .text          0x00000000800923a0      0x1a4 ../testbench_ls_bsp//libhal_bsp.a(alt_tick.o)
                0x00000000800923a0                alt_alarm_stop
                0x000000008009243c                alt_tick
 .text          0x0000000080092544      0x134 ../testbench_ls_bsp//libhal_bsp.a(alt_write.o)
                0x0000000080092580                write
 .text          0x0000000080092678      0x1d4 ../testbench_ls_bsp//libhal_bsp.a(alt_sys_init.o)
                0x00000000800926ac                alt_irq_init
                0x00000000800926e4                alt_sys_init
 .text          0x000000008009284c      0x164 ../testbench_ls_bsp//libhal_bsp.a(altera_avalon_jtag_uart_fd.o)
                0x000000008009284c                altera_avalon_jtag_uart_read_fd
                0x00000000800928ac                altera_avalon_jtag_uart_write_fd
                0x000000008009290c                altera_avalon_jtag_uart_close_fd
                0x000000008009295c                altera_avalon_jtag_uart_ioctl_fd
 .text          0x00000000800929b0      0x3d4 ../testbench_ls_bsp//libhal_bsp.a(altera_avalon_jtag_uart_init.o)
                0x00000000800929b0                altera_avalon_jtag_uart_init
                0x0000000080092d1c                altera_avalon_jtag_uart_close
 .text          0x0000000080092d84       0xf0 ../testbench_ls_bsp//libhal_bsp.a(altera_avalon_jtag_uart_ioctl.o)
                0x0000000080092d84                altera_avalon_jtag_uart_ioctl
 .text          0x0000000080092e74      0x21c ../testbench_ls_bsp//libhal_bsp.a(altera_avalon_jtag_uart_read.o)
                0x0000000080092e74                altera_avalon_jtag_uart_read
 .text          0x0000000080093090      0x224 ../testbench_ls_bsp//libhal_bsp.a(altera_avalon_jtag_uart_write.o)
                0x0000000080093090                altera_avalon_jtag_uart_write
 .text          0x00000000800932b4       0xf4 ../testbench_ls_bsp//libhal_bsp.a(altera_avalon_timer_sc.o)
                0x000000008009332c                alt_avalon_timer_sc_init
 .text          0x00000000800933a8     0x1e7c ../testbench_ls_bsp//libhal_bsp.a(altera_msgdma.o)
                0x0000000080093f50                alt_msgdma_construct_standard_st_to_mm_descriptor
                0x0000000080093fa8                alt_msgdma_construct_standard_mm_to_st_descriptor
                0x0000000080094000                alt_msgdma_construct_standard_mm_to_mm_descriptor
                0x0000000080094058                alt_msgdma_construct_extended_st_to_mm_descriptor
                0x00000000800940e8                alt_msgdma_construct_extended_mm_to_st_descriptor
                0x0000000080094178                alt_msgdma_construct_extended_mm_to_mm_descriptor
                0x0000000080094458                alt_msgdma_construct_prefetcher_standard_mm_to_mm_descriptor
                0x00000000800944b0                alt_msgdma_construct_prefetcher_standard_st_to_mm_descriptor
                0x0000000080094508                alt_msgdma_construct_prefetcher_standard_mm_to_st_descriptor
                0x0000000080094560                alt_msgdma_construct_prefetcher_extended_st_to_mm_descriptor
                0x0000000080094600                alt_msgdma_construct_prefetcher_extended_mm_to_st_descriptor
                0x0000000080094698                alt_msgdma_construct_prefetcher_extended_mm_to_mm_descriptor
                0x0000000080094750                alt_msgdma_prefetcher_add_standard_desc_to_list
                0x0000000080094840                alt_msgdma_prefetcher_add_extended_desc_to_list
                0x00000000800949d8                alt_msgdma_prefetcher_set_std_list_own_by_hw_bits
                0x0000000080094a70                alt_msgdma_prefetcher_set_extd_list_own_by_hw_bits
                0x0000000080094b44                alt_msgdma_start_prefetcher_with_list_addr
                0x0000000080094e04                alt_msgdma_start_prefetcher_with_std_desc_list
                0x0000000080094e90                alt_msgdma_start_prefetcher_with_extd_desc_list
                0x0000000080094f1c                alt_msgdma_open
                0x0000000080094f74                alt_msgdma_init
                0x00000000800950e0                alt_msgdma_register_callback
                0x0000000080095134                alt_msgdma_standard_descriptor_async_transfer
                0x0000000080095170                alt_msgdma_extended_descriptor_async_transfer
                0x00000000800951ac                alt_msgdma_standard_descriptor_sync_transfer
                0x00000000800951e8                alt_msgdma_extended_descriptor_sync_transfer
 .text          0x0000000080095224      0x12c ../testbench_ls_bsp//libhal_bsp.a(alt_alarm_start.o)
                0x0000000080095224                alt_alarm_start
 .text          0x0000000080095350      0x158 ../testbench_ls_bsp//libhal_bsp.a(alt_busy_sleep.o)
                0x0000000080095350                alt_busy_sleep
 .text          0x00000000800954a8       0x48 ../testbench_ls_bsp//libhal_bsp.a(alt_dcache_flush_all.o)
                0x00000000800954a8                alt_dcache_flush_all
 .text          0x00000000800954f0       0xe0 ../testbench_ls_bsp//libhal_bsp.a(alt_dev_llist_insert.o)
                0x000000008009552c                alt_dev_llist_insert
 .text          0x00000000800955d0       0x60 ../testbench_ls_bsp//libhal_bsp.a(alt_do_ctors.o)
                0x00000000800955d0                _do_ctors
 .text          0x0000000080095630       0x60 ../testbench_ls_bsp//libhal_bsp.a(alt_do_dtors.o)
                0x0000000080095630                _do_dtors
 .text          0x0000000080095690       0x90 ../testbench_ls_bsp//libhal_bsp.a(alt_find_dev.o)
                0x0000000080095690                alt_find_dev
 .text          0x0000000080095720       0x34 ../testbench_ls_bsp//libhal_bsp.a(alt_icache_flush_all.o)
                0x0000000080095720                alt_icache_flush_all
 .text          0x0000000080095754      0x1b0 ../testbench_ls_bsp//libhal_bsp.a(alt_iic.o)
                0x0000000080095754                alt_ic_isr_register
                0x00000000800957a4                alt_ic_irq_enable
                0x000000008009582c                alt_ic_irq_disable
                0x00000000800958b8                alt_ic_irq_enabled
 .text          0x0000000080095904       0xf0 ../testbench_ls_bsp//libhal_bsp.a(alt_iic_isr_register.o)
                0x0000000080095904                alt_iic_isr_register
 .text          0x00000000800959f4      0x140 ../testbench_ls_bsp//libhal_bsp.a(alt_io_redirect.o)
                0x0000000080095ab8                alt_io_redirect
 .text          0x0000000080095b34        0x0 ../testbench_ls_bsp//libhal_bsp.a(alt_irq_entry.o)
 .text          0x0000000080095b34        0x0 ../testbench_ls_bsp//libhal_bsp.a(alt_irq_handler.o)
 .text          0x0000000080095b34        0x0 ../testbench_ls_bsp//libhal_bsp.a(alt_irq_vars.o)
 .text          0x0000000080095b34      0x254 ../testbench_ls_bsp//libhal_bsp.a(alt_open.o)
                0x0000000080095c34                open
 .text          0x0000000080095d88      0x22c ../testbench_ls_bsp//libhal_bsp.a(alt_printf.o)
                0x0000000080095d88                alt_printf
 .text          0x0000000080095fb4       0x3c ../testbench_ls_bsp//libhal_bsp.a(alt_putchar.o)
                0x0000000080095fb4                alt_putchar
 .text          0x0000000080095ff0       0x24 ../testbench_ls_bsp//libhal_bsp.a(altera_nios2_gen2_irq.o)
                0x0000000080095ff0                altera_nios2_gen2_irq_init
 .text          0x0000000080096014        0x0 ../testbench_ls_bsp//libhal_bsp.a(alt_exception_entry.o)
 .text          0x0000000080096014      0x108 ../testbench_ls_bsp//libhal_bsp.a(alt_find_file.o)
                0x0000000080096014                alt_find_file
 .text          0x000000008009611c       0xa4 ../testbench_ls_bsp//libhal_bsp.a(alt_get_fd.o)
                0x000000008009611c                alt_get_fd
 .text          0x00000000800961c0       0x90 ../testbench_ls_bsp//libhal_bsp.a(alt_icache_flush.o)
                0x00000000800961c0                alt_icache_flush
 .text          0x0000000080096250       0x9c ../testbench_ls_bsp//libhal_bsp.a(alt_instruction_exception_entry.o)
                0x0000000080096250                alt_exception_cause_generated_bad_addr
 .text          0x00000000800962ec        0x0 /home/na62torino/altera/16.1/nios2eds/bin/gnu/H-x86_64-pc-linux-gnu/bin/../lib/gcc/nios2-elf/5.3.0/../../../../../H-x86_64-pc-linux-gnu/nios2-elf/lib/mhw-mulx/libc.a(lib_a-atexit.o)
 .text.atexit   0x00000000800962ec       0x14 /home/na62torino/altera/16.1/nios2eds/bin/gnu/H-x86_64-pc-linux-gnu/bin/../lib/gcc/nios2-elf/5.3.0/../../../../../H-x86_64-pc-linux-gnu/nios2-elf/lib/mhw-mulx/libc.a(lib_a-atexit.o)
                0x00000000800962ec                atexit
 .text          0x0000000080096300        0x0 /home/na62torino/altera/16.1/nios2eds/bin/gnu/H-x86_64-pc-linux-gnu/bin/../lib/gcc/nios2-elf/5.3.0/../../../../../H-x86_64-pc-linux-gnu/nios2-elf/lib/mhw-mulx/libc.a(lib_a-exit.o)
 .text.exit     0x0000000080096300       0x38 /home/na62torino/altera/16.1/nios2eds/bin/gnu/H-x86_64-pc-linux-gnu/bin/../lib/gcc/nios2-elf/5.3.0/../../../../../H-x86_64-pc-linux-gnu/nios2-elf/lib/mhw-mulx/libc.a(lib_a-exit.o)
                0x0000000080096300                exit
 .text          0x0000000080096338        0x0 /home/na62torino/altera/16.1/nios2eds/bin/gnu/H-x86_64-pc-linux-gnu/bin/../lib/gcc/nios2-elf/5.3.0/../../../../../H-x86_64-pc-linux-gnu/nios2-elf/lib/mhw-mulx/libc.a(lib_a-memcmp.o)
 .text.memcmp   0x0000000080096338       0x7c /home/na62torino/altera/16.1/nios2eds/bin/gnu/H-x86_64-pc-linux-gnu/bin/../lib/gcc/nios2-elf/5.3.0/../../../../../H-x86_64-pc-linux-gnu/nios2-elf/lib/mhw-mulx/libc.a(lib_a-memcmp.o)
                0x0000000080096338                memcmp
 .text          0x00000000800963b4        0x0 /home/na62torino/altera/16.1/nios2eds/bin/gnu/H-x86_64-pc-linux-gnu/bin/../lib/gcc/nios2-elf/5.3.0/../../../../../H-x86_64-pc-linux-gnu/nios2-elf/lib/mhw-mulx/libc.a(lib_a-putc.o)
 .text._putc_r  0x00000000800963b4       0xa0 /home/na62torino/altera/16.1/nios2eds/bin/gnu/H-x86_64-pc-linux-gnu/bin/../lib/gcc/nios2-elf/5.3.0/../../../../../H-x86_64-pc-linux-gnu/nios2-elf/lib/mhw-mulx/libc.a(lib_a-putc.o)
                0x00000000800963b4                _putc_r
 .text.putc     0x0000000080096454       0xc8 /home/na62torino/altera/16.1/nios2eds/bin/gnu/H-x86_64-pc-linux-gnu/bin/../lib/gcc/nios2-elf/5.3.0/../../../../../H-x86_64-pc-linux-gnu/nios2-elf/lib/mhw-mulx/libc.a(lib_a-putc.o)
                0x0000000080096454                putc
 .text          0x000000008009651c        0x0 /home/na62torino/altera/16.1/nios2eds/bin/gnu/H-x86_64-pc-linux-gnu/bin/../lib/gcc/nios2-elf/5.3.0/../../../../../H-x86_64-pc-linux-gnu/nios2-elf/lib/mhw-mulx/libc.a(lib_a-__atexit.o)
 .text.__register_exitproc
                0x000000008009651c      0x118 /home/na62torino/altera/16.1/nios2eds/bin/gnu/H-x86_64-pc-linux-gnu/bin/../lib/gcc/nios2-elf/5.3.0/../../../../../H-x86_64-pc-linux-gnu/nios2-elf/lib/mhw-mulx/libc.a(lib_a-__atexit.o)
                0x000000008009651c                __register_exitproc
 .text          0x0000000080096634        0x0 /home/na62torino/altera/16.1/nios2eds/bin/gnu/H-x86_64-pc-linux-gnu/bin/../lib/gcc/nios2-elf/5.3.0/../../../../../H-x86_64-pc-linux-gnu/nios2-elf/lib/mhw-mulx/libc.a(lib_a-__call_atexit.o)
 .text.__call_exitprocs
                0x0000000080096634      0x180 /home/na62torino/altera/16.1/nios2eds/bin/gnu/H-x86_64-pc-linux-gnu/bin/../lib/gcc/nios2-elf/5.3.0/../../../../../H-x86_64-pc-linux-gnu/nios2-elf/lib/mhw-mulx/libc.a(lib_a-__call_atexit.o)
                0x0000000080096634                __call_exitprocs
 .text          0x00000000800967b4       0x34 ../testbench_ls_bsp//libhal_bsp.a(alt_exit.o)
                0x00000000800967b4                _exit
 *(.gnu.warning.*)
 *(.fini)
                [!provide]                        PROVIDE (__etext, ABSOLUTE (.))
                [!provide]                        PROVIDE (_etext, ABSOLUTE (.))
                [!provide]                        PROVIDE (etext, ABSOLUTE (.))
 *(.eh_frame_hdr)
                0x00000000800967e8                . = ALIGN (0x4)
                [!provide]                        PROVIDE (__preinit_array_start, ABSOLUTE (.))
 *(.preinit_array)
                [!provide]                        PROVIDE (__preinit_array_end, ABSOLUTE (.))
                [!provide]                        PROVIDE (__init_array_start, ABSOLUTE (.))
 *(.init_array)
                [!provide]                        PROVIDE (__init_array_end, ABSOLUTE (.))
                [!provide]                        PROVIDE (__fini_array_start, ABSOLUTE (.))
 *(.fini_array)
                [!provide]                        PROVIDE (__fini_array_end, ABSOLUTE (.))
 *(.eh_frame)
 *(.gcc_except_table .gcc_except_table.*)
 *(.dynamic)
                0x00000000800967e8                PROVIDE (__CTOR_LIST__, ABSOLUTE (.))
 *(.ctors)
 *(SORT(.ctors.*))
                0x00000000800967e8                PROVIDE (__CTOR_END__, ABSOLUTE (.))
                0x00000000800967e8                PROVIDE (__DTOR_LIST__, ABSOLUTE (.))
 *(.dtors)
 *(SORT(.dtors.*))
                0x00000000800967e8                PROVIDE (__DTOR_END__, ABSOLUTE (.))
 *(.jcr)
                0x00000000800967e8                . = ALIGN (0x4)

.rodata         0x00000000800967e8      0xe3c
                0x00000000800967e8                PROVIDE (__ram_rodata_start, ABSOLUTE (.))
                0x00000000800967e8                . = ALIGN (0x4)
 *(.rodata .rodata.* .gnu.linkonce.r.*)
 .rodata        0x00000000800967e8      0x80c obj/default/hello_world.o
 .rodata        0x0000000080096ff4        0xf obj/default/terasic_debug.o
 .rodata        0x0000000080097003      0x100 /home/na62torino/altera/16.1/nios2eds/bin/gnu/H-x86_64-pc-linux-gnu/bin/../lib/gcc/nios2-elf/5.3.0/mhw-mulx/libgcc.a(_clz.o)
                0x0000000080097003                __clz_tab
 *fill*         0x0000000080097103        0x1 
 .rodata.str1.4
                0x0000000080097104        0x2 /home/na62torino/altera/16.1/nios2eds/bin/gnu/H-x86_64-pc-linux-gnu/bin/../lib/gcc/nios2-elf/5.3.0/../../../../../H-x86_64-pc-linux-gnu/nios2-elf/lib/mhw-mulx/libc.a(lib_a-impure.o)
 *fill*         0x0000000080097106        0x2 
 .rodata.str1.4
                0x0000000080097108        0x2 /home/na62torino/altera/16.1/nios2eds/bin/gnu/H-x86_64-pc-linux-gnu/bin/../lib/gcc/nios2-elf/5.3.0/../../../../../H-x86_64-pc-linux-gnu/nios2-elf/lib/mhw-mulx/libc.a(lib_a-puts.o)
 *fill*         0x000000008009710a        0x2 
 .rodata.str1.4
                0x000000008009710c       0x42 /home/na62torino/altera/16.1/nios2eds/bin/gnu/H-x86_64-pc-linux-gnu/bin/../lib/gcc/nios2-elf/5.3.0/../../../../../H-x86_64-pc-linux-gnu/nios2-elf/lib/mhw-mulx/libc.a(lib_a-svfprintf.o)
 .rodata.zeroes.4389
                0x000000008009714e       0x10 /home/na62torino/altera/16.1/nios2eds/bin/gnu/H-x86_64-pc-linux-gnu/bin/../lib/gcc/nios2-elf/5.3.0/../../../../../H-x86_64-pc-linux-gnu/nios2-elf/lib/mhw-mulx/libc.a(lib_a-svfprintf.o)
 .rodata.blanks.4388
                0x000000008009715e       0x10 /home/na62torino/altera/16.1/nios2eds/bin/gnu/H-x86_64-pc-linux-gnu/bin/../lib/gcc/nios2-elf/5.3.0/../../../../../H-x86_64-pc-linux-gnu/nios2-elf/lib/mhw-mulx/libc.a(lib_a-svfprintf.o)
 .rodata.str1.4
                0x000000008009716e       0x42 /home/na62torino/altera/16.1/nios2eds/bin/gnu/H-x86_64-pc-linux-gnu/bin/../lib/gcc/nios2-elf/5.3.0/../../../../../H-x86_64-pc-linux-gnu/nios2-elf/lib/mhw-mulx/libc.a(lib_a-vfprintf.o)
 .rodata.zeroes.4404
                0x000000008009716e       0x10 /home/na62torino/altera/16.1/nios2eds/bin/gnu/H-x86_64-pc-linux-gnu/bin/../lib/gcc/nios2-elf/5.3.0/../../../../../H-x86_64-pc-linux-gnu/nios2-elf/lib/mhw-mulx/libc.a(lib_a-vfprintf.o)
 .rodata.blanks.4403
                0x000000008009717e       0x10 /home/na62torino/altera/16.1/nios2eds/bin/gnu/H-x86_64-pc-linux-gnu/bin/../lib/gcc/nios2-elf/5.3.0/../../../../../H-x86_64-pc-linux-gnu/nios2-elf/lib/mhw-mulx/libc.a(lib_a-vfprintf.o)
 *fill*         0x000000008009718e        0x2 
 .rodata.str1.4
                0x0000000080097190       0x10 /home/na62torino/altera/16.1/nios2eds/bin/gnu/H-x86_64-pc-linux-gnu/bin/../lib/gcc/nios2-elf/5.3.0/../../../../../H-x86_64-pc-linux-gnu/nios2-elf/lib/mhw-mulx/libc.a(lib_a-dtoa.o)
                                         0x12 (size before relaxing)
 .rodata.str1.4
                0x00000000800971a0        0xc /home/na62torino/altera/16.1/nios2eds/bin/gnu/H-x86_64-pc-linux-gnu/bin/../lib/gcc/nios2-elf/5.3.0/../../../../../H-x86_64-pc-linux-gnu/nios2-elf/lib/mhw-mulx/libc.a(lib_a-locale.o)
                                         0x12 (size before relaxing)
 .rodata.p05.2768
                0x00000000800971ac        0xc /home/na62torino/altera/16.1/nios2eds/bin/gnu/H-x86_64-pc-linux-gnu/bin/../lib/gcc/nios2-elf/5.3.0/../../../../../H-x86_64-pc-linux-gnu/nios2-elf/lib/mhw-mulx/libc.a(lib_a-mprec.o)
 .rodata.__mprec_tinytens
                0x00000000800971b8       0x28 /home/na62torino/altera/16.1/nios2eds/bin/gnu/H-x86_64-pc-linux-gnu/bin/../lib/gcc/nios2-elf/5.3.0/../../../../../H-x86_64-pc-linux-gnu/nios2-elf/lib/mhw-mulx/libc.a(lib_a-mprec.o)
                0x00000000800971b8                __mprec_tinytens
 .rodata.__mprec_bigtens
                0x00000000800971e0       0x28 /home/na62torino/altera/16.1/nios2eds/bin/gnu/H-x86_64-pc-linux-gnu/bin/../lib/gcc/nios2-elf/5.3.0/../../../../../H-x86_64-pc-linux-gnu/nios2-elf/lib/mhw-mulx/libc.a(lib_a-mprec.o)
                0x00000000800971e0                __mprec_bigtens
 .rodata.__mprec_tens
                0x0000000080097208       0xc8 /home/na62torino/altera/16.1/nios2eds/bin/gnu/H-x86_64-pc-linux-gnu/bin/../lib/gcc/nios2-elf/5.3.0/../../../../../H-x86_64-pc-linux-gnu/nios2-elf/lib/mhw-mulx/libc.a(lib_a-mprec.o)
                0x0000000080097208                __mprec_tens
 .rodata.str1.4
                0x00000000800972d0       0x2f /home/na62torino/altera/16.1/nios2eds/bin/gnu/H-x86_64-pc-linux-gnu/bin/../lib/gcc/nios2-elf/5.3.0/../../../../../H-x86_64-pc-linux-gnu/nios2-elf/lib/mhw-mulx/libc.a(lib_a-svfiprintf.o)
 .rodata.zeroes.4333
                0x00000000800972d0       0x10 /home/na62torino/altera/16.1/nios2eds/bin/gnu/H-x86_64-pc-linux-gnu/bin/../lib/gcc/nios2-elf/5.3.0/../../../../../H-x86_64-pc-linux-gnu/nios2-elf/lib/mhw-mulx/libc.a(lib_a-svfiprintf.o)
 .rodata.blanks.4332
                0x00000000800972e0       0x10 /home/na62torino/altera/16.1/nios2eds/bin/gnu/H-x86_64-pc-linux-gnu/bin/../lib/gcc/nios2-elf/5.3.0/../../../../../H-x86_64-pc-linux-gnu/nios2-elf/lib/mhw-mulx/libc.a(lib_a-svfiprintf.o)
 .rodata.str1.4
                0x00000000800972f0       0x2f /home/na62torino/altera/16.1/nios2eds/bin/gnu/H-x86_64-pc-linux-gnu/bin/../lib/gcc/nios2-elf/5.3.0/../../../../../H-x86_64-pc-linux-gnu/nios2-elf/lib/mhw-mulx/libc.a(lib_a-vfiprintf.o)
 .rodata.zeroes.4349
                0x00000000800972f0       0x10 /home/na62torino/altera/16.1/nios2eds/bin/gnu/H-x86_64-pc-linux-gnu/bin/../lib/gcc/nios2-elf/5.3.0/../../../../../H-x86_64-pc-linux-gnu/nios2-elf/lib/mhw-mulx/libc.a(lib_a-vfiprintf.o)
 .rodata.blanks.4348
                0x0000000080097300       0x10 /home/na62torino/altera/16.1/nios2eds/bin/gnu/H-x86_64-pc-linux-gnu/bin/../lib/gcc/nios2-elf/5.3.0/../../../../../H-x86_64-pc-linux-gnu/nios2-elf/lib/mhw-mulx/libc.a(lib_a-vfiprintf.o)
 .rodata        0x0000000080097310        0xa ../testbench_ls_bsp//libhal_bsp.a(alt_dev.o)
 *fill*         0x000000008009731a        0x2 
 .rodata        0x000000008009731c        0xa ../testbench_ls_bsp//libhal_bsp.a(alt_main.o)
 *fill*         0x0000000080097326        0x2 
 .rodata        0x0000000080097328      0x109 ../testbench_ls_bsp//libhal_bsp.a(alt_sys_init.o)
 *fill*         0x0000000080097431        0x3 
 .rodata        0x0000000080097434      0x1ed ../testbench_ls_bsp//libhal_bsp.a(altera_msgdma.o)
 *(.rodata1)
                0x0000000080097624                . = ALIGN (0x4)
 *fill*         0x0000000080097621        0x3 
                0x0000000080097624                PROVIDE (__ram_rodata_end, ABSOLUTE (.))
                0x00000000800967e8                PROVIDE (__flash_rodata_start, LOADADDR (.rodata))

.rwdata         0x0000000080097624     0x1d68 load address 0x000000008009938c
                0x0000000080097624                PROVIDE (__ram_rwdata_start, ABSOLUTE (.))
                0x0000000080097624                . = ALIGN (0x4)
 *(.got.plt)
 *(.got)
 *(.data1)
 *(.data .data.* .gnu.linkonce.d.*)
 .data          0x0000000080097624        0x0 ../testbench_ls_bsp//obj/HAL/src/crt0.o
 .data          0x0000000080097624        0x0 obj/default/hello_world.o
 .data          0x0000000080097624        0x0 obj/default/terasic_debug.o
 .data          0x0000000080097624        0x0 /home/na62torino/altera/16.1/nios2eds/bin/gnu/H-x86_64-pc-linux-gnu/bin/../lib/gcc/nios2-elf/5.3.0/mhw-mulx/libgcc.a(gedf2.o)
 .data          0x0000000080097624        0x0 /home/na62torino/altera/16.1/nios2eds/bin/gnu/H-x86_64-pc-linux-gnu/bin/../lib/gcc/nios2-elf/5.3.0/mhw-mulx/libgcc.a(muldf3.o)
 .data          0x0000000080097624        0x0 /home/na62torino/altera/16.1/nios2eds/bin/gnu/H-x86_64-pc-linux-gnu/bin/../lib/gcc/nios2-elf/5.3.0/mhw-mulx/libgcc.a(floatunsidf.o)
 .data          0x0000000080097624        0x0 /home/na62torino/altera/16.1/nios2eds/bin/gnu/H-x86_64-pc-linux-gnu/bin/../lib/gcc/nios2-elf/5.3.0/mhw-mulx/libgcc.a(_clzsi2.o)
 .data          0x0000000080097624        0x0 /home/na62torino/altera/16.1/nios2eds/bin/gnu/H-x86_64-pc-linux-gnu/bin/../lib/gcc/nios2-elf/5.3.0/mhw-mulx/libgcc.a(_clz.o)
 .data          0x0000000080097624        0x0 /home/na62torino/altera/16.1/nios2eds/bin/gnu/H-x86_64-pc-linux-gnu/bin/../lib/gcc/nios2-elf/5.3.0/../../../../../H-x86_64-pc-linux-gnu/nios2-elf/lib/mhw-mulx/libc.a(lib_a-getc.o)
 .data          0x0000000080097624        0x0 /home/na62torino/altera/16.1/nios2eds/bin/gnu/H-x86_64-pc-linux-gnu/bin/../lib/gcc/nios2-elf/5.3.0/../../../../../H-x86_64-pc-linux-gnu/nios2-elf/lib/mhw-mulx/libc.a(lib_a-impure.o)
 .data.impure_data
                0x0000000080097624      0x424 /home/na62torino/altera/16.1/nios2eds/bin/gnu/H-x86_64-pc-linux-gnu/bin/../lib/gcc/nios2-elf/5.3.0/../../../../../H-x86_64-pc-linux-gnu/nios2-elf/lib/mhw-mulx/libc.a(lib_a-impure.o)
 .data          0x0000000080097a48        0x0 /home/na62torino/altera/16.1/nios2eds/bin/gnu/H-x86_64-pc-linux-gnu/bin/../lib/gcc/nios2-elf/5.3.0/../../../../../H-x86_64-pc-linux-gnu/nios2-elf/lib/mhw-mulx/libc.a(lib_a-printf.o)
 .data          0x0000000080097a48        0x0 /home/na62torino/altera/16.1/nios2eds/bin/gnu/H-x86_64-pc-linux-gnu/bin/../lib/gcc/nios2-elf/5.3.0/../../../../../H-x86_64-pc-linux-gnu/nios2-elf/lib/mhw-mulx/libc.a(lib_a-puts.o)
 .data          0x0000000080097a48        0x0 /home/na62torino/altera/16.1/nios2eds/bin/gnu/H-x86_64-pc-linux-gnu/bin/../lib/gcc/nios2-elf/5.3.0/../../../../../H-x86_64-pc-linux-gnu/nios2-elf/lib/mhw-mulx/libc.a(lib_a-rget.o)
 .data          0x0000000080097a48        0x0 /home/na62torino/altera/16.1/nios2eds/bin/gnu/H-x86_64-pc-linux-gnu/bin/../lib/gcc/nios2-elf/5.3.0/../../../../../H-x86_64-pc-linux-gnu/nios2-elf/lib/mhw-mulx/libc.a(lib_a-sprintf.o)
 .data          0x0000000080097a48        0x0 /home/na62torino/altera/16.1/nios2eds/bin/gnu/H-x86_64-pc-linux-gnu/bin/../lib/gcc/nios2-elf/5.3.0/../../../../../H-x86_64-pc-linux-gnu/nios2-elf/lib/mhw-mulx/libc.a(lib_a-strlen.o)
 .data          0x0000000080097a48        0x0 /home/na62torino/altera/16.1/nios2eds/bin/gnu/H-x86_64-pc-linux-gnu/bin/../lib/gcc/nios2-elf/5.3.0/../../../../../H-x86_64-pc-linux-gnu/nios2-elf/lib/mhw-mulx/libc.a(lib_a-svfprintf.o)
 .data          0x0000000080097a48        0x0 /home/na62torino/altera/16.1/nios2eds/bin/gnu/H-x86_64-pc-linux-gnu/bin/../lib/gcc/nios2-elf/5.3.0/../../../../../H-x86_64-pc-linux-gnu/nios2-elf/lib/mhw-mulx/libc.a(lib_a-vfprintf.o)
 .data          0x0000000080097a48        0x0 /home/na62torino/altera/16.1/nios2eds/bin/gnu/H-x86_64-pc-linux-gnu/bin/../lib/gcc/nios2-elf/5.3.0/../../../../../H-x86_64-pc-linux-gnu/nios2-elf/lib/mhw-mulx/libc.a(lib_a-vsnprintf.o)
 .data          0x0000000080097a48        0x0 /home/na62torino/altera/16.1/nios2eds/bin/gnu/H-x86_64-pc-linux-gnu/bin/../lib/gcc/nios2-elf/5.3.0/../../../../../H-x86_64-pc-linux-gnu/nios2-elf/lib/mhw-mulx/libc.a(lib_a-wsetup.o)
 .data          0x0000000080097a48        0x0 /home/na62torino/altera/16.1/nios2eds/bin/gnu/H-x86_64-pc-linux-gnu/bin/../lib/gcc/nios2-elf/5.3.0/../../../../../H-x86_64-pc-linux-gnu/nios2-elf/lib/mhw-mulx/libc.a(lib_a-dtoa.o)
 .data          0x0000000080097a48        0x0 /home/na62torino/altera/16.1/nios2eds/bin/gnu/H-x86_64-pc-linux-gnu/bin/../lib/gcc/nios2-elf/5.3.0/../../../../../H-x86_64-pc-linux-gnu/nios2-elf/lib/mhw-mulx/libc.a(lib_a-fflush.o)
 .data          0x0000000080097a48        0x0 /home/na62torino/altera/16.1/nios2eds/bin/gnu/H-x86_64-pc-linux-gnu/bin/../lib/gcc/nios2-elf/5.3.0/../../../../../H-x86_64-pc-linux-gnu/nios2-elf/lib/mhw-mulx/libc.a(lib_a-findfp.o)
 .data          0x0000000080097a48        0x0 /home/na62torino/altera/16.1/nios2eds/bin/gnu/H-x86_64-pc-linux-gnu/bin/../lib/gcc/nios2-elf/5.3.0/../../../../../H-x86_64-pc-linux-gnu/nios2-elf/lib/mhw-mulx/libc.a(lib_a-freer.o)
 .data          0x0000000080097a48        0x0 /home/na62torino/altera/16.1/nios2eds/bin/gnu/H-x86_64-pc-linux-gnu/bin/../lib/gcc/nios2-elf/5.3.0/../../../../../H-x86_64-pc-linux-gnu/nios2-elf/lib/mhw-mulx/libc.a(lib_a-fvwrite.o)
 .data          0x0000000080097a48        0x0 /home/na62torino/altera/16.1/nios2eds/bin/gnu/H-x86_64-pc-linux-gnu/bin/../lib/gcc/nios2-elf/5.3.0/../../../../../H-x86_64-pc-linux-gnu/nios2-elf/lib/mhw-mulx/libc.a(lib_a-fwalk.o)
 .data          0x0000000080097a48        0x0 /home/na62torino/altera/16.1/nios2eds/bin/gnu/H-x86_64-pc-linux-gnu/bin/../lib/gcc/nios2-elf/5.3.0/../../../../../H-x86_64-pc-linux-gnu/nios2-elf/lib/mhw-mulx/libc.a(lib_a-locale.o)
 .data.lc_message_charset
                0x0000000080097a48       0x20 /home/na62torino/altera/16.1/nios2eds/bin/gnu/H-x86_64-pc-linux-gnu/bin/../lib/gcc/nios2-elf/5.3.0/../../../../../H-x86_64-pc-linux-gnu/nios2-elf/lib/mhw-mulx/libc.a(lib_a-locale.o)
 .data.lc_ctype_charset
                0x0000000080097a68       0x20 /home/na62torino/altera/16.1/nios2eds/bin/gnu/H-x86_64-pc-linux-gnu/bin/../lib/gcc/nios2-elf/5.3.0/../../../../../H-x86_64-pc-linux-gnu/nios2-elf/lib/mhw-mulx/libc.a(lib_a-locale.o)
 .data.lconv    0x0000000080097a88       0x38 /home/na62torino/altera/16.1/nios2eds/bin/gnu/H-x86_64-pc-linux-gnu/bin/../lib/gcc/nios2-elf/5.3.0/../../../../../H-x86_64-pc-linux-gnu/nios2-elf/lib/mhw-mulx/libc.a(lib_a-locale.o)
 .data          0x0000000080097ac0        0x0 /home/na62torino/altera/16.1/nios2eds/bin/gnu/H-x86_64-pc-linux-gnu/bin/../lib/gcc/nios2-elf/5.3.0/../../../../../H-x86_64-pc-linux-gnu/nios2-elf/lib/mhw-mulx/libc.a(lib_a-makebuf.o)
 .data          0x0000000080097ac0        0x0 /home/na62torino/altera/16.1/nios2eds/bin/gnu/H-x86_64-pc-linux-gnu/bin/../lib/gcc/nios2-elf/5.3.0/../../../../../H-x86_64-pc-linux-gnu/nios2-elf/lib/mhw-mulx/libc.a(lib_a-mallocr.o)
 .data.__malloc_av_
                0x0000000080097ac0      0x408 /home/na62torino/altera/16.1/nios2eds/bin/gnu/H-x86_64-pc-linux-gnu/bin/../lib/gcc/nios2-elf/5.3.0/../../../../../H-x86_64-pc-linux-gnu/nios2-elf/lib/mhw-mulx/libc.a(lib_a-mallocr.o)
                0x0000000080097ac0                __malloc_av_
 .data          0x0000000080097ec8        0x0 /home/na62torino/altera/16.1/nios2eds/bin/gnu/H-x86_64-pc-linux-gnu/bin/../lib/gcc/nios2-elf/5.3.0/../../../../../H-x86_64-pc-linux-gnu/nios2-elf/lib/mhw-mulx/libc.a(lib_a-memchr.o)
 .data          0x0000000080097ec8        0x0 /home/na62torino/altera/16.1/nios2eds/bin/gnu/H-x86_64-pc-linux-gnu/bin/../lib/gcc/nios2-elf/5.3.0/../../../../../H-x86_64-pc-linux-gnu/nios2-elf/lib/mhw-mulx/libc.a(lib_a-memcpy.o)
 .data          0x0000000080097ec8        0x0 /home/na62torino/altera/16.1/nios2eds/bin/gnu/H-x86_64-pc-linux-gnu/bin/../lib/gcc/nios2-elf/5.3.0/../../../../../H-x86_64-pc-linux-gnu/nios2-elf/lib/mhw-mulx/libc.a(lib_a-memmove.o)
 .data          0x0000000080097ec8        0x0 /home/na62torino/altera/16.1/nios2eds/bin/gnu/H-x86_64-pc-linux-gnu/bin/../lib/gcc/nios2-elf/5.3.0/../../../../../H-x86_64-pc-linux-gnu/nios2-elf/lib/mhw-mulx/libc.a(lib_a-memset.o)
 .data          0x0000000080097ec8        0x0 /home/na62torino/altera/16.1/nios2eds/bin/gnu/H-x86_64-pc-linux-gnu/bin/../lib/gcc/nios2-elf/5.3.0/../../../../../H-x86_64-pc-linux-gnu/nios2-elf/lib/mhw-mulx/libc.a(lib_a-mprec.o)
 .data          0x0000000080097ec8        0x0 /home/na62torino/altera/16.1/nios2eds/bin/gnu/H-x86_64-pc-linux-gnu/bin/../lib/gcc/nios2-elf/5.3.0/../../../../../H-x86_64-pc-linux-gnu/nios2-elf/lib/mhw-mulx/libc.a(lib_a-reallocr.o)
 .data          0x0000000080097ec8        0x0 /home/na62torino/altera/16.1/nios2eds/bin/gnu/H-x86_64-pc-linux-gnu/bin/../lib/gcc/nios2-elf/5.3.0/../../../../../H-x86_64-pc-linux-gnu/nios2-elf/lib/mhw-mulx/libc.a(lib_a-refill.o)
 .data          0x0000000080097ec8        0x0 /home/na62torino/altera/16.1/nios2eds/bin/gnu/H-x86_64-pc-linux-gnu/bin/../lib/gcc/nios2-elf/5.3.0/../../../../../H-x86_64-pc-linux-gnu/nios2-elf/lib/mhw-mulx/libc.a(lib_a-s_fpclassify.o)
 .data          0x0000000080097ec8        0x0 /home/na62torino/altera/16.1/nios2eds/bin/gnu/H-x86_64-pc-linux-gnu/bin/../lib/gcc/nios2-elf/5.3.0/../../../../../H-x86_64-pc-linux-gnu/nios2-elf/lib/mhw-mulx/libc.a(lib_a-sbrkr.o)
 .data          0x0000000080097ec8        0x0 /home/na62torino/altera/16.1/nios2eds/bin/gnu/H-x86_64-pc-linux-gnu/bin/../lib/gcc/nios2-elf/5.3.0/../../../../../H-x86_64-pc-linux-gnu/nios2-elf/lib/mhw-mulx/libc.a(lib_a-stdio.o)
 .data          0x0000000080097ec8        0x0 /home/na62torino/altera/16.1/nios2eds/bin/gnu/H-x86_64-pc-linux-gnu/bin/../lib/gcc/nios2-elf/5.3.0/../../../../../H-x86_64-pc-linux-gnu/nios2-elf/lib/mhw-mulx/libc.a(lib_a-strcmp.o)
 .data          0x0000000080097ec8        0x0 /home/na62torino/altera/16.1/nios2eds/bin/gnu/H-x86_64-pc-linux-gnu/bin/../lib/gcc/nios2-elf/5.3.0/../../../../../H-x86_64-pc-linux-gnu/nios2-elf/lib/mhw-mulx/libc.a(lib_a-svfiprintf.o)
 .data          0x0000000080097ec8        0x0 /home/na62torino/altera/16.1/nios2eds/bin/gnu/H-x86_64-pc-linux-gnu/bin/../lib/gcc/nios2-elf/5.3.0/../../../../../H-x86_64-pc-linux-gnu/nios2-elf/lib/mhw-mulx/libc.a(lib_a-vfiprintf.o)
 .data          0x0000000080097ec8        0x0 /home/na62torino/altera/16.1/nios2eds/bin/gnu/H-x86_64-pc-linux-gnu/bin/../lib/gcc/nios2-elf/5.3.0/../../../../../H-x86_64-pc-linux-gnu/nios2-elf/lib/mhw-mulx/libc.a(lib_a-writer.o)
 .data          0x0000000080097ec8        0x0 /home/na62torino/altera/16.1/nios2eds/bin/gnu/H-x86_64-pc-linux-gnu/bin/../lib/gcc/nios2-elf/5.3.0/../../../../../H-x86_64-pc-linux-gnu/nios2-elf/lib/mhw-mulx/libc.a(closer.o)
 .data          0x0000000080097ec8        0x0 /home/na62torino/altera/16.1/nios2eds/bin/gnu/H-x86_64-pc-linux-gnu/bin/../lib/gcc/nios2-elf/5.3.0/../../../../../H-x86_64-pc-linux-gnu/nios2-elf/lib/mhw-mulx/libc.a(lib_a-callocr.o)
 .data          0x0000000080097ec8        0x0 /home/na62torino/altera/16.1/nios2eds/bin/gnu/H-x86_64-pc-linux-gnu/bin/../lib/gcc/nios2-elf/5.3.0/../../../../../H-x86_64-pc-linux-gnu/nios2-elf/lib/mhw-mulx/libc.a(lib_a-fclose.o)
 .data          0x0000000080097ec8        0x0 /home/na62torino/altera/16.1/nios2eds/bin/gnu/H-x86_64-pc-linux-gnu/bin/../lib/gcc/nios2-elf/5.3.0/../../../../../H-x86_64-pc-linux-gnu/nios2-elf/lib/mhw-mulx/libc.a(lib_a-fputwc.o)
 .data          0x0000000080097ec8        0x0 /home/na62torino/altera/16.1/nios2eds/bin/gnu/H-x86_64-pc-linux-gnu/bin/../lib/gcc/nios2-elf/5.3.0/../../../../../H-x86_64-pc-linux-gnu/nios2-elf/lib/mhw-mulx/libc.a(lib_a-fstatr.o)
 .data          0x0000000080097ec8        0x0 /home/na62torino/altera/16.1/nios2eds/bin/gnu/H-x86_64-pc-linux-gnu/bin/../lib/gcc/nios2-elf/5.3.0/../../../../../H-x86_64-pc-linux-gnu/nios2-elf/lib/mhw-mulx/libc.a(lib_a-int_errno.o)
 .data          0x0000000080097ec8        0x0 /home/na62torino/altera/16.1/nios2eds/bin/gnu/H-x86_64-pc-linux-gnu/bin/../lib/gcc/nios2-elf/5.3.0/../../../../../H-x86_64-pc-linux-gnu/nios2-elf/lib/mhw-mulx/libc.a(lib_a-isattyr.o)
 .data          0x0000000080097ec8        0x0 /home/na62torino/altera/16.1/nios2eds/bin/gnu/H-x86_64-pc-linux-gnu/bin/../lib/gcc/nios2-elf/5.3.0/../../../../../H-x86_64-pc-linux-gnu/nios2-elf/lib/mhw-mulx/libc.a(lib_a-lseekr.o)
 .data          0x0000000080097ec8        0x0 /home/na62torino/altera/16.1/nios2eds/bin/gnu/H-x86_64-pc-linux-gnu/bin/../lib/gcc/nios2-elf/5.3.0/../../../../../H-x86_64-pc-linux-gnu/nios2-elf/lib/mhw-mulx/libc.a(lib_a-readr.o)
 .data          0x0000000080097ec8        0x0 /home/na62torino/altera/16.1/nios2eds/bin/gnu/H-x86_64-pc-linux-gnu/bin/../lib/gcc/nios2-elf/5.3.0/../../../../../H-x86_64-pc-linux-gnu/nios2-elf/lib/mhw-mulx/libc.a(lib_a-wbuf.o)
 .data          0x0000000080097ec8        0x0 /home/na62torino/altera/16.1/nios2eds/bin/gnu/H-x86_64-pc-linux-gnu/bin/../lib/gcc/nios2-elf/5.3.0/../../../../../H-x86_64-pc-linux-gnu/nios2-elf/lib/mhw-mulx/libc.a(lib_a-wcrtomb.o)
 .data          0x0000000080097ec8        0x0 /home/na62torino/altera/16.1/nios2eds/bin/gnu/H-x86_64-pc-linux-gnu/bin/../lib/gcc/nios2-elf/5.3.0/../../../../../H-x86_64-pc-linux-gnu/nios2-elf/lib/mhw-mulx/libc.a(lib_a-wctomb_r.o)
 .data          0x0000000080097ec8        0x0 /home/na62torino/altera/16.1/nios2eds/bin/gnu/H-x86_64-pc-linux-gnu/bin/../lib/gcc/nios2-elf/5.3.0/mhw-mulx/libgcc.a(_udivdi3.o)
 .data          0x0000000080097ec8        0x0 /home/na62torino/altera/16.1/nios2eds/bin/gnu/H-x86_64-pc-linux-gnu/bin/../lib/gcc/nios2-elf/5.3.0/mhw-mulx/libgcc.a(_umoddi3.o)
 .data          0x0000000080097ec8        0x0 /home/na62torino/altera/16.1/nios2eds/bin/gnu/H-x86_64-pc-linux-gnu/bin/../lib/gcc/nios2-elf/5.3.0/mhw-mulx/libgcc.a(lib2-divmod.o)
 .data          0x0000000080097ec8        0x0 /home/na62torino/altera/16.1/nios2eds/bin/gnu/H-x86_64-pc-linux-gnu/bin/../lib/gcc/nios2-elf/5.3.0/mhw-mulx/libgcc.a(adddf3.o)
 .data          0x0000000080097ec8        0x0 /home/na62torino/altera/16.1/nios2eds/bin/gnu/H-x86_64-pc-linux-gnu/bin/../lib/gcc/nios2-elf/5.3.0/mhw-mulx/libgcc.a(divdf3.o)
 .data          0x0000000080097ec8        0x0 /home/na62torino/altera/16.1/nios2eds/bin/gnu/H-x86_64-pc-linux-gnu/bin/../lib/gcc/nios2-elf/5.3.0/mhw-mulx/libgcc.a(eqdf2.o)
 .data          0x0000000080097ec8        0x0 /home/na62torino/altera/16.1/nios2eds/bin/gnu/H-x86_64-pc-linux-gnu/bin/../lib/gcc/nios2-elf/5.3.0/mhw-mulx/libgcc.a(ledf2.o)
 .data          0x0000000080097ec8        0x0 /home/na62torino/altera/16.1/nios2eds/bin/gnu/H-x86_64-pc-linux-gnu/bin/../lib/gcc/nios2-elf/5.3.0/mhw-mulx/libgcc.a(subdf3.o)
 .data          0x0000000080097ec8        0x0 /home/na62torino/altera/16.1/nios2eds/bin/gnu/H-x86_64-pc-linux-gnu/bin/../lib/gcc/nios2-elf/5.3.0/mhw-mulx/libgcc.a(fixdfsi.o)
 .data          0x0000000080097ec8        0x0 /home/na62torino/altera/16.1/nios2eds/bin/gnu/H-x86_64-pc-linux-gnu/bin/../lib/gcc/nios2-elf/5.3.0/mhw-mulx/libgcc.a(floatsidf.o)
 .data          0x0000000080097ec8        0x0 ../testbench_ls_bsp//libhal_bsp.a(alt_close.o)
 .data          0x0000000080097ec8      0x1a8 ../testbench_ls_bsp//libhal_bsp.a(alt_dev.o)
                0x0000000080097ec8                alt_dev_null
                0x0000000080097ef0                alt_fd_list
 .data          0x0000000080098070        0x0 ../testbench_ls_bsp//libhal_bsp.a(alt_errno.o)
 .data          0x0000000080098070        0x0 ../testbench_ls_bsp//libhal_bsp.a(alt_fstat.o)
 .data          0x0000000080098070        0x0 ../testbench_ls_bsp//libhal_bsp.a(alt_isatty.o)
 .data          0x0000000080098070        0x0 ../testbench_ls_bsp//libhal_bsp.a(alt_load.o)
 .data          0x0000000080098070        0x0 ../testbench_ls_bsp//libhal_bsp.a(alt_lseek.o)
 .data          0x0000000080098070        0x0 ../testbench_ls_bsp//libhal_bsp.a(alt_main.o)
 .data          0x0000000080098070        0x0 ../testbench_ls_bsp//libhal_bsp.a(alt_malloc_lock.o)
 .data          0x0000000080098070        0x0 ../testbench_ls_bsp//libhal_bsp.a(alt_read.o)
 .data          0x0000000080098070        0x0 ../testbench_ls_bsp//libhal_bsp.a(alt_release_fd.o)
 .data          0x0000000080098070        0x0 ../testbench_ls_bsp//libhal_bsp.a(alt_sbrk.o)
 .data          0x0000000080098070        0x0 ../testbench_ls_bsp//libhal_bsp.a(alt_tick.o)
 .data          0x0000000080098070        0x0 ../testbench_ls_bsp//libhal_bsp.a(alt_write.o)
 .data          0x0000000080098070     0x12a0 ../testbench_ls_bsp//libhal_bsp.a(alt_sys_init.o)
 .data          0x0000000080099310        0x0 ../testbench_ls_bsp//libhal_bsp.a(altera_avalon_jtag_uart_fd.o)
 .data          0x0000000080099310        0x0 ../testbench_ls_bsp//libhal_bsp.a(altera_avalon_jtag_uart_init.o)
 .data          0x0000000080099310        0x0 ../testbench_ls_bsp//libhal_bsp.a(altera_avalon_jtag_uart_ioctl.o)
 .data          0x0000000080099310        0x0 ../testbench_ls_bsp//libhal_bsp.a(altera_avalon_jtag_uart_read.o)
 .data          0x0000000080099310        0x0 ../testbench_ls_bsp//libhal_bsp.a(altera_avalon_jtag_uart_write.o)
 .data          0x0000000080099310        0x0 ../testbench_ls_bsp//libhal_bsp.a(altera_avalon_timer_sc.o)
 .data          0x0000000080099310        0x0 ../testbench_ls_bsp//libhal_bsp.a(altera_msgdma.o)
 .data          0x0000000080099310        0x0 ../testbench_ls_bsp//libhal_bsp.a(alt_alarm_start.o)
 .data          0x0000000080099310        0x0 ../testbench_ls_bsp//libhal_bsp.a(alt_busy_sleep.o)
 .data          0x0000000080099310        0x0 ../testbench_ls_bsp//libhal_bsp.a(alt_dcache_flush_all.o)
 .data          0x0000000080099310        0x0 ../testbench_ls_bsp//libhal_bsp.a(alt_dev_llist_insert.o)
 .data          0x0000000080099310        0x0 ../testbench_ls_bsp//libhal_bsp.a(alt_do_ctors.o)
 .data          0x0000000080099310        0x0 ../testbench_ls_bsp//libhal_bsp.a(alt_do_dtors.o)
 .data          0x0000000080099310        0x0 ../testbench_ls_bsp//libhal_bsp.a(alt_find_dev.o)
 .data          0x0000000080099310        0x0 ../testbench_ls_bsp//libhal_bsp.a(alt_icache_flush_all.o)
 .data          0x0000000080099310        0x0 ../testbench_ls_bsp//libhal_bsp.a(alt_iic.o)