Archive member included to satisfy reference by file (symbol)

/home/na62torino/altera/16.1/nios2eds/bin/gnu/H-x86_64-pc-linux-gnu/bin/../lib/gcc/nios2-elf/5.3.0/mhw-mulx/libgcc.a(gedf2.o)
                              obj/default/hello_world.o (__gtdf2)
/home/na62torino/altera/16.1/nios2eds/bin/gnu/H-x86_64-pc-linux-gnu/bin/../lib/gcc/nios2-elf/5.3.0/mhw-mulx/libgcc.a(muldf3.o)
                              obj/default/hello_world.o (__muldf3)
/home/na62torino/altera/16.1/nios2eds/bin/gnu/H-x86_64-pc-linux-gnu/bin/../lib/gcc/nios2-elf/5.3.0/mhw-mulx/libgcc.a(floatunsidf.o)
                              obj/default/hello_world.o (__floatunsidf)
/home/na62torino/altera/16.1/nios2eds/bin/gnu/H-x86_64-pc-linux-gnu/bin/../lib/gcc/nios2-elf/5.3.0/mhw-mulx/libgcc.a(_clzsi2.o)
                              /home/na62torino/altera/16.1/nios2eds/bin/gnu/H-x86_64-pc-linux-gnu/bin/../lib/gcc/nios2-elf/5.3.0/mhw-mulx/libgcc.a(muldf3.o) (__clzsi2)
/home/na62torino/altera/16.1/nios2eds/bin/gnu/H-x86_64-pc-linux-gnu/bin/../lib/gcc/nios2-elf/5.3.0/mhw-mulx/libgcc.a(_clz.o)
                              /home/na62torino/altera/16.1/nios2eds/bin/gnu/H-x86_64-pc-linux-gnu/bin/../lib/gcc/nios2-elf/5.3.0/mhw-mulx/libgcc.a(_clzsi2.o) (__clz_tab)
/home/na62torino/altera/16.1/nios2eds/bin/gnu/H-x86_64-pc-linux-gnu/bin/../lib/gcc/nios2-elf/5.3.0/../../../../../H-x86_64-pc-linux-gnu/nios2-elf/lib/mhw-mulx/libc.a(lib_a-getc.o)
                              obj/default/hello_world.o (getc)
/home/na62torino/altera/16.1/nios2eds/bin/gnu/H-x86_64-pc-linux-gnu/bin/../lib/gcc/nios2-elf/5.3.0/../../../../../H-x86_64-pc-linux-gnu/nios2-elf/lib/mhw-mulx/libc.a(lib_a-impure.o)
                              obj/default/hello_world.o (_impure_ptr)
/home/na62torino/altera/16.1/nios2eds/bin/gnu/H-x86_64-pc-linux-gnu/bin/../lib/gcc/nios2-elf/5.3.0/../../../../../H-x86_64-pc-linux-gnu/nios2-elf/lib/mhw-mulx/libc.a(lib_a-printf.o)
                              obj/default/hello_world.o (printf)
/home/na62torino/altera/16.1/nios2eds/bin/gnu/H-x86_64-pc-linux-gnu/bin/../lib/gcc/nios2-elf/5.3.0/../../../../../H-x86_64-pc-linux-gnu/nios2-elf/lib/mhw-mulx/libc.a(lib_a-puts.o)
                              obj/default/hello_world.o (puts)
/home/na62torino/altera/16.1/nios2eds/bin/gnu/H-x86_64-pc-linux-gnu/bin/../lib/gcc/nios2-elf/5.3.0/../../../../../H-x86_64-pc-linux-gnu/nios2-elf/lib/mhw-mulx/libc.a(lib_a-rget.o)
                              /home/na62torino/altera/16.1/nios2eds/bin/gnu/H-x86_64-pc-linux-gnu/bin/../lib/gcc/nios2-elf/5.3.0/../../../../../H-x86_64-pc-linux-gnu/nios2-elf/lib/mhw-mulx/libc.a(lib_a-getc.o) (__srget_r)
/home/na62torino/altera/16.1/nios2eds/bin/gnu/H-x86_64-pc-linux-gnu/bin/../lib/gcc/nios2-elf/5.3.0/../../../../../H-x86_64-pc-linux-gnu/nios2-elf/lib/mhw-mulx/libc.a(lib_a-sprintf.o)
                              obj/default/terasic_debug.o (sprintf)
/home/na62torino/altera/16.1/nios2eds/bin/gnu/H-x86_64-pc-linux-gnu/bin/../lib/gcc/nios2-elf/5.3.0/../../../../../H-x86_64-pc-linux-gnu/nios2-elf/lib/mhw-mulx/libc.a(lib_a-strlen.o)
                              /home/na62torino/altera/16.1/nios2eds/bin/gnu/H-x86_64-pc-linux-gnu/bin/../lib/gcc/nios2-elf/5.3.0/../../../../../H-x86_64-pc-linux-gnu/nios2-elf/lib/mhw-mulx/libc.a(lib_a-puts.o) (strlen)
/home/na62torino/altera/16.1/nios2eds/bin/gnu/H-x86_64-pc-linux-gnu/bin/../lib/gcc/nios2-elf/5.3.0/../../../../../H-x86_64-pc-linux-gnu/nios2-elf/lib/mhw-mulx/libc.a(lib_a-svfprintf.o)
                              /home/na62torino/altera/16.1/nios2eds/bin/gnu/H-x86_64-pc-linux-gnu/bin/../lib/gcc/nios2-elf/5.3.0/../../../../../H-x86_64-pc-linux-gnu/nios2-elf/lib/mhw-mulx/libc.a(lib_a-sprintf.o) (___svfprintf_internal_r)
/home/na62torino/altera/16.1/nios2eds/bin/gnu/H-x86_64-pc-linux-gnu/bin/../lib/gcc/nios2-elf/5.3.0/../../../../../H-x86_64-pc-linux-gnu/nios2-elf/lib/mhw-mulx/libc.a(lib_a-vfprintf.o)
                              /home/na62torino/altera/16.1/nios2eds/bin/gnu/H-x86_64-pc-linux-gnu/bin/../lib/gcc/nios2-elf/5.3.0/../../../../../H-x86_64-pc-linux-gnu/nios2-elf/lib/mhw-mulx/libc.a(lib_a-printf.o) (___vfprintf_internal_r)
/home/na62torino/altera/16.1/nios2eds/bin/gnu/H-x86_64-pc-linux-gnu/bin/../lib/gcc/nios2-elf/5.3.0/../../../../../H-x86_64-pc-linux-gnu/nios2-elf/lib/mhw-mulx/libc.a(lib_a-vsnprintf.o)
                              obj/default/terasic_debug.o (vsnprintf)
/home/na62torino/altera/16.1/nios2eds/bin/gnu/H-x86_64-pc-linux-gnu/bin/../lib/gcc/nios2-elf/5.3.0/../../../../../H-x86_64-pc-linux-gnu/nios2-elf/lib/mhw-mulx/libc.a(lib_a-wsetup.o)
                              /home/na62torino/altera/16.1/nios2eds/bin/gnu/H-x86_64-pc-linux-gnu/bin/../lib/gcc/nios2-elf/5.3.0/../../../../../H-x86_64-pc-linux-gnu/nios2-elf/lib/mhw-mulx/libc.a(lib_a-vfprintf.o) (__swsetup_r)
/home/na62torino/altera/16.1/nios2eds/bin/gnu/H-x86_64-pc-linux-gnu/bin/../lib/gcc/nios2-elf/5.3.0/../../../../../H-x86_64-pc-linux-gnu/nios2-elf/lib/mhw-mulx/libc.a(lib_a-dtoa.o)
[...]
Memory Configuration

Name             Origin             Length             Attributes
ddr2_ram         0x0000000000000000 0x0000000040000000
ddr2_ram_1       0x0000000040000000 0x0000000040000000
reset            0x0000000080080000 0x0000000000000020
system_ram       0x0000000080080020 0x000000000007cfe0
*default*        0x0000000000000000 0xffffffffffffffff

Linker script and memory map

LOAD ../testbench_ls_bsp//obj/HAL/src/crt0.o
LOAD obj/default/hello_world.o
LOAD obj/default/terasic_debug.o
LOAD /home/na62torino/altera/16.1/nios2eds/bin/gnu/H-x86_64-pc-linux-gnu/bin/../lib/gcc/nios2-elf/5.3.0/../../../../../H-x86_64-pc-linux-gnu/nios2-elf/lib/mhw-mulx/libstdc++.a
LOAD /home/na62torino/altera/16.1/nios2eds/bin/gnu/H-x86_64-pc-linux-gnu/bin/../lib/gcc/nios2-elf/5.3.0/../../../../../H-x86_64-pc-linux-gnu/nios2-elf/lib/mhw-mulx/libm.a
LOAD /home/na62torino/altera/16.1/nios2eds/bin/gnu/H-x86_64-pc-linux-gnu/bin/../lib/gcc/nios2-elf/5.3.0/mhw-mulx/libgcc.a
START GROUP
LOAD /home/na62torino/altera/16.1/nios2eds/bin/gnu/H-x86_64-pc-linux-gnu/bin/../lib/gcc/nios2-elf/5.3.0/../../../../../H-x86_64-pc-linux-gnu/nios2-elf/lib/mhw-mulx/libc.a
LOAD /home/na62torino/altera/16.1/nios2eds/bin/gnu/H-x86_64-pc-linux-gnu/bin/../lib/gcc/nios2-elf/5.3.0/mhw-mulx/libgcc.a
LOAD ../testbench_ls_bsp//libhal_bsp.a
LOAD /home/na62torino/altera/16.1/nios2eds/bin/gnu/H-x86_64-pc-linux-gnu/bin/../lib/gcc/nios2-elf/5.3.0/../../../../../H-x86_64-pc-linux-gnu/nios2-elf/lib/mhw-mulx/libm.a
END GROUP
LOAD /home/na62torino/altera/16.1/nios2eds/bin/gnu/H-x86_64-pc-linux-gnu/bin/../lib/gcc/nios2-elf/5.3.0/mhw-mulx/libgcc.a
                0x0000000000000000                __alt_mem_ddr2_ram = 0x0
                0x0000000040000000                __alt_mem_ddr2_ram_1 = 0x40000000
                0x0000000080080000                __alt_mem_system_ram = 0x80080000

.entry          0x0000000080080000       0x20
 *(.entry)
 .entry         0x0000000080080000       0x20 ../testbench_ls_bsp//obj/HAL/src/crt0.o
                0x0000000080080000                __reset

.exceptions     0x0000000080080020      0x16c
                0x0000000080080020                PROVIDE (__ram_exceptions_start, ABSOLUTE (.))
                0x0000000080080020                . = ALIGN (0x20)
 *(.irq)
 *(.exceptions.entry.label)
 .exceptions.entry.label
                0x0000000080080020        0x0 ../testbench_ls_bsp//libhal_bsp.a(alt_irq_entry.o)
                0x0000000080080020                alt_irq_entry
 .exceptions.entry.label
                0x0000000080080020        0x0 ../testbench_ls_bsp//libhal_bsp.a(alt_exception_entry.o)
                0x0000000080080020                alt_exception
 *(.exceptions.entry.user)
 *(.exceptions.entry.ecc_fatal)
 *(.exceptions.entry)
 .exceptions.entry
                0x0000000080080020       0x54 ../testbench_ls_bsp//libhal_bsp.a(alt_exception_entry.o)
 *(.exceptions.irqtest.user)
 *(.exceptions.irqtest)
 .exceptions.irqtest
                0x0000000080080074       0x10 ../testbench_ls_bsp//libhal_bsp.a(alt_irq_entry.o)
 *(.exceptions.irqhandler.user)
 *(.exceptions.irqhandler)
 .exceptions.irqhandler
                0x0000000080080084        0x4 ../testbench_ls_bsp//libhal_bsp.a(alt_irq_entry.o)
 *(.exceptions.irqreturn.user)
 *(.exceptions.irqreturn)
 .exceptions.irqreturn
                0x0000000080080088        0x4 ../testbench_ls_bsp//libhal_bsp.a(alt_irq_entry.o)
 *(.exceptions.notirq.label)
 .exceptions.notirq.label
                0x000000008008008c        0x0 ../testbench_ls_bsp//libhal_bsp.a(alt_irq_entry.o)
 *(.exceptions.notirq.user)
 *(.exceptions.notirq)
 .exceptions.notirq
                0x000000008008008c        0x8 ../testbench_ls_bsp//libhal_bsp.a(alt_exception_entry.o)
 *(.exceptions.soft.user)
 *(.exceptions.soft)
 *(.exceptions.unknown.user)
 *(.exceptions.unknown)
 .exceptions.unknown
                0x0000000080080094       0x14 ../testbench_ls_bsp//libhal_bsp.a(alt_exception_entry.o)
 *(.exceptions.exit.label)
 .exceptions.exit.label
                0x00000000800800a8        0x0 ../testbench_ls_bsp//libhal_bsp.a(alt_irq_entry.o)
 .exceptions.exit.label
                0x00000000800800a8        0x0 ../testbench_ls_bsp//libhal_bsp.a(alt_exception_entry.o)
 *(.exceptions.exit.user)
 *(.exceptions.exit)
 .exceptions.exit
                0x00000000800800a8       0x54 ../testbench_ls_bsp//libhal_bsp.a(alt_exception_entry.o)
 *(.exceptions)
 .exceptions    0x00000000800800fc       0x64 ../testbench_ls_bsp//libhal_bsp.a(alt_irq_handler.o)
                0x00000000800800fc                alt_irq_handler
 .exceptions    0x0000000080080160       0x2c ../testbench_ls_bsp//libhal_bsp.a(alt_instruction_exception_entry.o)
                0x0000000080080160                alt_instruction_exception_entry
                0x000000008008018c                PROVIDE (__ram_exceptions_end, ABSOLUTE (.))
                0x0000000080080020                PROVIDE (__flash_exceptions_start, LOADADDR (.exceptions))

.text           0x000000008008018c    0x14290
                [!provide]                        PROVIDE (stext, ABSOLUTE (.))
 *(.interp)
 *(.hash)
 *(.dynsym)
 *(.dynstr)
 *(.gnu.version)
 *(.gnu.version_d)
 *(.gnu.version_r)
 *(.rel.init)
 *(.rela.init)
 *(.rel.text .rel.text.* .rel.gnu.linkonce.t.*)
 *(.rela.text .rela.text.* .rela.gnu.linkonce.t.*)
 *(.rel.fini)
 *(.rela.fini)
 *(.rel.rodata .rel.rodata.* .rel.gnu.linkonce.r.*)
 *(.rela.rodata .rela.rodata.* .rela.gnu.linkonce.r.*)
 *(.rel.data .rel.data.* .rel.gnu.linkonce.d.*)
 *(.rela.data .rela.data.* .rela.gnu.linkonce.d.*)
 *(.rel.tdata .rel.tdata.* .rel.gnu.linkonce.td.*)
 *(.rela.tdata .rela.tdata.* .rela.gnu.linkonce.td.*)
 *(.rel.tbss .rel.tbss.* .rel.gnu.linkonce.tb.*)
 *(.rela.tbss .rela.tbss.* .rela.gnu.linkonce.tb.*)
 *(.rel.ctors)
 *(.rela.ctors)
 *(.rel.dtors)
 *(.rela.dtors)
 *(.rel.got)
 *(.rela.got)
 *(.rel.sdata .rel.sdata.* .rel.gnu.linkonce.s.*)
 *(.rela.sdata .rela.sdata.* .rela.gnu.linkonce.s.*)
 *(.rel.sbss .rel.sbss.* .rel.gnu.linkonce.sb.*)
 *(.rela.sbss .rela.sbss.* .rela.gnu.linkonce.sb.*)
 *(.rel.sdata2 .rel.sdata2.* .rel.gnu.linkonce.s2.*)
 *(.rela.sdata2 .rela.sdata2.* .rela.gnu.linkonce.s2.*)
 *(.rel.sbss2 .rel.sbss2.* .rel.gnu.linkonce.sb2.*)
 *(.rela.sbss2 .rela.sbss2.* .rela.gnu.linkonce.sb2.*)
 *(.rel.bss .rel.bss.* .rel.gnu.linkonce.b.*)
 *(.rela.bss .rela.bss.* .rela.gnu.linkonce.b.*)
 *(.rel.plt)
 *(.rela.plt)
 *(.rel.dyn)
 *(.init)
 *(.plt)
 *(.text .stub .text.* .gnu.linkonce.t.*)
 .text          0x000000008008018c       0x4c ../testbench_ls_bsp//obj/HAL/src/crt0.o
                0x000000008008018c                _start
 .text          0x00000000800801d8       0xa4 obj/default/hello_world.o
                0x00000000800801fc                GetInputString
 .text.startup  0x000000008008027c      0xdd0 obj/default/hello_world.o
                0x000000008008027c                main
 .text          0x000000008008104c      0x11c obj/default/terasic_debug.o
                0x000000008008104c                debug_output
                0x0000000080081050                myprintf
                0x000000008008109c                myprintf_hexarray
                0x0000000080081100                myprintf_dwordarray
 .text          0x0000000080081168       0xdc /home/na62torino/altera/16.1/nios2eds/bin/gnu/H-x86_64-pc-linux-gnu/bin/../lib/gcc/nios2-elf/5.3.0/mhw-mulx/libgcc.a(gedf2.o)
                0x0000000080081168                __gtdf2
                0x0000000080081168                __gedf2
 .text          0x0000000080081244      0x718 /home/na62torino/altera/16.1/nios2eds/bin/gnu/H-x86_64-pc-linux-gnu/bin/../lib/gcc/nios2-elf/5.3.0/mhw-mulx/libgcc.a(muldf3.o)
                0x0000000080081244                __muldf3
 .text          0x000000008008195c       0xa8 /home/na62torino/altera/16.1/nios2eds/bin/gnu/H-x86_64-pc-linux-gnu/bin/../lib/gcc/nios2-elf/5.3.0/mhw-mulx/libgcc.a(floatunsidf.o)
                0x000000008008195c                __floatunsidf
 .text          0x0000000080081a04       0x64 /home/na62torino/altera/16.1/nios2eds/bin/gnu/H-x86_64-pc-linux-gnu/bin/../lib/gcc/nios2-elf/5.3.0/mhw-mulx/libgcc.a(_clzsi2.o)
                0x0000000080081a04                __clzsi2
 .text          0x0000000080081a68        0x0 /home/na62torino/altera/16.1/nios2eds/bin/gnu/H-x86_64-pc-linux-gnu/bin/../lib/gcc/nios2-elf/5.3.0/mhw-mulx/libgcc.a(_clz.o)
 .text          0x0000000080081a68        0x0 /home/na62torino/altera/16.1/nios2eds/bin/gnu/H-x86_64-pc-linux-gnu/bin/../lib/gcc/nios2-elf/5.3.0/../../../../../H-x86_64-pc-linux-gnu/nios2-elf/lib/mhw-mulx/libc.a(lib_a-getc.o)
 .text._getc_r  0x0000000080081a68       0x70 /home/na62torino/altera/16.1/nios2eds/bin/gnu/H-x86_64-pc-linux-gnu/bin/../lib/gcc/nios2-elf/5.3.0/../../../../../H-x86_64-pc-linux-gnu/nios2-elf/lib/mhw-mulx/libc.a(lib_a-getc.o)
                0x0000000080081a68                _getc_r
 .text.getc     0x0000000080081ad8       0x88 /home/na62torino/altera/16.1/nios2eds/bin/gnu/H-x86_64-pc-linux-gnu/bin/../lib/gcc/nios2-elf/5.3.0/../../../../../H-x86_64-pc-linux-gnu/nios2-elf/lib/mhw-mulx/libc.a(lib_a-getc.o)
                0x0000000080081ad8                getc
 .text          0x0000000080081b60        0x0 /home/na62torino/altera/16.1/nios2eds/bin/gnu/H-x86_64-pc-linux-gnu/bin/../lib/gcc/nios2-elf/5.3.0/../../../../../H-x86_64-pc-linux-gnu/nios2-elf/lib/mhw-mulx/libc.a(lib_a-impure.o)
 .text          0x0000000080081b60        0x0 /home/na62torino/altera/16.1/nios2eds/bin/gnu/H-x86_64-pc-linux-gnu/bin/../lib/gcc/nios2-elf/5.3.0/../../../../../H-x86_64-pc-linux-gnu/nios2-elf/lib/mhw-mulx/libc.a(lib_a-printf.o)
 .text._printf_r
                0x0000000080081b60       0x30 /home/na62torino/altera/16.1/nios2eds/bin/gnu/H-x86_64-pc-linux-gnu/bin/../lib/gcc/nios2-elf/5.3.0/../../../../../H-x86_64-pc-linux-gnu/nios2-elf/lib/mhw-mulx/libc.a(lib_a-printf.o)
                0x0000000080081b60                _printf_r
 .text.printf   0x0000000080081b90       0x3c /home/na62torino/altera/16.1/nios2eds/bin/gnu/H-x86_64-pc-linux-gnu/bin/../lib/gcc/nios2-elf/5.3.0/../../../../../H-x86_64-pc-linux-gnu/nios2-elf/lib/mhw-mulx/libc.a(lib_a-printf.o)
                0x0000000080081b90                printf
 .text          0x0000000080081bcc        0x0 /home/na62torino/altera/16.1/nios2eds/bin/gnu/H-x86_64-pc-linux-gnu/bin/../lib/gcc/nios2-elf/5.3.0/../../../../../H-x86_64-pc-linux-gnu/nios2-elf/lib/mhw-mulx/libc.a(lib_a-puts.o)
 .text._puts_r  0x0000000080081bcc       0xc0 /home/na62torino/altera/16.1/nios2eds/bin/gnu/H-x86_64-pc-linux-gnu/bin/../lib/gcc/nios2-elf/5.3.0/../../../../../H-x86_64-pc-linux-gnu/nios2-elf/lib/mhw-mulx/libc.a(lib_a-puts.o)
                0x0000000080081bcc                _puts_r
 .text.puts     0x0000000080081c8c       0x14 /home/na62torino/altera/16.1/nios2eds/bin/gnu/H-x86_64-pc-linux-gnu/bin/../lib/gcc/nios2-elf/5.3.0/../../../../../H-x86_64-pc-linux-gnu/nios2-elf/lib/mhw-mulx/libc.a(lib_a-puts.o)
                0x0000000080081c8c                puts
 .text          0x0000000080081ca0        0x0 /home/na62torino/altera/16.1/nios2eds/bin/gnu/H-x86_64-pc-linux-gnu/bin/../lib/gcc/nios2-elf/5.3.0/../../../../../H-x86_64-pc-linux-gnu/nios2-elf/lib/mhw-mulx/libc.a(lib_a-rget.o)
 .text.__srget_r
                0x0000000080081ca0       0x74 /home/na62torino/altera/16.1/nios2eds/bin/gnu/H-x86_64-pc-linux-gnu/bin/../lib/gcc/nios2-elf/5.3.0/../../../../../H-x86_64-pc-linux-gnu/nios2-elf/lib/mhw-mulx/libc.a(lib_a-rget.o)
                0x0000000080081ca0                __srget_r
 .text.__srget  0x0000000080081d14       0x14 /home/na62torino/altera/16.1/nios2eds/bin/gnu/H-x86_64-pc-linux-gnu/bin/../lib/gcc/nios2-elf/5.3.0/../../../../../H-x86_64-pc-linux-gnu/nios2-elf/lib/mhw-mulx/libc.a(lib_a-rget.o)
                0x0000000080081d14                __srget
 .text          0x0000000080081d28        0x0 /home/na62torino/altera/16.1/nios2eds/bin/gnu/H-x86_64-pc-linux-gnu/bin/../lib/gcc/nios2-elf/5.3.0/../../../../../H-x86_64-pc-linux-gnu/nios2-elf/lib/mhw-mulx/libc.a(lib_a-sprintf.o)
 .text._sprintf_r
                0x0000000080081d28       0x58 /home/na62torino/altera/16.1/nios2eds/bin/gnu/H-x86_64-pc-linux-gnu/bin/../lib/gcc/nios2-elf/5.3.0/../../../../../H-x86_64-pc-linux-gnu/nios2-elf/lib/mhw-mulx/libc.a(lib_a-sprintf.o)
                0x0000000080081d28                _sprintf_r
 .text.sprintf  0x0000000080081d80       0x6c /home/na62torino/altera/16.1/nios2eds/bin/gnu/H-x86_64-pc-linux-gnu/bin/../lib/gcc/nios2-elf/5.3.0/../../../../../H-x86_64-pc-linux-gnu/nios2-elf/lib/mhw-mulx/libc.a(lib_a-sprintf.o)
                0x0000000080081d80                sprintf
 .text          0x0000000080081dec        0x0 /home/na62torino/altera/16.1/nios2eds/bin/gnu/H-x86_64-pc-linux-gnu/bin/../lib/gcc/nios2-elf/5.3.0/../../../../../H-x86_64-pc-linux-gnu/nios2-elf/lib/mhw-mulx/libc.a(lib_a-strlen.o)
 .text.strlen   0x0000000080081dec       0x98 /home/na62torino/altera/16.1/nios2eds/bin/gnu/H-x86_64-pc-linux-gnu/bin/../lib/gcc/nios2-elf/5.3.0/../../../../../H-x86_64-pc-linux-gnu/nios2-elf/lib/mhw-mulx/libc.a(lib_a-strlen.o)
                0x0000000080081dec                strlen
 .text          0x0000000080081e84        0x0 /home/na62torino/altera/16.1/nios2eds/bin/gnu/H-x86_64-pc-linux-gnu/bin/../lib/gcc/nios2-elf/5.3.0/../../../../../H-x86_64-pc-linux-gnu/nios2-elf/lib/mhw-mulx/libc.a(lib_a-svfprintf.o)
 .text.___svfprintf_internal_r
                0x0000000080081e84     0x21d8 /home/na62torino/altera/16.1/nios2eds/bin/gnu/H-x86_64-pc-linux-gnu/bin/../lib/gcc/nios2-elf/5.3.0/../../../../../H-x86_64-pc-linux-gnu/nios2-elf/lib/mhw-mulx/libc.a(lib_a-svfprintf.o)
                0x0000000080081e84                ___svfprintf_internal_r
 .text          0x000000008008405c        0x0 /home/na62torino/altera/16.1/nios2eds/bin/gnu/H-x86_64-pc-linux-gnu/bin/../lib/gcc/nios2-elf/5.3.0/../../../../../H-x86_64-pc-linux-gnu/nios2-elf/lib/mhw-mulx/libc.a(lib_a-vfprintf.o)
 .text.___vfprintf_internal_r
                0x000000008008405c     0x21f8 /home/na62torino/altera/16.1/nios2eds/bin/gnu/H-x86_64-pc-linux-gnu/bin/../lib/gcc/nios2-elf/5.3.0/../../../../../H-x86_64-pc-linux-gnu/nios2-elf/lib/mhw-mulx/libc.a(lib_a-vfprintf.o)
                0x000000008008405c                ___vfprintf_internal_r
 .text.__vfprintf_internal
                0x0000000080086254       0x1c /home/na62torino/altera/16.1/nios2eds/bin/gnu/H-x86_64-pc-linux-gnu/bin/../lib/gcc/nios2-elf/5.3.0/../../../../../H-x86_64-pc-linux-gnu/nios2-elf/lib/mhw-mulx/libc.a(lib_a-vfprintf.o)
                0x0000000080086254                __vfprintf_internal
 .text.__sbprintf
                0x0000000080086270       0xbc /home/na62torino/altera/16.1/nios2eds/bin/gnu/H-x86_64-pc-linux-gnu/bin/../lib/gcc/nios2-elf/5.3.0/../../../../../H-x86_64-pc-linux-gnu/nios2-elf/lib/mhw-mulx/libc.a(lib_a-vfprintf.o)
 .text          0x000000008008632c        0x0 /home/na62torino/altera/16.1/nios2eds/bin/gnu/H-x86_64-pc-linux-gnu/bin/../lib/gcc/nios2-elf/5.3.0/../../../../../H-x86_64-pc-linux-gnu/nios2-elf/lib/mhw-mulx/libc.a(lib_a-vsnprintf.o)
 .text._vsnprintf_r
                0x000000008008632c       0xf0 /home/na62torino/altera/16.1/nios2eds/bin/gnu/H-x86_64-pc-linux-gnu/bin/../lib/gcc/nios2-elf/5.3.0/../../../../../H-x86_64-pc-linux-gnu/nios2-elf/lib/mhw-mulx/libc.a(lib_a-vsnprintf.o)
                0x000000008008632c                _vsnprintf_r
 .text.vsnprintf
                0x000000008008641c       0x34 /home/na62torino/altera/16.1/nios2eds/bin/gnu/H-x86_64-pc-linux-gnu/bin/../lib/gcc/nios2-elf/5.3.0/../../../../../H-x86_64-pc-linux-gnu/nios2-elf/lib/mhw-mulx/libc.a(lib_a-vsnprintf.o)
                0x000000008008641c                vsnprintf
 .text          0x0000000080086450        0x0 /home/na62torino/altera/16.1/nios2eds/bin/gnu/H-x86_64-pc-linux-gnu/bin/../lib/gcc/nios2-elf/5.3.0/../../../../../H-x86_64-pc-linux-gnu/nios2-elf/lib/mhw-mulx/libc.a(lib_a-wsetup.o)
 .text.__swsetup_r
                0x0000000080086450      0x154 /home/na62torino/altera/16.1/nios2eds/bin/gnu/H-x86_64-pc-linux-gnu/bin/../lib/gcc/nios2-elf/5.3.0/../../../../../H-x86_64-pc-linux-gnu/nios2-elf/lib/mhw-mulx/libc.a(lib_a-wsetup.o)
                0x0000000080086450                __swsetup_r
 .text          0x00000000800865a4        0x0 /home/na62torino/altera/16.1/nios2eds/bin/gnu/H-x86_64-pc-linux-gnu/bin/../lib/gcc/nios2-elf/5.3.0/../../../../../H-x86_64-pc-linux-gnu/nios2-elf/lib/mhw-mulx/libc.a(lib_a-dtoa.o)
 .text.quorem   0x00000000800865a4      0x200 /home/na62torino/altera/16.1/nios2eds/bin/gnu/H-x86_64-pc-linux-gnu/bin/../lib/gcc/nios2-elf/5.3.0/../../../../../H-x86_64-pc-linux-gnu/nios2-elf/lib/mhw-mulx/libc.a(lib_a-dtoa.o)
 .text._dtoa_r  0x00000000800867a4     0x1688 /home/na62torino/altera/16.1/nios2eds/bin/gnu/H-x86_64-pc-linux-gnu/bin/../lib/gcc/nios2-elf/5.3.0/../../../../../H-x86_64-pc-linux-gnu/nios2-elf/lib/mhw-mulx/libc.a(lib_a-dtoa.o)
                0x00000000800867a4                _dtoa_r
 .text          0x0000000080087e2c        0x0 /home/na62torino/altera/16.1/nios2eds/bin/gnu/H-x86_64-pc-linux-gnu/bin/../lib/gcc/nios2-elf/5.3.0/../../../../../H-x86_64-pc-linux-gnu/nios2-elf/lib/mhw-mulx/libc.a(lib_a-fflush.o)
 .text.__sflush_r
                0x0000000080087e2c      0x21c /home/na62torino/altera/16.1/nios2eds/bin/gnu/H-x86_64-pc-linux-gnu/bin/../lib/gcc/nios2-elf/5.3.0/../../../../../H-x86_64-pc-linux-gnu/nios2-elf/lib/mhw-mulx/libc.a(lib_a-fflush.o)
                0x0000000080087e2c                __sflush_r
 .text._fflush_r
                0x0000000080088048       0x5c /home/na62torino/altera/16.1/nios2eds/bin/gnu/H-x86_64-pc-linux-gnu/bin/../lib/gcc/nios2-elf/5.3.0/../../../../../H-x86_64-pc-linux-gnu/nios2-elf/lib/mhw-mulx/libc.a(lib_a-fflush.o)
                0x0000000080088048                _fflush_r
 .text.fflush   0x00000000800880a4       0x30 /home/na62torino/altera/16.1/nios2eds/bin/gnu/H-x86_64-pc-linux-gnu/bin/../lib/gcc/nios2-elf/5.3.0/../../../../../H-x86_64-pc-linux-gnu/nios2-elf/lib/mhw-mulx/libc.a(lib_a-fflush.o)
                0x00000000800880a4                fflush
 .text          0x00000000800880d4        0x0 /home/na62torino/altera/16.1/nios2eds/bin/gnu/H-x86_64-pc-linux-gnu/bin/../lib/gcc/nios2-elf/5.3.0/../../../../../H-x86_64-pc-linux-gnu/nios2-elf/lib/mhw-mulx/libc.a(lib_a-findfp.o)
 .text.__fp_unlock
                0x00000000800880d4        0x8 /home/na62torino/altera/16.1/nios2eds/bin/gnu/H-x86_64-pc-linux-gnu/bin/../lib/gcc/nios2-elf/5.3.0/../../../../../H-x86_64-pc-linux-gnu/nios2-elf/lib/mhw-mulx/libc.a(lib_a-findfp.o)
 .text._cleanup_r
                0x00000000800880dc        0xc /home/na62torino/altera/16.1/nios2eds/bin/gnu/H-x86_64-pc-linux-gnu/bin/../lib/gcc/nios2-elf/5.3.0/../../../../../H-x86_64-pc-linux-gnu/nios2-elf/lib/mhw-mulx/libc.a(lib_a-findfp.o)
                0x00000000800880dc                _cleanup_r
 .text.__sinit.part.1
                0x00000000800880e8      0x19c /home/na62torino/altera/16.1/nios2eds/bin/gnu/H-x86_64-pc-linux-gnu/bin/../lib/gcc/nios2-elf/5.3.0/../../../../../H-x86_64-pc-linux-gnu/nios2-elf/lib/mhw-mulx/libc.a(lib_a-findfp.o)
 .text.__fp_lock
                0x0000000080088284        0x8 /home/na62torino/altera/16.1/nios2eds/bin/gnu/H-x86_64-pc-linux-gnu/bin/../lib/gcc/nios2-elf/5.3.0/../../../../../H-x86_64-pc-linux-gnu/nios2-elf/lib/mhw-mulx/libc.a(lib_a-findfp.o)
 .text.__sfmoreglue
                0x000000008008828c       0x68 /home/na62torino/altera/16.1/nios2eds/bin/gnu/H-x86_64-pc-linux-gnu/bin/../lib/gcc/nios2-elf/5.3.0/../../../../../H-x86_64-pc-linux-gnu/nios2-elf/lib/mhw-mulx/libc.a(lib_a-findfp.o)
                0x000000008008828c                __sfmoreglue
 .text.__sfp    0x00000000800882f4      0x118 /home/na62torino/altera/16.1/nios2eds/bin/gnu/H-x86_64-pc-linux-gnu/bin/../lib/gcc/nios2-elf/5.3.0/../../../../../H-x86_64-pc-linux-gnu/nios2-elf/lib/mhw-mulx/libc.a(lib_a-findfp.o)
                0x00000000800882f4                __sfp
 .text._cleanup
                0x000000008008840c       0x18 /home/na62torino/altera/16.1/nios2eds/bin/gnu/H-x86_64-pc-linux-gnu/bin/../lib/gcc/nios2-elf/5.3.0/../../../../../H-x86_64-pc-linux-gnu/nios2-elf/lib/mhw-mulx/libc.a(lib_a-findfp.o)
                0x000000008008840c                _cleanup
 .text.__sinit  0x0000000080088424       0x10 /home/na62torino/altera/16.1/nios2eds/bin/gnu/H-x86_64-pc-linux-gnu/bin/../lib/gcc/nios2-elf/5.3.0/../../../../../H-x86_64-pc-linux-gnu/nios2-elf/lib/mhw-mulx/libc.a(lib_a-findfp.o)
                0x0000000080088424                __sinit
 .text.__sfp_lock_acquire
                0x0000000080088434        0x4 /home/na62torino/altera/16.1/nios2eds/bin/gnu/H-x86_64-pc-linux-gnu/bin/../lib/gcc/nios2-elf/5.3.0/../../../../../H-x86_64-pc-linux-gnu/nios2-elf/lib/mhw-mulx/libc.a(lib_a-findfp.o)
                0x0000000080088434                __sfp_lock_acquire
 .text.__sfp_lock_release
                0x0000000080088438        0x4 /home/na62torino/altera/16.1/nios2eds/bin/gnu/H-x86_64-pc-linux-gnu/bin/../lib/gcc/nios2-elf/5.3.0/../../../../../H-x86_64-pc-linux-gnu/nios2-elf/lib/mhw-mulx/libc.a(lib_a-findfp.o)
                0x0000000080088438                __sfp_lock_release
 .text.__sinit_lock_acquire
                0x000000008008843c        0x4 /home/na62torino/altera/16.1/nios2eds/bin/gnu/H-x86_64-pc-linux-gnu/bin/../lib/gcc/nios2-elf/5.3.0/../../../../../H-x86_64-pc-linux-gnu/nios2-elf/lib/mhw-mulx/libc.a(lib_a-findfp.o)
                0x000000008008843c                __sinit_lock_acquire
 .text.__sinit_lock_release
                0x0000000080088440        0x4 /home/na62torino/altera/16.1/nios2eds/bin/gnu/H-x86_64-pc-linux-gnu/bin/../lib/gcc/nios2-elf/5.3.0/../../../../../H-x86_64-pc-linux-gnu/nios2-elf/lib/mhw-mulx/libc.a(lib_a-findfp.o)
                0x0000000080088440                __sinit_lock_release
 .text.__fp_lock_all
                0x0000000080088444       0x18 /home/na62torino/altera/16.1/nios2eds/bin/gnu/H-x86_64-pc-linux-gnu/bin/../lib/gcc/nios2-elf/5.3.0/../../../../../H-x86_64-pc-linux-gnu/nios2-elf/lib/mhw-mulx/libc.a(lib_a-findfp.o)
                0x0000000080088444                __fp_lock_all
 .text.__fp_unlock_all
                0x000000008008845c       0x18 /home/na62torino/altera/16.1/nios2eds/bin/gnu/H-x86_64-pc-linux-gnu/bin/../lib/gcc/nios2-elf/5.3.0/../../../../../H-x86_64-pc-linux-gnu/nios2-elf/lib/mhw-mulx/libc.a(lib_a-findfp.o)
                0x000000008008845c                __fp_unlock_all
 .text          0x0000000080088474        0x0 /home/na62torino/altera/16.1/nios2eds/bin/gnu/H-x86_64-pc-linux-gnu/bin/../lib/gcc/nios2-elf/5.3.0/../../../../../H-x86_64-pc-linux-gnu/nios2-elf/lib/mhw-mulx/libc.a(lib_a-freer.o)
 .text._malloc_trim_r
                0x0000000080088474      0x124 /home/na62torino/altera/16.1/nios2eds/bin/gnu/H-x86_64-pc-linux-gnu/bin/../lib/gcc/nios2-elf/5.3.0/../../../../../H-x86_64-pc-linux-gnu/nios2-elf/lib/mhw-mulx/libc.a(lib_a-freer.o)
                0x0000000080088474                _malloc_trim_r
 .text._free_r  0x0000000080088598      0x310 /home/na62torino/altera/16.1/nios2eds/bin/gnu/H-x86_64-pc-linux-gnu/bin/../lib/gcc/nios2-elf/5.3.0/../../../../../H-x86_64-pc-linux-gnu/nios2-elf/lib/mhw-mulx/libc.a(lib_a-freer.o)
                0x0000000080088598                _free_r
 .text          0x00000000800888a8        0x0 /home/na62torino/altera/16.1/nios2eds/bin/gnu/H-x86_64-pc-linux-gnu/bin/../lib/gcc/nios2-elf/5.3.0/../../../../../H-x86_64-pc-linux-gnu/nios2-elf/lib/mhw-mulx/libc.a(lib_a-fvwrite.o)
 .text.__sfvwrite_r
                0x00000000800888a8      0x4bc /home/na62torino/altera/16.1/nios2eds/bin/gnu/H-x86_64-pc-linux-gnu/bin/../lib/gcc/nios2-elf/5.3.0/../../../../../H-x86_64-pc-linux-gnu/nios2-elf/lib/mhw-mulx/libc.a(lib_a-fvwrite.o)
                0x00000000800888a8                __sfvwrite_r
 .text          0x0000000080088d64        0x0 /home/na62torino/altera/16.1/nios2eds/bin/gnu/H-x86_64-pc-linux-gnu/bin/../lib/gcc/nios2-elf/5.3.0/../../../../../H-x86_64-pc-linux-gnu/nios2-elf/lib/mhw-mulx/libc.a(lib_a-fwalk.o)
 .text._fwalk   0x0000000080088d64       0xc4 /home/na62torino/altera/16.1/nios2eds/bin/gnu/H-x86_64-pc-linux-gnu/bin/../lib/gcc/nios2-elf/5.3.0/../../../../../H-x86_64-pc-linux-gnu/nios2-elf/lib/mhw-mulx/libc.a(lib_a-fwalk.o)
                0x0000000080088d64                _fwalk
 .text._fwalk_reent
                0x0000000080088e28       0xc4 /home/na62torino/altera/16.1/nios2eds/bin/gnu/H-x86_64-pc-linux-gnu/bin/../lib/gcc/nios2-elf/5.3.0/../../../../../H-x86_64-pc-linux-gnu/nios2-elf/lib/mhw-mulx/libc.a(lib_a-fwalk.o)
                0x0000000080088e28                _fwalk_reent
 .text          0x0000000080088eec        0x0 /home/na62torino/altera/16.1/nios2eds/bin/gnu/H-x86_64-pc-linux-gnu/bin/../lib/gcc/nios2-elf/5.3.0/../../../../../H-x86_64-pc-linux-gnu/nios2-elf/lib/mhw-mulx/libc.a(lib_a-locale.o)
 .text._setlocale_r
                0x0000000080088eec       0x7c /home/na62torino/altera/16.1/nios2eds/bin/gnu/H-x86_64-pc-linux-gnu/bin/../lib/gcc/nios2-elf/5.3.0/../../../../../H-x86_64-pc-linux-gnu/nios2-elf/lib/mhw-mulx/libc.a(lib_a-locale.o)
                0x0000000080088eec                _setlocale_r
 .text.__locale_charset
                0x0000000080088f68        0xc /home/na62torino/altera/16.1/nios2eds/bin/gnu/H-x86_64-pc-linux-gnu/bin/../lib/gcc/nios2-elf/5.3.0/../../../../../H-x86_64-pc-linux-gnu/nios2-elf/lib/mhw-mulx/libc.a(lib_a-locale.o)
                0x0000000080088f68                __locale_charset
 .text.__locale_mb_cur_max
                0x0000000080088f74       0x10 /home/na62torino/altera/16.1/nios2eds/bin/gnu/H-x86_64-pc-linux-gnu/bin/../lib/gcc/nios2-elf/5.3.0/../../../../../H-x86_64-pc-linux-gnu/nios2-elf/lib/mhw-mulx/libc.a(lib_a-locale.o)
                0x0000000080088f74                __locale_mb_cur_max
 .text.__locale_msgcharset
                0x0000000080088f84        0xc /home/na62torino/altera/16.1/nios2eds/bin/gnu/H-x86_64-pc-linux-gnu/bin/../lib/gcc/nios2-elf/5.3.0/../../../../../H-x86_64-pc-linux-gnu/nios2-elf/lib/mhw-mulx/libc.a(lib_a-locale.o)
                0x0000000080088f84                __locale_msgcharset
 .text.__locale_cjk_lang
                0x0000000080088f90        0x8 /home/na62torino/altera/16.1/nios2eds/bin/gnu/H-x86_64-pc-linux-gnu/bin/../lib/gcc/nios2-elf/5.3.0/../../../../../H-x86_64-pc-linux-gnu/nios2-elf/lib/mhw-mulx/libc.a(lib_a-locale.o)
                0x0000000080088f90                __locale_cjk_lang
 .text._localeconv_r
                0x0000000080088f98        0xc /home/na62torino/altera/16.1/nios2eds/bin/gnu/H-x86_64-pc-linux-gnu/bin/../lib/gcc/nios2-elf/5.3.0/../../../../../H-x86_64-pc-linux-gnu/nios2-elf/lib/mhw-mulx/libc.a(lib_a-locale.o)
                0x0000000080088f98                _localeconv_r
 .text.setlocale
                0x0000000080088fa4       0x18 /home/na62torino/altera/16.1/nios2eds/bin/gnu/H-x86_64-pc-linux-gnu/bin/../lib/gcc/nios2-elf/5.3.0/../../../../../H-x86_64-pc-linux-gnu/nios2-elf/lib/mhw-mulx/libc.a(lib_a-locale.o)
                0x0000000080088fa4                setlocale
 .text.localeconv
                0x0000000080088fbc        0xc /home/na62torino/altera/16.1/nios2eds/bin/gnu/H-x86_64-pc-linux-gnu/bin/../lib/gcc/nios2-elf/5.3.0/../../../../../H-x86_64-pc-linux-gnu/nios2-elf/lib/mhw-mulx/libc.a(lib_a-locale.o)
                0x0000000080088fbc                localeconv
 .text          0x0000000080088fc8        0x0 /home/na62torino/altera/16.1/nios2eds/bin/gnu/H-x86_64-pc-linux-gnu/bin/../lib/gcc/nios2-elf/5.3.0/../../../../../H-x86_64-pc-linux-gnu/nios2-elf/lib/mhw-mulx/libc.a(lib_a-makebuf.o)
 .text.__smakebuf_r
                0x0000000080088fc8      0x1bc /home/na62torino/altera/16.1/nios2eds/bin/gnu/H-x86_64-pc-linux-gnu/bin/../lib/gcc/nios2-elf/5.3.0/../../../../../H-x86_64-pc-linux-gnu/nios2-elf/lib/mhw-mulx/libc.a(lib_a-makebuf.o)
                0x0000000080088fc8                __smakebuf_r
 .text          0x0000000080089184        0x0 /home/na62torino/altera/16.1/nios2eds/bin/gnu/H-x86_64-pc-linux-gnu/bin/../lib/gcc/nios2-elf/5.3.0/../../../../../H-x86_64-pc-linux-gnu/nios2-elf/lib/mhw-mulx/libc.a(lib_a-mallocr.o)
 .text._malloc_r
                0x0000000080089184      0x80c /home/na62torino/altera/16.1/nios2eds/bin/gnu/H-x86_64-pc-linux-gnu/bin/../lib/gcc/nios2-elf/5.3.0/../../../../../H-x86_64-pc-linux-gnu/nios2-elf/lib/mhw-mulx/libc.a(lib_a-mallocr.o)
                0x0000000080089184                _malloc_r
 .text          0x0000000080089990        0x0 /home/na62torino/altera/16.1/nios2eds/bin/gnu/H-x86_64-pc-linux-gnu/bin/../lib/gcc/nios2-elf/5.3.0/../../../../../H-x86_64-pc-linux-gnu/nios2-elf/lib/mhw-mulx/libc.a(lib_a-memchr.o)
 .text.memchr   0x0000000080089990       0xe4 /home/na62torino/altera/16.1/nios2eds/bin/gnu/H-x86_64-pc-linux-gnu/bin/../lib/gcc/nios2-elf/5.3.0/../../../../../H-x86_64-pc-linux-gnu/nios2-elf/lib/mhw-mulx/libc.a(lib_a-memchr.o)
                0x0000000080089990                memchr
 .text          0x0000000080089a74        0x0 /home/na62torino/altera/16.1/nios2eds/bin/gnu/H-x86_64-pc-linux-gnu/bin/../lib/gcc/nios2-elf/5.3.0/../../../../../H-x86_64-pc-linux-gnu/nios2-elf/lib/mhw-mulx/libc.a(lib_a-memcpy.o)
 .text.memcpy   0x0000000080089a74      0x148 /home/na62torino/altera/16.1/nios2eds/bin/gnu/H-x86_64-pc-linux-gnu/bin/../lib/gcc/nios2-elf/5.3.0/../../../../../H-x86_64-pc-linux-gnu/nios2-elf/lib/mhw-mulx/libc.a(lib_a-memcpy.o)
                0x0000000080089a74                memcpy
 .text          0x0000000080089bbc        0x0 /home/na62torino/altera/16.1/nios2eds/bin/gnu/H-x86_64-pc-linux-gnu/bin/../lib/gcc/nios2-elf/5.3.0/../../../../../H-x86_64-pc-linux-gnu/nios2-elf/lib/mhw-mulx/libc.a(lib_a-memmove.o)
 .text.memmove  0x0000000080089bbc      0x15c /home/na62torino/altera/16.1/nios2eds/bin/gnu/H-x86_64-pc-linux-gnu/bin/../lib/gcc/nios2-elf/5.3.0/../../../../../H-x86_64-pc-linux-gnu/nios2-elf/lib/mhw-mulx/libc.a(lib_a-memmove.o)
                0x0000000080089bbc                memmove
 .text          0x0000000080089d18        0x0 /home/na62torino/altera/16.1/nios2eds/bin/gnu/H-x86_64-pc-linux-gnu/bin/../lib/gcc/nios2-elf/5.3.0/../../../../../H-x86_64-pc-linux-gnu/nios2-elf/lib/mhw-mulx/libc.a(lib_a-memset.o)
 .text.memset   0x0000000080089d18      0x128 /home/na62torino/altera/16.1/nios2eds/bin/gnu/H-x86_64-pc-linux-gnu/bin/../lib/gcc/nios2-elf/5.3.0/../../../../../H-x86_64-pc-linux-gnu/nios2-elf/lib/mhw-mulx/libc.a(lib_a-memset.o)
                0x0000000080089d18                memset
 .text          0x0000000080089e40        0x0 /home/na62torino/altera/16.1/nios2eds/bin/gnu/H-x86_64-pc-linux-gnu/bin/../lib/gcc/nios2-elf/5.3.0/../../../../../H-x86_64-pc-linux-gnu/nios2-elf/lib/mhw-mulx/libc.a(lib_a-mprec.o)
 .text._Balloc  0x0000000080089e40       0xa8 /home/na62torino/altera/16.1/nios2eds/bin/gnu/H-x86_64-pc-linux-gnu/bin/../lib/gcc/nios2-elf/5.3.0/../../../../../H-x86_64-pc-linux-gnu/nios2-elf/lib/mhw-mulx/libc.a(lib_a-mprec.o)
                0x0000000080089e40                _Balloc
 .text._Bfree   0x0000000080089ee8       0x28 /home/na62torino/altera/16.1/nios2eds/bin/gnu/H-x86_64-pc-linux-gnu/bin/../lib/gcc/nios2-elf/5.3.0/../../../../../H-x86_64-pc-linux-gnu/nios2-elf/lib/mhw-mulx/libc.a(lib_a-mprec.o)
                0x0000000080089ee8                _Bfree
 .text.__multadd
                0x0000000080089f10      0x120 /home/na62torino/altera/16.1/nios2eds/bin/gnu/H-x86_64-pc-linux-gnu/bin/../lib/gcc/nios2-elf/5.3.0/../../../../../H-x86_64-pc-linux-gnu/nios2-elf/lib/mhw-mulx/libc.a(lib_a-mprec.o)
                0x0000000080089f10                __multadd
 .text.__s2b    0x000000008008a030      0x104 /home/na62torino/altera/16.1/nios2eds/bin/gnu/H-x86_64-pc-linux-gnu/bin/../lib/gcc/nios2-elf/5.3.0/../../../../../H-x86_64-pc-linux-gnu/nios2-elf/lib/mhw-mulx/libc.a(lib_a-mprec.o)
                0x000000008008a030                __s2b
 .text.__hi0bits
                0x000000008008a134       0x68 /home/na62torino/altera/16.1/nios2eds/bin/gnu/H-x86_64-pc-linux-gnu/bin/../lib/gcc/nios2-elf/5.3.0/../../../../../H-x86_64-pc-linux-gnu/nios2-elf/lib/mhw-mulx/libc.a(lib_a-mprec.o)
                0x000000008008a134                __hi0bits
 .text.__lo0bits
                0x000000008008a19c       0xb0 /home/na62torino/altera/16.1/nios2eds/bin/gnu/H-x86_64-pc-linux-gnu/bin/../lib/gcc/nios2-elf/5.3.0/../../../../../H-x86_64-pc-linux-gnu/nios2-elf/lib/mhw-mulx/libc.a(lib_a-mprec.o)
                0x000000008008a19c                __lo0bits
 .text.__i2b    0x000000008008a24c       0x3c /home/na62torino/altera/16.1/nios2eds/bin/gnu/H-x86_64-pc-linux-gnu/bin/../lib/gcc/nios2-elf/5.3.0/../../../../../H-x86_64-pc-linux-gnu/nios2-elf/lib/mhw-mulx/libc.a(lib_a-mprec.o)
                0x000000008008a24c                __i2b
 .text.__multiply
                0x000000008008a288      0x1f8 /home/na62torino/altera/16.1/nios2eds/bin/gnu/H-x86_64-pc-linux-gnu/bin/../lib/gcc/nios2-elf/5.3.0/../../../../../H-x86_64-pc-linux-gnu/nios2-elf/lib/mhw-mulx/libc.a(lib_a-mprec.o)
                0x000000008008a288                __multiply
 .text.__pow5mult
                0x000000008008a480      0x140 /home/na62torino/altera/16.1/nios2eds/bin/gnu/H-x86_64-pc-linux-gnu/bin/../lib/gcc/nios2-elf/5.3.0/../../../../../H-x86_64-pc-linux-gnu/nios2-elf/lib/mhw-mulx/libc.a(lib_a-mprec.o)
                0x000000008008a480                __pow5mult
 .text.__lshift
                0x000000008008a5c0      0x148 /home/na62torino/altera/16.1/nios2eds/bin/gnu/H-x86_64-pc-linux-gnu/bin/../lib/gcc/nios2-elf/5.3.0/../../../../../H-x86_64-pc-linux-gnu/nios2-elf/lib/mhw-mulx/libc.a(lib_a-mprec.o)
                0x000000008008a5c0                __lshift
 .text.__mcmp   0x000000008008a708       0x60 /home/na62torino/altera/16.1/nios2eds/bin/gnu/H-x86_64-pc-linux-gnu/bin/../lib/gcc/nios2-elf/5.3.0/../../../../../H-x86_64-pc-linux-gnu/nios2-elf/lib/mhw-mulx/libc.a(lib_a-mprec.o)
                0x000000008008a708                __mcmp
 .text.__mdiff  0x000000008008a768      0x1fc /home/na62torino/altera/16.1/nios2eds/bin/gnu/H-x86_64-pc-linux-gnu/bin/../lib/gcc/nios2-elf/5.3.0/../../../../../H-x86_64-pc-linux-gnu/nios2-elf/lib/mhw-mulx/libc.a(lib_a-mprec.o)
                0x000000008008a768                __mdiff
 .text.__ulp    0x000000008008a964       0x64 /home/na62torino/altera/16.1/nios2eds/bin/gnu/H-x86_64-pc-linux-gnu/bin/../lib/gcc/nios2-elf/5.3.0/../../../../../H-x86_64-pc-linux-gnu/nios2-elf/lib/mhw-mulx/libc.a(lib_a-mprec.o)
                0x000000008008a964                __ulp
 .text.__b2d    0x000000008008a9c8      0x10c /home/na62torino/altera/16.1/nios2eds/bin/gnu/H-x86_64-pc-linux-gnu/bin/../lib/gcc/nios2-elf/5.3.0/../../../../../H-x86_64-pc-linux-gnu/nios2-elf/lib/mhw-mulx/libc.a(lib_a-mprec.o)
                0x000000008008a9c8                __b2d
 .text.__d2b    0x000000008008aad4      0x14c /home/na62torino/altera/16.1/nios2eds/bin/gnu/H-x86_64-pc-linux-gnu/bin/../lib/gcc/nios2-elf/5.3.0/../../../../../H-x86_64-pc-linux-gnu/nios2-elf/lib/mhw-mulx/libc.a(lib_a-mprec.o)
                0x000000008008aad4                __d2b
 .text.__ratio  0x000000008008ac20       0xa4 /home/na62torino/altera/16.1/nios2eds/bin/gnu/H-x86_64-pc-linux-gnu/bin/../lib/gcc/nios2-elf/5.3.0/../../../../../H-x86_64-pc-linux-gnu/nios2-elf/lib/mhw-mulx/libc.a(lib_a-mprec.o)
                0x000000008008ac20                __ratio
 .text._mprec_log10
                0x000000008008acc4       0x74 /home/na62torino/altera/16.1/nios2eds/bin/gnu/H-x86_64-pc-linux-gnu/bin/../lib/gcc/nios2-elf/5.3.0/../../../../../H-x86_64-pc-linux-gnu/nios2-elf/lib/mhw-mulx/libc.a(lib_a-mprec.o)
                0x000000008008acc4                _mprec_log10
 .text.__copybits
                0x000000008008ad38       0x78 /home/na62torino/altera/16.1/nios2eds/bin/gnu/H-x86_64-pc-linux-gnu/bin/../lib/gcc/nios2-elf/5.3.0/../../../../../H-x86_64-pc-linux-gnu/nios2-elf/lib/mhw-mulx/libc.a(lib_a-mprec.o)
                0x000000008008ad38                __copybits
 .text.__any_on
                0x000000008008adb0       0x8c /home/na62torino/altera/16.1/nios2eds/bin/gnu/H-x86_64-pc-linux-gnu/bin/../lib/gcc/nios2-elf/5.3.0/../../../../../H-x86_64-pc-linux-gnu/nios2-elf/lib/mhw-mulx/libc.a(lib_a-mprec.o)
                0x000000008008adb0                __any_on
 .text          0x000000008008ae3c        0x0 /home/na62torino/altera/16.1/nios2eds/bin/gnu/H-x86_64-pc-linux-gnu/bin/../lib/gcc/nios2-elf/5.3.0/../../../../../H-x86_64-pc-linux-gnu/nios2-elf/lib/mhw-mulx/libc.a(lib_a-reallocr.o)
 .text._realloc_r
                0x000000008008ae3c      0x564 /home/na62torino/altera/16.1/nios2eds/bin/gnu/H-x86_64-pc-linux-gnu/bin/../lib/gcc/nios2-elf/5.3.0/../../../../../H-x86_64-pc-linux-gnu/nios2-elf/lib/mhw-mulx/libc.a(lib_a-reallocr.o)
                0x000000008008ae3c                _realloc_r
 .text          0x000000008008b3a0        0x0 /home/na62torino/altera/16.1/nios2eds/bin/gnu/H-x86_64-pc-linux-gnu/bin/../lib/gcc/nios2-elf/5.3.0/../../../../../H-x86_64-pc-linux-gnu/nios2-elf/lib/mhw-mulx/libc.a(lib_a-refill.o)
 .text.lflush   0x000000008008b3a0       0x1c /home/na62torino/altera/16.1/nios2eds/bin/gnu/H-x86_64-pc-linux-gnu/bin/../lib/gcc/nios2-elf/5.3.0/../../../../../H-x86_64-pc-linux-gnu/nios2-elf/lib/mhw-mulx/libc.a(lib_a-refill.o)
 .text.__srefill_r
                0x000000008008b3bc      0x1d4 /home/na62torino/altera/16.1/nios2eds/bin/gnu/H-x86_64-pc-linux-gnu/bin/../lib/gcc/nios2-elf/5.3.0/../../../../../H-x86_64-pc-linux-gnu/nios2-elf/lib/mhw-mulx/libc.a(lib_a-refill.o)
                0x000000008008b3bc                __srefill_r
 .text          0x000000008008b590        0x0 /home/na62torino/altera/16.1/nios2eds/bin/gnu/H-x86_64-pc-linux-gnu/bin/../lib/gcc/nios2-elf/5.3.0/../../../../../H-x86_64-pc-linux-gnu/nios2-elf/lib/mhw-mulx/libc.a(lib_a-s_fpclassify.o)
 .text.__fpclassifyd
                0x000000008008b590       0x74 /home/na62torino/altera/16.1/nios2eds/bin/gnu/H-x86_64-pc-linux-gnu/bin/../lib/gcc/nios2-elf/5.3.0/../../../../../H-x86_64-pc-linux-gnu/nios2-elf/lib/mhw-mulx/libc.a(lib_a-s_fpclassify.o)
                0x000000008008b590                __fpclassifyd
 .text          0x000000008008b604        0x0 /home/na62torino/altera/16.1/nios2eds/bin/gnu/H-x86_64-pc-linux-gnu/bin/../lib/gcc/nios2-elf/5.3.0/../../../../../H-x86_64-pc-linux-gnu/nios2-elf/lib/mhw-mulx/libc.a(lib_a-sbrkr.o)
 .text._sbrk_r  0x000000008008b604       0x54 /home/na62torino/altera/16.1/nios2eds/bin/gnu/H-x86_64-pc-linux-gnu/bin/../lib/gcc/nios2-elf/5.3.0/../../../../../H-x86_64-pc-linux-gnu/nios2-elf/lib/mhw-mulx/libc.a(lib_a-sbrkr.o)
                0x000000008008b604                _sbrk_r
 .text          0x000000008008b658        0x0 /home/na62torino/altera/16.1/nios2eds/bin/gnu/H-x86_64-pc-linux-gnu/bin/../lib/gcc/nios2-elf/5.3.0/../../../../../H-x86_64-pc-linux-gnu/nios2-elf/lib/mhw-mulx/libc.a(lib_a-stdio.o)
 .text.__sread  0x000000008008b658       0x54 /home/na62torino/altera/16.1/nios2eds/bin/gnu/H-x86_64-pc-linux-gnu/bin/../lib/gcc/nios2-elf/5.3.0/../../../../../H-x86_64-pc-linux-gnu/nios2-elf/lib/mhw-mulx/libc.a(lib_a-stdio.o)
                0x000000008008b658                __sread
 .text.__seofread
                0x000000008008b6ac        0x8 /home/na62torino/altera/16.1/nios2eds/bin/gnu/H-x86_64-pc-linux-gnu/bin/../lib/gcc/nios2-elf/5.3.0/../../../../../H-x86_64-pc-linux-gnu/nios2-elf/lib/mhw-mulx/libc.a(lib_a-stdio.o)
                0x000000008008b6ac                __seofread
 .text.__swrite
                0x000000008008b6b4       0x7c /home/na62torino/altera/16.1/nios2eds/bin/gnu/H-x86_64-pc-linux-gnu/bin/../lib/gcc/nios2-elf/5.3.0/../../../../../H-x86_64-pc-linux-gnu/nios2-elf/lib/mhw-mulx/libc.a(lib_a-stdio.o)
                0x000000008008b6b4                __swrite
 .text.__sseek  0x000000008008b730       0x5c /home/na62torino/altera/16.1/nios2eds/bin/gnu/H-x86_64-pc-linux-gnu/bin/../lib/gcc/nios2-elf/5.3.0/../../../../../H-x86_64-pc-linux-gnu/nios2-elf/lib/mhw-mulx/libc.a(lib_a-stdio.o)
                0x000000008008b730                __sseek
 .text.__sclose
                0x000000008008b78c        0x8 /home/na62torino/altera/16.1/nios2eds/bin/gnu/H-x86_64-pc-linux-gnu/bin/../lib/gcc/nios2-elf/5.3.0/../../../../../H-x86_64-pc-linux-gnu/nios2-elf/lib/mhw-mulx/libc.a(lib_a-stdio.o)
                0x000000008008b78c                __sclose
 .text          0x000000008008b794        0x0 /home/na62torino/altera/16.1/nios2eds/bin/gnu/H-x86_64-pc-linux-gnu/bin/../lib/gcc/nios2-elf/5.3.0/../../../../../H-x86_64-pc-linux-gnu/nios2-elf/lib/mhw-mulx/libc.a(lib_a-strcmp.o)
 .text.strcmp   0x000000008008b794       0xdc /home/na62torino/altera/16.1/nios2eds/bin/gnu/H-x86_64-pc-linux-gnu/bin/../lib/gcc/nios2-elf/5.3.0/../../../../../H-x86_64-pc-linux-gnu/nios2-elf/lib/mhw-mulx/libc.a(lib_a-strcmp.o)
                0x000000008008b794                strcmp
 .text          0x000000008008b870        0x0 /home/na62torino/altera/16.1/nios2eds/bin/gnu/H-x86_64-pc-linux-gnu/bin/../lib/gcc/nios2-elf/5.3.0/../../../../../H-x86_64-pc-linux-gnu/nios2-elf/lib/mhw-mulx/libc.a(lib_a-svfiprintf.o)
 .text.__ssprint_r
                0x000000008008b870      0x1d0 /home/na62torino/altera/16.1/nios2eds/bin/gnu/H-x86_64-pc-linux-gnu/bin/../lib/gcc/nios2-elf/5.3.0/../../../../../H-x86_64-pc-linux-gnu/nios2-elf/lib/mhw-mulx/libc.a(lib_a-svfiprintf.o)
                0x000000008008b870                __ssprint_r
 .text.___svfiprintf_internal_r
                0x000000008008ba40     0x123c /home/na62torino/altera/16.1/nios2eds/bin/gnu/H-x86_64-pc-linux-gnu/bin/../lib/gcc/nios2-elf/5.3.0/../../../../../H-x86_64-pc-linux-gnu/nios2-elf/lib/mhw-mulx/libc.a(lib_a-svfiprintf.o)
                0x000000008008ba40                ___svfiprintf_internal_r
 .text          0x000000008008cc7c        0x0 /home/na62torino/altera/16.1/nios2eds/bin/gnu/H-x86_64-pc-linux-gnu/bin/../lib/gcc/nios2-elf/5.3.0/../../../../../H-x86_64-pc-linux-gnu/nios2-elf/lib/mhw-mulx/libc.a(lib_a-vfiprintf.o)
 .text.__sprint_r.part.0
                0x000000008008cc7c       0xfc /home/na62torino/altera/16.1/nios2eds/bin/gnu/H-x86_64-pc-linux-gnu/bin/../lib/gcc/nios2-elf/5.3.0/../../../../../H-x86_64-pc-linux-gnu/nios2-elf/lib/mhw-mulx/libc.a(lib_a-vfiprintf.o)
 .text.__sprint_r
                0x000000008008cd78       0x18 /home/na62torino/altera/16.1/nios2eds/bin/gnu/H-x86_64-pc-linux-gnu/bin/../lib/gcc/nios2-elf/5.3.0/../../../../../H-x86_64-pc-linux-gnu/nios2-elf/lib/mhw-mulx/libc.a(lib_a-vfiprintf.o)
                0x000000008008cd78                __sprint_r
 .text.___vfiprintf_internal_r
                0x000000008008cd90     0x145c /home/na62torino/altera/16.1/nios2eds/bin/gnu/H-x86_64-pc-linux-gnu/bin/../lib/gcc/nios2-elf/5.3.0/../../../../../H-x86_64-pc-linux-gnu/nios2-elf/lib/mhw-mulx/libc.a(lib_a-vfiprintf.o)
                0x000000008008cd90                ___vfiprintf_internal_r
 .text.__vfiprintf_internal
                0x000000008008e1ec       0x1c /home/na62torino/altera/16.1/nios2eds/bin/gnu/H-x86_64-pc-linux-gnu/bin/../lib/gcc/nios2-elf/5.3.0/../../../../../H-x86_64-pc-linux-gnu/nios2-elf/lib/mhw-mulx/libc.a(lib_a-vfiprintf.o)
                0x000000008008e1ec                __vfiprintf_internal
 .text.__sbprintf
                0x000000008008e208       0xbc /home/na62torino/altera/16.1/nios2eds/bin/gnu/H-x86_64-pc-linux-gnu/bin/../lib/gcc/nios2-elf/5.3.0/../../../../../H-x86_64-pc-linux-gnu/nios2-elf/lib/mhw-mulx/libc.a(lib_a-vfiprintf.o)
 .text          0x000000008008e2c4        0x0 /home/na62torino/altera/16.1/nios2eds/bin/gnu/H-x86_64-pc-linux-gnu/bin/../lib/gcc/nios2-elf/5.3.0/../../../../../H-x86_64-pc-linux-gnu/nios2-elf/lib/mhw-mulx/libc.a(lib_a-writer.o)
 .text._write_r
                0x000000008008e2c4       0x60 /home/na62torino/altera/16.1/nios2eds/bin/gnu/H-x86_64-pc-linux-gnu/bin/../lib/gcc/nios2-elf/5.3.0/../../../../../H-x86_64-pc-linux-gnu/nios2-elf/lib/mhw-mulx/libc.a(lib_a-writer.o)
                0x000000008008e2c4                _write_r
 .text          0x000000008008e324        0x0 /home/na62torino/altera/16.1/nios2eds/bin/gnu/H-x86_64-pc-linux-gnu/bin/../lib/gcc/nios2-elf/5.3.0/../../../../../H-x86_64-pc-linux-gnu/nios2-elf/lib/mhw-mulx/libc.a(closer.o)
 .text._close_r
                0x000000008008e324       0x54 /home/na62torino/altera/16.1/nios2eds/bin/gnu/H-x86_64-pc-linux-gnu/bin/../lib/gcc/nios2-elf/5.3.0/../../../../../H-x86_64-pc-linux-gnu/nios2-elf/lib/mhw-mulx/libc.a(closer.o)
                0x000000008008e324                _close_r
 .text          0x000000008008e378        0x0 /home/na62torino/altera/16.1/nios2eds/bin/gnu/H-x86_64-pc-linux-gnu/bin/../lib/gcc/nios2-elf/5.3.0/../../../../../H-x86_64-pc-linux-gnu/nios2-elf/lib/mhw-mulx/libc.a(lib_a-callocr.o)
 .text._calloc_r
                0x000000008008e378       0xc4 /home/na62torino/altera/16.1/nios2eds/bin/gnu/H-x86_64-pc-linux-gnu/bin/../lib/gcc/nios2-elf/5.3.0/../../../../../H-x86_64-pc-linux-gnu/nios2-elf/lib/mhw-mulx/libc.a(lib_a-callocr.o)
                0x000000008008e378                _calloc_r
 .text          0x000000008008e43c        0x0 /home/na62torino/altera/16.1/nios2eds/bin/gnu/H-x86_64-pc-linux-gnu/bin/../lib/gcc/nios2-elf/5.3.0/../../../../../H-x86_64-pc-linux-gnu/nios2-elf/lib/mhw-mulx/libc.a(lib_a-fclose.o)
 .text._fclose_r
                0x000000008008e43c       0xf0 /home/na62torino/altera/16.1/nios2eds/bin/gnu/H-x86_64-pc-linux-gnu/bin/../lib/gcc/nios2-elf/5.3.0/../../../../../H-x86_64-pc-linux-gnu/nios2-elf/lib/mhw-mulx/libc.a(lib_a-fclose.o)
                0x000000008008e43c                _fclose_r
 .text.fclose   0x000000008008e52c       0x14 /home/na62torino/altera/16.1/nios2eds/bin/gnu/H-x86_64-pc-linux-gnu/bin/../lib/gcc/nios2-elf/5.3.0/../../../../../H-x86_64-pc-linux-gnu/nios2-elf/lib/mhw-mulx/libc.a(lib_a-fclose.o)
                0x000000008008e52c                fclose
 .text          0x000000008008e540        0x0 /home/na62torino/altera/16.1/nios2eds/bin/gnu/H-x86_64-pc-linux-gnu/bin/../lib/gcc/nios2-elf/5.3.0/../../../../../H-x86_64-pc-linux-gnu/nios2-elf/lib/mhw-mulx/libc.a(lib_a-fputwc.o)
 .text.__fputwc
                0x000000008008e540      0x164 /home/na62torino/altera/16.1/nios2eds/bin/gnu/H-x86_64-pc-linux-gnu/bin/../lib/gcc/nios2-elf/5.3.0/../../../../../H-x86_64-pc-linux-gnu/nios2-elf/lib/mhw-mulx/libc.a(lib_a-fputwc.o)
                0x000000008008e540                __fputwc
 .text._fputwc_r
                0x000000008008e6a4       0x24 /home/na62torino/altera/16.1/nios2eds/bin/gnu/H-x86_64-pc-linux-gnu/bin/../lib/gcc/nios2-elf/5.3.0/../../../../../H-x86_64-pc-linux-gnu/nios2-elf/lib/mhw-mulx/libc.a(lib_a-fputwc.o)
                0x000000008008e6a4                _fputwc_r
 .text.fputwc   0x000000008008e6c8       0x80 /home/na62torino/altera/16.1/nios2eds/bin/gnu/H-x86_64-pc-linux-gnu/bin/../lib/gcc/nios2-elf/5.3.0/../../../../../H-x86_64-pc-linux-gnu/nios2-elf/lib/mhw-mulx/libc.a(lib_a-fputwc.o)
                0x000000008008e6c8                fputwc
 .text          0x000000008008e748        0x0 /home/na62torino/altera/16.1/nios2eds/bin/gnu/H-x86_64-pc-linux-gnu/bin/../lib/gcc/nios2-elf/5.3.0/../../../../../H-x86_64-pc-linux-gnu/nios2-elf/lib/mhw-mulx/libc.a(lib_a-fstatr.o)
 .text._fstat_r
                0x000000008008e748       0x5c /home/na62torino/altera/16.1/nios2eds/bin/gnu/H-x86_64-pc-linux-gnu/bin/../lib/gcc/nios2-elf/5.3.0/../../../../../H-x86_64-pc-linux-gnu/nios2-elf/lib/mhw-mulx/libc.a(lib_a-fstatr.o)
                0x000000008008e748                _fstat_r
 .text          0x000000008008e7a4        0x0 /home/na62torino/altera/16.1/nios2eds/bin/gnu/H-x86_64-pc-linux-gnu/bin/../lib/gcc/nios2-elf/5.3.0/../../../../../H-x86_64-pc-linux-gnu/nios2-elf/lib/mhw-mulx/libc.a(lib_a-int_errno.o)
 .text          0x000000008008e7a4        0x0 /home/na62torino/altera/16.1/nios2eds/bin/gnu/H-x86_64-pc-linux-gnu/bin/../lib/gcc/nios2-elf/5.3.0/../../../../../H-x86_64-pc-linux-gnu/nios2-elf/lib/mhw-mulx/libc.a(lib_a-isattyr.o)
 .text._isatty_r
                0x000000008008e7a4       0x54 /home/na62torino/altera/16.1/nios2eds/bin/gnu/H-x86_64-pc-linux-gnu/bin/../lib/gcc/nios2-elf/5.3.0/../../../../../H-x86_64-pc-linux-gnu/nios2-elf/lib/mhw-mulx/libc.a(lib_a-isattyr.o)
                0x000000008008e7a4                _isatty_r
 .text          0x000000008008e7f8        0x0 /home/na62torino/altera/16.1/nios2eds/bin/gnu/H-x86_64-pc-linux-gnu/bin/../lib/gcc/nios2-elf/5.3.0/../../../../../H-x86_64-pc-linux-gnu/nios2-elf/lib/mhw-mulx/libc.a(lib_a-lseekr.o)
 .text._lseek_r
                0x000000008008e7f8       0x60 /home/na62torino/altera/16.1/nios2eds/bin/gnu/H-x86_64-pc-linux-gnu/bin/../lib/gcc/nios2-elf/5.3.0/../../../../../H-x86_64-pc-linux-gnu/nios2-elf/lib/mhw-mulx/libc.a(lib_a-lseekr.o)
                0x000000008008e7f8                _lseek_r
 .text          0x000000008008e858        0x0 /home/na62torino/altera/16.1/nios2eds/bin/gnu/H-x86_64-pc-linux-gnu/bin/../lib/gcc/nios2-elf/5.3.0/../../../../../H-x86_64-pc-linux-gnu/nios2-elf/lib/mhw-mulx/libc.a(lib_a-readr.o)
 .text._read_r  0x000000008008e858       0x60 /home/na62torino/altera/16.1/nios2eds/bin/gnu/H-x86_64-pc-linux-gnu/bin/../lib/gcc/nios2-elf/5.3.0/../../../../../H-x86_64-pc-linux-gnu/nios2-elf/lib/mhw-mulx/libc.a(lib_a-readr.o)
                0x000000008008e858                _read_r
 .text          0x000000008008e8b8        0x0 /home/na62torino/altera/16.1/nios2eds/bin/gnu/H-x86_64-pc-linux-gnu/bin/../lib/gcc/nios2-elf/5.3.0/../../../../../H-x86_64-pc-linux-gnu/nios2-elf/lib/mhw-mulx/libc.a(lib_a-wbuf.o)
 .text.__swbuf_r
                0x000000008008e8b8      0x140 /home/na62torino/altera/16.1/nios2eds/bin/gnu/H-x86_64-pc-linux-gnu/bin/../lib/gcc/nios2-elf/5.3.0/../../../../../H-x86_64-pc-linux-gnu/nios2-elf/lib/mhw-mulx/libc.a(lib_a-wbuf.o)
                0x000000008008e8b8                __swbuf_r
 .text.__swbuf  0x000000008008e9f8       0x18 /home/na62torino/altera/16.1/nios2eds/bin/gnu/H-x86_64-pc-linux-gnu/bin/../lib/gcc/nios2-elf/5.3.0/../../../../../H-x86_64-pc-linux-gnu/nios2-elf/lib/mhw-mulx/libc.a(lib_a-wbuf.o)
                0x000000008008e9f8                __swbuf
 .text          0x000000008008ea10        0x0 /home/na62torino/altera/16.1/nios2eds/bin/gnu/H-x86_64-pc-linux-gnu/bin/../lib/gcc/nios2-elf/5.3.0/../../../../../H-x86_64-pc-linux-gnu/nios2-elf/lib/mhw-mulx/libc.a(lib_a-wcrtomb.o)
 .text._wcrtomb_r
                0x000000008008ea10       0x9c /home/na62torino/altera/16.1/nios2eds/bin/gnu/H-x86_64-pc-linux-gnu/bin/../lib/gcc/nios2-elf/5.3.0/../../../../../H-x86_64-pc-linux-gnu/nios2-elf/lib/mhw-mulx/libc.a(lib_a-wcrtomb.o)
                0x000000008008ea10                _wcrtomb_r
 .text.wcrtomb  0x000000008008eaac       0xc0 /home/na62torino/altera/16.1/nios2eds/bin/gnu/H-x86_64-pc-linux-gnu/bin/../lib/gcc/nios2-elf/5.3.0/../../../../../H-x86_64-pc-linux-gnu/nios2-elf/lib/mhw-mulx/libc.a(lib_a-wcrtomb.o)
                0x000000008008eaac                wcrtomb
 .text          0x000000008008eb6c        0x0 /home/na62torino/altera/16.1/nios2eds/bin/gnu/H-x86_64-pc-linux-gnu/bin/../lib/gcc/nios2-elf/5.3.0/../../../../../H-x86_64-pc-linux-gnu/nios2-elf/lib/mhw-mulx/libc.a(lib_a-wctomb_r.o)
 .text.__ascii_wctomb
                0x000000008008eb6c       0x30 /home/na62torino/altera/16.1/nios2eds/bin/gnu/H-x86_64-pc-linux-gnu/bin/../lib/gcc/nios2-elf/5.3.0/../../../../../H-x86_64-pc-linux-gnu/nios2-elf/lib/mhw-mulx/libc.a(lib_a-wctomb_r.o)
                0x000000008008eb6c                __ascii_wctomb
 .text._wctomb_r
                0x000000008008eb9c       0x5c /home/na62torino/altera/16.1/nios2eds/bin/gnu/H-x86_64-pc-linux-gnu/bin/../lib/gcc/nios2-elf/5.3.0/../../../../../H-x86_64-pc-linux-gnu/nios2-elf/lib/mhw-mulx/libc.a(lib_a-wctomb_r.o)
                0x000000008008eb9c                _wctomb_r
 .text          0x000000008008ebf8      0x578 /home/na62torino/altera/16.1/nios2eds/bin/gnu/H-x86_64-pc-linux-gnu/bin/../lib/gcc/nios2-elf/5.3.0/mhw-mulx/libgcc.a(_udivdi3.o)
                0x000000008008ebf8                __udivdi3
 .text          0x000000008008f170      0x538 /home/na62torino/altera/16.1/nios2eds/bin/gnu/H-x86_64-pc-linux-gnu/bin/../lib/gcc/nios2-elf/5.3.0/mhw-mulx/libgcc.a(_umoddi3.o)
                0x000000008008f170                __umoddi3
 .text          0x000000008008f6a8      0x1b4 /home/na62torino/altera/16.1/nios2eds/bin/gnu/H-x86_64-pc-linux-gnu/bin/../lib/gcc/nios2-elf/5.3.0/mhw-mulx/libgcc.a(lib2-divmod.o)
                0x000000008008f6a8                __divsi3
                0x000000008008f72c                __modsi3
                0x000000008008f7a0                __udivsi3
                0x000000008008f804                __umodsi3
 .text          0x000000008008f85c      0x8ac /home/na62torino/altera/16.1/nios2eds/bin/gnu/H-x86_64-pc-linux-gnu/bin/../lib/gcc/nios2-elf/5.3.0/mhw-mulx/libgcc.a(adddf3.o)
                0x000000008008f85c                __adddf3
 .text          0x0000000080090108      0x8e8 /home/na62torino/altera/16.1/nios2eds/bin/gnu/H-x86_64-pc-linux-gnu/bin/../lib/gcc/nios2-elf/5.3.0/mhw-mulx/libgcc.a(divdf3.o)
                0x0000000080090108                __divdf3
 .text          0x00000000800909f0       0x88 /home/na62torino/altera/16.1/nios2eds/bin/gnu/H-x86_64-pc-linux-gnu/bin/../lib/gcc/nios2-elf/5.3.0/mhw-mulx/libgcc.a(eqdf2.o)
                0x00000000800909f0                __eqdf2
                0x00000000800909f0                __nedf2
 .text          0x0000000080090a78       0xf4 /home/na62torino/altera/16.1/nios2eds/bin/gnu/H-x86_64-pc-linux-gnu/bin/../lib/gcc/nios2-elf/5.3.0/mhw-mulx/libgcc.a(ledf2.o)
                0x0000000080090a78                __ltdf2
                0x0000000080090a78                __ledf2
 .text          0x0000000080090b6c      0x8fc /home/na62torino/altera/16.1/nios2eds/bin/gnu/H-x86_64-pc-linux-gnu/bin/../lib/gcc/nios2-elf/5.3.0/mhw-mulx/libgcc.a(subdf3.o)
                0x0000000080090b6c                __subdf3
 .text          0x0000000080091468       0x80 /home/na62torino/altera/16.1/nios2eds/bin/gnu/H-x86_64-pc-linux-gnu/bin/../lib/gcc/nios2-elf/5.3.0/mhw-mulx/libgcc.a(fixdfsi.o)
                0x0000000080091468                __fixdfsi
 .text          0x00000000800914e8       0xdc /home/na62torino/altera/16.1/nios2eds/bin/gnu/H-x86_64-pc-linux-gnu/bin/../lib/gcc/nios2-elf/5.3.0/mhw-mulx/libgcc.a(floatsidf.o)
                0x00000000800914e8                __floatsidf
 .text          0x00000000800915c4       0xbc ../testbench_ls_bsp//libhal_bsp.a(alt_close.o)
                0x00000000800915c4                close
 .text          0x0000000080091680        0x8 ../testbench_ls_bsp//libhal_bsp.a(alt_dev.o)
 .text          0x0000000080091688        0x0 ../testbench_ls_bsp//libhal_bsp.a(alt_errno.o)
 .text          0x0000000080091688       0x78 ../testbench_ls_bsp//libhal_bsp.a(alt_fstat.o)
                0x0000000080091688                fstat
 .text          0x0000000080091700       0x8c ../testbench_ls_bsp//libhal_bsp.a(alt_iic.o)
                0x0000000080091700                alt_ic_isr_register
                0x0000000080091704                alt_ic_irq_enable
                0x000000008009173c                alt_ic_irq_disable
                0x0000000080091774                alt_ic_irq_enabled
 .text          0x000000008009178c       0x68 ../testbench_ls_bsp//libhal_bsp.a(alt_iic_isr_register.o)
                0x000000008009178c                alt_iic_isr_register
 .text          0x00000000800917f4        0x0 ../testbench_ls_bsp//libhal_bsp.a(alt_irq_entry.o)
 .text          0x00000000800917f4        0x0 ../testbench_ls_bsp//libhal_bsp.a(alt_irq_handler.o)
 .text          0x00000000800917f4        0x0 ../testbench_ls_bsp//libhal_bsp.a(alt_irq_vars.o)
 .text          0x00000000800917f4       0x84 ../testbench_ls_bsp//libhal_bsp.a(alt_isatty.o)
                0x00000000800917f4                isatty
 .text          0x0000000080091878       0xcc ../testbench_ls_bsp//libhal_bsp.a(alt_load.o)
                0x0000000080091878                alt_load
 .text          0x0000000080091944       0x7c ../testbench_ls_bsp//libhal_bsp.a(alt_lseek.o)
                0x0000000080091944                lseek
 .text          0x00000000800919c0       0x60 ../testbench_ls_bsp//libhal_bsp.a(alt_main.o)
                0x00000000800919c0                alt_main
 .text          0x0000000080091a20        0x8 ../testbench_ls_bsp//libhal_bsp.a(alt_malloc_lock.o)
                0x0000000080091a20                __malloc_lock
                0x0000000080091a24                __malloc_unlock
 .text          0x0000000080091a28       0xc8 ../testbench_ls_bsp//libhal_bsp.a(alt_read.o)
                0x0000000080091a28                read
 .text          0x0000000080091af0       0x24 ../testbench_ls_bsp//libhal_bsp.a(alt_release_fd.o)
                0x0000000080091af0                alt_release_fd
 .text          0x0000000080091b14       0x4c ../testbench_ls_bsp//libhal_bsp.a(alt_sbrk.o)
                0x0000000080091b14                sbrk
 .text          0x0000000080091b60      0x128 ../testbench_ls_bsp//libhal_bsp.a(alt_tick.o)
                0x0000000080091b60                alt_alarm_stop
                0x0000000080091b94                alt_tick
 .text          0x0000000080091c88       0xc4 ../testbench_ls_bsp//libhal_bsp.a(alt_write.o)
                0x0000000080091c88                write
 .text          0x0000000080091d4c       0xec ../testbench_ls_bsp//libhal_bsp.a(alt_sys_init.o)
                0x0000000080091d4c                alt_irq_init
                0x0000000080091d6c                alt_sys_init
 .text          0x0000000080091e38       0x3c ../testbench_ls_bsp//libhal_bsp.a(altera_avalon_jtag_uart_fd.o)
                0x0000000080091e38                altera_avalon_jtag_uart_read_fd
                0x0000000080091e48                altera_avalon_jtag_uart_write_fd
                0x0000000080091e58                altera_avalon_jtag_uart_close_fd
                0x0000000080091e68                altera_avalon_jtag_uart_ioctl_fd
 .text          0x0000000080091e74      0x218 ../testbench_ls_bsp//libhal_bsp.a(altera_avalon_jtag_uart_init.o)
                0x0000000080091fc8                altera_avalon_jtag_uart_init
                0x0000000080092040                altera_avalon_jtag_uart_close
 .text          0x000000008009208c       0x74 ../testbench_ls_bsp//libhal_bsp.a(altera_avalon_jtag_uart_ioctl.o)
                0x000000008009208c                altera_avalon_jtag_uart_ioctl
 .text          0x0000000080092100      0x154 ../testbench_ls_bsp//libhal_bsp.a(altera_avalon_jtag_uart_read.o)
                0x0000000080092100                altera_avalon_jtag_uart_read
 .text          0x0000000080092254      0x1a0 ../testbench_ls_bsp//libhal_bsp.a(altera_avalon_jtag_uart_write.o)
                0x0000000080092254                altera_avalon_jtag_uart_write
 .text          0x00000000800923f4       0x84 ../testbench_ls_bsp//libhal_bsp.a(altera_avalon_timer_sc.o)
                0x0000000080092430                alt_avalon_timer_sc_init
 .text          0x0000000080092478     0x1234 ../testbench_ls_bsp//libhal_bsp.a(altera_msgdma.o)
                0x0000000080092544                alt_msgdma_construct_standard_st_to_mm_descriptor
                0x000000008009257c                alt_msgdma_construct_standard_mm_to_st_descriptor
                0x00000000800925b4                alt_msgdma_construct_standard_mm_to_mm_descriptor
                0x00000000800925f0                alt_msgdma_construct_extended_st_to_mm_descriptor
                0x0000000080092668                alt_msgdma_construct_extended_mm_to_st_descriptor
                0x00000000800926e0                alt_msgdma_construct_extended_mm_to_mm_descriptor
                0x0000000080092774                alt_msgdma_construct_prefetcher_standard_mm_to_mm_descriptor
                0x00000000800927c0                alt_msgdma_construct_prefetcher_standard_st_to_mm_descriptor
                0x0000000080092808                alt_msgdma_construct_prefetcher_standard_mm_to_st_descriptor
                0x0000000080092850                alt_msgdma_construct_prefetcher_extended_st_to_mm_descriptor
                0x00000000800928e0                alt_msgdma_construct_prefetcher_extended_mm_to_st_descriptor
                0x0000000080092970                alt_msgdma_construct_prefetcher_extended_mm_to_mm_descriptor
                0x0000000080092a20                alt_msgdma_prefetcher_add_standard_desc_to_list
                0x0000000080092a80                alt_msgdma_prefetcher_add_extended_desc_to_list
                0x0000000080092b04                alt_msgdma_prefetcher_set_std_list_own_by_hw_bits
                0x0000000080092b48                alt_msgdma_prefetcher_set_extd_list_own_by_hw_bits
                0x0000000080092ba4                alt_msgdma_start_prefetcher_with_list_addr
                0x0000000080092cb4                alt_msgdma_start_prefetcher_with_std_desc_list
                0x0000000080092dfc                alt_msgdma_start_prefetcher_with_extd_desc_list
                0x0000000080092e80                alt_msgdma_open
                0x0000000080092ed0                alt_msgdma_init
                0x0000000080092fb0                alt_msgdma_register_callback
                0x0000000080092fc0                alt_msgdma_standard_descriptor_async_transfer
                0x0000000080093100                alt_msgdma_extended_descriptor_async_transfer
                0x000000008009326c                alt_msgdma_standard_descriptor_sync_transfer
                0x0000000080093478                alt_msgdma_extended_descriptor_sync_transfer
 .text          0x00000000800936ac       0x80 ../testbench_ls_bsp//libhal_bsp.a(alt_alarm_start.o)
                0x00000000800936ac                alt_alarm_start
 .text          0x000000008009372c       0x78 ../testbench_ls_bsp//libhal_bsp.a(alt_busy_sleep.o)
                0x000000008009372c                alt_busy_sleep
 .text          0x00000000800937a4       0x18 ../testbench_ls_bsp//libhal_bsp.a(alt_dcache_flush_all.o)
                0x00000000800937a4                alt_dcache_flush_all
 .text          0x00000000800937bc       0x6c ../testbench_ls_bsp//libhal_bsp.a(alt_dev_llist_insert.o)
                0x00000000800937bc                alt_dev_llist_insert
 .text          0x0000000080093828       0x64 ../testbench_ls_bsp//libhal_bsp.a(alt_do_ctors.o)
                0x0000000080093828                _do_ctors
 .text          0x000000008009388c       0x64 ../testbench_ls_bsp//libhal_bsp.a(alt_do_dtors.o)
                0x000000008009388c                _do_dtors
 .text          0x00000000800938f0        0x0 ../testbench_ls_bsp//libhal_bsp.a(alt_exception_entry.o)
 .text          0x00000000800938f0       0x78 ../testbench_ls_bsp//libhal_bsp.a(alt_find_dev.o)
                0x00000000800938f0                alt_find_dev
 .text          0x0000000080093968        0xc ../testbench_ls_bsp//libhal_bsp.a(alt_icache_flush_all.o)
                0x0000000080093968                alt_icache_flush_all
 .text          0x0000000080093974       0x74 ../testbench_ls_bsp//libhal_bsp.a(alt_instruction_exception_entry.o)
                0x0000000080093974                alt_exception_cause_generated_bad_addr
 .text          0x00000000800939e8      0x104 ../testbench_ls_bsp//libhal_bsp.a(alt_io_redirect.o)
                0x00000000800939e8                alt_io_redirect
 .text          0x0000000080093aec      0x178 ../testbench_ls_bsp//libhal_bsp.a(alt_open.o)
                0x0000000080093aec                open
 .text          0x0000000080093c64      0x17c ../testbench_ls_bsp//libhal_bsp.a(alt_printf.o)
                0x0000000080093c64                alt_printf
 .text          0x0000000080093de0        0xc ../testbench_ls_bsp//libhal_bsp.a(alt_putchar.o)
                0x0000000080093de0                alt_putchar
 .text          0x0000000080093dec        0x8 ../testbench_ls_bsp//libhal_bsp.a(altera_nios2_gen2_irq.o)
                0x0000000080093dec                altera_nios2_gen2_irq_init
 .text          0x0000000080093df4       0xac ../testbench_ls_bsp//libhal_bsp.a(alt_find_file.o)
                0x0000000080093df4                alt_find_file
 .text          0x0000000080093ea0       0x50 ../testbench_ls_bsp//libhal_bsp.a(alt_get_fd.o)
                0x0000000080093ea0                alt_get_fd
 .text          0x0000000080093ef0       0x50 ../testbench_ls_bsp//libhal_bsp.a(alt_icache_flush.o)
                0x0000000080093ef0                alt_icache_flush
 .text          0x0000000080093f40        0x0 /home/na62torino/altera/16.1/nios2eds/bin/gnu/H-x86_64-pc-linux-gnu/bin/../lib/gcc/nios2-elf/5.3.0/../../../../../H-x86_64-pc-linux-gnu/nios2-elf/lib/mhw-mulx/libc.a(lib_a-atexit.o)
 .text.atexit   0x0000000080093f40       0x14 /home/na62torino/altera/16.1/nios2eds/bin/gnu/H-x86_64-pc-linux-gnu/bin/../lib/gcc/nios2-elf/5.3.0/../../../../../H-x86_64-pc-linux-gnu/nios2-elf/lib/mhw-mulx/libc.a(lib_a-atexit.o)
                0x0000000080093f40                atexit
 .text          0x0000000080093f54        0x0 /home/na62torino/altera/16.1/nios2eds/bin/gnu/H-x86_64-pc-linux-gnu/bin/../lib/gcc/nios2-elf/5.3.0/../../../../../H-x86_64-pc-linux-gnu/nios2-elf/lib/mhw-mulx/libc.a(lib_a-exit.o)
 .text.exit     0x0000000080093f54       0x38 /home/na62torino/altera/16.1/nios2eds/bin/gnu/H-x86_64-pc-linux-gnu/bin/../lib/gcc/nios2-elf/5.3.0/../../../../../H-x86_64-pc-linux-gnu/nios2-elf/lib/mhw-mulx/libc.a(lib_a-exit.o)
                0x0000000080093f54                exit
 .text          0x0000000080093f8c        0x0 /home/na62torino/altera/16.1/nios2eds/bin/gnu/H-x86_64-pc-linux-gnu/bin/../lib/gcc/nios2-elf/5.3.0/../../../../../H-x86_64-pc-linux-gnu/nios2-elf/lib/mhw-mulx/libc.a(lib_a-memcmp.o)
 .text.memcmp   0x0000000080093f8c       0x7c /home/na62torino/altera/16.1/nios2eds/bin/gnu/H-x86_64-pc-linux-gnu/bin/../lib/gcc/nios2-elf/5.3.0/../../../../../H-x86_64-pc-linux-gnu/nios2-elf/lib/mhw-mulx/libc.a(lib_a-memcmp.o)
                0x0000000080093f8c                memcmp
 .text          0x0000000080094008        0x0 /home/na62torino/altera/16.1/nios2eds/bin/gnu/H-x86_64-pc-linux-gnu/bin/../lib/gcc/nios2-elf/5.3.0/../../../../../H-x86_64-pc-linux-gnu/nios2-elf/lib/mhw-mulx/libc.a(lib_a-putc.o)
 .text._putc_r  0x0000000080094008       0xa0 /home/na62torino/altera/16.1/nios2eds/bin/gnu/H-x86_64-pc-linux-gnu/bin/../lib/gcc/nios2-elf/5.3.0/../../../../../H-x86_64-pc-linux-gnu/nios2-elf/lib/mhw-mulx/libc.a(lib_a-putc.o)
                0x0000000080094008                _putc_r
 .text.putc     0x00000000800940a8       0xc8 /home/na62torino/altera/16.1/nios2eds/bin/gnu/H-x86_64-pc-linux-gnu/bin/../lib/gcc/nios2-elf/5.3.0/../../../../../H-x86_64-pc-linux-gnu/nios2-elf/lib/mhw-mulx/libc.a(lib_a-putc.o)
                0x00000000800940a8                putc
 .text          0x0000000080094170        0x0 /home/na62torino/altera/16.1/nios2eds/bin/gnu/H-x86_64-pc-linux-gnu/bin/../lib/gcc/nios2-elf/5.3.0/../../../../../H-x86_64-pc-linux-gnu/nios2-elf/lib/mhw-mulx/libc.a(lib_a-__atexit.o)
 .text.__register_exitproc
                0x0000000080094170      0x118 /home/na62torino/altera/16.1/nios2eds/bin/gnu/H-x86_64-pc-linux-gnu/bin/../lib/gcc/nios2-elf/5.3.0/../../../../../H-x86_64-pc-linux-gnu/nios2-elf/lib/mhw-mulx/libc.a(lib_a-__atexit.o)
                0x0000000080094170                __register_exitproc
 .text          0x0000000080094288        0x0 /home/na62torino/altera/16.1/nios2eds/bin/gnu/H-x86_64-pc-linux-gnu/bin/../lib/gcc/nios2-elf/5.3.0/../../../../../H-x86_64-pc-linux-gnu/nios2-elf/lib/mhw-mulx/libc.a(lib_a-__call_atexit.o)
 .text.__call_exitprocs
                0x0000000080094288      0x180 /home/na62torino/altera/16.1/nios2eds/bin/gnu/H-x86_64-pc-linux-gnu/bin/../lib/gcc/nios2-elf/5.3.0/../../../../../H-x86_64-pc-linux-gnu/nios2-elf/lib/mhw-mulx/libc.a(lib_a-__call_atexit.o)
                0x0000000080094288                __call_exitprocs
 .text          0x0000000080094408       0x14 ../testbench_ls_bsp//libhal_bsp.a(alt_exit.o)
                0x0000000080094408                _exit
 *(.gnu.warning.*)
 *(.fini)
                [!provide]                        PROVIDE (__etext, ABSOLUTE (.))
                [!provide]                        PROVIDE (_etext, ABSOLUTE (.))
                [!provide]                        PROVIDE (etext, ABSOLUTE (.))
 *(.eh_frame_hdr)
                0x000000008009441c                . = ALIGN (0x4)
                [!provide]                        PROVIDE (__preinit_array_start, ABSOLUTE (.))
 *(.preinit_array)
                [!provide]                        PROVIDE (__preinit_array_end, ABSOLUTE (.))
                [!provide]                        PROVIDE (__init_array_start, ABSOLUTE (.))
 *(.init_array)
                [!provide]                        PROVIDE (__init_array_end, ABSOLUTE (.))
                [!provide]                        PROVIDE (__fini_array_start, ABSOLUTE (.))
 *(.fini_array)
                [!provide]                        PROVIDE (__fini_array_end, ABSOLUTE (.))
 *(.eh_frame)
 *(.gcc_except_table .gcc_except_table.*)
 *(.dynamic)
                0x000000008009441c                PROVIDE (__CTOR_LIST__, ABSOLUTE (.))
 *(.ctors)
 *(SORT(.ctors.*))
                0x000000008009441c                PROVIDE (__CTOR_END__, ABSOLUTE (.))
                0x000000008009441c                PROVIDE (__DTOR_LIST__, ABSOLUTE (.))
 *(.dtors)
 *(SORT(.dtors.*))
                0x000000008009441c                PROVIDE (__DTOR_END__, ABSOLUTE (.))
 *(.jcr)
                0x000000008009441c                . = ALIGN (0x4)

.rodata         0x000000008009441c      0xcf8
                0x000000008009441c                PROVIDE (__ram_rodata_start, ABSOLUTE (.))
                0x000000008009441c                . = ALIGN (0x4)
 *(.rodata .rodata.* .gnu.linkonce.r.*)
 .rodata.str1.4
                0x000000008009441c      0x7cc obj/default/hello_world.o
 .rodata.str1.4
                0x0000000080094be8        0xf obj/default/terasic_debug.o
 .rodata        0x0000000080094bf7      0x100 /home/na62torino/altera/16.1/nios2eds/bin/gnu/H-x86_64-pc-linux-gnu/bin/../lib/gcc/nios2-elf/5.3.0/mhw-mulx/libgcc.a(_clz.o)
                0x0000000080094bf7                __clz_tab
 *fill*         0x0000000080094cf7        0x1 
 .rodata.str1.4
                0x0000000080094cf8        0x2 /home/na62torino/altera/16.1/nios2eds/bin/gnu/H-x86_64-pc-linux-gnu/bin/../lib/gcc/nios2-elf/5.3.0/../../../../../H-x86_64-pc-linux-gnu/nios2-elf/lib/mhw-mulx/libc.a(lib_a-impure.o)
 .rodata.str1.4
                0x0000000080094cfa        0x2 /home/na62torino/altera/16.1/nios2eds/bin/gnu/H-x86_64-pc-linux-gnu/bin/../lib/gcc/nios2-elf/5.3.0/../../../../../H-x86_64-pc-linux-gnu/nios2-elf/lib/mhw-mulx/libc.a(lib_a-puts.o)
 *fill*         0x0000000080094cfa        0x2 
 .rodata.str1.4
                0x0000000080094cfc       0x42 /home/na62torino/altera/16.1/nios2eds/bin/gnu/H-x86_64-pc-linux-gnu/bin/../lib/gcc/nios2-elf/5.3.0/../../../../../H-x86_64-pc-linux-gnu/nios2-elf/lib/mhw-mulx/libc.a(lib_a-svfprintf.o)
 .rodata.zeroes.4389
                0x0000000080094d3e       0x10 /home/na62torino/altera/16.1/nios2eds/bin/gnu/H-x86_64-pc-linux-gnu/bin/../lib/gcc/nios2-elf/5.3.0/../../../../../H-x86_64-pc-linux-gnu/nios2-elf/lib/mhw-mulx/libc.a(lib_a-svfprintf.o)
 .rodata.blanks.4388
                0x0000000080094d4e       0x10 /home/na62torino/altera/16.1/nios2eds/bin/gnu/H-x86_64-pc-linux-gnu/bin/../lib/gcc/nios2-elf/5.3.0/../../../../../H-x86_64-pc-linux-gnu/nios2-elf/lib/mhw-mulx/libc.a(lib_a-svfprintf.o)
 .rodata.str1.4
                0x0000000080094d5e       0x42 /home/na62torino/altera/16.1/nios2eds/bin/gnu/H-x86_64-pc-linux-gnu/bin/../lib/gcc/nios2-elf/5.3.0/../../../../../H-x86_64-pc-linux-gnu/nios2-elf/lib/mhw-mulx/libc.a(lib_a-vfprintf.o)
 .rodata.zeroes.4404
                0x0000000080094d5e       0x10 /home/na62torino/altera/16.1/nios2eds/bin/gnu/H-x86_64-pc-linux-gnu/bin/../lib/gcc/nios2-elf/5.3.0/../../../../../H-x86_64-pc-linux-gnu/nios2-elf/lib/mhw-mulx/libc.a(lib_a-vfprintf.o)
 .rodata.blanks.4403
                0x0000000080094d6e       0x10 /home/na62torino/altera/16.1/nios2eds/bin/gnu/H-x86_64-pc-linux-gnu/bin/../lib/gcc/nios2-elf/5.3.0/../../../../../H-x86_64-pc-linux-gnu/nios2-elf/lib/mhw-mulx/libc.a(lib_a-vfprintf.o)
 *fill*         0x0000000080094d7e        0x2 
 .rodata.str1.4
                0x0000000080094d80       0x10 /home/na62torino/altera/16.1/nios2eds/bin/gnu/H-x86_64-pc-linux-gnu/bin/../lib/gcc/nios2-elf/5.3.0/../../../../../H-x86_64-pc-linux-gnu/nios2-elf/lib/mhw-mulx/libc.a(lib_a-dtoa.o)
                                         0x12 (size before relaxing)
 .rodata.str1.4
                0x0000000080094d90        0xa /home/na62torino/altera/16.1/nios2eds/bin/gnu/H-x86_64-pc-linux-gnu/bin/../lib/gcc/nios2-elf/5.3.0/../../../../../H-x86_64-pc-linux-gnu/nios2-elf/lib/mhw-mulx/libc.a(lib_a-locale.o)
                                         0x12 (size before relaxing)
 *fill*         0x0000000080094d9a        0x2 
 .rodata.p05.2768
                0x0000000080094d9c        0xc /home/na62torino/altera/16.1/nios2eds/bin/gnu/H-x86_64-pc-linux-gnu/bin/../lib/gcc/nios2-elf/5.3.0/../../../../../H-x86_64-pc-linux-gnu/nios2-elf/lib/mhw-mulx/libc.a(lib_a-mprec.o)
 .rodata.__mprec_tinytens
                0x0000000080094da8       0x28 /home/na62torino/altera/16.1/nios2eds/bin/gnu/H-x86_64-pc-linux-gnu/bin/../lib/gcc/nios2-elf/5.3.0/../../../../../H-x86_64-pc-linux-gnu/nios2-elf/lib/mhw-mulx/libc.a(lib_a-mprec.o)
                0x0000000080094da8                __mprec_tinytens
 .rodata.__mprec_bigtens
                0x0000000080094dd0       0x28 /home/na62torino/altera/16.1/nios2eds/bin/gnu/H-x86_64-pc-linux-gnu/bin/../lib/gcc/nios2-elf/5.3.0/../../../../../H-x86_64-pc-linux-gnu/nios2-elf/lib/mhw-mulx/libc.a(lib_a-mprec.o)
                0x0000000080094dd0                __mprec_bigtens
 .rodata.__mprec_tens
                0x0000000080094df8       0xc8 /home/na62torino/altera/16.1/nios2eds/bin/gnu/H-x86_64-pc-linux-gnu/bin/../lib/gcc/nios2-elf/5.3.0/../../../../../H-x86_64-pc-linux-gnu/nios2-elf/lib/mhw-mulx/libc.a(lib_a-mprec.o)
                0x0000000080094df8                __mprec_tens
 .rodata.str1.4
                0x0000000080094ec0       0x2f /home/na62torino/altera/16.1/nios2eds/bin/gnu/H-x86_64-pc-linux-gnu/bin/../lib/gcc/nios2-elf/5.3.0/../../../../../H-x86_64-pc-linux-gnu/nios2-elf/lib/mhw-mulx/libc.a(lib_a-svfiprintf.o)
 .rodata.zeroes.4333
                0x0000000080094ec0       0x10 /home/na62torino/altera/16.1/nios2eds/bin/gnu/H-x86_64-pc-linux-gnu/bin/../lib/gcc/nios2-elf/5.3.0/../../../../../H-x86_64-pc-linux-gnu/nios2-elf/lib/mhw-mulx/libc.a(lib_a-svfiprintf.o)
 .rodata.blanks.4332
                0x0000000080094ed0       0x10 /home/na62torino/altera/16.1/nios2eds/bin/gnu/H-x86_64-pc-linux-gnu/bin/../lib/gcc/nios2-elf/5.3.0/../../../../../H-x86_64-pc-linux-gnu/nios2-elf/lib/mhw-mulx/libc.a(lib_a-svfiprintf.o)
 .rodata.str1.4
                0x0000000080094ee0       0x2f /home/na62torino/altera/16.1/nios2eds/bin/gnu/H-x86_64-pc-linux-gnu/bin/../lib/gcc/nios2-elf/5.3.0/../../../../../H-x86_64-pc-linux-gnu/nios2-elf/lib/mhw-mulx/libc.a(lib_a-vfiprintf.o)
 .rodata.zeroes.4349
                0x0000000080094ee0       0x10 /home/na62torino/altera/16.1/nios2eds/bin/gnu/H-x86_64-pc-linux-gnu/bin/../lib/gcc/nios2-elf/5.3.0/../../../../../H-x86_64-pc-linux-gnu/nios2-elf/lib/mhw-mulx/libc.a(lib_a-vfiprintf.o)
 .rodata.blanks.4348
                0x0000000080094ef0       0x10 /home/na62torino/altera/16.1/nios2eds/bin/gnu/H-x86_64-pc-linux-gnu/bin/../lib/gcc/nios2-elf/5.3.0/../../../../../H-x86_64-pc-linux-gnu/nios2-elf/lib/mhw-mulx/libc.a(lib_a-vfiprintf.o)
 .rodata.str1.4
                0x0000000080094f00        0xa ../testbench_ls_bsp//libhal_bsp.a(alt_dev.o)
 *fill*         0x0000000080094f0a        0x2 
 .rodata.str1.4
                0x0000000080094f0c        0xa ../testbench_ls_bsp//libhal_bsp.a(alt_main.o)
 *fill*         0x0000000080094f16        0x2 
 .rodata.str1.4
                0x0000000080094f18       0x2c ../testbench_ls_bsp//libhal_bsp.a(alt_sys_init.o)
                                        0x10a (size before relaxing)
 .rodata.str1.4
                0x0000000080094f44      0x1d0 ../testbench_ls_bsp//libhal_bsp.a(altera_msgdma.o)
                                        0x1cd (size before relaxing)
 *(.rodata1)
                0x0000000080095114                . = ALIGN (0x4)
                0x0000000080095114                PROVIDE (__ram_rodata_end, ABSOLUTE (.))
                0x000000008009441c                PROVIDE (__flash_rodata_start, LOADADDR (.rodata))

.rwdata         0x0000000080095114     0x1d68 load address 0x0000000080096e7c
                0x0000000080095114                PROVIDE (__ram_rwdata_start, ABSOLUTE (.))
                0x0000000080095114                . = ALIGN (0x4)
 *(.got.plt)
 *(.got)
 *(.data1)
 *(.data .data.* .gnu.linkonce.d.*)
 .data          0x0000000080095114        0x0 ../testbench_ls_bsp//obj/HAL/src/crt0.o
 .data          0x0000000080095114        0x0 obj/default/hello_world.o
 .data          0x0000000080095114        0x0 obj/default/terasic_debug.o
 .data          0x0000000080095114        0x0 /home/na62torino/altera/16.1/nios2eds/bin/gnu/H-x86_64-pc-linux-gnu/bin/../lib/gcc/nios2-elf/5.3.0/mhw-mulx/libgcc.a(gedf2.o)
 .data          0x0000000080095114        0x0 /home/na62torino/altera/16.1/nios2eds/bin/gnu/H-x86_64-pc-linux-gnu/bin/../lib/gcc/nios2-elf/5.3.0/mhw-mulx/libgcc.a(muldf3.o)
 .data          0x0000000080095114        0x0 /home/na62torino/altera/16.1/nios2eds/bin/gnu/H-x86_64-pc-linux-gnu/bin/../lib/gcc/nios2-elf/5.3.0/mhw-mulx/libgcc.a(floatunsidf.o)
 .data          0x0000000080095114        0x0 /home/na62torino/altera/16.1/nios2eds/bin/gnu/H-x86_64-pc-linux-gnu/bin/../lib/gcc/nios2-elf/5.3.0/mhw-mulx/libgcc.a(_clzsi2.o)
 .data          0x0000000080095114        0x0 /home/na62torino/altera/16.1/nios2eds/bin/gnu/H-x86_64-pc-linux-gnu/bin/../lib/gcc/nios2-elf/5.3.0/mhw-mulx/libgcc.a(_clz.o)
 .data          0x0000000080095114        0x0 /home/na62torino/altera/16.1/nios2eds/bin/gnu/H-x86_64-pc-linux-gnu/bin/../lib/gcc/nios2-elf/5.3.0/../../../../../H-x86_64-pc-linux-gnu/nios2-elf/lib/mhw-mulx/libc.a(lib_a-getc.o)
 .data          0x0000000080095114        0x0 /home/na62torino/altera/16.1/nios2eds/bin/gnu/H-x86_64-pc-linux-gnu/bin/../lib/gcc/nios2-elf/5.3.0/../../../../../H-x86_64-pc-linux-gnu/nios2-elf/lib/mhw-mulx/libc.a(lib_a-impure.o)
 .data.impure_data
                0x0000000080095114      0x424 /home/na62torino/altera/16.1/nios2eds/bin/gnu/H-x86_64-pc-linux-gnu/bin/../lib/gcc/nios2-elf/5.3.0/../../../../../H-x86_64-pc-linux-gnu/nios2-elf/lib/mhw-mulx/libc.a(lib_a-impure.o)
 .data          0x0000000080095538        0x0 /home/na62torino/altera/16.1/nios2eds/bin/gnu/H-x86_64-pc-linux-gnu/bin/../lib/gcc/nios2-elf/5.3.0/../../../../../H-x86_64-pc-linux-gnu/nios2-elf/lib/mhw-mulx/libc.a(lib_a-printf.o)
 .data          0x0000000080095538        0x0 /home/na62torino/altera/16.1/nios2eds/bin/gnu/H-x86_64-pc-linux-gnu/bin/../lib/gcc/nios2-elf/5.3.0/../../../../../H-x86_64-pc-linux-gnu/nios2-elf/lib/mhw-mulx/libc.a(lib_a-puts.o)
 .data          0x0000000080095538        0x0 /home/na62torino/altera/16.1/nios2eds/bin/gnu/H-x86_64-pc-linux-gnu/bin/../lib/gcc/nios2-elf/5.3.0/../../../../../H-x86_64-pc-linux-gnu/nios2-elf/lib/mhw-mulx/libc.a(lib_a-rget.o)
 .data          0x0000000080095538        0x0 /home/na62torino/altera/16.1/nios2eds/bin/gnu/H-x86_64-pc-linux-gnu/bin/../lib/gcc/nios2-elf/5.3.0/../../../../../H-x86_64-pc-linux-gnu/nios2-elf/lib/mhw-mulx/libc.a(lib_a-sprintf.o)
 .data          0x0000000080095538        0x0 /home/na62torino/altera/16.1/nios2eds/bin/gnu/H-x86_64-pc-linux-gnu/bin/../lib/gcc/nios2-elf/5.3.0/../../../../../H-x86_64-pc-linux-gnu/nios2-elf/lib/mhw-mulx/libc.a(lib_a-strlen.o)
 .data          0x0000000080095538        0x0 /home/na62torino/altera/16.1/nios2eds/bin/gnu/H-x86_64-pc-linux-gnu/bin/../lib/gcc/nios2-elf/5.3.0/../../../../../H-x86_64-pc-linux-gnu/nios2-elf/lib/mhw-mulx/libc.a(lib_a-svfprintf.o)
 .data          0x0000000080095538        0x0 /home/na62torino/altera/16.1/nios2eds/bin/gnu/H-x86_64-pc-linux-gnu/bin/../lib/gcc/nios2-elf/5.3.0/../../../../../H-x86_64-pc-linux-gnu/nios2-elf/lib/mhw-mulx/libc.a(lib_a-vfprintf.o)
 .data          0x0000000080095538        0x0 /home/na62torino/altera/16.1/nios2eds/bin/gnu/H-x86_64-pc-linux-gnu/bin/../lib/gcc/nios2-elf/5.3.0/../../../../../H-x86_64-pc-linux-gnu/nios2-elf/lib/mhw-mulx/libc.a(lib_a-vsnprintf.o)
 .data          0x0000000080095538        0x0 /home/na62torino/altera/16.1/nios2eds/bin/gnu/H-x86_64-pc-linux-gnu/bin/../lib/gcc/nios2-elf/5.3.0/../../../../../H-x86_64-pc-linux-gnu/nios2-elf/lib/mhw-mulx/libc.a(lib_a-wsetup.o)
 .data          0x0000000080095538        0x0 /home/na62torino/altera/16.1/nios2eds/bin/gnu/H-x86_64-pc-linux-gnu/bin/../lib/gcc/nios2-elf/5.3.0/../../../../../H-x86_64-pc-linux-gnu/nios2-elf/lib/mhw-mulx/libc.a(lib_a-dtoa.o)
 .data          0x0000000080095538        0x0 /home/na62torino/altera/16.1/nios2eds/bin/gnu/H-x86_64-pc-linux-gnu/bin/../lib/gcc/nios2-elf/5.3.0/../../../../../H-x86_64-pc-linux-gnu/nios2-elf/lib/mhw-mulx/libc.a(lib_a-fflush.o)
 .data          0x0000000080095538        0x0 /home/na62torino/altera/16.1/nios2eds/bin/gnu/H-x86_64-pc-linux-gnu/bin/../lib/gcc/nios2-elf/5.3.0/../../../../../H-x86_64-pc-linux-gnu/nios2-elf/lib/mhw-mulx/libc.a(lib_a-findfp.o)
 .data          0x0000000080095538        0x0 /home/na62torino/altera/16.1/nios2eds/bin/gnu/H-x86_64-pc-linux-gnu/bin/../lib/gcc/nios2-elf/5.3.0/../../../../../H-x86_64-pc-linux-gnu/nios2-elf/lib/mhw-mulx/libc.a(lib_a-freer.o)
 .data          0x0000000080095538        0x0 /home/na62torino/altera/16.1/nios2eds/bin/gnu/H-x86_64-pc-linux-gnu/bin/../lib/gcc/nios2-elf/5.3.0/../../../../../H-x86_64-pc-linux-gnu/nios2-elf/lib/mhw-mulx/libc.a(lib_a-fvwrite.o)
 .data          0x0000000080095538        0x0 /home/na62torino/altera/16.1/nios2eds/bin/gnu/H-x86_64-pc-linux-gnu/bin/../lib/gcc/nios2-elf/5.3.0/../../../../../H-x86_64-pc-linux-gnu/nios2-elf/lib/mhw-mulx/libc.a(lib_a-fwalk.o)
 .data          0x0000000080095538        0x0 /home/na62torino/altera/16.1/nios2eds/bin/gnu/H-x86_64-pc-linux-gnu/bin/../lib/gcc/nios2-elf/5.3.0/../../../../../H-x86_64-pc-linux-gnu/nios2-elf/lib/mhw-mulx/libc.a(lib_a-locale.o)
 .data.lc_message_charset
                0x0000000080095538       0x20 /home/na62torino/altera/16.1/nios2eds/bin/gnu/H-x86_64-pc-linux-gnu/bin/../lib/gcc/nios2-elf/5.3.0/../../../../../H-x86_64-pc-linux-gnu/nios2-elf/lib/mhw-mulx/libc.a(lib_a-locale.o)
 .data.lc_ctype_charset
                0x0000000080095558       0x20 /home/na62torino/altera/16.1/nios2eds/bin/gnu/H-x86_64-pc-linux-gnu/bin/../lib/gcc/nios2-elf/5.3.0/../../../../../H-x86_64-pc-linux-gnu/nios2-elf/lib/mhw-mulx/libc.a(lib_a-locale.o)
 .data.lconv    0x0000000080095578       0x38 /home/na62torino/altera/16.1/nios2eds/bin/gnu/H-x86_64-pc-linux-gnu/bin/../lib/gcc/nios2-elf/5.3.0/../../../../../H-x86_64-pc-linux-gnu/nios2-elf/lib/mhw-mulx/libc.a(lib_a-locale.o)
 .data          0x00000000800955b0        0x0 /home/na62torino/altera/16.1/nios2eds/bin/gnu/H-x86_64-pc-linux-gnu/bin/../lib/gcc/nios2-elf/5.3.0/../../../../../H-x86_64-pc-linux-gnu/nios2-elf/lib/mhw-mulx/libc.a(lib_a-makebuf.o)
 .data          0x00000000800955b0        0x0 /home/na62torino/altera/16.1/nios2eds/bin/gnu/H-x86_64-pc-linux-gnu/bin/../lib/gcc/nios2-elf/5.3.0/../../../../../H-x86_64-pc-linux-gnu/nios2-elf/lib/mhw-mulx/libc.a(lib_a-mallocr.o)
 .data.__malloc_av_
                0x00000000800955b0      0x408 /home/na62torino/altera/16.1/nios2eds/bin/gnu/H-x86_64-pc-linux-gnu/bin/../lib/gcc/nios2-elf/5.3.0/../../../../../H-x86_64-pc-linux-gnu/nios2-elf/lib/mhw-mulx/libc.a(lib_a-mallocr.o)
                0x00000000800955b0                __malloc_av_
 .data          0x00000000800959b8        0x0 /home/na62torino/altera/16.1/nios2eds/bin/gnu/H-x86_64-pc-linux-gnu/bin/../lib/gcc/nios2-elf/5.3.0/../../../../../H-x86_64-pc-linux-gnu/nios2-elf/lib/mhw-mulx/libc.a(lib_a-memchr.o)
 .data          0x00000000800959b8        0x0 /home/na62torino/altera/16.1/nios2eds/bin/gnu/H-x86_64-pc-linux-gnu/bin/../lib/gcc/nios2-elf/5.3.0/../../../../../H-x86_64-pc-linux-gnu/nios2-elf/lib/mhw-mulx/libc.a(lib_a-memcpy.o)
 .data          0x00000000800959b8        0x0 /home/na62torino/altera/16.1/nios2eds/bin/gnu/H-x86_64-pc-linux-gnu/bin/../lib/gcc/nios2-elf/5.3.0/../../../../../H-x86_64-pc-linux-gnu/nios2-elf/lib/mhw-mulx/libc.a(lib_a-memmove.o)
 .data          0x00000000800959b8        0x0 /home/na62torino/altera/16.1/nios2eds/bin/gnu/H-x86_64-pc-linux-gnu/bin/../lib/gcc/nios2-elf/5.3.0/../../../../../H-x86_64-pc-linux-gnu/nios2-elf/lib/mhw-mulx/libc.a(lib_a-memset.o)
 .data          0x00000000800959b8        0x0 /home/na62torino/altera/16.1/nios2eds/bin/gnu/H-x86_64-pc-linux-gnu/bin/../lib/gcc/nios2-elf/5.3.0/../../../../../H-x86_64-pc-linux-gnu/nios2-elf/lib/mhw-mulx/libc.a(lib_a-mprec.o)
 .data          0x00000000800959b8        0x0 /home/na62torino/altera/16.1/nios2eds/bin/gnu/H-x86_64-pc-linux-gnu/bin/../lib/gcc/nios2-elf/5.3.0/../../../../../H-x86_64-pc-linux-gnu/nios2-elf/lib/mhw-mulx/libc.a(lib_a-reallocr.o)
 .data          0x00000000800959b8        0x0 /home/na62torino/altera/16.1/nios2eds/bin/gnu/H-x86_64-pc-linux-gnu/bin/../lib/gcc/nios2-elf/5.3.0/../../../../../H-x86_64-pc-linux-gnu/nios2-elf/lib/mhw-mulx/libc.a(lib_a-refill.o)
 .data          0x00000000800959b8        0x0 /home/na62torino/altera/16.1/nios2eds/bin/gnu/H-x86_64-pc-linux-gnu/bin/../lib/gcc/nios2-elf/5.3.0/../../../../../H-x86_64-pc-linux-gnu/nios2-elf/lib/mhw-mulx/libc.a(lib_a-s_fpclassify.o)
 .data          0x00000000800959b8        0x0 /home/na62torino/altera/16.1/nios2eds/bin/gnu/H-x86_64-pc-linux-gnu/bin/../lib/gcc/nios2-elf/5.3.0/../../../../../H-x86_64-pc-linux-gnu/nios2-elf/lib/mhw-mulx/libc.a(lib_a-sbrkr.o)
 .data          0x00000000800959b8        0x0 /home/na62torino/altera/16.1/nios2eds/bin/gnu/H-x86_64-pc-linux-gnu/bin/../lib/gcc/nios2-elf/5.3.0/../../../../../H-x86_64-pc-linux-gnu/nios2-elf/lib/mhw-mulx/libc.a(lib_a-stdio.o)
 .data          0x00000000800959b8        0x0 /home/na62torino/altera/16.1/nios2eds/bin/gnu/H-x86_64-pc-linux-gnu/bin/../lib/gcc/nios2-elf/5.3.0/../../../../../H-x86_64-pc-linux-gnu/nios2-elf/lib/mhw-mulx/libc.a(lib_a-strcmp.o)
 .data          0x00000000800959b8        0x0 /home/na62torino/altera/16.1/nios2eds/bin/gnu/H-x86_64-pc-linux-gnu/bin/../lib/gcc/nios2-elf/5.3.0/../../../../../H-x86_64-pc-linux-gnu/nios2-elf/lib/mhw-mulx/libc.a(lib_a-svfiprintf.o)
 .data          0x00000000800959b8        0x0 /home/na62torino/altera/16.1/nios2eds/bin/gnu/H-x86_64-pc-linux-gnu/bin/../lib/gcc/nios2-elf/5.3.0/../../../../../H-x86_64-pc-linux-gnu/nios2-elf/lib/mhw-mulx/libc.a(lib_a-vfiprintf.o)
 .data          0x00000000800959b8        0x0 /home/na62torino/altera/16.1/nios2eds/bin/gnu/H-x86_64-pc-linux-gnu/bin/../lib/gcc/nios2-elf/5.3.0/../../../../../H-x86_64-pc-linux-gnu/nios2-elf/lib/mhw-mulx/libc.a(lib_a-writer.o)
 .data          0x00000000800959b8        0x0 /home/na62torino/altera/16.1/nios2eds/bin/gnu/H-x86_64-pc-linux-gnu/bin/../lib/gcc/nios2-elf/5.3.0/../../../../../H-x86_64-pc-linux-gnu/nios2-elf/lib/mhw-mulx/libc.a(closer.o)
 .data          0x00000000800959b8        0x0 /home/na62torino/altera/16.1/nios2eds/bin/gnu/H-x86_64-pc-linux-gnu/bin/../lib/gcc/nios2-elf/5.3.0/../../../../../H-x86_64-pc-linux-gnu/nios2-elf/lib/mhw-mulx/libc.a(lib_a-callocr.o)
 .data          0x00000000800959b8        0x0 /home/na62torino/altera/16.1/nios2eds/bin/gnu/H-x86_64-pc-linux-gnu/bin/../lib/gcc/nios2-elf/5.3.0/../../../../../H-x86_64-pc-linux-gnu/nios2-elf/lib/mhw-mulx/libc.a(lib_a-fclose.o)
 .data          0x00000000800959b8        0x0 /home/na62torino/altera/16.1/nios2eds/bin/gnu/H-x86_64-pc-linux-gnu/bin/../lib/gcc/nios2-elf/5.3.0/../../../../../H-x86_64-pc-linux-gnu/nios2-elf/lib/mhw-mulx/libc.a(lib_a-fputwc.o)
 .data          0x00000000800959b8        0x0 /home/na62torino/altera/16.1/nios2eds/bin/gnu/H-x86_64-pc-linux-gnu/bin/../lib/gcc/nios2-elf/5.3.0/../../../../../H-x86_64-pc-linux-gnu/nios2-elf/lib/mhw-mulx/libc.a(lib_a-fstatr.o)
 .data          0x00000000800959b8        0x0 /home/na62torino/altera/16.1/nios2eds/bin/gnu/H-x86_64-pc-linux-gnu/bin/../lib/gcc/nios2-elf/5.3.0/../../../../../H-x86_64-pc-linux-gnu/nios2-elf/lib/mhw-mulx/libc.a(lib_a-int_errno.o)
 .data          0x00000000800959b8        0x0 /home/na62torino/altera/16.1/nios2eds/bin/gnu/H-x86_64-pc-linux-gnu/bin/../lib/gcc/nios2-elf/5.3.0/../../../../../H-x86_64-pc-linux-gnu/nios2-elf/lib/mhw-mulx/libc.a(lib_a-isattyr.o)
 .data          0x00000000800959b8        0x0 /home/na62torino/altera/16.1/nios2eds/bin/gnu/H-x86_64-pc-linux-gnu/bin/../lib/gcc/nios2-elf/5.3.0/../../../../../H-x86_64-pc-linux-gnu/nios2-elf/lib/mhw-mulx/libc.a(lib_a-lseekr.o)
 .data          0x00000000800959b8        0x0 /home/na62torino/altera/16.1/nios2eds/bin/gnu/H-x86_64-pc-linux-gnu/bin/../lib/gcc/nios2-elf/5.3.0/../../../../../H-x86_64-pc-linux-gnu/nios2-elf/lib/mhw-mulx/libc.a(lib_a-readr.o)
 .data          0x00000000800959b8        0x0 /home/na62torino/altera/16.1/nios2eds/bin/gnu/H-x86_64-pc-linux-gnu/bin/../lib/gcc/nios2-elf/5.3.0/../../../../../H-x86_64-pc-linux-gnu/nios2-elf/lib/mhw-mulx/libc.a(lib_a-wbuf.o)
 .data          0x00000000800959b8        0x0 /home/na62torino/altera/16.1/nios2eds/bin/gnu/H-x86_64-pc-linux-gnu/bin/../lib/gcc/nios2-elf/5.3.0/../../../../../H-x86_64-pc-linux-gnu/nios2-elf/lib/mhw-mulx/libc.a(lib_a-wcrtomb.o)
 .data          0x00000000800959b8        0x0 /home/na62torino/altera/16.1/nios2eds/bin/gnu/H-x86_64-pc-linux-gnu/bin/../lib/gcc/nios2-elf/5.3.0/../../../../../H-x86_64-pc-linux-gnu/nios2-elf/lib/mhw-mulx/libc.a(lib_a-wctomb_r.o)
 .data          0x00000000800959b8        0x0 /home/na62torino/altera/16.1/nios2eds/bin/gnu/H-x86_64-pc-linux-gnu/bin/../lib/gcc/nios2-elf/5.3.0/mhw-mulx/libgcc.a(_udivdi3.o)
 .data          0x00000000800959b8        0x0 /home/na62torino/altera/16.1/nios2eds/bin/gnu/H-x86_64-pc-linux-gnu/bin/../lib/gcc/nios2-elf/5.3.0/mhw-mulx/libgcc.a(_umoddi3.o)
 .data          0x00000000800959b8        0x0 /home/na62torino/altera/16.1/nios2eds/bin/gnu/H-x86_64-pc-linux-gnu/bin/../lib/gcc/nios2-elf/5.3.0/mhw-mulx/libgcc.a(lib2-divmod.o)
 .data          0x00000000800959b8        0x0 /home/na62torino/altera/16.1/nios2eds/bin/gnu/H-x86_64-pc-linux-gnu/bin/../lib/gcc/nios2-elf/5.3.0/mhw-mulx/libgcc.a(adddf3.o)
 .data          0x00000000800959b8        0x0 /home/na62torino/altera/16.1/nios2eds/bin/gnu/H-x86_64-pc-linux-gnu/bin/../lib/gcc/nios2-elf/5.3.0/mhw-mulx/libgcc.a(divdf3.o)
 .data          0x00000000800959b8        0x0 /home/na62torino/altera/16.1/nios2eds/bin/gnu/H-x86_64-pc-linux-gnu/bin/../lib/gcc/nios2-elf/5.3.0/mhw-mulx/libgcc.a(eqdf2.o)
 .data          0x00000000800959b8        0x0 /home/na62torino/altera/16.1/nios2eds/bin/gnu/H-x86_64-pc-linux-gnu/bin/../lib/gcc/nios2-elf/5.3.0/mhw-mulx/libgcc.a(ledf2.o)
 .data          0x00000000800959b8        0x0 /home/na62torino/altera/16.1/nios2eds/bin/gnu/H-x86_64-pc-linux-gnu/bin/../lib/gcc/nios2-elf/5.3.0/mhw-mulx/libgcc.a(subdf3.o)
 .data          0x00000000800959b8        0x0 /home/na62torino/altera/16.1/nios2eds/bin/gnu/H-x86_64-pc-linux-gnu/bin/../lib/gcc/nios2-elf/5.3.0/mhw-mulx/libgcc.a(fixdfsi.o)
 .data          0x00000000800959b8        0x0 /home/na62torino/altera/16.1/nios2eds/bin/gnu/H-x86_64-pc-linux-gnu/bin/../lib/gcc/nios2-elf/5.3.0/mhw-mulx/libgcc.a(floatsidf.o)
 .data          0x00000000800959b8        0x0 ../testbench_ls_bsp//libhal_bsp.a(alt_close.o)
 .data          0x00000000800959b8      0x1a8 ../testbench_ls_bsp//libhal_bsp.a(alt_dev.o)
                0x00000000800959b8                alt_fd_list
                0x0000000080095b38                alt_dev_null
 .data          0x0000000080095b60        0x0 ../testbench_ls_bsp//libhal_bsp.a(alt_errno.o)
 .data          0x0000000080095b60        0x0 ../testbench_ls_bsp//libhal_bsp.a(alt_fstat.o)
 .data          0x0000000080095b60        0x0 ../testbench_ls_bsp//libhal_bsp.a(alt_iic.o)
 .data          0x0000000080095b60        0x0 ../testbench_ls_bsp//libhal_bsp.a(alt_iic_isr_register.o)
 .data          0x0000000080095b60        0x0 ../testbench_ls_bsp//libhal_bsp.a(alt_irq_entry.o)
 .data          0x0000000080095b60        0x0 ../testbench_ls_bsp//libhal_bsp.a(alt_irq_handler.o)
 .data          0x0000000080095b60        0x0 ../testbench_ls_bsp//libhal_bsp.a(alt_irq_vars.o)
 .data          0x0000000080095b60        0x0 ../testbench_ls_bsp//libhal_bsp.a(alt_isatty.o)
 .data          0x0000000080095b60        0x0 ../testbench_ls_bsp//libhal_bsp.a(alt_load.o)
 .data          0x0000000080095b60        0x0 ../testbench_ls_bsp//libhal_bsp.a(alt_lseek.o)
 .data          0x0000000080095b60        0x0 ../testbench_ls_bsp//libhal_bsp.a(alt_main.o)
 .data          0x0000000080095b60        0x0 ../testbench_ls_bsp//libhal_bsp.a(alt_malloc_lock.o)
 .data          0x0000000080095b60        0x0 ../testbench_ls_bsp//libhal_bsp.a(alt_read.o)
 .data          0x0000000080095b60        0x0 ../testbench_ls_bsp//libhal_bsp.a(alt_release_fd.o)
 .data          0x0000000080095b60        0x0 ../testbench_ls_bsp//libhal_bsp.a(alt_sbrk.o)
 .data          0x0000000080095b60        0x0 ../testbench_ls_bsp//libhal_bsp.a(alt_tick.o)
 .data          0x0000000080095b60        0x0 ../testbench_ls_bsp//libhal_bsp.a(alt_write.o)
 .data          0x0000000080095b60     0x12a0 ../testbench_ls_bsp//libhal_bsp.a(alt_sys_init.o)
 .data          0x0000000080096e00        0x0 ../testbench_ls_bsp//libhal_bsp.a(altera_avalon_jtag_uart_fd.o)
 .data          0x0000000080096e00        0x0 ../testbench_ls_bsp//libhal_bsp.a(altera_avalon_jtag_uart_init.o)
 .data          0x0000000080096e00        0x0 ../testbench_ls_bsp//libhal_bsp.a(altera_avalon_jtag_uart_ioctl.o)
 .data          0x0000000080096e00        0x0 ../testbench_ls_bsp//libhal_bsp.a(altera_avalon_jtag_uart_read.o)
 .data          0x0000000080096e00        0x0 ../testbench_ls_bsp//libhal_bsp.a(altera_avalon_jtag_uart_write.o)
 .data          0x0000000080096e00        0x0 ../testbench_ls_bsp//libhal_bsp.a(altera_avalon_timer_sc.o)
 .data          0x0000000080096e00        0x0 ../testbench_ls_bsp//libhal_bsp.a(altera_msgdma.o)
 .data          0x0000000080096e00        0x0 ../testbench_ls_bsp//libhal_bsp.a(alt_alarm_start.o)
 .data          0x0000000080096e00        0x0 ../testbench_ls_bsp//libhal_bsp.a(alt_busy_sleep.o)