Archive member included to satisfy reference by file (symbol)

/home/na62torino/altera/16.1/nios2eds/bin/gnu/H-x86_64-pc-linux-gnu/bin/../lib/gcc/nios2-elf/5.3.0/mhw-mulx/libgcc.a(gedf2.o)
                              obj/default/hello_world.o (__gtdf2)
/home/na62torino/altera/16.1/nios2eds/bin/gnu/H-x86_64-pc-linux-gnu/bin/../lib/gcc/nios2-elf/5.3.0/mhw-mulx/libgcc.a(muldf3.o)
                              obj/default/hello_world.o (__muldf3)
/home/na62torino/altera/16.1/nios2eds/bin/gnu/H-x86_64-pc-linux-gnu/bin/../lib/gcc/nios2-elf/5.3.0/mhw-mulx/libgcc.a(floatunsidf.o)
                              obj/default/hello_world.o (__floatunsidf)
/home/na62torino/altera/16.1/nios2eds/bin/gnu/H-x86_64-pc-linux-gnu/bin/../lib/gcc/nios2-elf/5.3.0/mhw-mulx/libgcc.a(_clzsi2.o)
                              /home/na62torino/altera/16.1/nios2eds/bin/gnu/H-x86_64-pc-linux-gnu/bin/../lib/gcc/nios2-elf/5.3.0/mhw-mulx/libgcc.a(muldf3.o) (__clzsi2)
/home/na62torino/altera/16.1/nios2eds/bin/gnu/H-x86_64-pc-linux-gnu/bin/../lib/gcc/nios2-elf/5.3.0/mhw-mulx/libgcc.a(_clz.o)
                              /home/na62torino/altera/16.1/nios2eds/bin/gnu/H-x86_64-pc-linux-gnu/bin/../lib/gcc/nios2-elf/5.3.0/mhw-mulx/libgcc.a(_clzsi2.o) (__clz_tab)
/home/na62torino/altera/16.1/nios2eds/bin/gnu/H-x86_64-pc-linux-gnu/bin/../lib/gcc/nios2-elf/5.3.0/../../../../../H-x86_64-pc-linux-gnu/nios2-elf/lib/mhw-mulx/libc.a(lib_a-getc.o)
                              obj/default/hello_world.o (getc)
/home/na62torino/altera/16.1/nios2eds/bin/gnu/H-x86_64-pc-linux-gnu/bin/../lib/gcc/nios2-elf/5.3.0/../../../../../H-x86_64-pc-linux-gnu/nios2-elf/lib/mhw-mulx/libc.a(lib_a-impure.o)
                              obj/default/hello_world.o (_impure_ptr)
/home/na62torino/altera/16.1/nios2eds/bin/gnu/H-x86_64-pc-linux-gnu/bin/../lib/gcc/nios2-elf/5.3.0/../../../../../H-x86_64-pc-linux-gnu/nios2-elf/lib/mhw-mulx/libc.a(lib_a-printf.o)
                              obj/default/hello_world.o (printf)
/home/na62torino/altera/16.1/nios2eds/bin/gnu/H-x86_64-pc-linux-gnu/bin/../lib/gcc/nios2-elf/5.3.0/../../../../../H-x86_64-pc-linux-gnu/nios2-elf/lib/mhw-mulx/libc.a(lib_a-puts.o)
                              obj/default/hello_world.o (puts)
/home/na62torino/altera/16.1/nios2eds/bin/gnu/H-x86_64-pc-linux-gnu/bin/../lib/gcc/nios2-elf/5.3.0/../../../../../H-x86_64-pc-linux-gnu/nios2-elf/lib/mhw-mulx/libc.a(lib_a-rget.o)
                              /home/na62torino/altera/16.1/nios2eds/bin/gnu/H-x86_64-pc-linux-gnu/bin/../lib/gcc/nios2-elf/5.3.0/../../../../../H-x86_64-pc-linux-gnu/nios2-elf/lib/mhw-mulx/libc.a(lib_a-getc.o) (__srget_r)
/home/na62torino/altera/16.1/nios2eds/bin/gnu/H-x86_64-pc-linux-gnu/bin/../lib/gcc/nios2-elf/5.3.0/../../../../../H-x86_64-pc-linux-gnu/nios2-elf/lib/mhw-mulx/libc.a(lib_a-sprintf.o)
                              obj/default/terasic_debug.o (sprintf)
/home/na62torino/altera/16.1/nios2eds/bin/gnu/H-x86_64-pc-linux-gnu/bin/../lib/gcc/nios2-elf/5.3.0/../../../../../H-x86_64-pc-linux-gnu/nios2-elf/lib/mhw-mulx/libc.a(lib_a-strlen.o)
                              /home/na62torino/altera/16.1/nios2eds/bin/gnu/H-x86_64-pc-linux-gnu/bin/../lib/gcc/nios2-elf/5.3.0/../../../../../H-x86_64-pc-linux-gnu/nios2-elf/lib/mhw-mulx/libc.a(lib_a-puts.o) (strlen)
/home/na62torino/altera/16.1/nios2eds/bin/gnu/H-x86_64-pc-linux-gnu/bin/../lib/gcc/nios2-elf/5.3.0/../../../../../H-x86_64-pc-linux-gnu/nios2-elf/lib/mhw-mulx/libc.a(lib_a-svfprintf.o)
                              /home/na62torino/altera/16.1/nios2eds/bin/gnu/H-x86_64-pc-linux-gnu/bin/../lib/gcc/nios2-elf/5.3.0/../../../../../H-x86_64-pc-linux-gnu/nios2-elf/lib/mhw-mulx/libc.a(lib_a-sprintf.o) (___svfprintf_internal_r)
/home/na62torino/altera/16.1/nios2eds/bin/gnu/H-x86_64-pc-linux-gnu/bin/../lib/gcc/nios2-elf/5.3.0/../../../../../H-x86_64-pc-linux-gnu/nios2-elf/lib/mhw-mulx/libc.a(lib_a-vfprintf.o)
                              /home/na62torino/altera/16.1/nios2eds/bin/gnu/H-x86_64-pc-linux-gnu/bin/../lib/gcc/nios2-elf/5.3.0/../../../../../H-x86_64-pc-linux-gnu/nios2-elf/lib/mhw-mulx/libc.a(lib_a-printf.o) (___vfprintf_internal_r)
/home/na62torino/altera/16.1/nios2eds/bin/gnu/H-x86_64-pc-linux-gnu/bin/../lib/gcc/nios2-elf/5.3.0/../../../../../H-x86_64-pc-linux-gnu/nios2-elf/lib/mhw-mulx/libc.a(lib_a-vsnprintf.o)
                              obj/default/terasic_debug.o (vsnprintf)
/home/na62torino/altera/16.1/nios2eds/bin/gnu/H-x86_64-pc-linux-gnu/bin/../lib/gcc/nios2-elf/5.3.0/../../../../../H-x86_64-pc-linux-gnu/nios2-elf/lib/mhw-mulx/libc.a(lib_a-wsetup.o)
                              /home/na62torino/altera/16.1/nios2eds/bin/gnu/H-x86_64-pc-linux-gnu/bin/../lib/gcc/nios2-elf/5.3.0/../../../../../H-x86_64-pc-linux-gnu/nios2-elf/lib/mhw-mulx/libc.a(lib_a-vfprintf.o) (__swsetup_r)
/home/na62torino/altera/16.1/nios2eds/bin/gnu/H-x86_64-pc-linux-gnu/bin/../lib/gcc/nios2-elf/5.3.0/../../../../../H-x86_64-pc-linux-gnu/nios2-elf/lib/mhw-mulx/libc.a(lib_a-dtoa.o)
[...]
Memory Configuration

Name             Origin             Length             Attributes
ddr2_ram         0x0000000000000000 0x0000000040000000
ddr2_ram_1       0x0000000040000000 0x0000000040000000
reset            0x0000000080080000 0x0000000000000020
system_ram       0x0000000080080020 0x000000000007cfe0
*default*        0x0000000000000000 0xffffffffffffffff

Linker script and memory map

LOAD ../testbench_ls_bsp//obj/HAL/src/crt0.o
LOAD obj/default/hello_world.o
LOAD obj/default/terasic_debug.o
LOAD /home/na62torino/altera/16.1/nios2eds/bin/gnu/H-x86_64-pc-linux-gnu/bin/../lib/gcc/nios2-elf/5.3.0/../../../../../H-x86_64-pc-linux-gnu/nios2-elf/lib/mhw-mulx/libstdc++.a
LOAD /home/na62torino/altera/16.1/nios2eds/bin/gnu/H-x86_64-pc-linux-gnu/bin/../lib/gcc/nios2-elf/5.3.0/../../../../../H-x86_64-pc-linux-gnu/nios2-elf/lib/mhw-mulx/libm.a
LOAD /home/na62torino/altera/16.1/nios2eds/bin/gnu/H-x86_64-pc-linux-gnu/bin/../lib/gcc/nios2-elf/5.3.0/mhw-mulx/libgcc.a
START GROUP
LOAD /home/na62torino/altera/16.1/nios2eds/bin/gnu/H-x86_64-pc-linux-gnu/bin/../lib/gcc/nios2-elf/5.3.0/../../../../../H-x86_64-pc-linux-gnu/nios2-elf/lib/mhw-mulx/libc.a
LOAD /home/na62torino/altera/16.1/nios2eds/bin/gnu/H-x86_64-pc-linux-gnu/bin/../lib/gcc/nios2-elf/5.3.0/mhw-mulx/libgcc.a
LOAD ../testbench_ls_bsp//libhal_bsp.a
LOAD /home/na62torino/altera/16.1/nios2eds/bin/gnu/H-x86_64-pc-linux-gnu/bin/../lib/gcc/nios2-elf/5.3.0/../../../../../H-x86_64-pc-linux-gnu/nios2-elf/lib/mhw-mulx/libm.a
END GROUP
LOAD /home/na62torino/altera/16.1/nios2eds/bin/gnu/H-x86_64-pc-linux-gnu/bin/../lib/gcc/nios2-elf/5.3.0/mhw-mulx/libgcc.a
                0x0000000000000000                __alt_mem_ddr2_ram = 0x0
                0x0000000040000000                __alt_mem_ddr2_ram_1 = 0x40000000
                0x0000000080080000                __alt_mem_system_ram = 0x80080000

.entry          0x0000000080080000       0x20
 *(.entry)
 .entry         0x0000000080080000       0x20 ../testbench_ls_bsp//obj/HAL/src/crt0.o
                0x0000000080080000                __reset

.exceptions     0x0000000080080020      0x224
                0x0000000080080020                PROVIDE (__ram_exceptions_start, ABSOLUTE (.))
                0x0000000080080020                . = ALIGN (0x20)
 *(.irq)
 *(.exceptions.entry.label)
 .exceptions.entry.label
                0x0000000080080020        0x0 ../testbench_ls_bsp//libhal_bsp.a(alt_irq_entry.o)
                0x0000000080080020                alt_irq_entry
 .exceptions.entry.label
                0x0000000080080020        0x0 ../testbench_ls_bsp//libhal_bsp.a(alt_exception_entry.o)
                0x0000000080080020                alt_exception
 *(.exceptions.entry.user)
 *(.exceptions.entry.ecc_fatal)
 *(.exceptions.entry)
 .exceptions.entry
                0x0000000080080020       0x54 ../testbench_ls_bsp//libhal_bsp.a(alt_exception_entry.o)
 *(.exceptions.irqtest.user)
 *(.exceptions.irqtest)
 .exceptions.irqtest
                0x0000000080080074       0x10 ../testbench_ls_bsp//libhal_bsp.a(alt_irq_entry.o)
 *(.exceptions.irqhandler.user)
 *(.exceptions.irqhandler)
 .exceptions.irqhandler
                0x0000000080080084        0x4 ../testbench_ls_bsp//libhal_bsp.a(alt_irq_entry.o)
 *(.exceptions.irqreturn.user)
 *(.exceptions.irqreturn)
 .exceptions.irqreturn
                0x0000000080080088        0x4 ../testbench_ls_bsp//libhal_bsp.a(alt_irq_entry.o)
 *(.exceptions.notirq.label)
 .exceptions.notirq.label
                0x000000008008008c        0x0 ../testbench_ls_bsp//libhal_bsp.a(alt_irq_entry.o)
 *(.exceptions.notirq.user)
 *(.exceptions.notirq)
 .exceptions.notirq
                0x000000008008008c        0x8 ../testbench_ls_bsp//libhal_bsp.a(alt_exception_entry.o)
 *(.exceptions.soft.user)
 *(.exceptions.soft)
 *(.exceptions.unknown.user)
 *(.exceptions.unknown)
 .exceptions.unknown
                0x0000000080080094       0x14 ../testbench_ls_bsp//libhal_bsp.a(alt_exception_entry.o)
 *(.exceptions.exit.label)
 .exceptions.exit.label
                0x00000000800800a8        0x0 ../testbench_ls_bsp//libhal_bsp.a(alt_irq_entry.o)
 .exceptions.exit.label
                0x00000000800800a8        0x0 ../testbench_ls_bsp//libhal_bsp.a(alt_exception_entry.o)
 *(.exceptions.exit.user)
 *(.exceptions.exit)
 .exceptions.exit
                0x00000000800800a8       0x54 ../testbench_ls_bsp//libhal_bsp.a(alt_exception_entry.o)
 *(.exceptions)
 .exceptions    0x00000000800800fc       0xd4 ../testbench_ls_bsp//libhal_bsp.a(alt_irq_handler.o)
                0x00000000800800fc                alt_irq_handler
 .exceptions    0x00000000800801d0       0x74 ../testbench_ls_bsp//libhal_bsp.a(alt_instruction_exception_entry.o)
                0x00000000800801d0                alt_instruction_exception_entry
                0x0000000080080244                PROVIDE (__ram_exceptions_end, ABSOLUTE (.))
                0x0000000080080020                PROVIDE (__flash_exceptions_start, LOADADDR (.exceptions))

.text           0x0000000080080244    0x16178
                [!provide]                        PROVIDE (stext, ABSOLUTE (.))
 *(.interp)
 *(.hash)
 *(.dynsym)
 *(.dynstr)
 *(.gnu.version)
 *(.gnu.version_d)
 *(.gnu.version_r)
 *(.rel.init)
 *(.rela.init)
 *(.rel.text .rel.text.* .rel.gnu.linkonce.t.*)
 *(.rela.text .rela.text.* .rela.gnu.linkonce.t.*)
 *(.rel.fini)
 *(.rela.fini)
 *(.rel.rodata .rel.rodata.* .rel.gnu.linkonce.r.*)
 *(.rela.rodata .rela.rodata.* .rela.gnu.linkonce.r.*)
 *(.rel.data .rel.data.* .rel.gnu.linkonce.d.*)
 *(.rela.data .rela.data.* .rela.gnu.linkonce.d.*)
 *(.rel.tdata .rel.tdata.* .rel.gnu.linkonce.td.*)
 *(.rela.tdata .rela.tdata.* .rela.gnu.linkonce.td.*)
 *(.rel.tbss .rel.tbss.* .rel.gnu.linkonce.tb.*)
 *(.rela.tbss .rela.tbss.* .rela.gnu.linkonce.tb.*)
 *(.rel.ctors)
 *(.rela.ctors)
 *(.rel.dtors)
 *(.rela.dtors)
 *(.rel.got)
 *(.rela.got)
 *(.rel.sdata .rel.sdata.* .rel.gnu.linkonce.s.*)
 *(.rela.sdata .rela.sdata.* .rela.gnu.linkonce.s.*)
 *(.rel.sbss .rel.sbss.* .rel.gnu.linkonce.sb.*)
 *(.rela.sbss .rela.sbss.* .rela.gnu.linkonce.sb.*)
 *(.rel.sdata2 .rel.sdata2.* .rel.gnu.linkonce.s2.*)
 *(.rela.sdata2 .rela.sdata2.* .rela.gnu.linkonce.s2.*)
 *(.rel.sbss2 .rel.sbss2.* .rel.gnu.linkonce.sb2.*)
 *(.rela.sbss2 .rela.sbss2.* .rela.gnu.linkonce.sb2.*)
 *(.rel.bss .rel.bss.* .rel.gnu.linkonce.b.*)
 *(.rela.bss .rela.bss.* .rela.gnu.linkonce.b.*)
 *(.rel.plt)
 *(.rela.plt)
 *(.rel.dyn)
 *(.init)
 *(.plt)
 *(.text .stub .text.* .gnu.linkonce.t.*)
 .text          0x0000000080080244       0x4c ../testbench_ls_bsp//obj/HAL/src/crt0.o
                0x0000000080080244                _start
 .text          0x0000000080080290      0xf44 obj/default/hello_world.o
                0x00000000800802ec                GetInputString
                0x000000008008037c                main
 .text          0x00000000800811d4      0x1b8 obj/default/terasic_debug.o
                0x00000000800811d4                debug_output
                0x0000000080081208                myprintf
                0x0000000080081274                myprintf_hexarray
                0x00000000800812fc                myprintf_dwordarray
 .text          0x000000008008138c       0xdc /home/na62torino/altera/16.1/nios2eds/bin/gnu/H-x86_64-pc-linux-gnu/bin/../lib/gcc/nios2-elf/5.3.0/mhw-mulx/libgcc.a(gedf2.o)
                0x000000008008138c                __gtdf2
                0x000000008008138c                __gedf2
 .text          0x0000000080081468      0x718 /home/na62torino/altera/16.1/nios2eds/bin/gnu/H-x86_64-pc-linux-gnu/bin/../lib/gcc/nios2-elf/5.3.0/mhw-mulx/libgcc.a(muldf3.o)
                0x0000000080081468                __muldf3
 .text          0x0000000080081b80       0xa8 /home/na62torino/altera/16.1/nios2eds/bin/gnu/H-x86_64-pc-linux-gnu/bin/../lib/gcc/nios2-elf/5.3.0/mhw-mulx/libgcc.a(floatunsidf.o)
                0x0000000080081b80                __floatunsidf
 .text          0x0000000080081c28       0x64 /home/na62torino/altera/16.1/nios2eds/bin/gnu/H-x86_64-pc-linux-gnu/bin/../lib/gcc/nios2-elf/5.3.0/mhw-mulx/libgcc.a(_clzsi2.o)
                0x0000000080081c28                __clzsi2
 .text          0x0000000080081c8c        0x0 /home/na62torino/altera/16.1/nios2eds/bin/gnu/H-x86_64-pc-linux-gnu/bin/../lib/gcc/nios2-elf/5.3.0/mhw-mulx/libgcc.a(_clz.o)
 .text          0x0000000080081c8c        0x0 /home/na62torino/altera/16.1/nios2eds/bin/gnu/H-x86_64-pc-linux-gnu/bin/../lib/gcc/nios2-elf/5.3.0/../../../../../H-x86_64-pc-linux-gnu/nios2-elf/lib/mhw-mulx/libc.a(lib_a-getc.o)
 .text._getc_r  0x0000000080081c8c       0x70 /home/na62torino/altera/16.1/nios2eds/bin/gnu/H-x86_64-pc-linux-gnu/bin/../lib/gcc/nios2-elf/5.3.0/../../../../../H-x86_64-pc-linux-gnu/nios2-elf/lib/mhw-mulx/libc.a(lib_a-getc.o)
                0x0000000080081c8c                _getc_r
 .text.getc     0x0000000080081cfc       0x88 /home/na62torino/altera/16.1/nios2eds/bin/gnu/H-x86_64-pc-linux-gnu/bin/../lib/gcc/nios2-elf/5.3.0/../../../../../H-x86_64-pc-linux-gnu/nios2-elf/lib/mhw-mulx/libc.a(lib_a-getc.o)
                0x0000000080081cfc                getc
 .text          0x0000000080081d84        0x0 /home/na62torino/altera/16.1/nios2eds/bin/gnu/H-x86_64-pc-linux-gnu/bin/../lib/gcc/nios2-elf/5.3.0/../../../../../H-x86_64-pc-linux-gnu/nios2-elf/lib/mhw-mulx/libc.a(lib_a-impure.o)
 .text          0x0000000080081d84        0x0 /home/na62torino/altera/16.1/nios2eds/bin/gnu/H-x86_64-pc-linux-gnu/bin/../lib/gcc/nios2-elf/5.3.0/../../../../../H-x86_64-pc-linux-gnu/nios2-elf/lib/mhw-mulx/libc.a(lib_a-printf.o)
 .text._printf_r
                0x0000000080081d84       0x30 /home/na62torino/altera/16.1/nios2eds/bin/gnu/H-x86_64-pc-linux-gnu/bin/../lib/gcc/nios2-elf/5.3.0/../../../../../H-x86_64-pc-linux-gnu/nios2-elf/lib/mhw-mulx/libc.a(lib_a-printf.o)
                0x0000000080081d84                _printf_r
 .text.printf   0x0000000080081db4       0x3c /home/na62torino/altera/16.1/nios2eds/bin/gnu/H-x86_64-pc-linux-gnu/bin/../lib/gcc/nios2-elf/5.3.0/../../../../../H-x86_64-pc-linux-gnu/nios2-elf/lib/mhw-mulx/libc.a(lib_a-printf.o)
                0x0000000080081db4                printf
 .text          0x0000000080081df0        0x0 /home/na62torino/altera/16.1/nios2eds/bin/gnu/H-x86_64-pc-linux-gnu/bin/../lib/gcc/nios2-elf/5.3.0/../../../../../H-x86_64-pc-linux-gnu/nios2-elf/lib/mhw-mulx/libc.a(lib_a-puts.o)
 .text._puts_r  0x0000000080081df0       0xc0 /home/na62torino/altera/16.1/nios2eds/bin/gnu/H-x86_64-pc-linux-gnu/bin/../lib/gcc/nios2-elf/5.3.0/../../../../../H-x86_64-pc-linux-gnu/nios2-elf/lib/mhw-mulx/libc.a(lib_a-puts.o)
                0x0000000080081df0                _puts_r
 .text.puts     0x0000000080081eb0       0x14 /home/na62torino/altera/16.1/nios2eds/bin/gnu/H-x86_64-pc-linux-gnu/bin/../lib/gcc/nios2-elf/5.3.0/../../../../../H-x86_64-pc-linux-gnu/nios2-elf/lib/mhw-mulx/libc.a(lib_a-puts.o)
                0x0000000080081eb0                puts
 .text          0x0000000080081ec4        0x0 /home/na62torino/altera/16.1/nios2eds/bin/gnu/H-x86_64-pc-linux-gnu/bin/../lib/gcc/nios2-elf/5.3.0/../../../../../H-x86_64-pc-linux-gnu/nios2-elf/lib/mhw-mulx/libc.a(lib_a-rget.o)
 .text.__srget_r
                0x0000000080081ec4       0x74 /home/na62torino/altera/16.1/nios2eds/bin/gnu/H-x86_64-pc-linux-gnu/bin/../lib/gcc/nios2-elf/5.3.0/../../../../../H-x86_64-pc-linux-gnu/nios2-elf/lib/mhw-mulx/libc.a(lib_a-rget.o)
                0x0000000080081ec4                __srget_r
 .text.__srget  0x0000000080081f38       0x14 /home/na62torino/altera/16.1/nios2eds/bin/gnu/H-x86_64-pc-linux-gnu/bin/../lib/gcc/nios2-elf/5.3.0/../../../../../H-x86_64-pc-linux-gnu/nios2-elf/lib/mhw-mulx/libc.a(lib_a-rget.o)
                0x0000000080081f38                __srget
 .text          0x0000000080081f4c        0x0 /home/na62torino/altera/16.1/nios2eds/bin/gnu/H-x86_64-pc-linux-gnu/bin/../lib/gcc/nios2-elf/5.3.0/../../../../../H-x86_64-pc-linux-gnu/nios2-elf/lib/mhw-mulx/libc.a(lib_a-sprintf.o)
 .text._sprintf_r
                0x0000000080081f4c       0x58 /home/na62torino/altera/16.1/nios2eds/bin/gnu/H-x86_64-pc-linux-gnu/bin/../lib/gcc/nios2-elf/5.3.0/../../../../../H-x86_64-pc-linux-gnu/nios2-elf/lib/mhw-mulx/libc.a(lib_a-sprintf.o)
                0x0000000080081f4c                _sprintf_r
 .text.sprintf  0x0000000080081fa4       0x6c /home/na62torino/altera/16.1/nios2eds/bin/gnu/H-x86_64-pc-linux-gnu/bin/../lib/gcc/nios2-elf/5.3.0/../../../../../H-x86_64-pc-linux-gnu/nios2-elf/lib/mhw-mulx/libc.a(lib_a-sprintf.o)
                0x0000000080081fa4                sprintf
 .text          0x0000000080082010        0x0 /home/na62torino/altera/16.1/nios2eds/bin/gnu/H-x86_64-pc-linux-gnu/bin/../lib/gcc/nios2-elf/5.3.0/../../../../../H-x86_64-pc-linux-gnu/nios2-elf/lib/mhw-mulx/libc.a(lib_a-strlen.o)
 .text.strlen   0x0000000080082010       0x98 /home/na62torino/altera/16.1/nios2eds/bin/gnu/H-x86_64-pc-linux-gnu/bin/../lib/gcc/nios2-elf/5.3.0/../../../../../H-x86_64-pc-linux-gnu/nios2-elf/lib/mhw-mulx/libc.a(lib_a-strlen.o)
                0x0000000080082010                strlen
 .text          0x00000000800820a8        0x0 /home/na62torino/altera/16.1/nios2eds/bin/gnu/H-x86_64-pc-linux-gnu/bin/../lib/gcc/nios2-elf/5.3.0/../../../../../H-x86_64-pc-linux-gnu/nios2-elf/lib/mhw-mulx/libc.a(lib_a-svfprintf.o)
 .text.___svfprintf_internal_r
                0x00000000800820a8     0x21d8 /home/na62torino/altera/16.1/nios2eds/bin/gnu/H-x86_64-pc-linux-gnu/bin/../lib/gcc/nios2-elf/5.3.0/../../../../../H-x86_64-pc-linux-gnu/nios2-elf/lib/mhw-mulx/libc.a(lib_a-svfprintf.o)
                0x00000000800820a8                ___svfprintf_internal_r
 .text          0x0000000080084280        0x0 /home/na62torino/altera/16.1/nios2eds/bin/gnu/H-x86_64-pc-linux-gnu/bin/../lib/gcc/nios2-elf/5.3.0/../../../../../H-x86_64-pc-linux-gnu/nios2-elf/lib/mhw-mulx/libc.a(lib_a-vfprintf.o)
 .text.___vfprintf_internal_r
                0x0000000080084280     0x21f8 /home/na62torino/altera/16.1/nios2eds/bin/gnu/H-x86_64-pc-linux-gnu/bin/../lib/gcc/nios2-elf/5.3.0/../../../../../H-x86_64-pc-linux-gnu/nios2-elf/lib/mhw-mulx/libc.a(lib_a-vfprintf.o)
                0x0000000080084280                ___vfprintf_internal_r
 .text.__vfprintf_internal
                0x0000000080086478       0x1c /home/na62torino/altera/16.1/nios2eds/bin/gnu/H-x86_64-pc-linux-gnu/bin/../lib/gcc/nios2-elf/5.3.0/../../../../../H-x86_64-pc-linux-gnu/nios2-elf/lib/mhw-mulx/libc.a(lib_a-vfprintf.o)
                0x0000000080086478                __vfprintf_internal
 .text.__sbprintf
                0x0000000080086494       0xbc /home/na62torino/altera/16.1/nios2eds/bin/gnu/H-x86_64-pc-linux-gnu/bin/../lib/gcc/nios2-elf/5.3.0/../../../../../H-x86_64-pc-linux-gnu/nios2-elf/lib/mhw-mulx/libc.a(lib_a-vfprintf.o)
 .text          0x0000000080086550        0x0 /home/na62torino/altera/16.1/nios2eds/bin/gnu/H-x86_64-pc-linux-gnu/bin/../lib/gcc/nios2-elf/5.3.0/../../../../../H-x86_64-pc-linux-gnu/nios2-elf/lib/mhw-mulx/libc.a(lib_a-vsnprintf.o)
 .text._vsnprintf_r
                0x0000000080086550       0xf0 /home/na62torino/altera/16.1/nios2eds/bin/gnu/H-x86_64-pc-linux-gnu/bin/../lib/gcc/nios2-elf/5.3.0/../../../../../H-x86_64-pc-linux-gnu/nios2-elf/lib/mhw-mulx/libc.a(lib_a-vsnprintf.o)
                0x0000000080086550                _vsnprintf_r
 .text.vsnprintf
                0x0000000080086640       0x34 /home/na62torino/altera/16.1/nios2eds/bin/gnu/H-x86_64-pc-linux-gnu/bin/../lib/gcc/nios2-elf/5.3.0/../../../../../H-x86_64-pc-linux-gnu/nios2-elf/lib/mhw-mulx/libc.a(lib_a-vsnprintf.o)
                0x0000000080086640                vsnprintf
 .text          0x0000000080086674        0x0 /home/na62torino/altera/16.1/nios2eds/bin/gnu/H-x86_64-pc-linux-gnu/bin/../lib/gcc/nios2-elf/5.3.0/../../../../../H-x86_64-pc-linux-gnu/nios2-elf/lib/mhw-mulx/libc.a(lib_a-wsetup.o)
 .text.__swsetup_r
                0x0000000080086674      0x154 /home/na62torino/altera/16.1/nios2eds/bin/gnu/H-x86_64-pc-linux-gnu/bin/../lib/gcc/nios2-elf/5.3.0/../../../../../H-x86_64-pc-linux-gnu/nios2-elf/lib/mhw-mulx/libc.a(lib_a-wsetup.o)
                0x0000000080086674                __swsetup_r
 .text          0x00000000800867c8        0x0 /home/na62torino/altera/16.1/nios2eds/bin/gnu/H-x86_64-pc-linux-gnu/bin/../lib/gcc/nios2-elf/5.3.0/../../../../../H-x86_64-pc-linux-gnu/nios2-elf/lib/mhw-mulx/libc.a(lib_a-dtoa.o)
 .text.quorem   0x00000000800867c8      0x200 /home/na62torino/altera/16.1/nios2eds/bin/gnu/H-x86_64-pc-linux-gnu/bin/../lib/gcc/nios2-elf/5.3.0/../../../../../H-x86_64-pc-linux-gnu/nios2-elf/lib/mhw-mulx/libc.a(lib_a-dtoa.o)
 .text._dtoa_r  0x00000000800869c8     0x1688 /home/na62torino/altera/16.1/nios2eds/bin/gnu/H-x86_64-pc-linux-gnu/bin/../lib/gcc/nios2-elf/5.3.0/../../../../../H-x86_64-pc-linux-gnu/nios2-elf/lib/mhw-mulx/libc.a(lib_a-dtoa.o)
                0x00000000800869c8                _dtoa_r
 .text          0x0000000080088050        0x0 /home/na62torino/altera/16.1/nios2eds/bin/gnu/H-x86_64-pc-linux-gnu/bin/../lib/gcc/nios2-elf/5.3.0/../../../../../H-x86_64-pc-linux-gnu/nios2-elf/lib/mhw-mulx/libc.a(lib_a-fflush.o)
 .text.__sflush_r
                0x0000000080088050      0x21c /home/na62torino/altera/16.1/nios2eds/bin/gnu/H-x86_64-pc-linux-gnu/bin/../lib/gcc/nios2-elf/5.3.0/../../../../../H-x86_64-pc-linux-gnu/nios2-elf/lib/mhw-mulx/libc.a(lib_a-fflush.o)
                0x0000000080088050                __sflush_r
 .text._fflush_r
                0x000000008008826c       0x5c /home/na62torino/altera/16.1/nios2eds/bin/gnu/H-x86_64-pc-linux-gnu/bin/../lib/gcc/nios2-elf/5.3.0/../../../../../H-x86_64-pc-linux-gnu/nios2-elf/lib/mhw-mulx/libc.a(lib_a-fflush.o)
                0x000000008008826c                _fflush_r
 .text.fflush   0x00000000800882c8       0x30 /home/na62torino/altera/16.1/nios2eds/bin/gnu/H-x86_64-pc-linux-gnu/bin/../lib/gcc/nios2-elf/5.3.0/../../../../../H-x86_64-pc-linux-gnu/nios2-elf/lib/mhw-mulx/libc.a(lib_a-fflush.o)
                0x00000000800882c8                fflush
 .text          0x00000000800882f8        0x0 /home/na62torino/altera/16.1/nios2eds/bin/gnu/H-x86_64-pc-linux-gnu/bin/../lib/gcc/nios2-elf/5.3.0/../../../../../H-x86_64-pc-linux-gnu/nios2-elf/lib/mhw-mulx/libc.a(lib_a-findfp.o)
 .text.__fp_unlock
                0x00000000800882f8        0x8 /home/na62torino/altera/16.1/nios2eds/bin/gnu/H-x86_64-pc-linux-gnu/bin/../lib/gcc/nios2-elf/5.3.0/../../../../../H-x86_64-pc-linux-gnu/nios2-elf/lib/mhw-mulx/libc.a(lib_a-findfp.o)
 .text._cleanup_r
                0x0000000080088300        0xc /home/na62torino/altera/16.1/nios2eds/bin/gnu/H-x86_64-pc-linux-gnu/bin/../lib/gcc/nios2-elf/5.3.0/../../../../../H-x86_64-pc-linux-gnu/nios2-elf/lib/mhw-mulx/libc.a(lib_a-findfp.o)
                0x0000000080088300                _cleanup_r
 .text.__sinit.part.1
                0x000000008008830c      0x19c /home/na62torino/altera/16.1/nios2eds/bin/gnu/H-x86_64-pc-linux-gnu/bin/../lib/gcc/nios2-elf/5.3.0/../../../../../H-x86_64-pc-linux-gnu/nios2-elf/lib/mhw-mulx/libc.a(lib_a-findfp.o)
 .text.__fp_lock
                0x00000000800884a8        0x8 /home/na62torino/altera/16.1/nios2eds/bin/gnu/H-x86_64-pc-linux-gnu/bin/../lib/gcc/nios2-elf/5.3.0/../../../../../H-x86_64-pc-linux-gnu/nios2-elf/lib/mhw-mulx/libc.a(lib_a-findfp.o)
 .text.__sfmoreglue
                0x00000000800884b0       0x68 /home/na62torino/altera/16.1/nios2eds/bin/gnu/H-x86_64-pc-linux-gnu/bin/../lib/gcc/nios2-elf/5.3.0/../../../../../H-x86_64-pc-linux-gnu/nios2-elf/lib/mhw-mulx/libc.a(lib_a-findfp.o)
                0x00000000800884b0                __sfmoreglue
 .text.__sfp    0x0000000080088518      0x118 /home/na62torino/altera/16.1/nios2eds/bin/gnu/H-x86_64-pc-linux-gnu/bin/../lib/gcc/nios2-elf/5.3.0/../../../../../H-x86_64-pc-linux-gnu/nios2-elf/lib/mhw-mulx/libc.a(lib_a-findfp.o)
                0x0000000080088518                __sfp
 .text._cleanup
                0x0000000080088630       0x18 /home/na62torino/altera/16.1/nios2eds/bin/gnu/H-x86_64-pc-linux-gnu/bin/../lib/gcc/nios2-elf/5.3.0/../../../../../H-x86_64-pc-linux-gnu/nios2-elf/lib/mhw-mulx/libc.a(lib_a-findfp.o)
                0x0000000080088630                _cleanup
 .text.__sinit  0x0000000080088648       0x10 /home/na62torino/altera/16.1/nios2eds/bin/gnu/H-x86_64-pc-linux-gnu/bin/../lib/gcc/nios2-elf/5.3.0/../../../../../H-x86_64-pc-linux-gnu/nios2-elf/lib/mhw-mulx/libc.a(lib_a-findfp.o)
                0x0000000080088648                __sinit
 .text.__sfp_lock_acquire
                0x0000000080088658        0x4 /home/na62torino/altera/16.1/nios2eds/bin/gnu/H-x86_64-pc-linux-gnu/bin/../lib/gcc/nios2-elf/5.3.0/../../../../../H-x86_64-pc-linux-gnu/nios2-elf/lib/mhw-mulx/libc.a(lib_a-findfp.o)
                0x0000000080088658                __sfp_lock_acquire
 .text.__sfp_lock_release
                0x000000008008865c        0x4 /home/na62torino/altera/16.1/nios2eds/bin/gnu/H-x86_64-pc-linux-gnu/bin/../lib/gcc/nios2-elf/5.3.0/../../../../../H-x86_64-pc-linux-gnu/nios2-elf/lib/mhw-mulx/libc.a(lib_a-findfp.o)
                0x000000008008865c                __sfp_lock_release
 .text.__sinit_lock_acquire
                0x0000000080088660        0x4 /home/na62torino/altera/16.1/nios2eds/bin/gnu/H-x86_64-pc-linux-gnu/bin/../lib/gcc/nios2-elf/5.3.0/../../../../../H-x86_64-pc-linux-gnu/nios2-elf/lib/mhw-mulx/libc.a(lib_a-findfp.o)
                0x0000000080088660                __sinit_lock_acquire
 .text.__sinit_lock_release
                0x0000000080088664        0x4 /home/na62torino/altera/16.1/nios2eds/bin/gnu/H-x86_64-pc-linux-gnu/bin/../lib/gcc/nios2-elf/5.3.0/../../../../../H-x86_64-pc-linux-gnu/nios2-elf/lib/mhw-mulx/libc.a(lib_a-findfp.o)
                0x0000000080088664                __sinit_lock_release
 .text.__fp_lock_all
                0x0000000080088668       0x18 /home/na62torino/altera/16.1/nios2eds/bin/gnu/H-x86_64-pc-linux-gnu/bin/../lib/gcc/nios2-elf/5.3.0/../../../../../H-x86_64-pc-linux-gnu/nios2-elf/lib/mhw-mulx/libc.a(lib_a-findfp.o)
                0x0000000080088668                __fp_lock_all
 .text.__fp_unlock_all
                0x0000000080088680       0x18 /home/na62torino/altera/16.1/nios2eds/bin/gnu/H-x86_64-pc-linux-gnu/bin/../lib/gcc/nios2-elf/5.3.0/../../../../../H-x86_64-pc-linux-gnu/nios2-elf/lib/mhw-mulx/libc.a(lib_a-findfp.o)
                0x0000000080088680                __fp_unlock_all
 .text          0x0000000080088698        0x0 /home/na62torino/altera/16.1/nios2eds/bin/gnu/H-x86_64-pc-linux-gnu/bin/../lib/gcc/nios2-elf/5.3.0/../../../../../H-x86_64-pc-linux-gnu/nios2-elf/lib/mhw-mulx/libc.a(lib_a-freer.o)
 .text._malloc_trim_r
                0x0000000080088698      0x124 /home/na62torino/altera/16.1/nios2eds/bin/gnu/H-x86_64-pc-linux-gnu/bin/../lib/gcc/nios2-elf/5.3.0/../../../../../H-x86_64-pc-linux-gnu/nios2-elf/lib/mhw-mulx/libc.a(lib_a-freer.o)
                0x0000000080088698                _malloc_trim_r
 .text._free_r  0x00000000800887bc      0x310 /home/na62torino/altera/16.1/nios2eds/bin/gnu/H-x86_64-pc-linux-gnu/bin/../lib/gcc/nios2-elf/5.3.0/../../../../../H-x86_64-pc-linux-gnu/nios2-elf/lib/mhw-mulx/libc.a(lib_a-freer.o)
                0x00000000800887bc                _free_r
 .text          0x0000000080088acc        0x0 /home/na62torino/altera/16.1/nios2eds/bin/gnu/H-x86_64-pc-linux-gnu/bin/../lib/gcc/nios2-elf/5.3.0/../../../../../H-x86_64-pc-linux-gnu/nios2-elf/lib/mhw-mulx/libc.a(lib_a-fvwrite.o)
 .text.__sfvwrite_r
                0x0000000080088acc      0x4bc /home/na62torino/altera/16.1/nios2eds/bin/gnu/H-x86_64-pc-linux-gnu/bin/../lib/gcc/nios2-elf/5.3.0/../../../../../H-x86_64-pc-linux-gnu/nios2-elf/lib/mhw-mulx/libc.a(lib_a-fvwrite.o)
                0x0000000080088acc                __sfvwrite_r
 .text          0x0000000080088f88        0x0 /home/na62torino/altera/16.1/nios2eds/bin/gnu/H-x86_64-pc-linux-gnu/bin/../lib/gcc/nios2-elf/5.3.0/../../../../../H-x86_64-pc-linux-gnu/nios2-elf/lib/mhw-mulx/libc.a(lib_a-fwalk.o)
 .text._fwalk   0x0000000080088f88       0xc4 /home/na62torino/altera/16.1/nios2eds/bin/gnu/H-x86_64-pc-linux-gnu/bin/../lib/gcc/nios2-elf/5.3.0/../../../../../H-x86_64-pc-linux-gnu/nios2-elf/lib/mhw-mulx/libc.a(lib_a-fwalk.o)
                0x0000000080088f88                _fwalk
 .text._fwalk_reent
                0x000000008008904c       0xc4 /home/na62torino/altera/16.1/nios2eds/bin/gnu/H-x86_64-pc-linux-gnu/bin/../lib/gcc/nios2-elf/5.3.0/../../../../../H-x86_64-pc-linux-gnu/nios2-elf/lib/mhw-mulx/libc.a(lib_a-fwalk.o)
                0x000000008008904c                _fwalk_reent
 .text          0x0000000080089110        0x0 /home/na62torino/altera/16.1/nios2eds/bin/gnu/H-x86_64-pc-linux-gnu/bin/../lib/gcc/nios2-elf/5.3.0/../../../../../H-x86_64-pc-linux-gnu/nios2-elf/lib/mhw-mulx/libc.a(lib_a-locale.o)
 .text._setlocale_r
                0x0000000080089110       0x7c /home/na62torino/altera/16.1/nios2eds/bin/gnu/H-x86_64-pc-linux-gnu/bin/../lib/gcc/nios2-elf/5.3.0/../../../../../H-x86_64-pc-linux-gnu/nios2-elf/lib/mhw-mulx/libc.a(lib_a-locale.o)
                0x0000000080089110                _setlocale_r
 .text.__locale_charset
                0x000000008008918c        0xc /home/na62torino/altera/16.1/nios2eds/bin/gnu/H-x86_64-pc-linux-gnu/bin/../lib/gcc/nios2-elf/5.3.0/../../../../../H-x86_64-pc-linux-gnu/nios2-elf/lib/mhw-mulx/libc.a(lib_a-locale.o)
                0x000000008008918c                __locale_charset
 .text.__locale_mb_cur_max
                0x0000000080089198       0x10 /home/na62torino/altera/16.1/nios2eds/bin/gnu/H-x86_64-pc-linux-gnu/bin/../lib/gcc/nios2-elf/5.3.0/../../../../../H-x86_64-pc-linux-gnu/nios2-elf/lib/mhw-mulx/libc.a(lib_a-locale.o)
                0x0000000080089198                __locale_mb_cur_max
 .text.__locale_msgcharset
                0x00000000800891a8        0xc /home/na62torino/altera/16.1/nios2eds/bin/gnu/H-x86_64-pc-linux-gnu/bin/../lib/gcc/nios2-elf/5.3.0/../../../../../H-x86_64-pc-linux-gnu/nios2-elf/lib/mhw-mulx/libc.a(lib_a-locale.o)
                0x00000000800891a8                __locale_msgcharset
 .text.__locale_cjk_lang
                0x00000000800891b4        0x8 /home/na62torino/altera/16.1/nios2eds/bin/gnu/H-x86_64-pc-linux-gnu/bin/../lib/gcc/nios2-elf/5.3.0/../../../../../H-x86_64-pc-linux-gnu/nios2-elf/lib/mhw-mulx/libc.a(lib_a-locale.o)
                0x00000000800891b4                __locale_cjk_lang
 .text._localeconv_r
                0x00000000800891bc        0xc /home/na62torino/altera/16.1/nios2eds/bin/gnu/H-x86_64-pc-linux-gnu/bin/../lib/gcc/nios2-elf/5.3.0/../../../../../H-x86_64-pc-linux-gnu/nios2-elf/lib/mhw-mulx/libc.a(lib_a-locale.o)
                0x00000000800891bc                _localeconv_r
 .text.setlocale
                0x00000000800891c8       0x18 /home/na62torino/altera/16.1/nios2eds/bin/gnu/H-x86_64-pc-linux-gnu/bin/../lib/gcc/nios2-elf/5.3.0/../../../../../H-x86_64-pc-linux-gnu/nios2-elf/lib/mhw-mulx/libc.a(lib_a-locale.o)
                0x00000000800891c8                setlocale
 .text.localeconv
                0x00000000800891e0        0xc /home/na62torino/altera/16.1/nios2eds/bin/gnu/H-x86_64-pc-linux-gnu/bin/../lib/gcc/nios2-elf/5.3.0/../../../../../H-x86_64-pc-linux-gnu/nios2-elf/lib/mhw-mulx/libc.a(lib_a-locale.o)
                0x00000000800891e0                localeconv
 .text          0x00000000800891ec        0x0 /home/na62torino/altera/16.1/nios2eds/bin/gnu/H-x86_64-pc-linux-gnu/bin/../lib/gcc/nios2-elf/5.3.0/../../../../../H-x86_64-pc-linux-gnu/nios2-elf/lib/mhw-mulx/libc.a(lib_a-makebuf.o)
 .text.__smakebuf_r
                0x00000000800891ec      0x1bc /home/na62torino/altera/16.1/nios2eds/bin/gnu/H-x86_64-pc-linux-gnu/bin/../lib/gcc/nios2-elf/5.3.0/../../../../../H-x86_64-pc-linux-gnu/nios2-elf/lib/mhw-mulx/libc.a(lib_a-makebuf.o)
                0x00000000800891ec                __smakebuf_r
 .text          0x00000000800893a8        0x0 /home/na62torino/altera/16.1/nios2eds/bin/gnu/H-x86_64-pc-linux-gnu/bin/../lib/gcc/nios2-elf/5.3.0/../../../../../H-x86_64-pc-linux-gnu/nios2-elf/lib/mhw-mulx/libc.a(lib_a-mallocr.o)
 .text._malloc_r
                0x00000000800893a8      0x80c /home/na62torino/altera/16.1/nios2eds/bin/gnu/H-x86_64-pc-linux-gnu/bin/../lib/gcc/nios2-elf/5.3.0/../../../../../H-x86_64-pc-linux-gnu/nios2-elf/lib/mhw-mulx/libc.a(lib_a-mallocr.o)
                0x00000000800893a8                _malloc_r
 .text          0x0000000080089bb4        0x0 /home/na62torino/altera/16.1/nios2eds/bin/gnu/H-x86_64-pc-linux-gnu/bin/../lib/gcc/nios2-elf/5.3.0/../../../../../H-x86_64-pc-linux-gnu/nios2-elf/lib/mhw-mulx/libc.a(lib_a-memchr.o)
 .text.memchr   0x0000000080089bb4       0xe4 /home/na62torino/altera/16.1/nios2eds/bin/gnu/H-x86_64-pc-linux-gnu/bin/../lib/gcc/nios2-elf/5.3.0/../../../../../H-x86_64-pc-linux-gnu/nios2-elf/lib/mhw-mulx/libc.a(lib_a-memchr.o)
                0x0000000080089bb4                memchr
 .text          0x0000000080089c98        0x0 /home/na62torino/altera/16.1/nios2eds/bin/gnu/H-x86_64-pc-linux-gnu/bin/../lib/gcc/nios2-elf/5.3.0/../../../../../H-x86_64-pc-linux-gnu/nios2-elf/lib/mhw-mulx/libc.a(lib_a-memcpy.o)
 .text.memcpy   0x0000000080089c98      0x148 /home/na62torino/altera/16.1/nios2eds/bin/gnu/H-x86_64-pc-linux-gnu/bin/../lib/gcc/nios2-elf/5.3.0/../../../../../H-x86_64-pc-linux-gnu/nios2-elf/lib/mhw-mulx/libc.a(lib_a-memcpy.o)
                0x0000000080089c98                memcpy
 .text          0x0000000080089de0        0x0 /home/na62torino/altera/16.1/nios2eds/bin/gnu/H-x86_64-pc-linux-gnu/bin/../lib/gcc/nios2-elf/5.3.0/../../../../../H-x86_64-pc-linux-gnu/nios2-elf/lib/mhw-mulx/libc.a(lib_a-memmove.o)
 .text.memmove  0x0000000080089de0      0x15c /home/na62torino/altera/16.1/nios2eds/bin/gnu/H-x86_64-pc-linux-gnu/bin/../lib/gcc/nios2-elf/5.3.0/../../../../../H-x86_64-pc-linux-gnu/nios2-elf/lib/mhw-mulx/libc.a(lib_a-memmove.o)
                0x0000000080089de0                memmove
 .text          0x0000000080089f3c        0x0 /home/na62torino/altera/16.1/nios2eds/bin/gnu/H-x86_64-pc-linux-gnu/bin/../lib/gcc/nios2-elf/5.3.0/../../../../../H-x86_64-pc-linux-gnu/nios2-elf/lib/mhw-mulx/libc.a(lib_a-memset.o)
 .text.memset   0x0000000080089f3c      0x128 /home/na62torino/altera/16.1/nios2eds/bin/gnu/H-x86_64-pc-linux-gnu/bin/../lib/gcc/nios2-elf/5.3.0/../../../../../H-x86_64-pc-linux-gnu/nios2-elf/lib/mhw-mulx/libc.a(lib_a-memset.o)
                0x0000000080089f3c                memset
 .text          0x000000008008a064        0x0 /home/na62torino/altera/16.1/nios2eds/bin/gnu/H-x86_64-pc-linux-gnu/bin/../lib/gcc/nios2-elf/5.3.0/../../../../../H-x86_64-pc-linux-gnu/nios2-elf/lib/mhw-mulx/libc.a(lib_a-mprec.o)
 .text._Balloc  0x000000008008a064       0xa8 /home/na62torino/altera/16.1/nios2eds/bin/gnu/H-x86_64-pc-linux-gnu/bin/../lib/gcc/nios2-elf/5.3.0/../../../../../H-x86_64-pc-linux-gnu/nios2-elf/lib/mhw-mulx/libc.a(lib_a-mprec.o)
                0x000000008008a064                _Balloc
 .text._Bfree   0x000000008008a10c       0x28 /home/na62torino/altera/16.1/nios2eds/bin/gnu/H-x86_64-pc-linux-gnu/bin/../lib/gcc/nios2-elf/5.3.0/../../../../../H-x86_64-pc-linux-gnu/nios2-elf/lib/mhw-mulx/libc.a(lib_a-mprec.o)
                0x000000008008a10c                _Bfree
 .text.__multadd
                0x000000008008a134      0x120 /home/na62torino/altera/16.1/nios2eds/bin/gnu/H-x86_64-pc-linux-gnu/bin/../lib/gcc/nios2-elf/5.3.0/../../../../../H-x86_64-pc-linux-gnu/nios2-elf/lib/mhw-mulx/libc.a(lib_a-mprec.o)
                0x000000008008a134                __multadd
 .text.__s2b    0x000000008008a254      0x104 /home/na62torino/altera/16.1/nios2eds/bin/gnu/H-x86_64-pc-linux-gnu/bin/../lib/gcc/nios2-elf/5.3.0/../../../../../H-x86_64-pc-linux-gnu/nios2-elf/lib/mhw-mulx/libc.a(lib_a-mprec.o)
                0x000000008008a254                __s2b
 .text.__hi0bits
                0x000000008008a358       0x68 /home/na62torino/altera/16.1/nios2eds/bin/gnu/H-x86_64-pc-linux-gnu/bin/../lib/gcc/nios2-elf/5.3.0/../../../../../H-x86_64-pc-linux-gnu/nios2-elf/lib/mhw-mulx/libc.a(lib_a-mprec.o)
                0x000000008008a358                __hi0bits
 .text.__lo0bits
                0x000000008008a3c0       0xb0 /home/na62torino/altera/16.1/nios2eds/bin/gnu/H-x86_64-pc-linux-gnu/bin/../lib/gcc/nios2-elf/5.3.0/../../../../../H-x86_64-pc-linux-gnu/nios2-elf/lib/mhw-mulx/libc.a(lib_a-mprec.o)
                0x000000008008a3c0                __lo0bits
 .text.__i2b    0x000000008008a470       0x3c /home/na62torino/altera/16.1/nios2eds/bin/gnu/H-x86_64-pc-linux-gnu/bin/../lib/gcc/nios2-elf/5.3.0/../../../../../H-x86_64-pc-linux-gnu/nios2-elf/lib/mhw-mulx/libc.a(lib_a-mprec.o)
                0x000000008008a470                __i2b
 .text.__multiply
                0x000000008008a4ac      0x1f8 /home/na62torino/altera/16.1/nios2eds/bin/gnu/H-x86_64-pc-linux-gnu/bin/../lib/gcc/nios2-elf/5.3.0/../../../../../H-x86_64-pc-linux-gnu/nios2-elf/lib/mhw-mulx/libc.a(lib_a-mprec.o)
                0x000000008008a4ac                __multiply
 .text.__pow5mult
                0x000000008008a6a4      0x140 /home/na62torino/altera/16.1/nios2eds/bin/gnu/H-x86_64-pc-linux-gnu/bin/../lib/gcc/nios2-elf/5.3.0/../../../../../H-x86_64-pc-linux-gnu/nios2-elf/lib/mhw-mulx/libc.a(lib_a-mprec.o)
                0x000000008008a6a4                __pow5mult
 .text.__lshift
                0x000000008008a7e4      0x148 /home/na62torino/altera/16.1/nios2eds/bin/gnu/H-x86_64-pc-linux-gnu/bin/../lib/gcc/nios2-elf/5.3.0/../../../../../H-x86_64-pc-linux-gnu/nios2-elf/lib/mhw-mulx/libc.a(lib_a-mprec.o)
                0x000000008008a7e4                __lshift
 .text.__mcmp   0x000000008008a92c       0x60 /home/na62torino/altera/16.1/nios2eds/bin/gnu/H-x86_64-pc-linux-gnu/bin/../lib/gcc/nios2-elf/5.3.0/../../../../../H-x86_64-pc-linux-gnu/nios2-elf/lib/mhw-mulx/libc.a(lib_a-mprec.o)
                0x000000008008a92c                __mcmp
 .text.__mdiff  0x000000008008a98c      0x1fc /home/na62torino/altera/16.1/nios2eds/bin/gnu/H-x86_64-pc-linux-gnu/bin/../lib/gcc/nios2-elf/5.3.0/../../../../../H-x86_64-pc-linux-gnu/nios2-elf/lib/mhw-mulx/libc.a(lib_a-mprec.o)
                0x000000008008a98c                __mdiff
 .text.__ulp    0x000000008008ab88       0x64 /home/na62torino/altera/16.1/nios2eds/bin/gnu/H-x86_64-pc-linux-gnu/bin/../lib/gcc/nios2-elf/5.3.0/../../../../../H-x86_64-pc-linux-gnu/nios2-elf/lib/mhw-mulx/libc.a(lib_a-mprec.o)
                0x000000008008ab88                __ulp
 .text.__b2d    0x000000008008abec      0x10c /home/na62torino/altera/16.1/nios2eds/bin/gnu/H-x86_64-pc-linux-gnu/bin/../lib/gcc/nios2-elf/5.3.0/../../../../../H-x86_64-pc-linux-gnu/nios2-elf/lib/mhw-mulx/libc.a(lib_a-mprec.o)
                0x000000008008abec                __b2d
 .text.__d2b    0x000000008008acf8      0x14c /home/na62torino/altera/16.1/nios2eds/bin/gnu/H-x86_64-pc-linux-gnu/bin/../lib/gcc/nios2-elf/5.3.0/../../../../../H-x86_64-pc-linux-gnu/nios2-elf/lib/mhw-mulx/libc.a(lib_a-mprec.o)
                0x000000008008acf8                __d2b
 .text.__ratio  0x000000008008ae44       0xa4 /home/na62torino/altera/16.1/nios2eds/bin/gnu/H-x86_64-pc-linux-gnu/bin/../lib/gcc/nios2-elf/5.3.0/../../../../../H-x86_64-pc-linux-gnu/nios2-elf/lib/mhw-mulx/libc.a(lib_a-mprec.o)
                0x000000008008ae44                __ratio
 .text._mprec_log10
                0x000000008008aee8       0x74 /home/na62torino/altera/16.1/nios2eds/bin/gnu/H-x86_64-pc-linux-gnu/bin/../lib/gcc/nios2-elf/5.3.0/../../../../../H-x86_64-pc-linux-gnu/nios2-elf/lib/mhw-mulx/libc.a(lib_a-mprec.o)
                0x000000008008aee8                _mprec_log10
 .text.__copybits
                0x000000008008af5c       0x78 /home/na62torino/altera/16.1/nios2eds/bin/gnu/H-x86_64-pc-linux-gnu/bin/../lib/gcc/nios2-elf/5.3.0/../../../../../H-x86_64-pc-linux-gnu/nios2-elf/lib/mhw-mulx/libc.a(lib_a-mprec.o)
                0x000000008008af5c                __copybits
 .text.__any_on
                0x000000008008afd4       0x8c /home/na62torino/altera/16.1/nios2eds/bin/gnu/H-x86_64-pc-linux-gnu/bin/../lib/gcc/nios2-elf/5.3.0/../../../../../H-x86_64-pc-linux-gnu/nios2-elf/lib/mhw-mulx/libc.a(lib_a-mprec.o)
                0x000000008008afd4                __any_on
 .text          0x000000008008b060        0x0 /home/na62torino/altera/16.1/nios2eds/bin/gnu/H-x86_64-pc-linux-gnu/bin/../lib/gcc/nios2-elf/5.3.0/../../../../../H-x86_64-pc-linux-gnu/nios2-elf/lib/mhw-mulx/libc.a(lib_a-reallocr.o)
 .text._realloc_r
                0x000000008008b060      0x564 /home/na62torino/altera/16.1/nios2eds/bin/gnu/H-x86_64-pc-linux-gnu/bin/../lib/gcc/nios2-elf/5.3.0/../../../../../H-x86_64-pc-linux-gnu/nios2-elf/lib/mhw-mulx/libc.a(lib_a-reallocr.o)
                0x000000008008b060                _realloc_r
 .text          0x000000008008b5c4        0x0 /home/na62torino/altera/16.1/nios2eds/bin/gnu/H-x86_64-pc-linux-gnu/bin/../lib/gcc/nios2-elf/5.3.0/../../../../../H-x86_64-pc-linux-gnu/nios2-elf/lib/mhw-mulx/libc.a(lib_a-refill.o)
 .text.lflush   0x000000008008b5c4       0x1c /home/na62torino/altera/16.1/nios2eds/bin/gnu/H-x86_64-pc-linux-gnu/bin/../lib/gcc/nios2-elf/5.3.0/../../../../../H-x86_64-pc-linux-gnu/nios2-elf/lib/mhw-mulx/libc.a(lib_a-refill.o)
 .text.__srefill_r
                0x000000008008b5e0      0x1d4 /home/na62torino/altera/16.1/nios2eds/bin/gnu/H-x86_64-pc-linux-gnu/bin/../lib/gcc/nios2-elf/5.3.0/../../../../../H-x86_64-pc-linux-gnu/nios2-elf/lib/mhw-mulx/libc.a(lib_a-refill.o)
                0x000000008008b5e0                __srefill_r
 .text          0x000000008008b7b4        0x0 /home/na62torino/altera/16.1/nios2eds/bin/gnu/H-x86_64-pc-linux-gnu/bin/../lib/gcc/nios2-elf/5.3.0/../../../../../H-x86_64-pc-linux-gnu/nios2-elf/lib/mhw-mulx/libc.a(lib_a-s_fpclassify.o)
 .text.__fpclassifyd
                0x000000008008b7b4       0x74 /home/na62torino/altera/16.1/nios2eds/bin/gnu/H-x86_64-pc-linux-gnu/bin/../lib/gcc/nios2-elf/5.3.0/../../../../../H-x86_64-pc-linux-gnu/nios2-elf/lib/mhw-mulx/libc.a(lib_a-s_fpclassify.o)
                0x000000008008b7b4                __fpclassifyd
 .text          0x000000008008b828        0x0 /home/na62torino/altera/16.1/nios2eds/bin/gnu/H-x86_64-pc-linux-gnu/bin/../lib/gcc/nios2-elf/5.3.0/../../../../../H-x86_64-pc-linux-gnu/nios2-elf/lib/mhw-mulx/libc.a(lib_a-sbrkr.o)
 .text._sbrk_r  0x000000008008b828       0x54 /home/na62torino/altera/16.1/nios2eds/bin/gnu/H-x86_64-pc-linux-gnu/bin/../lib/gcc/nios2-elf/5.3.0/../../../../../H-x86_64-pc-linux-gnu/nios2-elf/lib/mhw-mulx/libc.a(lib_a-sbrkr.o)
                0x000000008008b828                _sbrk_r
 .text          0x000000008008b87c        0x0 /home/na62torino/altera/16.1/nios2eds/bin/gnu/H-x86_64-pc-linux-gnu/bin/../lib/gcc/nios2-elf/5.3.0/../../../../../H-x86_64-pc-linux-gnu/nios2-elf/lib/mhw-mulx/libc.a(lib_a-stdio.o)
 .text.__sread  0x000000008008b87c       0x54 /home/na62torino/altera/16.1/nios2eds/bin/gnu/H-x86_64-pc-linux-gnu/bin/../lib/gcc/nios2-elf/5.3.0/../../../../../H-x86_64-pc-linux-gnu/nios2-elf/lib/mhw-mulx/libc.a(lib_a-stdio.o)
                0x000000008008b87c                __sread
 .text.__seofread
                0x000000008008b8d0        0x8 /home/na62torino/altera/16.1/nios2eds/bin/gnu/H-x86_64-pc-linux-gnu/bin/../lib/gcc/nios2-elf/5.3.0/../../../../../H-x86_64-pc-linux-gnu/nios2-elf/lib/mhw-mulx/libc.a(lib_a-stdio.o)
                0x000000008008b8d0                __seofread
 .text.__swrite
                0x000000008008b8d8       0x7c /home/na62torino/altera/16.1/nios2eds/bin/gnu/H-x86_64-pc-linux-gnu/bin/../lib/gcc/nios2-elf/5.3.0/../../../../../H-x86_64-pc-linux-gnu/nios2-elf/lib/mhw-mulx/libc.a(lib_a-stdio.o)
                0x000000008008b8d8                __swrite
 .text.__sseek  0x000000008008b954       0x5c /home/na62torino/altera/16.1/nios2eds/bin/gnu/H-x86_64-pc-linux-gnu/bin/../lib/gcc/nios2-elf/5.3.0/../../../../../H-x86_64-pc-linux-gnu/nios2-elf/lib/mhw-mulx/libc.a(lib_a-stdio.o)
                0x000000008008b954                __sseek
 .text.__sclose
                0x000000008008b9b0        0x8 /home/na62torino/altera/16.1/nios2eds/bin/gnu/H-x86_64-pc-linux-gnu/bin/../lib/gcc/nios2-elf/5.3.0/../../../../../H-x86_64-pc-linux-gnu/nios2-elf/lib/mhw-mulx/libc.a(lib_a-stdio.o)
                0x000000008008b9b0                __sclose
 .text          0x000000008008b9b8        0x0 /home/na62torino/altera/16.1/nios2eds/bin/gnu/H-x86_64-pc-linux-gnu/bin/../lib/gcc/nios2-elf/5.3.0/../../../../../H-x86_64-pc-linux-gnu/nios2-elf/lib/mhw-mulx/libc.a(lib_a-strcmp.o)
 .text.strcmp   0x000000008008b9b8       0xdc /home/na62torino/altera/16.1/nios2eds/bin/gnu/H-x86_64-pc-linux-gnu/bin/../lib/gcc/nios2-elf/5.3.0/../../../../../H-x86_64-pc-linux-gnu/nios2-elf/lib/mhw-mulx/libc.a(lib_a-strcmp.o)
                0x000000008008b9b8                strcmp
 .text          0x000000008008ba94        0x0 /home/na62torino/altera/16.1/nios2eds/bin/gnu/H-x86_64-pc-linux-gnu/bin/../lib/gcc/nios2-elf/5.3.0/../../../../../H-x86_64-pc-linux-gnu/nios2-elf/lib/mhw-mulx/libc.a(lib_a-svfiprintf.o)
 .text.__ssprint_r
                0x000000008008ba94      0x1d0 /home/na62torino/altera/16.1/nios2eds/bin/gnu/H-x86_64-pc-linux-gnu/bin/../lib/gcc/nios2-elf/5.3.0/../../../../../H-x86_64-pc-linux-gnu/nios2-elf/lib/mhw-mulx/libc.a(lib_a-svfiprintf.o)
                0x000000008008ba94                __ssprint_r
 .text.___svfiprintf_internal_r
                0x000000008008bc64     0x123c /home/na62torino/altera/16.1/nios2eds/bin/gnu/H-x86_64-pc-linux-gnu/bin/../lib/gcc/nios2-elf/5.3.0/../../../../../H-x86_64-pc-linux-gnu/nios2-elf/lib/mhw-mulx/libc.a(lib_a-svfiprintf.o)
                0x000000008008bc64                ___svfiprintf_internal_r
 .text          0x000000008008cea0        0x0 /home/na62torino/altera/16.1/nios2eds/bin/gnu/H-x86_64-pc-linux-gnu/bin/../lib/gcc/nios2-elf/5.3.0/../../../../../H-x86_64-pc-linux-gnu/nios2-elf/lib/mhw-mulx/libc.a(lib_a-vfiprintf.o)
 .text.__sprint_r.part.0
                0x000000008008cea0       0xfc /home/na62torino/altera/16.1/nios2eds/bin/gnu/H-x86_64-pc-linux-gnu/bin/../lib/gcc/nios2-elf/5.3.0/../../../../../H-x86_64-pc-linux-gnu/nios2-elf/lib/mhw-mulx/libc.a(lib_a-vfiprintf.o)
 .text.__sprint_r
                0x000000008008cf9c       0x18 /home/na62torino/altera/16.1/nios2eds/bin/gnu/H-x86_64-pc-linux-gnu/bin/../lib/gcc/nios2-elf/5.3.0/../../../../../H-x86_64-pc-linux-gnu/nios2-elf/lib/mhw-mulx/libc.a(lib_a-vfiprintf.o)
                0x000000008008cf9c                __sprint_r
 .text.___vfiprintf_internal_r
                0x000000008008cfb4     0x145c /home/na62torino/altera/16.1/nios2eds/bin/gnu/H-x86_64-pc-linux-gnu/bin/../lib/gcc/nios2-elf/5.3.0/../../../../../H-x86_64-pc-linux-gnu/nios2-elf/lib/mhw-mulx/libc.a(lib_a-vfiprintf.o)
                0x000000008008cfb4                ___vfiprintf_internal_r
 .text.__vfiprintf_internal
                0x000000008008e410       0x1c /home/na62torino/altera/16.1/nios2eds/bin/gnu/H-x86_64-pc-linux-gnu/bin/../lib/gcc/nios2-elf/5.3.0/../../../../../H-x86_64-pc-linux-gnu/nios2-elf/lib/mhw-mulx/libc.a(lib_a-vfiprintf.o)
                0x000000008008e410                __vfiprintf_internal
 .text.__sbprintf
                0x000000008008e42c       0xbc /home/na62torino/altera/16.1/nios2eds/bin/gnu/H-x86_64-pc-linux-gnu/bin/../lib/gcc/nios2-elf/5.3.0/../../../../../H-x86_64-pc-linux-gnu/nios2-elf/lib/mhw-mulx/libc.a(lib_a-vfiprintf.o)
 .text          0x000000008008e4e8        0x0 /home/na62torino/altera/16.1/nios2eds/bin/gnu/H-x86_64-pc-linux-gnu/bin/../lib/gcc/nios2-elf/5.3.0/../../../../../H-x86_64-pc-linux-gnu/nios2-elf/lib/mhw-mulx/libc.a(lib_a-writer.o)
 .text._write_r
                0x000000008008e4e8       0x60 /home/na62torino/altera/16.1/nios2eds/bin/gnu/H-x86_64-pc-linux-gnu/bin/../lib/gcc/nios2-elf/5.3.0/../../../../../H-x86_64-pc-linux-gnu/nios2-elf/lib/mhw-mulx/libc.a(lib_a-writer.o)
                0x000000008008e4e8                _write_r
 .text          0x000000008008e548        0x0 /home/na62torino/altera/16.1/nios2eds/bin/gnu/H-x86_64-pc-linux-gnu/bin/../lib/gcc/nios2-elf/5.3.0/../../../../../H-x86_64-pc-linux-gnu/nios2-elf/lib/mhw-mulx/libc.a(closer.o)
 .text._close_r
                0x000000008008e548       0x54 /home/na62torino/altera/16.1/nios2eds/bin/gnu/H-x86_64-pc-linux-gnu/bin/../lib/gcc/nios2-elf/5.3.0/../../../../../H-x86_64-pc-linux-gnu/nios2-elf/lib/mhw-mulx/libc.a(closer.o)
                0x000000008008e548                _close_r
 .text          0x000000008008e59c        0x0 /home/na62torino/altera/16.1/nios2eds/bin/gnu/H-x86_64-pc-linux-gnu/bin/../lib/gcc/nios2-elf/5.3.0/../../../../../H-x86_64-pc-linux-gnu/nios2-elf/lib/mhw-mulx/libc.a(lib_a-callocr.o)
 .text._calloc_r
                0x000000008008e59c       0xc4 /home/na62torino/altera/16.1/nios2eds/bin/gnu/H-x86_64-pc-linux-gnu/bin/../lib/gcc/nios2-elf/5.3.0/../../../../../H-x86_64-pc-linux-gnu/nios2-elf/lib/mhw-mulx/libc.a(lib_a-callocr.o)
                0x000000008008e59c                _calloc_r
 .text          0x000000008008e660        0x0 /home/na62torino/altera/16.1/nios2eds/bin/gnu/H-x86_64-pc-linux-gnu/bin/../lib/gcc/nios2-elf/5.3.0/../../../../../H-x86_64-pc-linux-gnu/nios2-elf/lib/mhw-mulx/libc.a(lib_a-fclose.o)
 .text._fclose_r
                0x000000008008e660       0xf0 /home/na62torino/altera/16.1/nios2eds/bin/gnu/H-x86_64-pc-linux-gnu/bin/../lib/gcc/nios2-elf/5.3.0/../../../../../H-x86_64-pc-linux-gnu/nios2-elf/lib/mhw-mulx/libc.a(lib_a-fclose.o)
                0x000000008008e660                _fclose_r
 .text.fclose   0x000000008008e750       0x14 /home/na62torino/altera/16.1/nios2eds/bin/gnu/H-x86_64-pc-linux-gnu/bin/../lib/gcc/nios2-elf/5.3.0/../../../../../H-x86_64-pc-linux-gnu/nios2-elf/lib/mhw-mulx/libc.a(lib_a-fclose.o)
                0x000000008008e750                fclose
 .text          0x000000008008e764        0x0 /home/na62torino/altera/16.1/nios2eds/bin/gnu/H-x86_64-pc-linux-gnu/bin/../lib/gcc/nios2-elf/5.3.0/../../../../../H-x86_64-pc-linux-gnu/nios2-elf/lib/mhw-mulx/libc.a(lib_a-fputwc.o)
 .text.__fputwc
                0x000000008008e764      0x164 /home/na62torino/altera/16.1/nios2eds/bin/gnu/H-x86_64-pc-linux-gnu/bin/../lib/gcc/nios2-elf/5.3.0/../../../../../H-x86_64-pc-linux-gnu/nios2-elf/lib/mhw-mulx/libc.a(lib_a-fputwc.o)
                0x000000008008e764                __fputwc
 .text._fputwc_r
                0x000000008008e8c8       0x24 /home/na62torino/altera/16.1/nios2eds/bin/gnu/H-x86_64-pc-linux-gnu/bin/../lib/gcc/nios2-elf/5.3.0/../../../../../H-x86_64-pc-linux-gnu/nios2-elf/lib/mhw-mulx/libc.a(lib_a-fputwc.o)
                0x000000008008e8c8                _fputwc_r
 .text.fputwc   0x000000008008e8ec       0x80 /home/na62torino/altera/16.1/nios2eds/bin/gnu/H-x86_64-pc-linux-gnu/bin/../lib/gcc/nios2-elf/5.3.0/../../../../../H-x86_64-pc-linux-gnu/nios2-elf/lib/mhw-mulx/libc.a(lib_a-fputwc.o)
                0x000000008008e8ec                fputwc
 .text          0x000000008008e96c        0x0 /home/na62torino/altera/16.1/nios2eds/bin/gnu/H-x86_64-pc-linux-gnu/bin/../lib/gcc/nios2-elf/5.3.0/../../../../../H-x86_64-pc-linux-gnu/nios2-elf/lib/mhw-mulx/libc.a(lib_a-fstatr.o)
 .text._fstat_r
                0x000000008008e96c       0x5c /home/na62torino/altera/16.1/nios2eds/bin/gnu/H-x86_64-pc-linux-gnu/bin/../lib/gcc/nios2-elf/5.3.0/../../../../../H-x86_64-pc-linux-gnu/nios2-elf/lib/mhw-mulx/libc.a(lib_a-fstatr.o)
                0x000000008008e96c                _fstat_r
 .text          0x000000008008e9c8        0x0 /home/na62torino/altera/16.1/nios2eds/bin/gnu/H-x86_64-pc-linux-gnu/bin/../lib/gcc/nios2-elf/5.3.0/../../../../../H-x86_64-pc-linux-gnu/nios2-elf/lib/mhw-mulx/libc.a(lib_a-int_errno.o)
 .text          0x000000008008e9c8        0x0 /home/na62torino/altera/16.1/nios2eds/bin/gnu/H-x86_64-pc-linux-gnu/bin/../lib/gcc/nios2-elf/5.3.0/../../../../../H-x86_64-pc-linux-gnu/nios2-elf/lib/mhw-mulx/libc.a(lib_a-isattyr.o)
 .text._isatty_r
                0x000000008008e9c8       0x54 /home/na62torino/altera/16.1/nios2eds/bin/gnu/H-x86_64-pc-linux-gnu/bin/../lib/gcc/nios2-elf/5.3.0/../../../../../H-x86_64-pc-linux-gnu/nios2-elf/lib/mhw-mulx/libc.a(lib_a-isattyr.o)
                0x000000008008e9c8                _isatty_r
 .text          0x000000008008ea1c        0x0 /home/na62torino/altera/16.1/nios2eds/bin/gnu/H-x86_64-pc-linux-gnu/bin/../lib/gcc/nios2-elf/5.3.0/../../../../../H-x86_64-pc-linux-gnu/nios2-elf/lib/mhw-mulx/libc.a(lib_a-lseekr.o)
 .text._lseek_r
                0x000000008008ea1c       0x60 /home/na62torino/altera/16.1/nios2eds/bin/gnu/H-x86_64-pc-linux-gnu/bin/../lib/gcc/nios2-elf/5.3.0/../../../../../H-x86_64-pc-linux-gnu/nios2-elf/lib/mhw-mulx/libc.a(lib_a-lseekr.o)
                0x000000008008ea1c                _lseek_r
 .text          0x000000008008ea7c        0x0 /home/na62torino/altera/16.1/nios2eds/bin/gnu/H-x86_64-pc-linux-gnu/bin/../lib/gcc/nios2-elf/5.3.0/../../../../../H-x86_64-pc-linux-gnu/nios2-elf/lib/mhw-mulx/libc.a(lib_a-readr.o)
 .text._read_r  0x000000008008ea7c       0x60 /home/na62torino/altera/16.1/nios2eds/bin/gnu/H-x86_64-pc-linux-gnu/bin/../lib/gcc/nios2-elf/5.3.0/../../../../../H-x86_64-pc-linux-gnu/nios2-elf/lib/mhw-mulx/libc.a(lib_a-readr.o)
                0x000000008008ea7c                _read_r
 .text          0x000000008008eadc        0x0 /home/na62torino/altera/16.1/nios2eds/bin/gnu/H-x86_64-pc-linux-gnu/bin/../lib/gcc/nios2-elf/5.3.0/../../../../../H-x86_64-pc-linux-gnu/nios2-elf/lib/mhw-mulx/libc.a(lib_a-wbuf.o)
 .text.__swbuf_r
                0x000000008008eadc      0x140 /home/na62torino/altera/16.1/nios2eds/bin/gnu/H-x86_64-pc-linux-gnu/bin/../lib/gcc/nios2-elf/5.3.0/../../../../../H-x86_64-pc-linux-gnu/nios2-elf/lib/mhw-mulx/libc.a(lib_a-wbuf.o)
                0x000000008008eadc                __swbuf_r
 .text.__swbuf  0x000000008008ec1c       0x18 /home/na62torino/altera/16.1/nios2eds/bin/gnu/H-x86_64-pc-linux-gnu/bin/../lib/gcc/nios2-elf/5.3.0/../../../../../H-x86_64-pc-linux-gnu/nios2-elf/lib/mhw-mulx/libc.a(lib_a-wbuf.o)
                0x000000008008ec1c                __swbuf
 .text          0x000000008008ec34        0x0 /home/na62torino/altera/16.1/nios2eds/bin/gnu/H-x86_64-pc-linux-gnu/bin/../lib/gcc/nios2-elf/5.3.0/../../../../../H-x86_64-pc-linux-gnu/nios2-elf/lib/mhw-mulx/libc.a(lib_a-wcrtomb.o)
 .text._wcrtomb_r
                0x000000008008ec34       0x9c /home/na62torino/altera/16.1/nios2eds/bin/gnu/H-x86_64-pc-linux-gnu/bin/../lib/gcc/nios2-elf/5.3.0/../../../../../H-x86_64-pc-linux-gnu/nios2-elf/lib/mhw-mulx/libc.a(lib_a-wcrtomb.o)
                0x000000008008ec34                _wcrtomb_r
 .text.wcrtomb  0x000000008008ecd0       0xc0 /home/na62torino/altera/16.1/nios2eds/bin/gnu/H-x86_64-pc-linux-gnu/bin/../lib/gcc/nios2-elf/5.3.0/../../../../../H-x86_64-pc-linux-gnu/nios2-elf/lib/mhw-mulx/libc.a(lib_a-wcrtomb.o)
                0x000000008008ecd0                wcrtomb
 .text          0x000000008008ed90        0x0 /home/na62torino/altera/16.1/nios2eds/bin/gnu/H-x86_64-pc-linux-gnu/bin/../lib/gcc/nios2-elf/5.3.0/../../../../../H-x86_64-pc-linux-gnu/nios2-elf/lib/mhw-mulx/libc.a(lib_a-wctomb_r.o)
 .text.__ascii_wctomb
                0x000000008008ed90       0x30 /home/na62torino/altera/16.1/nios2eds/bin/gnu/H-x86_64-pc-linux-gnu/bin/../lib/gcc/nios2-elf/5.3.0/../../../../../H-x86_64-pc-linux-gnu/nios2-elf/lib/mhw-mulx/libc.a(lib_a-wctomb_r.o)
                0x000000008008ed90                __ascii_wctomb
 .text._wctomb_r
                0x000000008008edc0       0x5c /home/na62torino/altera/16.1/nios2eds/bin/gnu/H-x86_64-pc-linux-gnu/bin/../lib/gcc/nios2-elf/5.3.0/../../../../../H-x86_64-pc-linux-gnu/nios2-elf/lib/mhw-mulx/libc.a(lib_a-wctomb_r.o)
                0x000000008008edc0                _wctomb_r
 .text          0x000000008008ee1c      0x578 /home/na62torino/altera/16.1/nios2eds/bin/gnu/H-x86_64-pc-linux-gnu/bin/../lib/gcc/nios2-elf/5.3.0/mhw-mulx/libgcc.a(_udivdi3.o)
                0x000000008008ee1c                __udivdi3
 .text          0x000000008008f394      0x538 /home/na62torino/altera/16.1/nios2eds/bin/gnu/H-x86_64-pc-linux-gnu/bin/../lib/gcc/nios2-elf/5.3.0/mhw-mulx/libgcc.a(_umoddi3.o)
                0x000000008008f394                __umoddi3
 .text          0x000000008008f8cc      0x1b4 /home/na62torino/altera/16.1/nios2eds/bin/gnu/H-x86_64-pc-linux-gnu/bin/../lib/gcc/nios2-elf/5.3.0/mhw-mulx/libgcc.a(lib2-divmod.o)
                0x000000008008f8cc                __divsi3
                0x000000008008f950                __modsi3
                0x000000008008f9c4                __udivsi3
                0x000000008008fa28                __umodsi3
 .text          0x000000008008fa80      0x8ac /home/na62torino/altera/16.1/nios2eds/bin/gnu/H-x86_64-pc-linux-gnu/bin/../lib/gcc/nios2-elf/5.3.0/mhw-mulx/libgcc.a(adddf3.o)
                0x000000008008fa80                __adddf3
 .text          0x000000008009032c      0x8e8 /home/na62torino/altera/16.1/nios2eds/bin/gnu/H-x86_64-pc-linux-gnu/bin/../lib/gcc/nios2-elf/5.3.0/mhw-mulx/libgcc.a(divdf3.o)
                0x000000008009032c                __divdf3
 .text          0x0000000080090c14       0x88 /home/na62torino/altera/16.1/nios2eds/bin/gnu/H-x86_64-pc-linux-gnu/bin/../lib/gcc/nios2-elf/5.3.0/mhw-mulx/libgcc.a(eqdf2.o)
                0x0000000080090c14                __eqdf2
                0x0000000080090c14                __nedf2
 .text          0x0000000080090c9c       0xf4 /home/na62torino/altera/16.1/nios2eds/bin/gnu/H-x86_64-pc-linux-gnu/bin/../lib/gcc/nios2-elf/5.3.0/mhw-mulx/libgcc.a(ledf2.o)
                0x0000000080090c9c                __ltdf2
                0x0000000080090c9c                __ledf2
 .text          0x0000000080090d90      0x8fc /home/na62torino/altera/16.1/nios2eds/bin/gnu/H-x86_64-pc-linux-gnu/bin/../lib/gcc/nios2-elf/5.3.0/mhw-mulx/libgcc.a(subdf3.o)
                0x0000000080090d90                __subdf3
 .text          0x000000008009168c       0x80 /home/na62torino/altera/16.1/nios2eds/bin/gnu/H-x86_64-pc-linux-gnu/bin/../lib/gcc/nios2-elf/5.3.0/mhw-mulx/libgcc.a(fixdfsi.o)
                0x000000008009168c                __fixdfsi
 .text          0x000000008009170c       0xdc /home/na62torino/altera/16.1/nios2eds/bin/gnu/H-x86_64-pc-linux-gnu/bin/../lib/gcc/nios2-elf/5.3.0/mhw-mulx/libgcc.a(floatsidf.o)
                0x000000008009170c                __floatsidf
 .text          0x00000000800917e8      0x10c ../testbench_ls_bsp//libhal_bsp.a(alt_close.o)
                0x0000000080091824                close
 .text          0x00000000800918f4       0x2c ../testbench_ls_bsp//libhal_bsp.a(alt_dev.o)
 .text          0x0000000080091920        0x0 ../testbench_ls_bsp//libhal_bsp.a(alt_errno.o)
 .text          0x0000000080091920       0xec ../testbench_ls_bsp//libhal_bsp.a(alt_fstat.o)
                0x000000008009195c                fstat
 .text          0x0000000080091a0c      0x1b0 ../testbench_ls_bsp//libhal_bsp.a(alt_iic.o)
                0x0000000080091a0c                alt_ic_isr_register
                0x0000000080091a5c                alt_ic_irq_enable
                0x0000000080091ae4                alt_ic_irq_disable
                0x0000000080091b70                alt_ic_irq_enabled
 .text          0x0000000080091bbc       0xf0 ../testbench_ls_bsp//libhal_bsp.a(alt_iic_isr_register.o)
                0x0000000080091bbc                alt_iic_isr_register
 .text          0x0000000080091cac        0x0 ../testbench_ls_bsp//libhal_bsp.a(alt_irq_entry.o)
 .text          0x0000000080091cac        0x0 ../testbench_ls_bsp//libhal_bsp.a(alt_irq_handler.o)
 .text          0x0000000080091cac        0x0 ../testbench_ls_bsp//libhal_bsp.a(alt_irq_vars.o)
 .text          0x0000000080091cac       0xe0 ../testbench_ls_bsp//libhal_bsp.a(alt_isatty.o)
                0x0000000080091ce8                isatty
 .text          0x0000000080091d8c       0xec ../testbench_ls_bsp//libhal_bsp.a(alt_load.o)
                0x0000000080091df4                alt_load
 .text          0x0000000080091e78      0x110 ../testbench_ls_bsp//libhal_bsp.a(alt_lseek.o)
                0x0000000080091eb4                lseek
 .text          0x0000000080091f88       0x7c ../testbench_ls_bsp//libhal_bsp.a(alt_main.o)
                0x0000000080091f88                alt_main
 .text          0x0000000080092004       0x48 ../testbench_ls_bsp//libhal_bsp.a(alt_malloc_lock.o)
                0x0000000080092004                __malloc_lock
                0x0000000080092028                __malloc_unlock
 .text          0x000000008009204c      0x138 ../testbench_ls_bsp//libhal_bsp.a(alt_read.o)
                0x0000000080092088                read
 .text          0x0000000080092184       0x64 ../testbench_ls_bsp//libhal_bsp.a(alt_release_fd.o)
                0x0000000080092184                alt_release_fd
 .text          0x00000000800921e8       0xb0 ../testbench_ls_bsp//libhal_bsp.a(alt_sbrk.o)
                0x00000000800921e8                sbrk
 .text          0x0000000080092298      0x1a4 ../testbench_ls_bsp//libhal_bsp.a(alt_tick.o)
                0x0000000080092298                alt_alarm_stop
                0x0000000080092334                alt_tick
 .text          0x000000008009243c      0x134 ../testbench_ls_bsp//libhal_bsp.a(alt_write.o)
                0x0000000080092478                write
 .text          0x0000000080092570      0x150 ../testbench_ls_bsp//libhal_bsp.a(alt_sys_init.o)
                0x00000000800925a4                alt_irq_init
                0x00000000800925dc                alt_sys_init
 .text          0x00000000800926c0      0x164 ../testbench_ls_bsp//libhal_bsp.a(altera_avalon_jtag_uart_fd.o)
                0x00000000800926c0                altera_avalon_jtag_uart_read_fd
                0x0000000080092720                altera_avalon_jtag_uart_write_fd
                0x0000000080092780                altera_avalon_jtag_uart_close_fd
                0x00000000800927d0                altera_avalon_jtag_uart_ioctl_fd
 .text          0x0000000080092824      0x3d4 ../testbench_ls_bsp//libhal_bsp.a(altera_avalon_jtag_uart_init.o)
                0x0000000080092824                altera_avalon_jtag_uart_init
                0x0000000080092b90                altera_avalon_jtag_uart_close
 .text          0x0000000080092bf8       0xf0 ../testbench_ls_bsp//libhal_bsp.a(altera_avalon_jtag_uart_ioctl.o)
                0x0000000080092bf8                altera_avalon_jtag_uart_ioctl
 .text          0x0000000080092ce8      0x21c ../testbench_ls_bsp//libhal_bsp.a(altera_avalon_jtag_uart_read.o)
                0x0000000080092ce8                altera_avalon_jtag_uart_read
 .text          0x0000000080092f04      0x224 ../testbench_ls_bsp//libhal_bsp.a(altera_avalon_jtag_uart_write.o)
                0x0000000080092f04                altera_avalon_jtag_uart_write
 .text          0x0000000080093128       0xf4 ../testbench_ls_bsp//libhal_bsp.a(altera_avalon_timer_sc.o)
                0x00000000800931a0                alt_avalon_timer_sc_init
 .text          0x000000008009321c     0x1e7c ../testbench_ls_bsp//libhal_bsp.a(altera_msgdma.o)
                0x0000000080093dc4                alt_msgdma_construct_standard_st_to_mm_descriptor
                0x0000000080093e1c                alt_msgdma_construct_standard_mm_to_st_descriptor
                0x0000000080093e74                alt_msgdma_construct_standard_mm_to_mm_descriptor
                0x0000000080093ecc                alt_msgdma_construct_extended_st_to_mm_descriptor
                0x0000000080093f5c                alt_msgdma_construct_extended_mm_to_st_descriptor
                0x0000000080093fec                alt_msgdma_construct_extended_mm_to_mm_descriptor
                0x00000000800942cc                alt_msgdma_construct_prefetcher_standard_mm_to_mm_descriptor
                0x0000000080094324                alt_msgdma_construct_prefetcher_standard_st_to_mm_descriptor
                0x000000008009437c                alt_msgdma_construct_prefetcher_standard_mm_to_st_descriptor
                0x00000000800943d4                alt_msgdma_construct_prefetcher_extended_st_to_mm_descriptor
                0x0000000080094474                alt_msgdma_construct_prefetcher_extended_mm_to_st_descriptor
                0x000000008009450c                alt_msgdma_construct_prefetcher_extended_mm_to_mm_descriptor
                0x00000000800945c4                alt_msgdma_prefetcher_add_standard_desc_to_list
                0x00000000800946b4                alt_msgdma_prefetcher_add_extended_desc_to_list
                0x000000008009484c                alt_msgdma_prefetcher_set_std_list_own_by_hw_bits
                0x00000000800948e4                alt_msgdma_prefetcher_set_extd_list_own_by_hw_bits
                0x00000000800949b8                alt_msgdma_start_prefetcher_with_list_addr
                0x0000000080094c78                alt_msgdma_start_prefetcher_with_std_desc_list
                0x0000000080094d04                alt_msgdma_start_prefetcher_with_extd_desc_list
                0x0000000080094d90                alt_msgdma_open
                0x0000000080094de8                alt_msgdma_init
                0x0000000080094f54                alt_msgdma_register_callback
                0x0000000080094fa8                alt_msgdma_standard_descriptor_async_transfer
                0x0000000080094fe4                alt_msgdma_extended_descriptor_async_transfer
                0x0000000080095020                alt_msgdma_standard_descriptor_sync_transfer
                0x000000008009505c                alt_msgdma_extended_descriptor_sync_transfer
 .text          0x0000000080095098      0x12c ../testbench_ls_bsp//libhal_bsp.a(alt_alarm_start.o)
                0x0000000080095098                alt_alarm_start
 .text          0x00000000800951c4      0x158 ../testbench_ls_bsp//libhal_bsp.a(alt_busy_sleep.o)
                0x00000000800951c4                alt_busy_sleep
 .text          0x000000008009531c       0x48 ../testbench_ls_bsp//libhal_bsp.a(alt_dcache_flush_all.o)
                0x000000008009531c                alt_dcache_flush_all
 .text          0x0000000080095364       0xe0 ../testbench_ls_bsp//libhal_bsp.a(alt_dev_llist_insert.o)
                0x00000000800953a0                alt_dev_llist_insert
 .text          0x0000000080095444       0x60 ../testbench_ls_bsp//libhal_bsp.a(alt_do_ctors.o)
                0x0000000080095444                _do_ctors
 .text          0x00000000800954a4       0x60 ../testbench_ls_bsp//libhal_bsp.a(alt_do_dtors.o)
                0x00000000800954a4                _do_dtors
 .text          0x0000000080095504        0x0 ../testbench_ls_bsp//libhal_bsp.a(alt_exception_entry.o)
 .text          0x0000000080095504       0x90 ../testbench_ls_bsp//libhal_bsp.a(alt_find_dev.o)
                0x0000000080095504                alt_find_dev
 .text          0x0000000080095594       0x34 ../testbench_ls_bsp//libhal_bsp.a(alt_icache_flush_all.o)
                0x0000000080095594                alt_icache_flush_all
 .text          0x00000000800955c8       0x9c ../testbench_ls_bsp//libhal_bsp.a(alt_instruction_exception_entry.o)
                0x00000000800955c8                alt_exception_cause_generated_bad_addr
 .text          0x0000000080095664      0x140 ../testbench_ls_bsp//libhal_bsp.a(alt_io_redirect.o)
                0x0000000080095728                alt_io_redirect
 .text          0x00000000800957a4      0x254 ../testbench_ls_bsp//libhal_bsp.a(alt_open.o)
                0x00000000800958a4                open
 .text          0x00000000800959f8      0x22c ../testbench_ls_bsp//libhal_bsp.a(alt_printf.o)
                0x00000000800959f8                alt_printf
 .text          0x0000000080095c24       0x3c ../testbench_ls_bsp//libhal_bsp.a(alt_putchar.o)
                0x0000000080095c24                alt_putchar
 .text          0x0000000080095c60       0x24 ../testbench_ls_bsp//libhal_bsp.a(altera_nios2_gen2_irq.o)
                0x0000000080095c60                altera_nios2_gen2_irq_init
 .text          0x0000000080095c84      0x108 ../testbench_ls_bsp//libhal_bsp.a(alt_find_file.o)
                0x0000000080095c84                alt_find_file
 .text          0x0000000080095d8c       0xa4 ../testbench_ls_bsp//libhal_bsp.a(alt_get_fd.o)
                0x0000000080095d8c                alt_get_fd
 .text          0x0000000080095e30       0x90 ../testbench_ls_bsp//libhal_bsp.a(alt_icache_flush.o)
                0x0000000080095e30                alt_icache_flush
 .text          0x0000000080095ec0        0x0 /home/na62torino/altera/16.1/nios2eds/bin/gnu/H-x86_64-pc-linux-gnu/bin/../lib/gcc/nios2-elf/5.3.0/../../../../../H-x86_64-pc-linux-gnu/nios2-elf/lib/mhw-mulx/libc.a(lib_a-atexit.o)
 .text.atexit   0x0000000080095ec0       0x14 /home/na62torino/altera/16.1/nios2eds/bin/gnu/H-x86_64-pc-linux-gnu/bin/../lib/gcc/nios2-elf/5.3.0/../../../../../H-x86_64-pc-linux-gnu/nios2-elf/lib/mhw-mulx/libc.a(lib_a-atexit.o)
                0x0000000080095ec0                atexit
 .text          0x0000000080095ed4        0x0 /home/na62torino/altera/16.1/nios2eds/bin/gnu/H-x86_64-pc-linux-gnu/bin/../lib/gcc/nios2-elf/5.3.0/../../../../../H-x86_64-pc-linux-gnu/nios2-elf/lib/mhw-mulx/libc.a(lib_a-exit.o)
 .text.exit     0x0000000080095ed4       0x38 /home/na62torino/altera/16.1/nios2eds/bin/gnu/H-x86_64-pc-linux-gnu/bin/../lib/gcc/nios2-elf/5.3.0/../../../../../H-x86_64-pc-linux-gnu/nios2-elf/lib/mhw-mulx/libc.a(lib_a-exit.o)
                0x0000000080095ed4                exit
 .text          0x0000000080095f0c        0x0 /home/na62torino/altera/16.1/nios2eds/bin/gnu/H-x86_64-pc-linux-gnu/bin/../lib/gcc/nios2-elf/5.3.0/../../../../../H-x86_64-pc-linux-gnu/nios2-elf/lib/mhw-mulx/libc.a(lib_a-memcmp.o)
 .text.memcmp   0x0000000080095f0c       0x7c /home/na62torino/altera/16.1/nios2eds/bin/gnu/H-x86_64-pc-linux-gnu/bin/../lib/gcc/nios2-elf/5.3.0/../../../../../H-x86_64-pc-linux-gnu/nios2-elf/lib/mhw-mulx/libc.a(lib_a-memcmp.o)
                0x0000000080095f0c                memcmp
 .text          0x0000000080095f88        0x0 /home/na62torino/altera/16.1/nios2eds/bin/gnu/H-x86_64-pc-linux-gnu/bin/../lib/gcc/nios2-elf/5.3.0/../../../../../H-x86_64-pc-linux-gnu/nios2-elf/lib/mhw-mulx/libc.a(lib_a-putc.o)
 .text._putc_r  0x0000000080095f88       0xa0 /home/na62torino/altera/16.1/nios2eds/bin/gnu/H-x86_64-pc-linux-gnu/bin/../lib/gcc/nios2-elf/5.3.0/../../../../../H-x86_64-pc-linux-gnu/nios2-elf/lib/mhw-mulx/libc.a(lib_a-putc.o)
                0x0000000080095f88                _putc_r
 .text.putc     0x0000000080096028       0xc8 /home/na62torino/altera/16.1/nios2eds/bin/gnu/H-x86_64-pc-linux-gnu/bin/../lib/gcc/nios2-elf/5.3.0/../../../../../H-x86_64-pc-linux-gnu/nios2-elf/lib/mhw-mulx/libc.a(lib_a-putc.o)
                0x0000000080096028                putc
 .text          0x00000000800960f0        0x0 /home/na62torino/altera/16.1/nios2eds/bin/gnu/H-x86_64-pc-linux-gnu/bin/../lib/gcc/nios2-elf/5.3.0/../../../../../H-x86_64-pc-linux-gnu/nios2-elf/lib/mhw-mulx/libc.a(lib_a-__atexit.o)
 .text.__register_exitproc
                0x00000000800960f0      0x118 /home/na62torino/altera/16.1/nios2eds/bin/gnu/H-x86_64-pc-linux-gnu/bin/../lib/gcc/nios2-elf/5.3.0/../../../../../H-x86_64-pc-linux-gnu/nios2-elf/lib/mhw-mulx/libc.a(lib_a-__atexit.o)
                0x00000000800960f0                __register_exitproc
 .text          0x0000000080096208        0x0 /home/na62torino/altera/16.1/nios2eds/bin/gnu/H-x86_64-pc-linux-gnu/bin/../lib/gcc/nios2-elf/5.3.0/../../../../../H-x86_64-pc-linux-gnu/nios2-elf/lib/mhw-mulx/libc.a(lib_a-__call_atexit.o)
 .text.__call_exitprocs
                0x0000000080096208      0x180 /home/na62torino/altera/16.1/nios2eds/bin/gnu/H-x86_64-pc-linux-gnu/bin/../lib/gcc/nios2-elf/5.3.0/../../../../../H-x86_64-pc-linux-gnu/nios2-elf/lib/mhw-mulx/libc.a(lib_a-__call_atexit.o)
                0x0000000080096208                __call_exitprocs
 .text          0x0000000080096388       0x34 ../testbench_ls_bsp//libhal_bsp.a(alt_exit.o)
                0x0000000080096388                _exit
 *(.gnu.warning.*)
 *(.fini)
                [!provide]                        PROVIDE (__etext, ABSOLUTE (.))
                [!provide]                        PROVIDE (_etext, ABSOLUTE (.))
                [!provide]                        PROVIDE (etext, ABSOLUTE (.))
 *(.eh_frame_hdr)
                0x00000000800963bc                . = ALIGN (0x4)
                [!provide]                        PROVIDE (__preinit_array_start, ABSOLUTE (.))
 *(.preinit_array)
                [!provide]                        PROVIDE (__preinit_array_end, ABSOLUTE (.))
                [!provide]                        PROVIDE (__init_array_start, ABSOLUTE (.))
 *(.init_array)
                [!provide]                        PROVIDE (__init_array_end, ABSOLUTE (.))
                [!provide]                        PROVIDE (__fini_array_start, ABSOLUTE (.))
 *(.fini_array)
                [!provide]                        PROVIDE (__fini_array_end, ABSOLUTE (.))
 *(.eh_frame)
 *(.gcc_except_table .gcc_except_table.*)
 *(.dynamic)
                0x00000000800963bc                PROVIDE (__CTOR_LIST__, ABSOLUTE (.))
 *(.ctors)
 *(SORT(.ctors.*))
                0x00000000800963bc                PROVIDE (__CTOR_END__, ABSOLUTE (.))
                0x00000000800963bc                PROVIDE (__DTOR_LIST__, ABSOLUTE (.))
 *(.dtors)
 *(SORT(.dtors.*))
                0x00000000800963bc                PROVIDE (__DTOR_END__, ABSOLUTE (.))
 *(.jcr)
                0x00000000800963bc                . = ALIGN (0x4)

.rodata         0x00000000800963bc      0xab0
                0x00000000800963bc                PROVIDE (__ram_rodata_start, ABSOLUTE (.))
                0x00000000800963bc                . = ALIGN (0x4)
 *(.rodata .rodata.* .gnu.linkonce.r.*)
 .rodata        0x00000000800963bc      0x4ec obj/default/hello_world.o
 .rodata        0x00000000800968a8        0xf obj/default/terasic_debug.o
 .rodata        0x00000000800968b7      0x100 /home/na62torino/altera/16.1/nios2eds/bin/gnu/H-x86_64-pc-linux-gnu/bin/../lib/gcc/nios2-elf/5.3.0/mhw-mulx/libgcc.a(_clz.o)
                0x00000000800968b7                __clz_tab
 *fill*         0x00000000800969b7        0x1 
 .rodata.str1.4
                0x00000000800969b8        0x2 /home/na62torino/altera/16.1/nios2eds/bin/gnu/H-x86_64-pc-linux-gnu/bin/../lib/gcc/nios2-elf/5.3.0/../../../../../H-x86_64-pc-linux-gnu/nios2-elf/lib/mhw-mulx/libc.a(lib_a-impure.o)
 *fill*         0x00000000800969ba        0x2 
 .rodata.str1.4
                0x00000000800969bc        0x2 /home/na62torino/altera/16.1/nios2eds/bin/gnu/H-x86_64-pc-linux-gnu/bin/../lib/gcc/nios2-elf/5.3.0/../../../../../H-x86_64-pc-linux-gnu/nios2-elf/lib/mhw-mulx/libc.a(lib_a-puts.o)
 *fill*         0x00000000800969be        0x2 
 .rodata.str1.4
                0x00000000800969c0       0x42 /home/na62torino/altera/16.1/nios2eds/bin/gnu/H-x86_64-pc-linux-gnu/bin/../lib/gcc/nios2-elf/5.3.0/../../../../../H-x86_64-pc-linux-gnu/nios2-elf/lib/mhw-mulx/libc.a(lib_a-svfprintf.o)
 .rodata.zeroes.4389
                0x0000000080096a02       0x10 /home/na62torino/altera/16.1/nios2eds/bin/gnu/H-x86_64-pc-linux-gnu/bin/../lib/gcc/nios2-elf/5.3.0/../../../../../H-x86_64-pc-linux-gnu/nios2-elf/lib/mhw-mulx/libc.a(lib_a-svfprintf.o)
 .rodata.blanks.4388
                0x0000000080096a12       0x10 /home/na62torino/altera/16.1/nios2eds/bin/gnu/H-x86_64-pc-linux-gnu/bin/../lib/gcc/nios2-elf/5.3.0/../../../../../H-x86_64-pc-linux-gnu/nios2-elf/lib/mhw-mulx/libc.a(lib_a-svfprintf.o)
 .rodata.str1.4
                0x0000000080096a22       0x42 /home/na62torino/altera/16.1/nios2eds/bin/gnu/H-x86_64-pc-linux-gnu/bin/../lib/gcc/nios2-elf/5.3.0/../../../../../H-x86_64-pc-linux-gnu/nios2-elf/lib/mhw-mulx/libc.a(lib_a-vfprintf.o)
 .rodata.zeroes.4404
                0x0000000080096a22       0x10 /home/na62torino/altera/16.1/nios2eds/bin/gnu/H-x86_64-pc-linux-gnu/bin/../lib/gcc/nios2-elf/5.3.0/../../../../../H-x86_64-pc-linux-gnu/nios2-elf/lib/mhw-mulx/libc.a(lib_a-vfprintf.o)
 .rodata.blanks.4403
                0x0000000080096a32       0x10 /home/na62torino/altera/16.1/nios2eds/bin/gnu/H-x86_64-pc-linux-gnu/bin/../lib/gcc/nios2-elf/5.3.0/../../../../../H-x86_64-pc-linux-gnu/nios2-elf/lib/mhw-mulx/libc.a(lib_a-vfprintf.o)
 *fill*         0x0000000080096a42        0x2 
 .rodata.str1.4
                0x0000000080096a44       0x10 /home/na62torino/altera/16.1/nios2eds/bin/gnu/H-x86_64-pc-linux-gnu/bin/../lib/gcc/nios2-elf/5.3.0/../../../../../H-x86_64-pc-linux-gnu/nios2-elf/lib/mhw-mulx/libc.a(lib_a-dtoa.o)
                                         0x12 (size before relaxing)
 .rodata.str1.4
                0x0000000080096a54        0xc /home/na62torino/altera/16.1/nios2eds/bin/gnu/H-x86_64-pc-linux-gnu/bin/../lib/gcc/nios2-elf/5.3.0/../../../../../H-x86_64-pc-linux-gnu/nios2-elf/lib/mhw-mulx/libc.a(lib_a-locale.o)
                                         0x12 (size before relaxing)
 .rodata.p05.2768
                0x0000000080096a60        0xc /home/na62torino/altera/16.1/nios2eds/bin/gnu/H-x86_64-pc-linux-gnu/bin/../lib/gcc/nios2-elf/5.3.0/../../../../../H-x86_64-pc-linux-gnu/nios2-elf/lib/mhw-mulx/libc.a(lib_a-mprec.o)
 .rodata.__mprec_tinytens
                0x0000000080096a6c       0x28 /home/na62torino/altera/16.1/nios2eds/bin/gnu/H-x86_64-pc-linux-gnu/bin/../lib/gcc/nios2-elf/5.3.0/../../../../../H-x86_64-pc-linux-gnu/nios2-elf/lib/mhw-mulx/libc.a(lib_a-mprec.o)
                0x0000000080096a6c                __mprec_tinytens
 .rodata.__mprec_bigtens
                0x0000000080096a94       0x28 /home/na62torino/altera/16.1/nios2eds/bin/gnu/H-x86_64-pc-linux-gnu/bin/../lib/gcc/nios2-elf/5.3.0/../../../../../H-x86_64-pc-linux-gnu/nios2-elf/lib/mhw-mulx/libc.a(lib_a-mprec.o)
                0x0000000080096a94                __mprec_bigtens
 .rodata.__mprec_tens
                0x0000000080096abc       0xc8 /home/na62torino/altera/16.1/nios2eds/bin/gnu/H-x86_64-pc-linux-gnu/bin/../lib/gcc/nios2-elf/5.3.0/../../../../../H-x86_64-pc-linux-gnu/nios2-elf/lib/mhw-mulx/libc.a(lib_a-mprec.o)
                0x0000000080096abc                __mprec_tens
 .rodata.str1.4
                0x0000000080096b84       0x2f /home/na62torino/altera/16.1/nios2eds/bin/gnu/H-x86_64-pc-linux-gnu/bin/../lib/gcc/nios2-elf/5.3.0/../../../../../H-x86_64-pc-linux-gnu/nios2-elf/lib/mhw-mulx/libc.a(lib_a-svfiprintf.o)
 .rodata.zeroes.4333
                0x0000000080096b84       0x10 /home/na62torino/altera/16.1/nios2eds/bin/gnu/H-x86_64-pc-linux-gnu/bin/../lib/gcc/nios2-elf/5.3.0/../../../../../H-x86_64-pc-linux-gnu/nios2-elf/lib/mhw-mulx/libc.a(lib_a-svfiprintf.o)
 .rodata.blanks.4332
                0x0000000080096b94       0x10 /home/na62torino/altera/16.1/nios2eds/bin/gnu/H-x86_64-pc-linux-gnu/bin/../lib/gcc/nios2-elf/5.3.0/../../../../../H-x86_64-pc-linux-gnu/nios2-elf/lib/mhw-mulx/libc.a(lib_a-svfiprintf.o)
 .rodata.str1.4
                0x0000000080096ba4       0x2f /home/na62torino/altera/16.1/nios2eds/bin/gnu/H-x86_64-pc-linux-gnu/bin/../lib/gcc/nios2-elf/5.3.0/../../../../../H-x86_64-pc-linux-gnu/nios2-elf/lib/mhw-mulx/libc.a(lib_a-vfiprintf.o)
 .rodata.zeroes.4349
                0x0000000080096ba4       0x10 /home/na62torino/altera/16.1/nios2eds/bin/gnu/H-x86_64-pc-linux-gnu/bin/../lib/gcc/nios2-elf/5.3.0/../../../../../H-x86_64-pc-linux-gnu/nios2-elf/lib/mhw-mulx/libc.a(lib_a-vfiprintf.o)
 .rodata.blanks.4348
                0x0000000080096bb4       0x10 /home/na62torino/altera/16.1/nios2eds/bin/gnu/H-x86_64-pc-linux-gnu/bin/../lib/gcc/nios2-elf/5.3.0/../../../../../H-x86_64-pc-linux-gnu/nios2-elf/lib/mhw-mulx/libc.a(lib_a-vfiprintf.o)
 .rodata        0x0000000080096bc4        0xa ../testbench_ls_bsp//libhal_bsp.a(alt_dev.o)
 *fill*         0x0000000080096bce        0x2 
 .rodata        0x0000000080096bd0        0xa ../testbench_ls_bsp//libhal_bsp.a(alt_main.o)
 *fill*         0x0000000080096bda        0x2 
 .rodata        0x0000000080096bdc       0x9d ../testbench_ls_bsp//libhal_bsp.a(alt_sys_init.o)
 *fill*         0x0000000080096c79        0x3 
 .rodata        0x0000000080096c7c      0x1ed ../testbench_ls_bsp//libhal_bsp.a(altera_msgdma.o)
 *(.rodata1)
                0x0000000080096e6c                . = ALIGN (0x4)
 *fill*         0x0000000080096e69        0x3 
                0x0000000080096e6c                PROVIDE (__ram_rodata_end, ABSOLUTE (.))
                0x00000000800963bc                PROVIDE (__flash_rodata_start, LOADADDR (.rodata))

.rwdata         0x0000000080096e6c     0x1c50 load address 0x0000000080098abc
                0x0000000080096e6c                PROVIDE (__ram_rwdata_start, ABSOLUTE (.))
                0x0000000080096e6c                . = ALIGN (0x4)
 *(.got.plt)
 *(.got)
 *(.data1)
 *(.data .data.* .gnu.linkonce.d.*)
 .data          0x0000000080096e6c        0x0 ../testbench_ls_bsp//obj/HAL/src/crt0.o
 .data          0x0000000080096e6c        0xc obj/default/hello_world.o
                0x0000000080096e6c                addressRAM0
 .data          0x0000000080096e78        0x0 obj/default/terasic_debug.o
 .data          0x0000000080096e78        0x0 /home/na62torino/altera/16.1/nios2eds/bin/gnu/H-x86_64-pc-linux-gnu/bin/../lib/gcc/nios2-elf/5.3.0/mhw-mulx/libgcc.a(gedf2.o)
 .data          0x0000000080096e78        0x0 /home/na62torino/altera/16.1/nios2eds/bin/gnu/H-x86_64-pc-linux-gnu/bin/../lib/gcc/nios2-elf/5.3.0/mhw-mulx/libgcc.a(muldf3.o)
 .data          0x0000000080096e78        0x0 /home/na62torino/altera/16.1/nios2eds/bin/gnu/H-x86_64-pc-linux-gnu/bin/../lib/gcc/nios2-elf/5.3.0/mhw-mulx/libgcc.a(floatunsidf.o)
 .data          0x0000000080096e78        0x0 /home/na62torino/altera/16.1/nios2eds/bin/gnu/H-x86_64-pc-linux-gnu/bin/../lib/gcc/nios2-elf/5.3.0/mhw-mulx/libgcc.a(_clzsi2.o)
 .data          0x0000000080096e78        0x0 /home/na62torino/altera/16.1/nios2eds/bin/gnu/H-x86_64-pc-linux-gnu/bin/../lib/gcc/nios2-elf/5.3.0/mhw-mulx/libgcc.a(_clz.o)
 .data          0x0000000080096e78        0x0 /home/na62torino/altera/16.1/nios2eds/bin/gnu/H-x86_64-pc-linux-gnu/bin/../lib/gcc/nios2-elf/5.3.0/../../../../../H-x86_64-pc-linux-gnu/nios2-elf/lib/mhw-mulx/libc.a(lib_a-getc.o)
 .data          0x0000000080096e78        0x0 /home/na62torino/altera/16.1/nios2eds/bin/gnu/H-x86_64-pc-linux-gnu/bin/../lib/gcc/nios2-elf/5.3.0/../../../../../H-x86_64-pc-linux-gnu/nios2-elf/lib/mhw-mulx/libc.a(lib_a-impure.o)
 .data.impure_data
                0x0000000080096e78      0x424 /home/na62torino/altera/16.1/nios2eds/bin/gnu/H-x86_64-pc-linux-gnu/bin/../lib/gcc/nios2-elf/5.3.0/../../../../../H-x86_64-pc-linux-gnu/nios2-elf/lib/mhw-mulx/libc.a(lib_a-impure.o)
 .data          0x000000008009729c        0x0 /home/na62torino/altera/16.1/nios2eds/bin/gnu/H-x86_64-pc-linux-gnu/bin/../lib/gcc/nios2-elf/5.3.0/../../../../../H-x86_64-pc-linux-gnu/nios2-elf/lib/mhw-mulx/libc.a(lib_a-printf.o)
 .data          0x000000008009729c        0x0 /home/na62torino/altera/16.1/nios2eds/bin/gnu/H-x86_64-pc-linux-gnu/bin/../lib/gcc/nios2-elf/5.3.0/../../../../../H-x86_64-pc-linux-gnu/nios2-elf/lib/mhw-mulx/libc.a(lib_a-puts.o)
 .data          0x000000008009729c        0x0 /home/na62torino/altera/16.1/nios2eds/bin/gnu/H-x86_64-pc-linux-gnu/bin/../lib/gcc/nios2-elf/5.3.0/../../../../../H-x86_64-pc-linux-gnu/nios2-elf/lib/mhw-mulx/libc.a(lib_a-rget.o)
 .data          0x000000008009729c        0x0 /home/na62torino/altera/16.1/nios2eds/bin/gnu/H-x86_64-pc-linux-gnu/bin/../lib/gcc/nios2-elf/5.3.0/../../../../../H-x86_64-pc-linux-gnu/nios2-elf/lib/mhw-mulx/libc.a(lib_a-sprintf.o)
 .data          0x000000008009729c        0x0 /home/na62torino/altera/16.1/nios2eds/bin/gnu/H-x86_64-pc-linux-gnu/bin/../lib/gcc/nios2-elf/5.3.0/../../../../../H-x86_64-pc-linux-gnu/nios2-elf/lib/mhw-mulx/libc.a(lib_a-strlen.o)
 .data          0x000000008009729c        0x0 /home/na62torino/altera/16.1/nios2eds/bin/gnu/H-x86_64-pc-linux-gnu/bin/../lib/gcc/nios2-elf/5.3.0/../../../../../H-x86_64-pc-linux-gnu/nios2-elf/lib/mhw-mulx/libc.a(lib_a-svfprintf.o)
 .data          0x000000008009729c        0x0 /home/na62torino/altera/16.1/nios2eds/bin/gnu/H-x86_64-pc-linux-gnu/bin/../lib/gcc/nios2-elf/5.3.0/../../../../../H-x86_64-pc-linux-gnu/nios2-elf/lib/mhw-mulx/libc.a(lib_a-vfprintf.o)
 .data          0x000000008009729c        0x0 /home/na62torino/altera/16.1/nios2eds/bin/gnu/H-x86_64-pc-linux-gnu/bin/../lib/gcc/nios2-elf/5.3.0/../../../../../H-x86_64-pc-linux-gnu/nios2-elf/lib/mhw-mulx/libc.a(lib_a-vsnprintf.o)
 .data          0x000000008009729c        0x0 /home/na62torino/altera/16.1/nios2eds/bin/gnu/H-x86_64-pc-linux-gnu/bin/../lib/gcc/nios2-elf/5.3.0/../../../../../H-x86_64-pc-linux-gnu/nios2-elf/lib/mhw-mulx/libc.a(lib_a-wsetup.o)
 .data          0x000000008009729c        0x0 /home/na62torino/altera/16.1/nios2eds/bin/gnu/H-x86_64-pc-linux-gnu/bin/../lib/gcc/nios2-elf/5.3.0/../../../../../H-x86_64-pc-linux-gnu/nios2-elf/lib/mhw-mulx/libc.a(lib_a-dtoa.o)
 .data          0x000000008009729c        0x0 /home/na62torino/altera/16.1/nios2eds/bin/gnu/H-x86_64-pc-linux-gnu/bin/../lib/gcc/nios2-elf/5.3.0/../../../../../H-x86_64-pc-linux-gnu/nios2-elf/lib/mhw-mulx/libc.a(lib_a-fflush.o)
 .data          0x000000008009729c        0x0 /home/na62torino/altera/16.1/nios2eds/bin/gnu/H-x86_64-pc-linux-gnu/bin/../lib/gcc/nios2-elf/5.3.0/../../../../../H-x86_64-pc-linux-gnu/nios2-elf/lib/mhw-mulx/libc.a(lib_a-findfp.o)
 .data          0x000000008009729c        0x0 /home/na62torino/altera/16.1/nios2eds/bin/gnu/H-x86_64-pc-linux-gnu/bin/../lib/gcc/nios2-elf/5.3.0/../../../../../H-x86_64-pc-linux-gnu/nios2-elf/lib/mhw-mulx/libc.a(lib_a-freer.o)
 .data          0x000000008009729c        0x0 /home/na62torino/altera/16.1/nios2eds/bin/gnu/H-x86_64-pc-linux-gnu/bin/../lib/gcc/nios2-elf/5.3.0/../../../../../H-x86_64-pc-linux-gnu/nios2-elf/lib/mhw-mulx/libc.a(lib_a-fvwrite.o)
 .data          0x000000008009729c        0x0 /home/na62torino/altera/16.1/nios2eds/bin/gnu/H-x86_64-pc-linux-gnu/bin/../lib/gcc/nios2-elf/5.3.0/../../../../../H-x86_64-pc-linux-gnu/nios2-elf/lib/mhw-mulx/libc.a(lib_a-fwalk.o)
 .data          0x000000008009729c        0x0 /home/na62torino/altera/16.1/nios2eds/bin/gnu/H-x86_64-pc-linux-gnu/bin/../lib/gcc/nios2-elf/5.3.0/../../../../../H-x86_64-pc-linux-gnu/nios2-elf/lib/mhw-mulx/libc.a(lib_a-locale.o)
 .data.lc_message_charset
                0x000000008009729c       0x20 /home/na62torino/altera/16.1/nios2eds/bin/gnu/H-x86_64-pc-linux-gnu/bin/../lib/gcc/nios2-elf/5.3.0/../../../../../H-x86_64-pc-linux-gnu/nios2-elf/lib/mhw-mulx/libc.a(lib_a-locale.o)
 .data.lc_ctype_charset
                0x00000000800972bc       0x20 /home/na62torino/altera/16.1/nios2eds/bin/gnu/H-x86_64-pc-linux-gnu/bin/../lib/gcc/nios2-elf/5.3.0/../../../../../H-x86_64-pc-linux-gnu/nios2-elf/lib/mhw-mulx/libc.a(lib_a-locale.o)
 .data.lconv    0x00000000800972dc       0x38 /home/na62torino/altera/16.1/nios2eds/bin/gnu/H-x86_64-pc-linux-gnu/bin/../lib/gcc/nios2-elf/5.3.0/../../../../../H-x86_64-pc-linux-gnu/nios2-elf/lib/mhw-mulx/libc.a(lib_a-locale.o)
 .data          0x0000000080097314        0x0 /home/na62torino/altera/16.1/nios2eds/bin/gnu/H-x86_64-pc-linux-gnu/bin/../lib/gcc/nios2-elf/5.3.0/../../../../../H-x86_64-pc-linux-gnu/nios2-elf/lib/mhw-mulx/libc.a(lib_a-makebuf.o)
 .data          0x0000000080097314        0x0 /home/na62torino/altera/16.1/nios2eds/bin/gnu/H-x86_64-pc-linux-gnu/bin/../lib/gcc/nios2-elf/5.3.0/../../../../../H-x86_64-pc-linux-gnu/nios2-elf/lib/mhw-mulx/libc.a(lib_a-mallocr.o)
 .data.__malloc_av_
                0x0000000080097314      0x408 /home/na62torino/altera/16.1/nios2eds/bin/gnu/H-x86_64-pc-linux-gnu/bin/../lib/gcc/nios2-elf/5.3.0/../../../../../H-x86_64-pc-linux-gnu/nios2-elf/lib/mhw-mulx/libc.a(lib_a-mallocr.o)
                0x0000000080097314                __malloc_av_
 .data          0x000000008009771c        0x0 /home/na62torino/altera/16.1/nios2eds/bin/gnu/H-x86_64-pc-linux-gnu/bin/../lib/gcc/nios2-elf/5.3.0/../../../../../H-x86_64-pc-linux-gnu/nios2-elf/lib/mhw-mulx/libc.a(lib_a-memchr.o)
 .data          0x000000008009771c        0x0 /home/na62torino/altera/16.1/nios2eds/bin/gnu/H-x86_64-pc-linux-gnu/bin/../lib/gcc/nios2-elf/5.3.0/../../../../../H-x86_64-pc-linux-gnu/nios2-elf/lib/mhw-mulx/libc.a(lib_a-memcpy.o)
 .data          0x000000008009771c        0x0 /home/na62torino/altera/16.1/nios2eds/bin/gnu/H-x86_64-pc-linux-gnu/bin/../lib/gcc/nios2-elf/5.3.0/../../../../../H-x86_64-pc-linux-gnu/nios2-elf/lib/mhw-mulx/libc.a(lib_a-memmove.o)
 .data          0x000000008009771c        0x0 /home/na62torino/altera/16.1/nios2eds/bin/gnu/H-x86_64-pc-linux-gnu/bin/../lib/gcc/nios2-elf/5.3.0/../../../../../H-x86_64-pc-linux-gnu/nios2-elf/lib/mhw-mulx/libc.a(lib_a-memset.o)
 .data          0x000000008009771c        0x0 /home/na62torino/altera/16.1/nios2eds/bin/gnu/H-x86_64-pc-linux-gnu/bin/../lib/gcc/nios2-elf/5.3.0/../../../../../H-x86_64-pc-linux-gnu/nios2-elf/lib/mhw-mulx/libc.a(lib_a-mprec.o)
 .data          0x000000008009771c        0x0 /home/na62torino/altera/16.1/nios2eds/bin/gnu/H-x86_64-pc-linux-gnu/bin/../lib/gcc/nios2-elf/5.3.0/../../../../../H-x86_64-pc-linux-gnu/nios2-elf/lib/mhw-mulx/libc.a(lib_a-reallocr.o)
 .data          0x000000008009771c        0x0 /home/na62torino/altera/16.1/nios2eds/bin/gnu/H-x86_64-pc-linux-gnu/bin/../lib/gcc/nios2-elf/5.3.0/../../../../../H-x86_64-pc-linux-gnu/nios2-elf/lib/mhw-mulx/libc.a(lib_a-refill.o)
 .data          0x000000008009771c        0x0 /home/na62torino/altera/16.1/nios2eds/bin/gnu/H-x86_64-pc-linux-gnu/bin/../lib/gcc/nios2-elf/5.3.0/../../../../../H-x86_64-pc-linux-gnu/nios2-elf/lib/mhw-mulx/libc.a(lib_a-s_fpclassify.o)
 .data          0x000000008009771c        0x0 /home/na62torino/altera/16.1/nios2eds/bin/gnu/H-x86_64-pc-linux-gnu/bin/../lib/gcc/nios2-elf/5.3.0/../../../../../H-x86_64-pc-linux-gnu/nios2-elf/lib/mhw-mulx/libc.a(lib_a-sbrkr.o)
 .data          0x000000008009771c        0x0 /home/na62torino/altera/16.1/nios2eds/bin/gnu/H-x86_64-pc-linux-gnu/bin/../lib/gcc/nios2-elf/5.3.0/../../../../../H-x86_64-pc-linux-gnu/nios2-elf/lib/mhw-mulx/libc.a(lib_a-stdio.o)
 .data          0x000000008009771c        0x0 /home/na62torino/altera/16.1/nios2eds/bin/gnu/H-x86_64-pc-linux-gnu/bin/../lib/gcc/nios2-elf/5.3.0/../../../../../H-x86_64-pc-linux-gnu/nios2-elf/lib/mhw-mulx/libc.a(lib_a-strcmp.o)
 .data          0x000000008009771c        0x0 /home/na62torino/altera/16.1/nios2eds/bin/gnu/H-x86_64-pc-linux-gnu/bin/../lib/gcc/nios2-elf/5.3.0/../../../../../H-x86_64-pc-linux-gnu/nios2-elf/lib/mhw-mulx/libc.a(lib_a-svfiprintf.o)
 .data          0x000000008009771c        0x0 /home/na62torino/altera/16.1/nios2eds/bin/gnu/H-x86_64-pc-linux-gnu/bin/../lib/gcc/nios2-elf/5.3.0/../../../../../H-x86_64-pc-linux-gnu/nios2-elf/lib/mhw-mulx/libc.a(lib_a-vfiprintf.o)
 .data          0x000000008009771c        0x0 /home/na62torino/altera/16.1/nios2eds/bin/gnu/H-x86_64-pc-linux-gnu/bin/../lib/gcc/nios2-elf/5.3.0/../../../../../H-x86_64-pc-linux-gnu/nios2-elf/lib/mhw-mulx/libc.a(lib_a-writer.o)
 .data          0x000000008009771c        0x0 /home/na62torino/altera/16.1/nios2eds/bin/gnu/H-x86_64-pc-linux-gnu/bin/../lib/gcc/nios2-elf/5.3.0/../../../../../H-x86_64-pc-linux-gnu/nios2-elf/lib/mhw-mulx/libc.a(closer.o)
 .data          0x000000008009771c        0x0 /home/na62torino/altera/16.1/nios2eds/bin/gnu/H-x86_64-pc-linux-gnu/bin/../lib/gcc/nios2-elf/5.3.0/../../../../../H-x86_64-pc-linux-gnu/nios2-elf/lib/mhw-mulx/libc.a(lib_a-callocr.o)
 .data          0x000000008009771c        0x0 /home/na62torino/altera/16.1/nios2eds/bin/gnu/H-x86_64-pc-linux-gnu/bin/../lib/gcc/nios2-elf/5.3.0/../../../../../H-x86_64-pc-linux-gnu/nios2-elf/lib/mhw-mulx/libc.a(lib_a-fclose.o)
 .data          0x000000008009771c        0x0 /home/na62torino/altera/16.1/nios2eds/bin/gnu/H-x86_64-pc-linux-gnu/bin/../lib/gcc/nios2-elf/5.3.0/../../../../../H-x86_64-pc-linux-gnu/nios2-elf/lib/mhw-mulx/libc.a(lib_a-fputwc.o)
 .data          0x000000008009771c        0x0 /home/na62torino/altera/16.1/nios2eds/bin/gnu/H-x86_64-pc-linux-gnu/bin/../lib/gcc/nios2-elf/5.3.0/../../../../../H-x86_64-pc-linux-gnu/nios2-elf/lib/mhw-mulx/libc.a(lib_a-fstatr.o)
 .data          0x000000008009771c        0x0 /home/na62torino/altera/16.1/nios2eds/bin/gnu/H-x86_64-pc-linux-gnu/bin/../lib/gcc/nios2-elf/5.3.0/../../../../../H-x86_64-pc-linux-gnu/nios2-elf/lib/mhw-mulx/libc.a(lib_a-int_errno.o)
 .data          0x000000008009771c        0x0 /home/na62torino/altera/16.1/nios2eds/bin/gnu/H-x86_64-pc-linux-gnu/bin/../lib/gcc/nios2-elf/5.3.0/../../../../../H-x86_64-pc-linux-gnu/nios2-elf/lib/mhw-mulx/libc.a(lib_a-isattyr.o)
 .data          0x000000008009771c        0x0 /home/na62torino/altera/16.1/nios2eds/bin/gnu/H-x86_64-pc-linux-gnu/bin/../lib/gcc/nios2-elf/5.3.0/../../../../../H-x86_64-pc-linux-gnu/nios2-elf/lib/mhw-mulx/libc.a(lib_a-lseekr.o)
 .data          0x000000008009771c        0x0 /home/na62torino/altera/16.1/nios2eds/bin/gnu/H-x86_64-pc-linux-gnu/bin/../lib/gcc/nios2-elf/5.3.0/../../../../../H-x86_64-pc-linux-gnu/nios2-elf/lib/mhw-mulx/libc.a(lib_a-readr.o)
 .data          0x000000008009771c        0x0 /home/na62torino/altera/16.1/nios2eds/bin/gnu/H-x86_64-pc-linux-gnu/bin/../lib/gcc/nios2-elf/5.3.0/../../../../../H-x86_64-pc-linux-gnu/nios2-elf/lib/mhw-mulx/libc.a(lib_a-wbuf.o)
 .data          0x000000008009771c        0x0 /home/na62torino/altera/16.1/nios2eds/bin/gnu/H-x86_64-pc-linux-gnu/bin/../lib/gcc/nios2-elf/5.3.0/../../../../../H-x86_64-pc-linux-gnu/nios2-elf/lib/mhw-mulx/libc.a(lib_a-wcrtomb.o)
 .data          0x000000008009771c        0x0 /home/na62torino/altera/16.1/nios2eds/bin/gnu/H-x86_64-pc-linux-gnu/bin/../lib/gcc/nios2-elf/5.3.0/../../../../../H-x86_64-pc-linux-gnu/nios2-elf/lib/mhw-mulx/libc.a(lib_a-wctomb_r.o)
 .data          0x000000008009771c        0x0 /home/na62torino/altera/16.1/nios2eds/bin/gnu/H-x86_64-pc-linux-gnu/bin/../lib/gcc/nios2-elf/5.3.0/mhw-mulx/libgcc.a(_udivdi3.o)
 .data          0x000000008009771c        0x0 /home/na62torino/altera/16.1/nios2eds/bin/gnu/H-x86_64-pc-linux-gnu/bin/../lib/gcc/nios2-elf/5.3.0/mhw-mulx/libgcc.a(_umoddi3.o)
 .data          0x000000008009771c        0x0 /home/na62torino/altera/16.1/nios2eds/bin/gnu/H-x86_64-pc-linux-gnu/bin/../lib/gcc/nios2-elf/5.3.0/mhw-mulx/libgcc.a(lib2-divmod.o)
 .data          0x000000008009771c        0x0 /home/na62torino/altera/16.1/nios2eds/bin/gnu/H-x86_64-pc-linux-gnu/bin/../lib/gcc/nios2-elf/5.3.0/mhw-mulx/libgcc.a(adddf3.o)
 .data          0x000000008009771c        0x0 /home/na62torino/altera/16.1/nios2eds/bin/gnu/H-x86_64-pc-linux-gnu/bin/../lib/gcc/nios2-elf/5.3.0/mhw-mulx/libgcc.a(divdf3.o)
 .data          0x000000008009771c        0x0 /home/na62torino/altera/16.1/nios2eds/bin/gnu/H-x86_64-pc-linux-gnu/bin/../lib/gcc/nios2-elf/5.3.0/mhw-mulx/libgcc.a(eqdf2.o)
 .data          0x000000008009771c        0x0 /home/na62torino/altera/16.1/nios2eds/bin/gnu/H-x86_64-pc-linux-gnu/bin/../lib/gcc/nios2-elf/5.3.0/mhw-mulx/libgcc.a(ledf2.o)
 .data          0x000000008009771c        0x0 /home/na62torino/altera/16.1/nios2eds/bin/gnu/H-x86_64-pc-linux-gnu/bin/../lib/gcc/nios2-elf/5.3.0/mhw-mulx/libgcc.a(subdf3.o)
 .data          0x000000008009771c        0x0 /home/na62torino/altera/16.1/nios2eds/bin/gnu/H-x86_64-pc-linux-gnu/bin/../lib/gcc/nios2-elf/5.3.0/mhw-mulx/libgcc.a(fixdfsi.o)
 .data          0x000000008009771c        0x0 /home/na62torino/altera/16.1/nios2eds/bin/gnu/H-x86_64-pc-linux-gnu/bin/../lib/gcc/nios2-elf/5.3.0/mhw-mulx/libgcc.a(floatsidf.o)
 .data          0x000000008009771c        0x0 ../testbench_ls_bsp//libhal_bsp.a(alt_close.o)
 .data          0x000000008009771c      0x1a8 ../testbench_ls_bsp//libhal_bsp.a(alt_dev.o)
                0x000000008009771c                alt_dev_null
                0x0000000080097744                alt_fd_list
 .data          0x00000000800978c4        0x0 ../testbench_ls_bsp//libhal_bsp.a(alt_errno.o)
 .data          0x00000000800978c4        0x0 ../testbench_ls_bsp//libhal_bsp.a(alt_fstat.o)
 .data          0x00000000800978c4        0x0 ../testbench_ls_bsp//libhal_bsp.a(alt_iic.o)
 .data          0x00000000800978c4        0x0 ../testbench_ls_bsp//libhal_bsp.a(alt_iic_isr_register.o)
 .data          0x00000000800978c4        0x0 ../testbench_ls_bsp//libhal_bsp.a(alt_irq_entry.o)
 .data          0x00000000800978c4        0x0 ../testbench_ls_bsp//libhal_bsp.a(alt_irq_handler.o)
 .data          0x00000000800978c4        0x0 ../testbench_ls_bsp//libhal_bsp.a(alt_irq_vars.o)
 .data          0x00000000800978c4        0x0 ../testbench_ls_bsp//libhal_bsp.a(alt_isatty.o)
 .data          0x00000000800978c4        0x0 ../testbench_ls_bsp//libhal_bsp.a(alt_load.o)
 .data          0x00000000800978c4        0x0 ../testbench_ls_bsp//libhal_bsp.a(alt_lseek.o)
 .data          0x00000000800978c4        0x0 ../testbench_ls_bsp//libhal_bsp.a(alt_main.o)
 .data          0x00000000800978c4        0x0 ../testbench_ls_bsp//libhal_bsp.a(alt_malloc_lock.o)
 .data          0x00000000800978c4        0x0 ../testbench_ls_bsp//libhal_bsp.a(alt_read.o)
 .data          0x00000000800978c4        0x0 ../testbench_ls_bsp//libhal_bsp.a(alt_release_fd.o)
 .data          0x00000000800978c4        0x0 ../testbench_ls_bsp//libhal_bsp.a(alt_sbrk.o)
 .data          0x00000000800978c4        0x0 ../testbench_ls_bsp//libhal_bsp.a(alt_tick.o)
 .data          0x00000000800978c4        0x0 ../testbench_ls_bsp//libhal_bsp.a(alt_write.o)
 .data          0x00000000800978c4     0x1180 ../testbench_ls_bsp//libhal_bsp.a(alt_sys_init.o)
 .data          0x0000000080098a44        0x0 ../testbench_ls_bsp//libhal_bsp.a(altera_avalon_jtag_uart_fd.o)
 .data          0x0000000080098a44        0x0 ../testbench_ls_bsp//libhal_bsp.a(altera_avalon_jtag_uart_init.o)
 .data          0x0000000080098a44        0x0 ../testbench_ls_bsp//libhal_bsp.a(altera_avalon_jtag_uart_ioctl.o)
 .data          0x0000000080098a44        0x0 ../testbench_ls_bsp//libhal_bsp.a(altera_avalon_jtag_uart_read.o)
 .data          0x0000000080098a44        0x0 ../testbench_ls_bsp//libhal_bsp.a(altera_avalon_jtag_uart_write.o)
 .data          0x0000000080098a44        0x0 ../testbench_ls_bsp//libhal_bsp.a(altera_avalon_timer_sc.o)
 .data          0x0000000080098a44        0x0 ../testbench_ls_bsp//libhal_bsp.a(altera_msgdma.o)
 .data          0x0000000080098a44        0x0 ../testbench_ls_bsp//libhal_bsp.a(alt_alarm_start.o)
 .data          0x0000000080098a44        0x0 ../testbench_ls_bsp//libhal_bsp.a(alt_busy_sleep.o)
 .data          0x0000000080098a44        0x0 ../testbench_ls_bsp//libhal_bsp.a(alt_dcache_flush_all.o)
 .data          0x0000000080098a44        0x0 ../testbench_ls_bsp//libhal_bsp.a(alt_dev_llist_insert.o)